ets Jul 29 2019 12:21:46

rst:0xï¿½ets Jul 29 2019 12:21:46

rst:0x1 (POWERON_RESET),boot:0x13 (SPI_FAST_FLASH_BOOT)
configsip: 0, SPIWP:0xee
clk_drv:0x00,q_drv:0x00,d_drv:0x00,cs0_drv:0x00,hd_drv:0x00,wp_drv:0x00
mode:DIO, clock div:2
load:0x3fff0030,len:7176
load:0x40078000,len:15564
ho 0 tail 12 room 4
load:0x40080400,len:4
load:0x40080404,len:3904
entry 0x40080640
[0;32mI (31) boot: ESP-IDF v5.3.1 2nd stage bootloader[0m
[0;32mI (31) boot: compile time Oct 30 2024 22:22:25[0m
[0;32mI (31) boot: Multicore bootloader[0m
[0;32mI (35) boot: chip revision: v3.0[0m
[0;32mI (39) boot.esp32: SPI Speed      : 40MHz[0m
[0;32mI (44) boot.esp32: SPI Mode       : DIO[0m
[0;32mI (48) boot.esp32: SPI Flash Size : 2MB[0m
[0;32mI (53) boot: Enabling RNG early entropy source...[0m
[0;32mI (58) boot: Partition Table:[0m
[0;32mI (62) boot: ## Label            Usage          Type ST Offset   Length[0m
[0;32mI (69) boot:  0 nvs              WiFi data        01 02 00009000 00006000[0m
[0;32mI (77) boot:  1 phy_init         RF data          01 01 0000f000 00001000[0m
[0;32mI (84) boot:  2 factory          factory app      00 00 00010000 00177000[0m
[0;32mI (92) boot: End of partition table[0m
[0;32mI (96) esp_image: segment 0: paddr=00010020 vaddr=3f400020 size=27fa0h (163744) map[0m
[0;32mI (160) esp_image: segment 1: paddr=00037fc8 vaddr=3ff80063 size=00008h (     8) load[0m
[0;32mI (161) esp_image: segment 2: paddr=00037fd8 vaddr=3ffb0000 size=04038h ( 16440) load[0m
[0;32mI (172) esp_image: segment 3: paddr=0003c018 vaddr=40080000 size=04000h ( 16384) load[0m
[0;32mI (181) esp_image: segment 4: paddr=00040020 vaddr=400d0020 size=a3a1ch (670236) map[0m
[0;32mI (413) esp_image: segment 5: paddr=000e3a44 vaddr=40084000 size=1598ch ( 88460) load[0m
[0;32mI (448) esp_image: segment 6: paddr=000f93d8 vaddr=400c0000 size=00064h (   100) load[0m
[0;32mI (461) boot: Loaded app from partition at offset 0x10000[0m
[0;32mI (461) boot: Disabling RNG early entropy source...[0m
[0;32mI (473) cpu_start: Multicore app[0m
[0;32mI (481) cpu_start: Pro cpu start user code[0m
[0;32mI (481) cpu_start: cpu freq: 160000000 Hz[0m
[0;32mI (481) app_init: Application information:[0m
[0;32mI (484) app_init: Project name:     PIR[0m
[0;32mI (489) app_init: App version:      1[0m
[0;32mI (493) app_init: Compile time:     Oct 30 2024 23:48:50[0m
[0;32mI (499) app_init: ELF file SHA256:  5e2c39a132c1c6ca...[0m
[0;32mI (505) app_init: ESP-IDF:          v5.3.1[0m
[0;32mI (510) efuse_init: Min chip rev:     v0.0[0m
[0;32mI (515) efuse_init: Max chip rev:     v3.99 [0m
[0;32mI (519) efuse_init: Chip rev:         v3.0[0m
[0;32mI (525) heap_init: Initializing. RAM available for dynamic allocation:[0m
[0;32mI (532) heap_init: At 3FFAE6E0 len 00001920 (6 KiB): DRAM[0m
[0;32mI (538) heap_init: At 3FFB8960 len 000276A0 (157 KiB): DRAM[0m
[0;32mI (544) heap_init: At 3FFE0440 len 00003AE0 (14 KiB): D/IRAM[0m
[0;32mI (550) heap_init: At 3FFE4350 len 0001BCB0 (111 KiB): D/IRAM[0m
[0;32mI (557) heap_init: At 4009998C len 00006674 (25 KiB): IRAM[0m
[0;32mI (564) spi_flash: detected chip: generic[0m
[0;32mI (567) spi_flash: flash io: dio[0m
[0;33mW (571) spi_flash: Detected size(4096k) larger than the size in the binary image header(2048k). Using the size in the binary image header.[0m
[0;33mW (585) i2c: This driver is an old driver, please migrate your application code to adapt `driver/i2c_master.h`[0m
[0;32mI (596) main_task: Started on CPU0[0m
[0;32mI (606) main_task: Calling app_main()[0m
[0;32mI (606) progress: [APP] Free memory: 273580 bytes[0m
[0;32mI (606) progress: [APP] IDF version: v5.3.1[0m
[0;31mE (606) i2cdev: Could not write to device [0x0b at 0]: -1 (ESP_FAIL)[0m
[0;32mI (726) gauge: Power Mode: 0x1[0m
[0;32mI (726) gauge: APA: 0x2A[0m
[0;32mI (726) gauge: Battery Profile: 0x1[0m
[0;32mI (726) gauge: Temp Mode: 0x0[0m
[0;32mI (726) gauge: Voltage: 4.23	RSOC: 100.0%[0m
[0;32mI (756) progress: Starting Wifi[0m
[0;32mI (1906) progress: Starting Clock[0m
[0;32mI (3906) progress: The current date/time in Germany is: Thu Oct 31 00:11:21 2024[0m
[0;32mI (3906) progress: Starting MQTT[0m
[0;32mI (3906) mqtt: [APP] Free memory: 225324 bytes[0m
[0;32mI (3916) mqtt: MQTT_EVENT_BEFORE_CONNECT
[0m
[0;32mI (3926) mqtt: Note free memory: 213676 bytes[0m
[0;32mI (3926) mqtt: Waiting for connection to MQTT
[0m
[0;32mI (3946) mqtt: MQTT_EVENT_CONNECTED
[0m
[0;32mI (3946) mqtt: Connected to MQTT
[0m
[0;32mI (3946) progress: Sending battery status to MQTT[0m
[0;32mI (3946) mqtt: Sent <{"sensors":[{"name":"battery","values":[{"timestamp":1730329881000, "voltage":4.2, "soc":100.0}]}]}> to topic 1/2/data[0m
[0;32mI (3966) progress: Sending PIR event to MQTT[0m
[0;32mI (3966) mqtt: Sent <{"sensors":[{"name":"PIR","values":[{"timestamp":1730329881000, "roomID":"corridor"}]}]}> to topic 1/2/data[0m
[0;32mI (3966) mqtt: MQTT_EVENT_PUBLISHED, msg_id=43485
[0m
[0;32mI (3986) progress: Installing wakeup[0m
[0;32mI (3996) mqtt: MQTT_EVENT_PUBLISHED, msg_id=574
[0m
[0;32mI (4986) progress: Going to sleep[0m
ets Jul 29 2019 12:21:46

rst:0x5 (DEEPSLEEP_RESET),boot:0x13 (SPI_FAST_FLASH_BOOT)
configsip: 0, SPIWP:0xee
clk_drv:0x00,q_drv:0x00,d_drv:0x00,cs0_drv:0x00,hd_drv:0x00,wp_drv:0x00
mode:DIO, clock div:2
load:0x3fff0030,len:7176
load:0x40078000,len:15564
ho 0 tail 12 room 4
load:0x40080400,len:4
load:0x40080404,len:3904
entry 0x40080640
[0;32mI (31) boot: ESP-IDF v5.3.1 2nd stage bootloader[0m
[0;32mI (31) boot: compile time Oct 30 2024 22:22:25[0m
[0;32mI (31) boot: Multicore bootloader[0m
[0;32mI (36) boot: chip revision: v3.0[0m
[0;32mI (39) boot.esp32: SPI Speed      : 40MHz[0m
[0;32mI (44) boot.esp32: SPI Mode       : DIO[0m
[0;32mI (49) boot.esp32: SPI Flash Size : 2MB[0m
[0;32mI (53) boot: Enabling RNG early entropy source...[0m
[0;32mI (59) boot: Partition Table:[0m
[0;32mI (62) boot: ## Label            Usage          Type ST Offset   Length[0m
[0;32mI (69) boot:  0 nvs              WiFi data        01 02 00009000 00006000[0m
[0;32mI (77) boot:  1 phy_init         RF data          01 01 0000f000 00001000[0m
[0;32mI (84) boot:  2 factory          factory app      00 00 00010000 00177000[0m
[0;32mI (92) boot: End of partition table[0m
[0;32mI (96) esp_image: segment 0: paddr=00010020 vaddr=3f400020 size=27fa0h (163744) map[0m
[0;32mI (161) esp_image: segment 1: paddr=00037fc8 vaddr=3ff80063 size=00008h (     8) [0m
[0;32mI (161) esp_image: segment 2: paddr=00037fd8 vaddr=3ffb0000 size=04038h ( 16440) load[0m
[0;32mI (172) esp_image: segment 3: paddr=0003c018 vaddr=40080000 size=04000h ( 16384) load[0m
[0;32mI (181) esp_image: segment 4: paddr=00040020 vaddr=400d0020 size=a3a1ch (670236) map[0m
[0;32mI (413) esp_image: segment 5: paddr=000e3a44 vaddr=40084000 size=1598ch ( 88460) load[0m
[0;32mI (447) esp_image: segment 6: paddr=000f93d8 vaddr=400c0000 size=00064h (   100) [0m
[0;32mI (461) boot: Loaded app from partition at offset 0x10000[0m
[0;32mI (461) boot: Disabling RNG early entropy source...[0m
[0;32mI (473) cpu_start: Multicore app[0m
[0;32mI (481) cpu_start: Pro cpu start user code[0m
[0;32mI (481) cpu_start: cpu freq: 160000000 Hz[0m
[0;32mI (481) app_init: Application information:[0m
[0;32mI (484) app_init: Project name:     PIR[0m
[0;32mI (489) app_init: App version:      1[0m
[0;32mI (493) app_init: Compile time:     Oct 30 2024 23:48:50[0m
[0;32mI (499) app_init: ELF file SHA256:  5e2c39a132c1c6ca...[0m
[0;32mI (505) app_init: ESP-IDF:          v5.3.1[0m
[0;32mI (510) efuse_init: Min chip rev:     v0.0[0m
[0;32mI (514) efuse_init: Max chip rev:     v3.99 [0m
[0;32mI (519) efuse_init: Chip rev:         v3.0[0m
[0;32mI (524) heap_init: Initializing. RAM available for dynamic allocation:[0m
[0;32mI (531) heap_init: At 3FFAE6E0 len 00001920 (6 KiB): DRAM[0m
[0;32mI (537) heap_init: At 3FFB8960 len 000276A0 (157 KiB): DRAM[0m
[0;32mI (544) heap_init: At 3FFE0440 len 00003AE0 (14 KiB): D/IRAM[0m
[0;32mI (550) heap_init: At 3FFE4350 len 0001BCB0 (111 KiB): D/IRAM[0m
[0;32mI (556) heap_init: At 4009998C len 00006674 (25 KiB): IRAM[0m
[0;32mI (564) spi_flash: detected chip: generic[0m
[0;32mI (567) spi_flash: flash io: dio[0m
[0;33mW (571) spi_flash: Detected size(4096k) larger than the size in the binary image header(2048k). Using the size in the binary image header.[0m
[0;33mW (584) i2c: This driver is an old driver, please migrate your application code to adapt `driver/i2c_master.h`[0m
[0;32mI (596) main_task: Started on CPU0[0m
[0;32mI (606) main_task: Calling app_main()[0m
[0;32mI (606) progress: [APP] Free memory: 273580 bytes[0m
[0;32mI (606) progress: [APP] IDF version: v5.3.1[0m
[0;31mE (606) i2cdev: Could not write to device [0x0b at 0]: -1 (ESP_FAIL)[0m
[0;32mI (726) gauge: Power Mode: 0x1[0m
[0;32mI (726) gauge: APA: 0x2A[0m
[0;32mI (726) gauge: Battery Profile: 0x1[0m
[0;32mI (726) gauge: Temp Mode: 0x0[0m
[0;32mI (736) gauge: Voltage: 4.27	RSOC: 100.0%[0m
[0;32mI (756) progress: Starting Wifi[0m
[0;32mI (1846) progress: Starting Clock[0m
[0;32mI (3846) progress: The current date/time in Germany is: Thu Oct 31 00:11:25 2024[0m
[0;32mI (3846) progress: Starting MQTT[0m
[0;32mI (3846) mqtt: [APP] Free memory: 225344 bytes[0m
[0;32mI (3856) mqtt: MQTT_EVENT_BEFORE_CONNECT
[0m
[0;32mI (3866) mqtt: Note free memory: 213952 bytes[0m
[0;32mI (3866) mqtt: Waiting for connection to MQTT
[0m
[0;32mI (3886) mqtt: MQTT_EVENT_CONNECTED
[0m
[0;32mI (3886) mqtt: Connected to MQTT
[0m
[0;32mI (3886) progress: Sending battery status to MQTT[0m
[0;32mI (3896) mqtt: Sent <{"sensors":[{"name":"battery","values":[{"timestamp":1730329885000, "voltage":4.3, "soc":100.0}]}]}> to topic 1/2/data[0m
[0;32mI (3906) progress: Sending PIR event to MQTT[0m
[0;32mI (3906) mqtt: Sent <{"sensors":[{"name":"PIR","values":[{"timestamp":1730329886000, "roomID":"corridor"}]}]}> to topic 1/2/data[0m
[0;32mI (3916) mqtt: MQTT_EVENT_PUBLISHED, msg_id=37160
[0m
[0;32mI (3936) progress: Installing wakeup[0m
[0;32mI (3936) progress: Going to sleep[0m
[0;32mI (3936) mqtt: MQTT_EVENT_PUBLISHED, msg_id=26524
[0m
ets Jul 29 2019 12:21:46

rst:0x5 (DEEPSLEEP_RESET),boot:0x13 (SPI_FAST_FLASH_BOOT)
configsip: 0, SPIWP:0xee
clk_drv:0x00,q_drv:0x00,d_drv:0x00,cs0_drv:0x00,hd_drv:0x00,wp_drv:0x00
mode:DIO, clock div:2
load:0x3fff0030,len:7176
load:0x40078000,len:15564
ho 0 tail 12 room 4
load:0x40080400,len:4
load:0x40080404,len:3904
entry 0x40080640
[0;32mI (31) boot: ESP-IDF v5.3.1 2nd stage bootloader[0m
[0;32mI (31) boot: compile time Oct 30 2024 22:22:25[0m
[0;32mI (31) boot: Multicore bootloader[0m
[0;32mI (36) boot: chip revision: v3.0[0m
[0;32mI (39) boot.esp32: SPI Speed      : 40MHz[0m
[0;32mI (44) boot.esp32: SPI Mode       : DIO[0m
[0;32mI (49) boot.esp32: SPI Flash Size : 2MB[0m
[0;32mI (53) boot: Enabling RNG early entropy source...[0m
[0;32mI (59) boot: Partition Table:[0m
[0;32mI (62) boot: ## Label            Usage          Type ST Offset   Length[0m
[0;32mI (69) boot:  0 nvs              WiFi data        01 02 00009000 00006000[0m
[0;32mI (77) boot:  1 phy_init         RF data          01 01 0000f000 00001000[0m
[0;32mI (84) boot:  2 factory          factory app      00 00 00010000 00177000[0m
[0;32mI (92) boot: End of partition table[0m
[0;32mI (96) esp_image: segment 0: paddr=00010020 vaddr=3f400020 size=27fa0h (163744) map[0m
[0;32mI (161) esp_image: segment 1: paddr=00037fc8 vaddr=3ff80063 size=00008h (     8) [0m
[0;32mI (161) esp_image: segment 2: paddr=00037fd8 vaddr=3ffb0000 size=04038h ( 16440) load[0m
[0;32mI (172) esp_image: segment 3: paddr=0003c018 vaddr=40080000 size=04000h ( 16384) load[0m
[0;32mI (181) esp_image: segment 4: paddr=00040020 vaddr=400d0020 size=a3a1ch (670236) map[0m
[0;32mI (413) esp_image: segment 5: paddr=000e3a44 vaddr=40084000 size=1598ch ( 88460) load[0m
[0;32mI (447) esp_image: segment 6: paddr=000f93d8 vaddr=400c0000 size=00064h (   100) [0m
[0;32mI (461) boot: Loaded app from partition at offset 0x10000[0m
[0;32mI (461) boot: Disabling RNG early entropy source...[0m
[0;32mI (473) cpu_start: Multicore app[0m
[0;32mI (481) cpu_start: Pro cpu start user code[0m
[0;32mI (481) cpu_start: cpu freq: 160000000 Hz[0m
[0;32mI (481) app_init: Application information:[0m
[0;32mI (484) app_init: Project name:     PIR[0m
[0;32mI (489) app_init: App version:      1[0m
[0;32mI (493) app_init: Compile time:     Oct 30 2024 23:48:50[0m
[0;32mI (499) app_init: ELF file SHA256:  5e2c39a132c1c6ca...[0m
[0;32mI (505) app_init: ESP-IDF:          v5.3.1[0m
[0;32mI (510) efuse_init: Min chip rev:     v0.0[0m
[0;32mI (514) efuse_init: Max chip rev:     v3.99 [0m
[0;32mI (519) efuse_init: Chip rev:         v3.0[0m
[0;32mI (524) heap_init: Initializing. RAM available for dynamic allocation:[0m
[0;32mI (531) heap_init: At 3FFAE6E0 len 00001920 (6 KiB): DRAM[0m
[0;32mI (537) heap_init: At 3FFB8960 len 000276A0 (157 KiB): DRAM[0m
[0;32mI (544) heap_init: At 3FFE0440 len 00003AE0 (14 KiB): D/IRAM[0m
[0;32mI (550) heap_init: At 3FFE4350 len 0001BCB0 (111 KiB): D/IRAM[0m
[0;32mI (556) heap_init: At 4009998C len 00006674 (25 KiB): IRAM[0m
[0;32mI (564) spi_flash: detected chip: generic[0m
[0;32mI (567) spi_flash: flash io: dio[0m
[0;33mW (571) spi_flash: Detected size(4096k) larger than the size in the binary image header(2048k). Using the size in the binary image header.[0m
[0;33mW (584) i2c: This driver is an old driver, please migrate your application code to adapt `driver/i2c_master.h`[0m
[0;32mI (596) main_task: Started on CPU0[0m
[0;32mI (606) main_task: Calling app_main()[0m
[0;32mI (606) progress: [APP] Free memory: 273580 bytes[0m
[0;32mI (606) progress: [APP] IDF version: v5.3.1[0m
[0;31mE (606) i2cdev: Could not write to device [0x0b at 0]: -1 (ESP_FAIL)[0m
[0;32mI (726) gauge: Power Mode: 0x1[0m
[0;32mI (726) gauge: APA: 0x2A[0m
[0;32mI (726) gauge: Battery Profile: 0x1[0m
[0;32mI (726) gauge: Temp Mode: 0x0[0m
[0;32mI (726) gauge: Voltage: 4.24	RSOC: 100.0%[0m
[0;32mI (756) progress: Starting Wifi[0m
[0;32mI (1846) progress: Starting Clock[0m
[0;32mI (3846) progress: The current date/time in Germany is: Thu Oct 31 00:12:03 2024[0m
[0;32mI (3846) progress: Starting MQTT[0m
[0;32mI (3846) mqtt: [APP] Free memory: 225276 bytes[0m
[0;32mI (3856) mqtt: MQTT_EVENT_BEFORE_CONNECT
[0m
[0;32mI (3866) mqtt: Note free memory: 213880 bytes[0m
[0;32mI (3866) mqtt: Waiting for connection to MQTT
[0m
[0;32mI (3886) mqtt: MQTT_EVENT_CONNECTED
[0m
[0;32mI (3886) mqtt: Connected to MQTT
[0m
[0;32mI (3886) progress: Sending battery status to MQTT[0m
[0;32mI (3886) mqtt: Sent <{"sensors":[{"name":"battery","values":[{"timestamp":1730329923000, "voltage":4.2, "soc":100.0}]}]}> to topic 1/2/data[0m
[0;32mI (3906) progress: Sending PIR event to MQTT[0m
[0;32mI (3906) mqtt: Sent <{"sensors":[{"name":"PIR","values":[{"timestamp":1730329923000, "roomID":"corridor"}]}]}> to topic 1/2/data[0m
[0;32mI (3916) mqtt: MQTT_EVENT_PUBLISHED, msg_id=39926
[0m
[0;32mI (3926) progress: Installing wakeup[0m
[0;32mI (3926) progress: Going to sleep[0m
ets Jul 29 2019 12:21:46

rst:0x5 (DEEPSLEEP_RESET),boot:0x13 (SPI_FAST_FLASH_BOOT)
configsip: 0, SPIWP:0xee
clk_drv:0x00,q_drv:0x00,d_drv:0x00,cs0_drv:0x00,hd_drv:0x00,wp_drv:0x00
mode:DIO, clock div:2
load:0x3fff0030,len:7176
load:0x40078000,len:15564
ho 0 tail 12 room 4
load:0x40080400,len:4
load:0x40080404,len:3904
entry 0x40080640
[0;32mI (31) boot: ESP-IDF v5.3.1 2nd stage bootloader[0m
[0;32mI (31) boot: compile time Oct 30 2024 22:22:25[0m
[0;32mI (31) boot: Multicore bootloader[0m
[0;32mI (36) boot: chip revision: v3.0[0m
[0;32mI (39) boot.esp32: SPI Speed      : 40MHz[0m
[0;32mI (44) boot.esp32: SPI Mode       : DIO[0m
[0;32mI (49) boot.esp32: SPI Flash Size : 2MB[0m
[0;32mI (53) boot: Enabling RNG early entropy source...[0m
[0;32mI (59) boot: Partition Table:[0m
[0;32mI (62) boot: ## Label            Usage          Type ST Offset   Length[0m
[0;32mI (69) boot:  0 nvs              WiFi data        01 02 00009000 00006000[0m
[0;32mI (77) boot:  1 phy_init         RF data          01 01 0000f000 00001000[0m
[0;32mI (84) boot:  2 factory          factory app      00 00 00010000 00177000[0m
[0;32mI (92) boot: End of partition table[0m
[0;32mI (96) esp_image: segment 0: paddr=00010020 vaddr=3f400020 size=27fa0h (163744) map[0m
[0;32mI (161) esp_image: segment 1: paddr=00037fc8 vaddr=3ff80063 size=00008h (     8) [0m
[0;32mI (161) esp_image: segment 2: paddr=00037fd8 vaddr=3ffb0000 size=04038h ( 16440) load[0m
[0;32mI (172) esp_image: segment 3: paddr=0003c018 vaddr=40080000 size=04000h ( 16384) load[0m
[0;32mI (181) esp_image: segment 4: paddr=00040020 vaddr=400d0020 size=a3a1ch (670236) map[0m
[0;32mI (413) esp_image: segment 5: paddr=000e3a44 vaddr=40084000 size=1598ch ( 88460) load[0m
[0;32mI (447) esp_image: segment 6: paddr=000f93d8 vaddr=400c0000 size=00064h (   100) [0m
[0;32mI (461) boot: Loaded app from partition at offset 0x10000[0m
[0;32mI (461) boot: Disabling RNG early entropy source...[0m
[0;32mI (473) cpu_start: Multicore app[0m
[0;32mI (481) cpu_start: Pro cpu start user code[0m
[0;32mI (481) cpu_start: cpu freq: 160000000 Hz[0m
[0;32mI (481) app_init: Application information:[0m
[0;32mI (484) app_init: Project name:     PIR[0m
[0;32mI (489) app_init: App version:      1[0m
[0;32mI (493) app_init: Compile time:     Oct 30 2024 23:48:50[0m
[0;32mI (499) app_init: ELF file SHA256:  5e2c39a132c1c6ca...[0m
[0;32mI (505) app_init: ESP-IDF:          v5.3.1[0m
[0;32mI (510) efuse_init: Min chip rev:     v0.0[0m
[0;32mI (514) efuse_init: Max chip rev:     v3.99 [0m
[0;32mI (519) efuse_init: Chip rev:         v3.0[0m
[0;32mI (524) heap_init: Initializing. RAM available for dynamic allocation:[0m
[0;32mI (531) heap_init: At 3FFAE6E0 len 00001920 (6 KiB): DRAM[0m
[0;32mI (537) heap_init: At 3FFB8960 len 000276A0 (157 KiB): DRAM[0m
[0;32mI (544) heap_init: At 3FFE0440 len 00003AE0 (14 KiB): D/IRAM[0m
[0;32mI (550) heap_init: At 3FFE4350 len 0001BCB0 (111 KiB): D/IRAM[0m
[0;32mI (556) heap_init: At 4009998C len 00006674 (25 KiB): IRAM[0m
[0;32mI (564) spi_flash: detected chip: generic[0m
[0;32mI (567) spi_flash: flash io: dio[0m
[0;33mW (571) spi_flash: Detected size(4096k) larger than the size in the binary image header(2048k). Using the size in the binary image header.[0m
[0;33mW (584) i2c: This driver is an old driver, please migrate your application code to adapt `driver/i2c_master.h`[0m
[0;32mI (596) main_task: Started on CPU0[0m
[0;32mI (606) main_task: Calling app_main()[0m
[0;32mI (606) progress: [APP] Free memory: 273580 bytes[0m
[0;32mI (606) progress: [APP] IDF version: v5.3.1[0m
[0;31mE (606) i2cdev: Could not write to device [0x0b at 0]: -1 (ESP_FAIL)[0m
[0;32mI (726) gauge: Power Mode: 0x1[0m
[0;32mI (726) gauge: APA: 0x2A[0m
[0;32mI (726) gauge: Battery Profile: 0x1[0m
[0;32mI (726) gauge: Temp Mode: 0x0[0m
[0;32mI (726) gauge: Voltage: 4.24	RSOC: 100.0%[0m
[0;32mI (756) progress: Starting Wifi[0m
[0;32mI (1846) progress: Starting Clock[0m
[0;32mI (3846) progress: The current date/time in Germany is: Thu Oct 31 00:12:11 2024[0m
[0;32mI (3846) progress: Starting MQTT[0m
[0;32mI (3846) mqtt: [APP] Free memory: 225324 bytes[0m
[0;32mI (3856) mqtt: MQTT_EVENT_BEFORE_CONNECT
[0m
[0;32mI (3856) mqtt: Note free memory: 213756 bytes[0m
[0;32mI (3866) mqtt: Waiting for connection to MQTT
[0m
[0;32mI (3876) mqtt: MQTT_EVENT_CONNECTED
[0m
[0;32mI (3876) mqtt: Connected to MQTT
[0m
[0;32mI (3876) progress: Sending battery status to MQTT[0m
[0;32mI (3886) mqtt: Sent <{"sensors":[{"name":"battery","values":[{"timestamp":1730329931000, "voltage":4.2, "soc":100.0}]}]}> to topic 1/2/data[0m
[0;32mI (3896) progress: Sending PIR event to MQTT[0m
[0;32mI (3896) mqtt: Sent <{"sensors":[{"name":"PIR","values":[{"timestamp":1730329931000, "roomID":"corridor"}]}]}> to topic 1/2/data[0m
[0;32mI (3906) mqtt: MQTT_EVENT_PUBLISHED, msg_id=21978
[0m
[0;32mI (3926) progress: Installing wakeup[0m
[0;32mI (3926) mqtt: MQTT_EVENT_PUBLISHED, msg_id=38833
[0m
[0;32mI (4926) progress: Going to sleep[0m
ets Jul 29 2019 12:21:46

rst:0x5 (DEEPSLEEP_RESET),boot:0x13 (SPI_FAST_FLASH_BOOT)
configsip: 0, SPIWP:0xee
clk_drv:0x00,q_drv:0x00,d_drv:0x00,cs0_drv:0x00,hd_drv:0x00,wp_drv:0x00
mode:DIO, clock div:2
load:0x3fff0030,len:7176
load:0x40078000,len:15564
ho 0 tail 12 room 4
load:0x40080400,len:4
load:0x40080404,len:3904
entry 0x40080640
[0;32mI (31) boot: ESP-IDF v5.3.1 2nd stage bootloader[0m
[0;32mI (31) boot: compile time Oct 30 2024 22:22:25[0m
[0;32mI (31) boot: Multicore bootloader[0m
[0;32mI (36) boot: chip revision: v3.0[0m
[0;32mI (39) boot.esp32: SPI Speed      : 40MHz[0m
[0;32mI (44) boot.esp32: SPI Mode       : DIO[0m
[0;32mI (49) boot.esp32: SPI Flash Size : 2MB[0m
[0;32mI (53) boot: Enabling RNG early entropy source...[0m
[0;32mI (59) boot: Partition Table:[0m
[0;32mI (62) boot: ## Label            Usage          Type ST Offset   Length[0m
[0;32mI (69) boot:  0 nvs              WiFi data        01 02 00009000 00006000[0m
[0;32mI (77) boot:  1 phy_init         RF data          01 01 0000f000 00001000[0m
[0;32mI (84) boot:  2 factory          factory app      00 00 00010000 00177000[0m
[0;32mI (92) boot: End of partition table[0m
[0;32mI (96) esp_image: segment 0: paddr=00010020 vaddr=3f400020 size=27fa0h (163744) map[0m
[0;32mI (161) esp_image: segment 1: paddr=00037fc8 vaddr=3ff80063 size=00008h (     8) [0m
[0;32mI (161) esp_image: segment 2: paddr=00037fd8 vaddr=3ffb0000 size=04038h ( 16440) load[0m
[0;32mI (172) esp_image: segment 3: paddr=0003c018 vaddr=40080000 size=04000h ( 16384) load[0m
[0;32mI (181) esp_image: segment 4: paddr=00040020 vaddr=400d0020 size=a3a1ch (670236) map[0m
[0;32mI (413) esp_image: segment 5: paddr=000e3a44 vaddr=40084000 size=1598ch ( 88460) load[0m
[0;32mI (447) esp_image: segment 6: paddr=000f93d8 vaddr=400c0000 size=00064h (   100) [0m
[0;32mI (461) boot: Loaded app from partition at offset 0x10000[0m
[0;32mI (461) boot: Disabling RNG early entropy source...[0m
[0;32mI (473) cpu_start: Multicore app[0m
[0;32mI (481) cpu_start: Pro cpu start user code[0m
[0;32mI (481) cpu_start: cpu freq: 160000000 Hz[0m
[0;32mI (481) app_init: Application information:[0m
[0;32mI (484) app_init: Project name:     PIR[0m
[0;32mI (489) app_init: App version:      1[0m
[0;32mI (493) app_init: Compile time:     Oct 30 2024 23:48:50[0m
[0;32mI (499) app_init: ELF file SHA256:  5e2c39a132c1c6ca...[0m
[0;32mI (505) app_init: ESP-IDF:          v5.3.1[0m
[0;32mI (510) efuse_init: Min chip rev:     v0.0[0m
[0;32mI (514) efuse_init: Max chip rev:     v3.99 [0m
[0;32mI (519) efuse_init: Chip rev:         v3.0[0m
[0;32mI (524) heap_init: Initializing. RAM available for dynamic allocation:[0m
[0;32mI (531) heap_init: At 3FFAE6E0 len 00001920 (6 KiB): DRAM[0m
[0;32mI (537) heap_init: At 3FFB8960 len 000276A0 (157 KiB): DRAM[0m
[0;32mI (544) heap_init: At 3FFE0440 len 00003AE0 (14 KiB): D/IRAM[0m
[0;32mI (550) heap_init: At 3FFE4350 len 0001BCB0 (111 KiB): D/IRAM[0m
[0;32mI (556) heap_init: At 4009998C len 00006674 (25 KiB): IRAM[0m
[0;32mI (564) spi_flash: detected chip: generic[0m
[0;32mI (567) spi_flash: flash io: dio[0m
[0;33mW (571) spi_flash: Detected size(4096k) larger than the size in the binary image header(2048k). Using the size in the binary image header.[0m
[0;33mW (584) i2c: This driver is an old driver, please migrate your application code to adapt `driver/i2c_master.h`[0m
[0;32mI (596) main_task: Started on CPU0[0m
[0;32mI (606) main_task: Calling app_main()[0m
[0;32mI (606) progress: [APP] Free memory: 273580 bytes[0m
[0;32mI (606) progress: [APP] IDF version: v5.3.1[0m
[0;31mE (606) i2cdev: Could not write to device [0x0b at 0]: -1 (ESP_FAIL)[0m
[0;32mI (726) gauge: Power Mode: 0x1[0m
[0;32mI (726) gauge: APA: 0x2A[0m
[0;32mI (726) gauge: Battery Profile: 0x1[0m
[0;32mI (726) gauge: Temp Mode: 0x0[0m
[0;32mI (726) gauge: Voltage: 4.23	RSOC: 100.0%[0m
[0;32mI (756) progress: Starting Wifi[0m
[0;32mI (1846) progress: Starting Clock[0m
[0;32mI (3846) progress: The current date/time in Germany is: Thu Oct 31 00:12:30 2024[0m
[0;32mI (3846) progress: Starting MQTT[0m
[0;32mI (3846) mqtt: [APP] Free memory: 225344 bytes[0m
[0;32mI (3856) mqtt: MQTT_EVENT_BEFORE_CONNECT
[0m
[0;32mI (3866) mqtt: Note free memory: 213772 bytes[0m
[0;32mI (3866) mqtt: Waiting for connection to MQTT
[0m
[0;32mI (3886) mqtt: MQTT_EVENT_CONNECTED
[0m
[0;32mI (3886) mqtt: Connected to MQTT
[0m
[0;32mI (3886) progress: Sending battery status to MQTT[0m
[0;32mI (3886) mqtt: Sent <{"sensors":[{"name":"battery","values":[{"timestamp":1730329950000, "voltage":4.2, "soc":100.0}]}]}> to topic 1/2/data[0m
[0;32mI (3906) progress: Sending PIR event to MQTT[0m
[0;32mI (3906) mqtt: Sent <{"sensors":[{"name":"PIR","values":[{"timestamp":1730329950000, "roomID":"corridor"}]}]}> to topic 1/2/data[0m
[0;32mI (3916) mqtt: MQTT_EVENT_PUBLISHED, msg_id=15359
[0m
[0;32mI (3926) progress: Installing wakeup[0m
[0;32mI (3926) progress: Going to sleep[0m
[0;32mI (3936) mqtt: MQTT_EVENT_PUBLISHED, msg_id=61904
[0m
ets Jul 29 2019 12:21:46

rst:0x5 (DEEPSLEEP_RESET),boot:0x13 (SPI_FAST_FLASH_BOOT)
configsip: 0, SPIWP:0xee
clk_drv:0x00,q_drv:0x00,d_drv:0x00,cs0_drv:0x00,hd_drv:0x00,wp_drv:0x00
mode:DIO, clock div:2
load:0x3fff0030,len:7176
load:0x40078000,len:15564
ho 0 tail 12 room 4
load:0x40080400,len:4
load:0x40080404,len:3904
entry 0x40080640
[0;32mI (31) boot: ESP-IDF v5.3.1 2nd stage bootloader[0m
[0;32mI (31) boot: compile time Oct 30 2024 22:22:25[0m
[0;32mI (31) boot: Multicore bootloader[0m
[0;32mI (36) boot: chip revision: v3.0[0m
[0;32mI (39) boot.esp32: SPI Speed      : 40MHz[0m
[0;32mI (44) boot.esp32: SPI Mode       : DIO[0m
[0;32mI (49) boot.esp32: SPI Flash Size : 2MB[0m
[0;32mI (53) boot: Enabling RNG early entropy source...[0m
[0;32mI (59) boot: Partition Table:[0m
[0;32mI (62) boot: ## Label            Usage          Type ST Offset   Length[0m
[0;32mI (69) boot:  0 nvs              WiFi data        01 02 00009000 00006000[0m
[0;32mI (77) boot:  1 phy_init         RF data          01 01 0000f000 00001000[0m
[0;32mI (84) boot:  2 factory          factory app      00 00 00010000 00177000[0m
[0;32mI (92) boot: End of partition table[0m
[0;32mI (96) esp_image: segment 0: paddr=00010020 vaddr=3f400020 size=27fa0h (163744) map[0m
[0;32mI (161) esp_image: segment 1: paddr=00037fc8 vaddr=3ff80063 size=00008h (     8) [0m
[0;32mI (161) esp_image: segment 2: paddr=00037fd8 vaddr=3ffb0000 size=04038h ( 16440) load[0m
[0;32mI (172) esp_image: segment 3: paddr=0003c018 vaddr=40080000 size=04000h ( 16384) load[0m
[0;32mI (181) esp_image: segment 4: paddr=00040020 vaddr=400d0020 size=a3a1ch (670236) map[0m
[0;32mI (413) esp_image: segment 5: paddr=000e3a44 vaddr=40084000 size=1598ch ( 88460) load[0m
[0;32mI (447) esp_image: segment 6: paddr=000f93d8 vaddr=400c0000 size=00064h (   100) [0m
[0;32mI (461) boot: Loaded app from partition at offset 0x10000[0m
[0;32mI (461) boot: Disabling RNG early entropy source...[0m
[0;32mI (473) cpu_start: Multicore app[0m
[0;32mI (481) cpu_start: Pro cpu start user code[0m
[0;32mI (481) cpu_start: cpu freq: 160000000 Hz[0m
[0;32mI (481) app_init: Application information:[0m
[0;32mI (484) app_init: Project name:     PIR[0m
[0;32mI (489) app_init: App version:      1[0m
[0;32mI (493) app_init: Compile time:     Oct 30 2024 23:48:50[0m
[0;32mI (499) app_init: ELF file SHA256:  5e2c39a132c1c6ca...[0m
[0;32mI (505) app_init: ESP-IDF:          v5.3.1[0m
[0;32mI (510) efuse_init: Min chip rev:     v0.0[0m
[0;32mI (514) efuse_init: Max chip rev:     v3.99 [0m
[0;32mI (519) efuse_init: Chip rev:         v3.0[0m
[0;32mI (524) heap_init: Initializing. RAM available for dynamic allocation:[0m
[0;32mI (531) heap_init: At 3FFAE6E0 len 00001920 (6 KiB): DRAM[0m
[0;32mI (537) heap_init: At 3FFB8960 len 000276A0 (157 KiB): DRAM[0m
[0;32mI (544) heap_init: At 3FFE0440 len 00003AE0 (14 KiB): D/IRAM[0m
[0;32mI (550) heap_init: At 3FFE4350 len 0001BCB0 (111 KiB): D/IRAM[0m
[0;32mI (556) heap_init: At 4009998C len 00006674 (25 KiB): IRAM[0m
[0;32mI (564) spi_flash: detected chip: generic[0m
[0;32mI (567) spi_flash: flash io: dio[0m
[0;33mW (571) spi_flash: Detected size(4096k) larger than the size in the binary image header(2048k). Using the size in the binary image header.[0m
[0;33mW (584) i2c: This driver is an old driver, please migrate your application code to adapt `driver/i2c_master.h`[0m
[0;32mI (596) main_task: Started on CPU0[0m
[0;32mI (606) main_task: Calling app_main()[0m
[0;32mI (606) progress: [APP] Free memory: 273580 bytes[0m
[0;32mI (606) progress: [APP] IDF version: v5.3.1[0m
[0;31mE (606) i2cdev: Could not write to device [0x0b at 0]: -1 (ESP_FAIL)[0m
[0;32mI (726) gauge: Power Mode: 0x1[0m
[0;32mI (726) gauge: APA: 0x2A[0m
[0;32mI (726) gauge: Battery Profile: 0x1[0m
[0;32mI (726) gauge: Temp Mode: 0x0[0m
[0;32mI (736) gauge: Voltage: 4.18	RSOC: 100.0%[0m
[0;32mI (756) progress: Starting Wifi[0m
ets Jul 29 2019 12:21:46

rst:0x1 (POWERON_RESET),boot:0x13 (SPI_FAST_FLASH_BOOT)
configsip: 0, SPIWP:0xee
clk_drv:0x00,q_drv:0x00,d_drv:0x00,cs0_drv:0x00,hd_drv:0x00,wp_drv:0x00
mode:DIO, clock div:2
load:0x3fff0030,len:7176
load:0x40078000,len:15564
ho 0 tail 12 room 4
load:0x40080400,len:4
load:0x40080404,len:3904
entry 0x40080640
[0;32mI (31) boot: ESP-IDF v5.3.1 2nd stage bootloader[0m
[0;32mI (31) boot: compile time Oct 30 2024 22:22:25[0m
[0;32mI (31) boot: Multicore bootloader[0m
[0;32mI (35) boot: chip revision: v3.0[0m
[0;32mI (39) boot.esp32: SPI Speed      : 40MHz[0m
[0;32mI (44) boot.esp32: SPI Mode       : DIO[0m
[0;32mI (48) boot.esp32: SPI Flash Size : 2MB[0m
[0;32mI (53) boot: Enabling RNG early entropy source...[0m
[0;32mI (58) boot: Partition Table:[0m
[0;32mI (62) boot: ## Label            Usage          Type ST Offset   Length[0m
[0;32mI (69) boot:  0 nvs              WiFi data        01 02 00009000 00006000[0m
[0;32mI (77) boot:  1 phy_init         RF data          01 01 0000f000 00001000[0m
[0;32mI (84) boot:  2 factory          factory app      00 00 00010000 00177000[0m
[0;32mI (92) boot: End of partition table[0m
[0;32mI (96) esp_image: segment 0: paddr=00010020 vaddr=3f400020 size=27fa0h (163744) map[0m
[0;32mI (160) esp_image: segment 1: paddr=00037fc8 vaddr=3ff80063 size=00008h (     8) load[0m
[0;32mI (161) esp_image: segment 2: paddr=00037fd8 vaddr=3ffb0000 size=04038h ( 16440) load[0m
[0;32mI (172) esp_image: segment 3: paddr=0003c018 vaddr=40080000 size=04000h ( 16384) load[0m
[0;32mI (181) esp_image: segment 4: paddr=00040020 vaddr=400d0020 size=a3a1ch (670236) map[0m
[0;32mI (413) esp_image: segment 5: paddr=000e3a44 vaddr=40084000 size=1598ch ( 88460) load[0m
[0;32mI (448) esp_image: segment 6: paddr=000f93d8 vaddr=400c0000 size=00064h (   100) load[0m
[0;32mI (461) boot: Loaded app from partition at offset 0x10000[0m
[0;32mI (461) boot: Disabling RNG early entropy source...[0m
[0;32mI (473) cpu_start: Multicore app[0m
[0;32mI (481) cpu_start: Pro cpu start user code[0m
[0;32mI (481) cpu_start: cpu freq: 160000000 Hz[0m
[0;32mI (481) app_init: Application information:[0m
[0;32mI (484) app_init: Project name:     PIR[0m
[0;32mI (489) app_init: App version:      1[0m
[0;32mI (493) app_init: Compile time:     Oct 30 2024 23:48:50[0m
[0;32mI (499) app_init: ELF file SHA256:  5e2c39a132c1c6ca...[0m
[0;32mI (505) app_init: ESP-IDF:          v5.3.1[0m
[0;32mI (510) efuse_init: Min chip rev:     v0.0[0m
[0;32mI (515) efuse_init: Max chip rev:     v3.99 [0m
[0;32mI (519) efuse_init: Chip rev:         v3.0[0m
[0;32mI (525) heap_init: Initializing. RAM available for dynamic allocation:[0m
[0;32mI (532) heap_init: At 3FFAE6E0 len 00001920 (6 KiB): DRAM[0m
[0;32mI (538) heap_init: At 3FFB8960 len 000276A0 (157 KiB): DRAM[0m
[0;32mI (544) heap_init: At 3FFE0440 len 00003AE0 (14 KiB): D/IRAM[0m
[0;32mI (550) heap_init: At 3FFE4350 len 0001BCB0 (111 KiB): D/IRAM[0m
[0;32mI (557) heap_init: At 4009998C len 00006674 (25 KiB): IRAM[0m
[0;32mI (564) spi_flash: detected chip: generic[0m
[0;32mI (567) spi_flash: flash io: dio[0m
[0;33mW (571) spi_flash: Detected size(4096k) larger than the size in the binary image header(2048k). Using the size in the binary image header.[0m
[0;33mW (585) i2c: This driver is an old driver, please migrate your application code to adapt `driver/i2c_master.h`[0m
[0;32mI (596) main_task: Started on CPU0[0m
[0;32mI (606) main_task: Calling app_main()[0m
[0;32mI (606) progress: [APP] Free memory: 273580 bytes[0m
[0;32mI (606) progress: [APP] IDF version: v5.3.1[0m
[0;31mE (606) i2cdev: Could not write to device [0x0b at 0]: -1 (ESP_FAIL)[0m
[0;32mI (726) gauge: Power Mode: 0x1[0m
[0;32mI (726) gauge: APA: 0x2A[0m
[0;32mI (726) gauge: Battery Profile: 0x1[0m
[0;32mI (726) gauge: Temp Mode: 0x0[0m
[0;32mI (726) gauge: Voltage: 4.24	RSOC: 100.0%[0m
[0;32mI (756) progress: Starting Wifi[0m
[0;32mI (1906) progress: Starting Clock[0m
[0;32mI (5906) progress: The current date/time in Germany is: Thu Oct 31 00:13:42 2024[0m
[0;32mI (5906) progress: Starting MQTT[0m
[0;32mI (5906) mqtt: [APP] Free memory: 225308 bytes[0m
[0;32mI (5916) mqtt: MQTT_EVENT_BEFORE_CONNECT
[0m
[0;32mI (5916) mqtt: Note free memory: 214896 bytes[0m
[0;32mI (5926) mqtt: Waiting for connection to MQTT
[0m
[0;32mI (5936) mqtt: MQTT_EVENT_CONNECTED
[0m
[0;32mI (5936) mqtt: Connected to MQTT
[0m
[0;32mI (5936) progress: Sending battery status to MQTT[0m
[0;32mI (5946) mqtt: Sent <{"sensors":[{"name":"battery","values":[{"timestamp":1730330022000, "voltage":4.2, "soc":100.0}]}]}> to topic 1/2/data[0m
[0;32mI (5956) progress: Sending PIR event to MQTT[0m
[0;32mI (5956) mqtt: Sent <{"sensors":[{"name":"PIR","values":[{"timestamp":1730330022000, "roomID":"corridor"}]}]}> to topic 1/2/data[0m
[0;32mI (5966) mqtt: MQTT_EVENT_PUBLISHED, msg_id=19941
[0m
[0;32mI (5976) progress: Installing wakeup[0m
[0;32mI (5986) mqtt: MQTT_EVENT_PUBLISHED, msg_id=51559
[0m
[0;32mI (6986) progress: Going to sleep[0m
ets Jul 29 2019 12:21:46

rst:0x5 (DEEPSLEEP_RESET),boot:0x13 (SPI_FAST_FLASH_BOOT)
configsip: 0, SPIWP:0xee
clk_drv:0x00,q_drv:0x00,d_drv:0x00,cs0_drv:0x00,hd_drv:0x00,wp_drv:0x00
mode:DIO, clock div:2
load:0x3fff0030,len:7176
load:0x40078000,len:15564
ho 0 tail 12 room 4
load:0x40080400,len:4
load:0x40080404,len:3904
entry 0x40080640
[0;32mI (31) boot: ESP-IDF v5.3.1 2nd stage bootloader[0m
[0;32mI (31) boot: compile time Oct 30 2024 22:22:25[0m
[0;32mI (31) boot: Multicore bootloader[0m
[0;32mI (36) boot: chip revision: v3.0[0m
[0;32mI (39) boot.esp32: SPI Speed      : 40MHz[0m
[0;32mI (44) boot.esp32: SPI Mode       : DIO[0m
[0;32mI (49) boot.esp32: SPI Flash Size : 2MB[0m
[0;32mI (53) boot: Enabling RNG early entropy source...[0m
[0;32mI (59) boot: Partition Table:[0m
[0;32mI (62) boot: ## Label            Usage          Type ST Offset   Length[0m
[0;32mI (69) boot:  0 nvs              WiFi data        01 02 00009000 00006000[0m
[0;32mI (77) boot:  1 phy_init         RF data          01 01 0000f000 00001000[0m
[0;32mI (84) boot:  2 factory          factory app      00 00 00010000 00177000[0m
[0;32mI (92) boot: End of partition table[0m
[0;32mI (96) esp_image: segment 0: paddr=00010020 vaddr=3f400020 size=27fa0h (163744) map[0m
[0;32mI (161) esp_image: segment 1: paddr=00037fc8 vaddr=3ff80063 size=00008h (     8) [0m
[0;32mI (161) esp_image: segment 2: paddr=00037fd8 vaddr=3ffb0000 size=04038h ( 16440) load[0m
[0;32mI (172) esp_image: segment 3: paddr=0003c018 vaddr=40080000 size=04000h ( 16384) load[0m
[0;32mI (181) esp_image: segment 4: paddr=00040020 vaddr=400d0020 size=a3a1ch (670236) map[0m
[0;32mI (413) esp_image: segment 5: paddr=000e3a44 vaddr=40084000 size=1598ch ( 88460) load[0m
[0;32mI (447) esp_image: segment 6: paddr=000f93d8 vaddr=400c0000 size=00064h (   100) [0m
[0;32mI (461) boot: Loaded app from partition at offset 0x10000[0m
[0;32mI (461) boot: Disabling RNG early entropy source...[0m
[0;32mI (473) cpu_start: Multicore app[0m
[0;32mI (481) cpu_start: Pro cpu start user code[0m
[0;32mI (481) cpu_start: cpu freq: 160000000 Hz[0m
[0;32mI (481) app_init: Application information:[0m
[0;32mI (484) app_init: Project name:     PIR[0m
[0;32mI (489) app_init: App version:      1[0m
[0;32mI (493) app_init: Compile time:     Oct 30 2024 23:48:50[0m
[0;32mI (499) app_init: ELF file SHA256:  5e2c39a132c1c6ca...[0m
[0;32mI (505) app_init: ESP-IDF:          v5.3.1[0m
[0;32mI (510) efuse_init: Min chip rev:     v0.0[0m
[0;32mI (514) efuse_init: Max chip rev:     v3.99 [0m
[0;32mI (519) efuse_init: Chip rev:         v3.0[0m
[0;32mI (524) heap_init: Initializing. RAM available for dynamic allocation:[0m
[0;32mI (531) heap_init: At 3FFAE6E0 len 00001920 (6 KiB): DRAM[0m
[0;32mI (537) heap_init: At 3FFB8960 len 000276A0 (157 KiB): DRAM[0m
[0;32mI (544) heap_init: At 3FFE0440 len 00003AE0 (14 KiB): D/IRAM[0m
[0;32mI (550) heap_init: At 3FFE4350 len 0001BCB0 (111 KiB): D/IRAM[0m
[0;32mI (556) heap_init: At 4009998C len 00006674 (25 KiB): IRAM[0m
[0;32mI (564) spi_flash: detected chip: generic[0m
[0;32mI (567) spi_flash: flash io: dio[0m
[0;33mW (571) spi_flash: Detected size(4096k) larger than the size in the binary image header(2048k). Using the size in the binary image header.[0m
[0;33mW (584) i2c: This driver is an old driver, please migrate your application code to adapt `driver/i2c_master.h`[0m
[0;32mI (596) main_task: Started on CPU0[0m
[0;32mI (606) main_task: Calling app_main()[0m
[0;32mI (606) progress: [APP] Free memory: 273580 bytes[0m
[0;32mI (606) progress: [APP] IDF version: v5.3.1[0m
[0;31mE (606) i2cdev: Could not write to device [0x0b at 0]: -1 (ESP_FAIL)[0m
[0;32mI (726) gauge: Power Mode: 0x1[0m
[0;32mI (726) gauge: APA: 0x2A[0m
[0;32mI (726) gauge: Battery Profile: 0x1[0m
[0;32mI (726) gauge: Temp Mode: 0x0[0m
[0;32mI (726) gauge: Voltage: 3.61	RSOC: 4.0%[0m
[0;32mI (756) progress: Starting Wifi[0m
[0;32mI (1846) progress: Starting Clock[0m
ets Jul 29 2019 12:21:46

rst:0x1 (POWERON_RESET),boot:0x13 (SPI_FAST_FLASH_BOOT)
configsip: 0, SPIWP:0xee
clk_drv:0x00,q_drv:0x00,d_drv:0x00,cs0_drv:0x00,hd_drv:0x00,wp_drv:0x00
mode:DIO, clock div:2
load:0x3fff0030,len:7176
load:0x40078000,len:15564
ho 0 tail 12 room 4
load:0x40080400,len:4
load:0x40080404,len:3904
entry 0x40080640
[0;32mI (31) boot: ESP-IDF v5.3.1 2nd stage bootloader[0m
[0;32mI (31) boot: compile time Oct 30 2024 22:22:25[0m
[0;32mI (31) boot: Multicore bootloader[0m
[0;32mI (35) boot: chip revision: v3.0[0m
[0;32mI (39) boot.esp32: SPI Speed      : 40MHz[0m
[0;32mI (44) boot.esp32: SPI Mode       : DIO[0m
[0;32mI (48) boot.esp32: SPI Flash Size : 2MB[0m
[0;32mI (53) boot: Enabling RNG early entropy source...[0m
[0;32mI (58) boot: Partition Table:[0m
[0;32mI (62) boot: ## Label            Usage          Type ST Offset   Length[0m
[0;32mI (69) boot:  0 nvs              WiFi data        01 02 00009000 00006000[0m
[0;32mI (77) boot:  1 phy_init         RF data          01 01 0000f000 00001000[0m
[0;32mI (84) boot:  2 factory          factory app      00 00 00010000 00177000[0m
[0;32mI (92) boot: End of partition table[0m
[0;32mI (96) esp_image: segment 0: paddr=00010020 vaddr=3f400020 size=27fa0h (163744) map[0m
[0;32mI (160) esp_image: segment 1: paddr=00037fc8 vaddr=3ff80063 size=00008h (     8) load[0m
[0;32mI (161) esp_image: segment 2: paddr=00037fd8 vaddr=3ffb0000 size=04038h ( 16440) load[0m
[0;32mI (172) esp_image: segment 3: paddr=0003c018 vaddr=40080000 size=04000h ( 16384) load[0m
[0;32mI (181) esp_image: segment 4: paddr=00040020 vaddr=400d0020 size=a3a1ch (670236) map[0m
[0;32mI (413) esp_image: segment 5: paddr=000e3a44 vaddr=40084000 size=1598ch ( 88460) load[0m
[0;32mI (448) esp_image: segment 6: paddr=000f93d8 vaddr=400c0000 size=00064h (   100) load[0m
[0;32mI (461) boot: Loaded app from partition at offset 0x10000[0m
[0;32mI (461) boot: Disabling RNG early entropy source...[0m
[0;32mI (473) cpu_start: Multicore app[0m
[0;32mI (481) cpu_start: Pro cpu start user code[0m
[0;32mI (481) cpu_start: cpu freq: 160000000 Hz[0m
[0;32mI (481) app_init: Application information:[0m
[0;32mI (484) app_init: Project name:     PIR[0m
[0;32mI (489) app_init: App version:      1[0m
[0;32mI (493) app_init: Compile time:     Oct 30 2024 23:48:50[0m
[0;32mI (499) app_init: ELF file SHA256:  5e2c39a132c1c6ca...[0m
[0;32mI (505) app_init: ESP-IDF:          v5.3.1[0m
[0;32mI (510) efuse_init: Min chip rev:     v0.0[0m
[0;32mI (515) efuse_init: Max chip rev:     v3.99 [0m
[0;32mI (519) efuse_init: Chip rev:         v3.0[0m
[0;32mI (525) heap_init: Initializing. RAM available for dynamic allocation:[0m
[0;32mI (532) heap_init: At 3FFAE6E0 len 00001920 (6 KiB): DRAM[0m
[0;32mI (538) heap_init: At 3FFB8960 len 000276A0 (157 KiB): DRAM[0m
[0;32mI (544) heap_init: At 3FFE0440 len 00003AE0 (14 KiB): D/IRAM[0m
[0;32mI (550) heap_init: At 3FFE4350 len 0001BCB0 (111 KiB): D/IRAM[0m
[0;32mI (557) heap_init: At 4009998C len 00006674 (25 KiB): IRAM[0m
[0;32mI (564) spi_flash: detected chip: generic[0m
[0;32mI (567) spi_flash: flash io: dio[0m
[0;33mW (571) spi_flash: Detected size(4096k) larger than the size in the binary image header(2048k). Using the size in the binary image header.[0m
[0;33mW (585) i2c: This driver is an old driver, please migrate your application code to adapt `driver/i2c_master.h`[0m
[0;32mI (596) main_task: Started on CPU0[0m
[0;32mI (606) main_task: Calling app_main()[0m
[0;32mI (606) progress: [APP] Free memory: 273580 bytes[0m
[0;32mI (606) progress: [APP] IDF version: v5.3.1[0m
[0;31mE (606) i2cdev: Could not write to device [0x0b at 0]: -1 (ESP_FAIL)[0m
[0;32mI (726) gauge: Power Mode: 0x1[0m
[0;32mI (726) gauge: APA: 0x2A[0m
[0;32mI (726) gauge: Battery Profile: 0x1[0m
[0;32mI (726) gauge: Temp Mode: 0x0[0m
[0;32mI (726) gauge: Voltage: 4.23	RSOC: 100.0%[0m
[0;32mI (756) progress: Starting Wifi[0m
[0;32mI (1906) progress: Starting Clock[0m
[0;32mI (3906) progress: The current date/time in Germany is: Thu Oct 31 00:14:27 2024[0m
[0;32mI (3906) progress: Starting MQTT[0m
[0;32mI (3906) mqtt: [APP] Free memory: 225344 bytes[0m
[0;32mI (3916) mqtt: MQTT_EVENT_BEFORE_CONNECT
[0m
[0;32mI (3926) mqtt: Note free memory: 213952 bytes[0m
[0;32mI (3926) mqtt: Waiting for connection to MQTT
[0m
[0;32mI (4226) mqtt: MQTT_EVENT_CONNECTED
[0m
[0;32mI (4226) mqtt: Connected to MQTT
[0m
[0;32mI (4226) progress: Sending battery status to MQTT[0m
[0;32mI (4226) mqtt: Sent <{"sensors":[{"name":"battery","values":[{"timestamp":1730330068000, "voltage":4.2, "soc":100.0}]}]}> to topic 1/2/data[0m
[0;32mI (4246) progress: Sending PIR event to MQTT[0m
[0;32mI (4246) mqtt: Sent <{"sensors":[{"name":"PIR","values":[{"timestamp":1730330068000, "roomID":"corridor"}]}]}> to topic 1/2/data[0m
[0;32mI (4256) mqtt: MQTT_EVENT_PUBLISHED, msg_id=62159
[0m
[0;32mI (4266) progress: Installing wakeup[0m
[0;32mI (4276) mqtt: MQTT_EVENT_PUBLISHED, msg_id=40161
[0m
[0;32mI (6266) progress: Going to sleep[0m
