ets Jul 29 2019 12:21:46

rst:0ï¿½ets Jul 29 2019 12:21:46

rst:0x1 (POWERON_RESET),boot:0x13 (SPI_FAST_FLASH_BOOT)
configsip: 0, SPIWP:0xee
clk_drv:0x00,q_drv:0x00,d_drv:0x00,cs0_drv:0x00,hd_drv:0x00,wp_drv:0x00
mode:DIO, clock div:2
load:0x3fff0030,len:7176
load:0x40078000,len:15564
ho 0 tail 12 room 4
load:0x40080400,len:4
load:0x40080404,len:3904
entry 0x40080640
[0;32mI (31) boot: ESP-IDF v5.3.1 2nd stage bootloader[0m
[0;32mI (31) boot: compile time Oct 30 2024 22:22:25[0m
[0;32mI (31) boot: Multicore bootloader[0m
[0;32mI (35) boot: chip revision: v3.0[0m
[0;32mI (39) boot.esp32: SPI Speed      : 40MHz[0m
[0;32mI (44) boot.esp32: SPI Mode       : DIO[0m
[0;32mI (48) boot.esp32: SPI Flash Size : 2MB[0m
[0;32mI (53) boot: Enabling RNG early entropy source...[0m
[0;32mI (58) boot: Partition Table:[0m
[0;32mI (62) boot: ## Label            Usage          Type ST Offset   Length[0m
[0;32mI (69) boot:  0 nvs              WiFi data        01 02 00009000 00006000[0m
[0;32mI (77) boot:  1 phy_init         RF data          01 01 0000f000 00001000[0m
[0;32mI (84) boot:  2 factory          factory app      00 00 00010000 00177000[0m
[0;32mI (92) boot: End of partition table[0m
[0;32mI (96) esp_image: segment 0: paddr=00010020 vaddr=3f400020 size=27fa0h (163744) map[0m
[0;32mI (160) esp_image: segment 1: paddr=00037fc8 vaddr=3ff80063 size=00008h (     8) load[0m
[0;32mI (161) esp_image: segment 2: paddr=00037fd8 vaddr=3ffb0000 size=04038h ( 16440) load[0m
[0;32mI (172) esp_image: segment 3: paddr=0003c018 vaddr=40080000 size=04000h ( 16384) load[0m
[0;32mI (181) esp_image: segment 4: paddr=00040020 vaddr=400d0020 size=a3a00h (670208) map[0m
[0;32mI (413) esp_image: segment 5: paddr=000e3a28 vaddr=40084000 size=1598ch ( 88460) load[0m
[0;32mI (448) esp_image: segment 6: paddr=000f93bc vaddr=400c0000 size=00064h (   100) load[0m
[0;32mI (461) boot: Loaded app from partition at offset 0x10000[0m
[0;32mI (461) boot: Disabling RNG early entropy source...[0m
[0;32mI (473) cpu_start: Multicore app[0m
[0;32mI (481) cpu_start: Pro cpu start user code[0m
[0;32mI (481) cpu_start: cpu freq: 160000000 Hz[0m
[0;32mI (481) app_init: Application information:[0m
[0;32mI (484) app_init: Project name:     PIR[0m
[0;32mI (489) app_init: App version:      1[0m
[0;32mI (493) app_init: Compile time:     Oct 30 2024 22:21:37[0m
[0;32mI (499) app_init: ELF file SHA256:  f9af3bf12f870003...[0m
[0;32mI (505) app_init: ESP-IDF:          v5.3.1[0m
[0;32mI (510) efuse_init: Min chip rev:     v0.0[0m
[0;32mI (514) efuse_init: Max chip rev:     v3.99 [0m
[0;32mI (519) efuse_init: Chip rev:         v3.0[0m
[0;32mI (525) heap_init: Initializing. RAM available for dynamic allocation:[0m
[0;32mI (532) heap_init: At 3FFAE6E0 len 00001920 (6 KiB): DRAM[0m
[0;32mI (538) heap_init: At 3FFB8960 len 000276A0 (157 KiB): DRAM[0m
[0;32mI (544) heap_init: At 3FFE0440 len 00003AE0 (14 KiB): D/IRAM[0m
[0;32mI (550) heap_init: At 3FFE4350 len 0001BCB0 (111 KiB): D/IRAM[0m
[0;32mI (557) heap_init: At 4009998C len 00006674 (25 KiB): IRAM[0m
[0;32mI (564) spi_flash: detected chip: generic[0m
[0;32mI (567) spi_flash: flash io: dio[0m
[0;33mW (571) spi_flash: Detected size(4096k) larger than the size in the binary image header(2048k). Using the size in the binary image header.[0m
[0;33mW (585) i2c: This driver is an old driver, please migrate your application code to adapt `driver/i2c_master.h`[0m
[0;32mI (596) main_task: Started on CPU0[0m
[0;32mI (606) main_task: Calling app_main()[0m
[0;32mI (606) progress: [APP] Free memory: 273580 bytes[0m
[0;32mI (606) progress: [APP] IDF version: v5.3.1[0m
[0;32mI (626) gauge: Power Mode: 0x1[0m
[0;32mI (626) gauge: APA: 0x2A[0m
[0;32mI (626) gauge: Battery Profile: 0x1[0m
[0;32mI (626) gauge: Temp Mode: 0x0[0m
[0;32mI (636) gauge: Voltage: 4.22	RSOC: 100.0%[0m
[0;32mI (656) progress: Starting Wifi[0m
[0;32mI (1806) progress: Starting Clock[0m
[0;32mI (5806) progress: The current date/time in Germany is: Wed Oct 30 22:32:16 2024[0m
[0;32mI (5806) progress: Starting MQTT[0m
[0;32mI (5806) mqtt: [APP] Free memory: 225328 bytes[0m
[0;32mI (5816) mqtt: MQTT_EVENT_BEFORE_CONNECT
[0m
[0;32mI (5826) mqtt: Note free memory: 213756 bytes[0m
[0;32mI (5826) mqtt: Waiting for connection to MQTT
[0m
[0;32mI (6086) mqtt: MQTT_EVENT_CONNECTED
[0m
[0;32mI (6086) mqtt: Connected to MQTT
[0m
[0;32mI (6086) progress: Sending battery status to MQTT[0m
[0;32mI (6096) mqtt: Sent <{"sensors":[{"name":"battery","values":[{"timestamp":1730323936000, "voltage":4.2, "soc":100.0}]}]}> to topic 1/2/data[0m
[0;32mI (6106) progress: Sending PIR event to MQTT[0m
[0;32mI (6106) mqtt: Sent <{"sensors":[{"name":"PIR","values":[{"timestamp":1730323937000, "roomID":"corridor"}]}]}> to topic 1/2/data[0m
[0;31mE (6116) mqtt_client: esp_mqtt_handle_transport_read_error: transport_read(): EOF[0m
[0;31mE (6126) mqtt_client: esp_mqtt_handle_transport_read_error: transport_read() error: errno=128[0m
[0;32mI (6136) mqtt: MQTT_EVENT_ERROR
[0m
[0;31mE (6146) mqtt_client: mqtt_process_receive: mqtt_message_receive() returned -2[0m
[0;32mI (6156) mqtt: MQTT_EVENT_DISCONNECTED
[0m
[0;32mI (6156) progress: Installing wakeup[0m
[0;32mI (6156) progress: Going to sleep[0m
ets Jul 29 2019 12:21:46

rst:0x5 (DEEPSLEEP_RESET),boot:0x13 (SPI_FAST_FLASH_BOOT)
configsip: 0, SPIWP:0xee
clk_drv:0x00,q_drv:0x00,d_drv:0x00,cs0_drv:0x00,hd_drv:0x00,wp_drv:0x00
mode:DIO, clock div:2
load:0x3fff0030,len:7176
load:0x40078000,len:15564
ho 0 tail 12 room 4
load:0x40080400,len:4
load:0x40080404,len:3904
entry 0x40080640
[0;32mI (31) boot: ESP-IDF v5.3.1 2nd stage bootloader[0m
[0;32mI (31) boot: compile time Oct 30 2024 22:22:25[0m
[0;32mI (31) boot: Multicore bootloader[0m
[0;32mI (36) boot: chip revision: v3.0[0m
[0;32mI (39) boot.esp32: SPI Speed      : 40MHz[0m
[0;32mI (44) boot.esp32: SPI Mode       : DIO[0m
[0;32mI (49) boot.esp32: SPI Flash Size : 2MB[0m
[0;32mI (53) boot: Enabling RNG early entropy source...[0m
[0;32mI (59) boot: Partition Table:[0m
[0;32mI (62) boot: ## Label            Usage          Type ST Offset   Length[0m
[0;32mI (69) boot:  0 nvs              WiFi data        01 02 00009000 00006000[0m
[0;32mI (77) boot:  1 phy_init         RF data          01 01 0000f000 00001000[0m
[0;32mI (84) boot:  2 factory          factory app      00 00 00010000 00177000[0m
[0;32mI (92) boot: End of partition table[0m
[0;32mI (96) esp_image: segment 0: paddr=00010020 vaddr=3f400020 size=27fa0h (163744) map[0m
[0;32mI (161) esp_image: segment 1: paddr=00037fc8 vaddr=3ff80063 size=00008h (     8) [0m
[0;32mI (161) esp_image: segment 2: paddr=00037fd8 vaddr=3ffb0000 size=04038h ( 16440) load[0m
[0;32mI (172) esp_image: segment 3: paddr=0003c018 vaddr=40080000 size=04000h ( 16384) load[0m
[0;32mI (181) esp_image: segment 4: paddr=00040020 vaddr=400d0020 size=a3a00h (670208) map[0m
[0;32mI (413) esp_image: segment 5: paddr=000e3a28 vaddr=40084000 size=1598ch ( 88460) load[0m
[0;32mI (447) esp_image: segment 6: paddr=000f93bc vaddr=400c0000 size=00064h (   100) [0m
[0;32mI (461) boot: Loaded app from partition at offset 0x10000[0m
[0;32mI (461) boot: Disabling RNG early entropy source...[0m
[0;32mI (473) cpu_start: Multicore app[0m
[0;32mI (481) cpu_start: Pro cpu start user code[0m
[0;32mI (481) cpu_start: cpu freq: 160000000 Hz[0m
[0;32mI (481) app_init: Application information:[0m
[0;32mI (484) app_init: Project name:     PIR[0m
[0;32mI (489) app_init: App version:      1[0m
[0;32mI (493) app_init: Compile time:     Oct 30 2024 22:21:37[0m
[0;32mI (499) app_init: ELF file SHA256:  f9af3bf12f870003...[0m
[0;32mI (505) app_init: ESP-IDF:          v5.3.1[0m
[0;32mI (510) efuse_init: Min chip rev:     v0.0[0m
[0;32mI (514) efuse_init: Max chip rev:     v3.99 [0m
[0;32mI (519) efuse_init: Chip rev:         v3.0[0m
[0;32mI (524) heap_init: Initializing. RAM available for dynamic allocation:[0m
[0;32mI (531) heap_init: At 3FFAE6E0 len 00001920 (6 KiB): DRAM[0m
[0;32mI (537) heap_init: At 3FFB8960 len 000276A0 (157 KiB): DRAM[0m
[0;32mI (544) heap_init: At 3FFE0440 len 00003AE0 (14 KiB): D/IRAM[0m
[0;32mI (550) heap_init: At 3FFE4350 len 0001BCB0 (111 KiB): D/IRAM[0m
[0;32mI (556) heap_init: At 4009998C len 00006674 (25 KiB): IRAM[0m
[0;32mI (564) spi_flash: detected chip: generic[0m
[0;32mI (567) spi_flash: flash io: dio[0m
[0;33mW (571) spi_flash: Detected size(4096k) larger than the size in the binary image header(2048k). Using the size in the binary image header.[0m
[0;33mW (584) i2c: This driver is an old driver, please migrate your application code to adapt `driver/i2c_master.h`[0m
[0;32mI (596) main_task: Started on CPU0[0m
[0;32mI (606) main_task: Calling app_main()[0m
[0;32mI (606) progress: [APP] Free memory: 273580 bytes[0m
[0;32mI (606) progress: [APP] IDF version: v5.3.1[0m
[0;31mE (606) i2cdev: Could not write to device [0x0b at 0]: -1 (ESP_FAIL)[0m
[0;32mI (726) gauge: Power Mode: 0x1[0m
[0;32mI (726) gauge: APA: 0x2A[0m
[0;32mI (726) gauge: Battery Profile: 0x1[0m
[0;32mI (726) gauge: Temp Mode: 0x0[0m
[0;32mI (736) gauge: Voltage: 4.31	RSOC: 100.0%[0m
[0;32mI (756) progress: Starting Wifi[0m
[0;32mI (1846) progress: Starting Clock[0m
[0;32mI (5846) progress: The current date/time in Germany is: Wed Oct 30 22:32:23 2024[0m
[0;32mI (5846) progress: Starting MQTT[0m
[0;32mI (5846) mqtt: [APP] Free memory: 225340 bytes[0m
[0;32mI (5856) mqtt: MQTT_EVENT_BEFORE_CONNECT
[0m
[0;32mI (5866) mqtt: Note free memory: 213936 bytes[0m
[0;32mI (5866) mqtt: Waiting for connection to MQTT
[0m
[0;32mI (5886) mqtt: MQTT_EVENT_CONNECTED
[0m
[0;32mI (5886) mqtt: Connected to MQTT
[0m
[0;32mI (5886) progress: Sending battery status to MQTT[0m
[0;32mI (5896) mqtt: Sent <{"sensors":[{"name":"battery","values":[{"timestamp":1730323943000, "voltage":4.3, "soc":100.0}]}]}> to topic 1/2/data[0m
[0;32mI (5906) progress: Sending PIR event to MQTT[0m
[0;32mI (5906) mqtt: Sent <{"sensors":[{"name":"PIR","values":[{"timestamp":1730323943000, "roomID":"corridor"}]}]}> to topic 1/2/data[0m
[0;31mE (5916) mqtt_client: esp_mqtt_handle_transport_read_error: transport_read(): EOF[0m
[0;31mE (5926) mqtt_client: esp_mqtt_handle_transport_read_error: transport_read() error: errno=128[0m
[0;32mI (5936) mqtt: MQTT_EVENT_ERROR
[0m
[0;31mE (5946) mqtt_client: mqtt_process_receive: mqtt_message_receive() returned -2[0m
[0;32mI (5956) mqtt: MQTT_EVENT_DISCONNECTED
[0m
[0;32mI (5956) progress: Installing wakeup[0m
[0;32mI (5956) progress: Going to sleep[0m
ets Jul 29 2019 12:21:46

rst:0x5 (DEEPSLEEP_RESET),boot:0x13 (SPI_FAST_FLASH_BOOT)
configsip: 0, SPIWP:0xee
clk_drv:0x00,q_drv:0x00,d_drv:0x00,cs0_drv:0x00,hd_drv:0x00,wp_drv:0x00
mode:DIO, clock div:2
load:0x3fff0030,len:7176
load:0x40078000,len:15564
ho 0 tail 12 room 4
load:0x40080400,len:4
load:0x40080404,len:3904
entry 0x40080640
[0;32mI (31) boot: ESP-IDF v5.3.1 2nd stage bootloader[0m
[0;32mI (31) boot: compile time Oct 30 2024 22:22:25[0m
[0;32mI (31) boot: Multicore bootloader[0m
[0;32mI (36) boot: chip revision: v3.0[0m
[0;32mI (39) boot.esp32: SPI Speed      : 40MHz[0m
[0;32mI (44) boot.esp32: SPI Mode       : DIO[0m
[0;32mI (49) boot.esp32: SPI Flash Size : 2MB[0m
[0;32mI (53) boot: Enabling RNG early entropy source...[0m
[0;32mI (59) boot: Partition Table:[0m
[0;32mI (62) boot: ## Label            Usage          Type ST Offset   Length[0m
[0;32mI (69) boot:  0 nvs              WiFi data        01 02 00009000 00006000[0m
[0;32mI (77) boot:  1 phy_init         RF data          01 01 0000f000 00001000[0m
[0;32mI (84) boot:  2 factory          factory app      00 00 00010000 00177000[0m
[0;32mI (92) boot: End of partition table[0m
[0;32mI (96) esp_image: segment 0: paddr=00010020 vaddr=3f400020 size=27fa0h (163744) map[0m
[0;32mI (161) esp_image: segment 1: paddr=00037fc8 vaddr=3ff80063 size=00008h (     8) [0m
[0;32mI (161) esp_image: segment 2: paddr=00037fd8 vaddr=3ffb0000 size=04038h ( 16440) load[0m
[0;32mI (172) esp_image: segment 3: paddr=0003c018 vaddr=40080000 size=04000h ( 16384) load[0m
[0;32mI (181) esp_image: segment 4: paddr=00040020 vaddr=400d0020 size=a3a00h (670208) map[0m
[0;32mI (413) esp_image: segment 5: paddr=000e3a28 vaddr=40084000 size=1598ch ( 88460) load[0m
[0;32mI (447) esp_image: segment 6: paddr=000f93bc vaddr=400c0000 size=00064h (   100) [0m
[0;32mI (461) boot: Loaded app from partition at offset 0x10000[0m
[0;32mI (461) boot: Disabling RNG early entropy source...[0m
[0;32mI (473) cpu_start: Multicore app[0m
[0;32mI (481) cpu_start: Pro cpu start user code[0m
[0;32mI (481) cpu_start: cpu freq: 160000000 Hz[0m
[0;32mI (481) app_init: Application information:[0m
[0;32mI (484) app_init: Project name:     PIR[0m
[0;32mI (489) app_init: App version:      1[0m
[0;32mI (493) app_init: Compile time:     Oct 30 2024 22:21:37[0m
[0;32mI (499) app_init: ELF file SHA256:  f9af3bf12f870003...[0m
[0;32mI (505) app_init: ESP-IDF:          v5.3.1[0m
[0;32mI (510) efuse_init: Min chip rev:     v0.0[0m
[0;32mI (514) efuse_init: Max chip rev:     v3.99 [0m
[0;32mI (519) efuse_init: Chip rev:         v3.0[0m
[0;32mI (524) heap_init: Initializing. RAM available for dynamic allocation:[0m
[0;32mI (531) heap_init: At 3FFAE6E0 len 00001920 (6 KiB): DRAM[0m
[0;32mI (537) heap_init: At 3FFB8960 len 000276A0 (157 KiB): DRAM[0m
[0;32mI (544) heap_init: At 3FFE0440 len 00003AE0 (14 KiB): D/IRAM[0m
[0;32mI (550) heap_init: At 3FFE4350 len 0001BCB0 (111 KiB): D/IRAM[0m
[0;32mI (556) heap_init: At 4009998C len 00006674 (25 KiB): IRAM[0m
[0;32mI (564) spi_flash: detected chip: generic[0m
[0;32mI (567) spi_flash: flash io: dio[0m
[0;33mW (571) spi_flash: Detected size(4096k) larger than the size in the binary image header(2048k). Using the size in the binary image header.[0m
[0;33mW (584) i2c: This driver is an old driver, please migrate your application code to adapt `driver/i2c_master.h`[0m
[0;32mI (596) main_task: Started on CPU0[0m
[0;32mI (606) main_task: Calling app_main()[0m
[0;32mI (606) progress: [APP] Free memory: 273580 bytes[0m
[0;32mI (606) progress: [APP] IDF version: v5.3.1[0m
[0;31mE (606) i2cdev: Could not write to device [0x0b at 0]: -1 (ESP_FAIL)[0m
[0;32mI (726) gauge: Power Mode: 0x1[0m
[0;32mI (726) gauge: APA: 0x2A[0m
[0;32mI (726) gauge: Battery Profile: 0x1[0m
[0;32mI (726) gauge: Temp Mode: 0x0[0m
[0;32mI (736) gauge: Voltage: 4.23	RSOC: 100.0%[0m
[0;32mI (756) progress: Starting Wifi[0m
[0;32mI (1846) progress: Starting Clock[0m
[0;32mI (5846) progress: The current date/time in Germany is: Wed Oct 30 22:32:32 2024[0m
[0;32mI (5846) progress: Starting MQTT[0m
[0;32mI (5846) mqtt: [APP] Free memory: 225308 bytes[0m
[0;32mI (5856) mqtt: MQTT_EVENT_BEFORE_CONNECT
[0m
[0;32mI (5866) mqtt: Note free memory: 213920 bytes[0m
[0;32mI (5866) mqtt: Waiting for connection to MQTT
[0m
[0;32mI (5886) mqtt: MQTT_EVENT_CONNECTED
[0m
[0;32mI (5886) mqtt: Connected to MQTT
[0m
[0;32mI (5886) progress: Sending battery status to MQTT[0m
[0;32mI (5886) mqtt: Sent <{"sensors":[{"name":"battery","values":[{"timestamp":1730323952000, "voltage":4.2, "soc":100.0}]}]}> to topic 1/2/data[0m
[0;32mI (5906) progress: Sending PIR event to MQTT[0m
[0;32mI (5906) mqtt: Sent <{"sensors":[{"name":"PIR","values":[{"timestamp":1730323952000, "roomID":"corridor"}]}]}> to topic 1/2/data[0m
[0;31mE (5906) mqtt_client: esp_mqtt_handle_transport_read_error: transport_read(): EOF[0m
[0;31mE (5926) mqtt_client: esp_mqtt_handle_transport_read_error: transport_read() error: errno=128[0m
[0;32mI (5936) mqtt: MQTT_EVENT_ERROR
[0m
[0;31mE (5936) mqtt_client: mqtt_process_receive: mqtt_message_receive() returned -2[0m
[0;32mI (5946) mqtt: MQTT_EVENT_DISCONNECTED
[0m
[0;32mI (5956) progress: Installing wakeup[0m
[0;32mI (5956) progress: Going to sleep[0m
ets Jul 29 2019 12:21:46

rst:0x5 (DEEPSLEEP_RESET),boot:0x13 (SPI_FAST_FLASH_BOOT)
configsip: 0, SPIWP:0xee
clk_drv:0x00,q_drv:0x00,d_drv:0x00,cs0_drv:0x00,hd_drv:0x00,wp_drv:0x00
mode:DIO, clock div:2
load:0x3fff0030,len:7176
load:0x40078000,len:15564
ho 0 tail 12 room 4
load:0x40080400,len:4
load:0x40080404,len:3904
entry 0x40080640
[0;32mI (31) boot: ESP-IDF v5.3.1 2nd stage bootloader[0m
[0;32mI (31) boot: compile time Oct 30 2024 22:22:25[0m
[0;32mI (31) boot: Multicore bootloader[0m
[0;32mI (36) boot: chip revision: v3.0[0m
[0;32mI (39) boot.esp32: SPI Speed      : 40MHz[0m
[0;32mI (44) boot.esp32: SPI Mode       : DIO[0m
[0;32mI (49) boot.esp32: SPI Flash Size : 2MB[0m
[0;32mI (53) boot: Enabling RNG early entropy source...[0m
[0;32mI (59) boot: Partition Table:[0m
[0;32mI (62) boot: ## Label            Usage          Type ST Offset   Length[0m
[0;32mI (69) boot:  0 nvs              WiFi data        01 02 00009000 00006000[0m
[0;32mI (77) boot:  1 phy_init         RF data          01 01 0000f000 00001000[0m
[0;32mI (84) boot:  2 factory          factory app      00 00 00010000 00177000[0m
[0;32mI (92) boot: End of partition table[0m
[0;32mI (96) esp_image: segment 0: paddr=00010020 vaddr=3f400020 size=27fa0h (163744) map[0m
[0;32mI (161) esp_image: segment 1: paddr=00037fc8 vaddr=3ff80063 size=00008h (     8) [0m
[0;32mI (161) esp_image: segment 2: paddr=00037fd8 vaddr=3ffb0000 size=04038h ( 16440) load[0m
[0;32mI (172) esp_image: segment 3: paddr=0003c018 vaddr=40080000 size=04000h ( 16384) load[0m
[0;32mI (181) esp_image: segment 4: paddr=00040020 vaddr=400d0020 size=a3a00h (670208) map[0m
[0;32mI (413) esp_image: segment 5: paddr=000e3a28 vaddr=40084000 size=1598ch ( 88460) load[0m
[0;32mI (447) esp_image: segment 6: paddr=000f93bc vaddr=400c0000 size=00064h (   100) [0m
[0;32mI (461) boot: Loaded app from partition at offset 0x10000[0m
[0;32mI (461) boot: Disabling RNG early entropy source...[0m
[0;32mI (473) cpu_start: Multicore app[0m
[0;32mI (481) cpu_start: Pro cpu start user code[0m
[0;32mI (481) cpu_start: cpu freq: 160000000 Hz[0m
[0;32mI (481) app_init: Application information:[0m
[0;32mI (484) app_init: Project name:     PIR[0m
[0;32mI (489) app_init: App version:      1[0m
[0;32mI (493) app_init: Compile time:     Oct 30 2024 22:21:37[0m
[0;32mI (499) app_init: ELF file SHA256:  f9af3bf12f870003...[0m
[0;32mI (505) app_init: ESP-IDF:          v5.3.1[0m
[0;32mI (510) efuse_init: Min chip rev:     v0.0[0m
[0;32mI (514) efuse_init: Max chip rev:     v3.99 [0m
[0;32mI (519) efuse_init: Chip rev:         v3.0[0m
[0;32mI (524) heap_init: Initializing. RAM available for dynamic allocation:[0m
[0;32mI (531) heap_init: At 3FFAE6E0 len 00001920 (6 KiB): DRAM[0m
[0;32mI (537) heap_init: At 3FFB8960 len 000276A0 (157 KiB): DRAM[0m
[0;32mI (544) heap_init: At 3FFE0440 len 00003AE0 (14 KiB): D/IRAM[0m
[0;32mI (550) heap_init: At 3FFE4350 len 0001BCB0 (111 KiB): D/IRAM[0m
[0;32mI (556) heap_init: At 4009998C len 00006674 (25 KiB): IRAM[0m
[0;32mI (564) spi_flash: detected chip: generic[0m
[0;32mI (567) spi_flash: flash io: dio[0m
[0;33mW (571) spi_flash: Detected size(4096k) larger than the size in the binary image header(2048k). Using the size in the binary image header.[0m
[0;33mW (584) i2c: This driver is an old driver, please migrate your application code to adapt `driver/i2c_master.h`[0m
[0;32mI (596) main_task: Started on CPU0[0m
[0;32mI (606) main_task: Calling app_main()[0m
[0;32mI (606) progress: [APP] Free memory: 273580 bytes[0m
[0;32mI (606) progress: [APP] IDF version: v5.3.1[0m
[0;31mE (606) i2cdev: Could not write to device [0x0b at 0]: -1 (ESP_FAIL)[0m
[0;32mI (726) gauge: Power Mode: 0x1[0m
[0;32mI (726) gauge: APA: 0x2A[0m
[0;32mI (726) gauge: Battery Profile: 0x1[0m
[0;32mI (726) gauge: Temp Mode: 0x0[0m
[0;32mI (736) gauge: Voltage: 4.32	RSOC: 100.0%[0m
[0;32mI (756) progress: Starting Wifi[0m
[0;32mI (1846) progress: Starting Clock[0m
[0;32mI (3846) progress: The current date/time in Germany is: Wed Oct 30 22:32:42 2024[0m
[0;32mI (3846) progress: Starting MQTT[0m
[0;32mI (3846) mqtt: [APP] Free memory: 225300 bytes[0m
[0;32mI (3856) mqtt: MQTT_EVENT_BEFORE_CONNECT
[0m
[0;32mI (3866) mqtt: Note free memory: 213900 bytes[0m
[0;32mI (3866) mqtt: Waiting for connection to MQTT
[0m
[0;32mI (4276) mqtt: MQTT_EVENT_CONNECTED
[0m
[0;32mI (4276) mqtt: Connected to MQTT
[0m
[0;32mI (4276) progress: Sending battery status to MQTT[0m
[0;32mI (4276) mqtt: Sent <{"sensors":[{"name":"battery","values":[{"timestamp":1730323963000, "voltage":4.3, "soc":100.0}]}]}> to topic 1/2/data[0m
[0;32mI (4296) progress: Sending PIR event to MQTT[0m
[0;32mI (4296) mqtt: Sent <{"sensors":[{"name":"PIR","values":[{"timestamp":1730323963000, "roomID":"corridor"}]}]}> to topic 1/2/data[0m
[0;31mE (4296) mqtt_client: esp_mqtt_handle_transport_read_error: transport_read(): EOF[0m
[0;31mE (4316) mqtt_client: esp_mqtt_handle_transport_read_error: transport_read() error: errno=128[0m
[0;32mI (4326) mqtt: MQTT_EVENT_ERROR
[0m
[0;31mE (4326) mqtt_client: mqtt_process_receive: mqtt_message_receive() returned -2[0m
[0;32mI (4336) mqtt: MQTT_EVENT_DISCONNECTED
[0m
[0;32mI (4346) progress: Installing wakeup[0m
[0;32mI (4346) progress: Going to sleep[0m
ets Jul 29 2019 12:21:46

rst:0x5 (DEEPSLEEP_RESET),boot:0x13 (SPI_FAST_FLASH_BOOT)
configsip: 0, SPIWP:0xee
clk_drv:0x00,q_drv:0x00,d_drv:0x00,cs0_drv:0x00,hd_drv:0x00,wp_drv:0x00
mode:DIO, clock div:2
load:0x3fff0030,len:7176
load:0x40078000,len:15564
ho 0 tail 12 room 4
load:0x40080400,len:4
load:0x40080404,len:3904
entry 0x40080640
[0;32mI (31) boot: ESP-IDF v5.3.1 2nd stage bootloader[0m
[0;32mI (31) boot: compile time Oct 30 2024 22:22:25[0m
[0;32mI (31) boot: Multicore bootloader[0m
[0;32mI (36) boot: chip revision: v3.0[0m
[0;32mI (39) boot.esp32: SPI Speed      : 40MHz[0m
[0;32mI (44) boot.esp32: SPI Mode       : DIO[0m
[0;32mI (49) boot.esp32: SPI Flash Size : 2MB[0m
[0;32mI (53) boot: Enabling RNG early entropy source...[0m
[0;32mI (59) boot: Partition Table:[0m
[0;32mI (62) boot: ## Label            Usage          Type ST Offset   Length[0m
[0;32mI (69) boot:  0 nvs              WiFi data        01 02 00009000 00006000[0m
[0;32mI (77) boot:  1 phy_init         RF data          01 01 0000f000 00001000[0m
[0;32mI (84) boot:  2 factory          factory app      00 00 00010000 00177000[0m
[0;32mI (92) boot: End of partition table[0m
[0;32mI (96) esp_image: segment 0: paddr=00010020 vaddr=3f400020 size=27fa0h (163744) map[0m
[0;32mI (161) esp_image: segment 1: paddr=00037fc8 vaddr=3ff80063 size=00008h (     8) [0m
[0;32mI (161) esp_image: segment 2: paddr=00037fd8 vaddr=3ffb0000 size=04038h ( 16440) load[0m
[0;32mI (172) esp_image: segment 3: paddr=0003c018 vaddr=40080000 size=04000h ( 16384) load[0m
[0;32mI (181) esp_image: segment 4: paddr=00040020 vaddr=400d0020 size=a3a00h (670208) map[0m
[0;32mI (413) esp_image: segment 5: paddr=000e3a28 vaddr=40084000 size=1598ch ( 88460) load[0m
[0;32mI (447) esp_image: segment 6: paddr=000f93bc vaddr=400c0000 size=00064h (   100) [0m
[0;32mI (461) boot: Loaded app from partition at offset 0x10000[0m
[0;32mI (461) boot: Disabling RNG early entropy source...[0m
[0;32mI (473) cpu_start: Multicore app[0m
[0;32mI (481) cpu_start: Pro cpu start user code[0m
[0;32mI (481) cpu_start: cpu freq: 160000000 Hz[0m
[0;32mI (481) app_init: Application information:[0m
[0;32mI (484) app_init: Project name:     PIR[0m
[0;32mI (489) app_init: App version:      1[0m
[0;32mI (493) app_init: Compile time:     Oct 30 2024 22:21:37[0m
[0;32mI (499) app_init: ELF file SHA256:  f9af3bf12f870003...[0m
[0;32mI (505) app_init: ESP-IDF:          v5.3.1[0m
[0;32mI (510) efuse_init: Min chip rev:     v0.0[0m
[0;32mI (514) efuse_init: Max chip rev:     v3.99 [0m
[0;32mI (519) efuse_init: Chip rev:         v3.0[0m
[0;32mI (524) heap_init: Initializing. RAM available for dynamic allocation:[0m
[0;32mI (531) heap_init: At 3FFAE6E0 len 00001920 (6 KiB): DRAM[0m
[0;32mI (537) heap_init: At 3FFB8960 len 000276A0 (157 KiB): DRAM[0m
[0;32mI (544) heap_init: At 3FFE0440 len 00003AE0 (14 KiB): D/IRAM[0m
[0;32mI (550) heap_init: At 3FFE4350 len 0001BCB0 (111 KiB): D/IRAM[0m
[0;32mI (556) heap_init: At 4009998C len 00006674 (25 KiB): IRAM[0m
[0;32mI (564) spi_flash: detected chip: generic[0m
[0;32mI (567) spi_flash: flash io: dio[0m
[0;33mW (571) spi_flash: Detected size(4096k) larger than the size in the binary image header(2048k). Using the size in the binary image header.[0m
[0;33mW (584) i2c: This driver is an old driver, please migrate your application code to adapt `driver/i2c_master.h`[0m
[0;32mI (596) main_task: Started on CPU0[0m
[0;32mI (606) main_task: Calling app_main()[0m
[0;32mI (606) progress: [APP] Free memory: 273580 bytes[0m
[0;32mI (606) progress: [APP] IDF version: v5.3.1[0m
[0;31mE (606) i2cdev: Could not write to device [0x0b at 0]: -1 (ESP_FAIL)[0m
[0;32mI (726) gauge: Power Mode: 0x1[0m
[0;32mI (726) gauge: APA: 0x2A[0m
[0;32mI (726) gauge: Battery Profile: 0x1[0m
[0;32mI (726) gauge: Temp Mode: 0x0[0m
[0;32mI (736) gauge: Voltage: 4.28	RSOC: 100.0%[0m
[0;32mI (756) progress: Starting Wifi[0m
[0;32mI (1856) progress: Starting Clock[0m
[0;32mI (5856) progress: The current date/time in Germany is: Wed Oct 30 22:33:07 2024[0m
[0;32mI (5856) progress: Starting MQTT[0m
[0;32mI (5856) mqtt: [APP] Free memory: 225328 bytes[0m
[0;32mI (5866) mqtt: MQTT_EVENT_BEFORE_CONNECT
[0m
[0;32mI (5876) mqtt: Note free memory: 213756 bytes[0m
[0;32mI (5876) mqtt: Waiting for connection to MQTT
[0m
[0;32mI (6056) mqtt: MQTT_EVENT_CONNECTED
[0m
[0;32mI (6056) mqtt: Connected to MQTT
[0m
[0;32mI (6056) progress: Sending battery status to MQTT[0m
[0;32mI (6066) mqtt: Sent <{"sensors":[{"name":"battery","values":[{"timestamp":1730323987000, "voltage":4.3, "soc":100.0}]}]}> to topic 1/2/data[0m
[0;32mI (6076) progress: Sending PIR event to MQTT[0m
[0;32mI (6076) mqtt: Sent <{"sensors":[{"name":"PIR","values":[{"timestamp":1730323987000, "roomID":"corridor"}]}]}> to topic 1/2/data[0m
[0;31mE (6086) mqtt_client: esp_mqtt_handle_transport_read_error: transport_read(): EOF[0m
[0;31mE (6096) mqtt_client: esp_mqtt_handle_transport_read_error: transport_read() error: errno=128[0m
[0;32mI (6106) mqtt: MQTT_EVENT_ERROR
[0m
[0;31mE (6116) mqtt_client: mqtt_process_receive: mqtt_message_receive() returned -2[0m
[0;32mI (6126) mqtt: MQTT_EVENT_DISCONNECTED
[0m
[0;32mI (6126) progress: Installing wakeup[0m
[0;32mI (7126) progress: Going to sleep[0m
ets Jul 29 2019 12:21:46

rst:0x5 (DEEPSLEEP_RESET),boot:0x13 (SPI_FAST_FLASH_BOOT)
configsip: 0, SPIWP:0xee
clk_drv:0x00,q_drv:0x00,d_drv:0x00,cs0_drv:0x00,hd_drv:0x00,wp_drv:0x00
mode:DIO, clock div:2
load:0x3fff0030,len:7176
load:0x40078000,len:15564
ho 0 tail 12 room 4
load:0x40080400,len:4
load:0x40080404,len:3904
entry 0x40080640
[0;32mI (31) boot: ESP-IDF v5.3.1 2nd stage bootloader[0m
[0;32mI (31) boot: compile time Oct 30 2024 22:22:25[0m
[0;32mI (31) boot: Multicore bootloader[0m
[0;32mI (36) boot: chip revision: v3.0[0m
[0;32mI (39) boot.esp32: SPI Speed      : 40MHz[0m
[0;32mI (44) boot.esp32: SPI Mode       : DIO[0m
[0;32mI (49) boot.esp32: SPI Flash Size : 2MB[0m
[0;32mI (53) boot: Enabling RNG early entropy source...[0m
[0;32mI (59) boot: Partition Table:[0m
[0;32mI (62) boot: ## Label            Usage          Type ST Offset   Length[0m
[0;32mI (69) boot:  0 nvs              WiFi data        01 02 00009000 00006000[0m
[0;32mI (77) boot:  1 phy_init         RF data          01 01 0000f000 00001000[0m
[0;32mI (84) boot:  2 factory          factory app      00 00 00010000 00177000[0m
[0;32mI (92) boot: End of partition table[0m
[0;32mI (96) esp_image: segment 0: paddr=00010020 vaddr=3f400020 size=27fa0h (163744) map[0m
[0;32mI (161) esp_image: segment 1: paddr=00037fc8 vaddr=3ff80063 size=00008h (     8) [0m
[0;32mI (161) esp_image: segment 2: paddr=00037fd8 vaddr=3ffb0000 size=04038h ( 16440) load[0m
[0;32mI (172) esp_image: segment 3: paddr=0003c018 vaddr=40080000 size=04000h ( 16384) load[0m
[0;32mI (181) esp_image: segment 4: paddr=00040020 vaddr=400d0020 size=a3a00h (670208) map[0m
[0;32mI (413) esp_image: segment 5: paddr=000e3a28 vaddr=40084000 size=1598ch ( 88460) load[0m
[0;32mI (447) esp_image: segment 6: paddr=000f93bc vaddr=400c0000 size=00064h (   100) [0m
[0;32mI (461) boot: Loaded app from partition at offset 0x10000[0m
[0;32mI (461) boot: Disabling RNG early entropy source...[0m
[0;32mI (473) cpu_start: Multicore app[0m
[0;32mI (481) cpu_start: Pro cpu start user code[0m
[0;32mI (481) cpu_start: cpu freq: 160000000 Hz[0m
[0;32mI (481) app_init: Application information:[0m
[0;32mI (484) app_init: Project name:     PIR[0m
[0;32mI (489) app_init: App version:      1[0m
[0;32mI (493) app_init: Compile time:     Oct 30 2024 22:21:37[0m
[0;32mI (499) app_init: ELF file SHA256:  f9af3bf12f870003...[0m
[0;32mI (505) app_init: ESP-IDF:          v5.3.1[0m
[0;32mI (510) efuse_init: Min chip rev:     v0.0[0m
[0;32mI (514) efuse_init: Max chip rev:     v3.99 [0m
[0;32mI (519) efuse_init: Chip rev:         v3.0[0m
[0;32mI (524) heap_init: Initializing. RAM available for dynamic allocation:[0m
[0;32mI (531) heap_init: At 3FFAE6E0 len 00001920 (6 KiB): DRAM[0m
[0;32mI (537) heap_init: At 3FFB8960 len 000276A0 (157 KiB): DRAM[0m
[0;32mI (544) heap_init: At 3FFE0440 len 00003AE0 (14 KiB): D/IRAM[0m
[0;32mI (550) heap_init: At 3FFE4350 len 0001BCB0 (111 KiB): D/IRAM[0m
[0;32mI (556) heap_init: At 4009998C len 00006674 (25 KiB): IRAM[0m
[0;32mI (564) spi_flash: detected chip: generic[0m
[0;32mI (567) spi_flash: flash io: dio[0m
[0;33mW (571) spi_flash: Detected size(4096k) larger than the size in the binary image header(2048k). Using the size in the binary image header.[0m
[0;33mW (584) i2c: This driver is an old driver, please migrate your application code to adapt `driver/i2c_master.h`[0m
[0;32mI (596) main_task: Started on CPU0[0m
[0;32mI (606) main_task: Calling app_main()[0m
[0;32mI (606) progress: [APP] Free memory: 273580 bytes[0m
[0;32mI (606) progress: [APP] IDF version: v5.3.1[0m
[0;31mE (606) i2cdev: Could not write to device [0x0b at 0]: -1 (ESP_FAIL)[0m
[0;32mI (726) gauge: Power Mode: 0x1[0m
[0;32mI (726) gauge: APA: 0x2A[0m
[0;32mI (726) gauge: Battery Profile: 0x1[0m
[0;32mI (726) gauge: Temp Mode: 0x0[0m
[0;32mI (736) gauge: Voltage: 4.33	RSOC: 100.0%[0m
[0;32mI (756) progress: Starting Wifi[0m
[0;32mI (5286) progress: Starting Clock[0m
[0;32mI (7286) progress: The current date/time in Germany is: Wed Oct 30 22:33:19 2024[0m
[0;32mI (7286) progress: Starting MQTT[0m
[0;32mI (7286) mqtt: [APP] Free memory: 225324 bytes[0m
[0;32mI (7296) mqtt: MQTT_EVENT_BEFORE_CONNECT
[0m
[0;32mI (7306) mqtt: Note free memory: 213752 bytes[0m
[0;32mI (7306) mqtt: Waiting for connection to MQTT
[0m
[0;32mI (7326) mqtt: MQTT_EVENT_CONNECTED
[0m
[0;32mI (7326) mqtt: Connected to MQTT
[0m
[0;32mI (7326) progress: Sending battery status to MQTT[0m
[0;32mI (7326) mqtt: Sent <{"sensors":[{"name":"battery","values":[{"timestamp":1730323999000, "voltage":4.3, "soc":100.0}]}]}> to topic 1/2/data[0m
[0;32mI (7346) progress: Sending PIR event to MQTT[0m
[0;32mI (7346) mqtt: Sent <{"sensors":[{"name":"PIR","values":[{"timestamp":1730323999000, "roomID":"corridor"}]}]}> to topic 1/2/data[0m
[0;31mE (7346) mqtt_client: esp_mqtt_handle_transport_read_error: transport_read(): EOF[0m
[0;31mE (7366) mqtt_client: esp_mqtt_handle_transport_read_error: transport_read() error: errno=128[0m
[0;32mI (7376) mqtt: MQTT_EVENT_ERROR
[0m
[0;31mE (7376) mqtt_client: mqtt_process_receive: mqtt_message_receive() returned -2[0m
[0;32mI (7386) mqtt: MQTT_EVENT_DISCONNECTED
[0m
[0;32mI (7386) progress: Installing wakeup[0m
[0;32mI (9396) progress: Going to sleep[0m
ets Jul 29 2019 12:21:46

rst:0x5 (DEEPSLEEP_RESET),boot:0x13 (SPI_FAST_FLASH_BOOT)
configsip: 0, SPIWP:0xee
clk_drv:0x00,q_drv:0x00,d_drv:0x00,cs0_drv:0x00,hd_drv:0x00,wp_drv:0x00
mode:DIO, clock div:2
load:0x3fff0030,len:7176
load:0x40078000,len:15564
ho 0 tail 12 room 4
load:0x40080400,len:4
load:0x40080404,len:3904
entry 0x40080640
[0;32mI (31) boot: ESP-IDF v5.3.1 2nd stage bootloader[0m
[0;32mI (31) boot: compile time Oct 30 2024 22:22:25[0m
[0;32mI (31) boot: Multicore bootloader[0m
[0;32mI (36) boot: chip revision: v3.0[0m
[0;32mI (39) boot.esp32: SPI Speed      : 40MHz[0m
[0;32mI (44) boot.esp32: SPI Mode       : DIO[0m
[0;32mI (49) boot.esp32: SPI Flash Size : 2MB[0m
[0;32mI (53) boot: Enabling RNG early entropy source...[0m
[0;32mI (59) boot: Partition Table:[0m
[0;32mI (62) boot: ## Label            Usage          Type ST Offset   Length[0m
[0;32mI (69) boot:  0 nvs              WiFi data        01 02 00009000 00006000[0m
[0;32mI (77) boot:  1 phy_init         RF data          01 01 0000f000 00001000[0m
[0;32mI (84) boot:  2 factory          factory app      00 00 00010000 00177000[0m
[0;32mI (92) boot: End of partition table[0m
[0;32mI (96) esp_image: segment 0: paddr=00010020 vaddr=3f400020 size=27fa0h (163744) map[0m
[0;32mI (161) esp_image: segment 1: paddr=00037fc8 vaddr=3ff80063 size=00008h (     8) [0m
[0;32mI (161) esp_image: segment 2: paddr=00037fd8 vaddr=3ffb0000 size=04038h ( 16440) load[0m
[0;32mI (172) esp_image: segment 3: paddr=0003c018 vaddr=40080000 size=04000h ( 16384) load[0m
[0;32mI (181) esp_image: segment 4: paddr=00040020 vaddr=400d0020 size=a3a00h (670208) map[0m
[0;32mI (413) esp_image: segment 5: paddr=000e3a28 vaddr=40084000 size=1598ch ( 88460) load[0m
[0;32mI (447) esp_image: segment 6: paddr=000f93bc vaddr=400c0000 size=00064h (   100) [0m
[0;32mI (461) boot: Loaded app from partition at offset 0x10000[0m
[0;32mI (461) boot: Disabling RNG early entropy source...[0m
[0;32mI (473) cpu_start: Multicore app[0m
[0;32mI (481) cpu_start: Pro cpu start user code[0m
[0;32mI (481) cpu_start: cpu freq: 160000000 Hz[0m
[0;32mI (481) app_init: Application information:[0m
[0;32mI (484) app_init: Project name:     PIR[0m
[0;32mI (489) app_init: App version:      1[0m
[0;32mI (493) app_init: Compile time:     Oct 30 2024 22:21:37[0m
[0;32mI (499) app_init: ELF file SHA256:  f9af3bf12f870003...[0m
[0;32mI (505) app_init: ESP-IDF:          v5.3.1[0m
[0;32mI (510) efuse_init: Min chip rev:     v0.0[0m
[0;32mI (514) efuse_init: Max chip rev:     v3.99 [0m
[0;32mI (519) efuse_init: Chip rev:         v3.0[0m
[0;32mI (524) heap_init: Initializing. RAM available for dynamic allocation:[0m
[0;32mI (531) heap_init: At 3FFAE6E0 len 00001920 (6 KiB): DRAM[0m
[0;32mI (537) heap_init: At 3FFB8960 len 000276A0 (157 KiB): DRAM[0m
[0;32mI (544) heap_init: At 3FFE0440 len 00003AE0 (14 KiB): D/IRAM[0m
[0;32mI (550) heap_init: At 3FFE4350 len 0001BCB0 (111 KiB): D/IRAM[0m
[0;32mI (556) heap_init: At 4009998C len 00006674 (25 KiB): IRAM[0m
[0;32mI (564) spi_flash: detected chip: generic[0m
[0;32mI (567) spi_flash: flash io: dio[0m
[0;33mW (571) spi_flash: Detected size(4096k) larger than the size in the binary image header(2048k). Using the size in the binary image header.[0m
[0;33mW (584) i2c: This driver is an old driver, please migrate your application code to adapt `driver/i2c_master.h`[0m
[0;32mI (596) main_task: Started on CPU0[0m
[0;32mI (606) main_task: Calling app_main()[0m
[0;32mI (606) progress: [APP] Free memory: 273580 bytes[0m
[0;32mI (606) progress: [APP] IDF version: v5.3.1[0m
[0;31mE (606) i2cdev: Could not write to device [0x0b at 0]: -1 (ESP_FAIL)[0m
[0;32mI (726) gauge: Power Mode: 0x1[0m
[0;32mI (726) gauge: APA: 0x2A[0m
[0;32mI (726) gauge: Battery Profile: 0x1[0m
[0;32mI (726) gauge: Temp Mode: 0x0[0m
[0;32mI (736) gauge: Voltage: 4.24	RSOC: 100.0%[0m
[0;32mI (756) progress: Starting Wifi[0m
[0;32mI (1846) progress: Starting Clock[0m
[0;32mI (7846) progress: The current date/time in Germany is: Wed Oct 30 22:33:29 2024[0m
[0;32mI (7846) progress: Starting MQTT[0m
[0;32mI (7846) mqtt: [APP] Free memory: 225308 bytes[0m
[0;32mI (7856) mqtt: MQTT_EVENT_BEFORE_CONNECT
[0m
[0;32mI (7866) mqtt: Note free memory: 213920 bytes[0m
[0;32mI (7866) mqtt: Waiting for connection to MQTT
[0m
[0;32mI (7886) mqtt: MQTT_EVENT_CONNECTED
[0m
[0;32mI (7886) mqtt: Connected to MQTT
[0m
[0;32mI (7886) progress: Sending battery status to MQTT[0m
[0;32mI (7886) mqtt: Sent <{"sensors":[{"name":"battery","values":[{"timestamp":1730324009000, "voltage":4.2, "soc":100.0}]}]}> to topic 1/2/data[0m
[0;32mI (7906) progress: Sending PIR event to MQTT[0m
[0;32mI (7906) mqtt: Sent <{"sensors":[{"name":"PIR","values":[{"timestamp":1730324009000, "roomID":"corridor"}]}]}> to topic 1/2/data[0m
[0;31mE (7906) mqtt_client: esp_mqtt_handle_transport_read_error: transport_read(): EOF[0m
[0;31mE (7926) mqtt_client: esp_mqtt_handle_transport_read_error: transport_read() error: errno=128[0m
[0;32mI (7936) mqtt: MQTT_EVENT_ERROR
[0m
[0;31mE (7936) mqtt_client: mqtt_process_receive: mqtt_message_receive() returned -2[0m
[0;32mI (7946) mqtt: MQTT_EVENT_DISCONNECTED
[0m
[0;32mI (7956) progress: Installing wakeup[0m
[0;32mI (8956) progress: Going to sleep[0m
ets Jul 29 2019 12:21:46

rst:0x5 (DEEPSLEEP_RESET),boot:0x13 (SPI_FAST_FLASH_BOOT)
configsip: 0, SPIWP:0xee
clk_drv:0x00,q_drv:0x00,d_drv:0x00,cs0_drv:0x00,hd_drv:0x00,wp_drv:0x00
mode:DIO, clock div:2
load:0x3fff0030,len:7176
load:0x40078000,len:15564
ho 0 tail 12 room 4
load:0x40080400,len:4
load:0x40080404,len:3904
entry 0x40080640
[0;32mI (31) boot: ESP-IDF v5.3.1 2nd stage bootloader[0m
[0;32mI (31) boot: compile time Oct 30 2024 22:22:25[0m
[0;32mI (31) boot: Multicore bootloader[0m
[0;32mI (36) boot: chip revision: v3.0[0m
[0;32mI (39) boot.esp32: SPI Speed      : 40MHz[0m
[0;32mI (44) boot.esp32: SPI Mode       : DIO[0m
[0;32mI (49) boot.esp32: SPI Flash Size : 2MB[0m
[0;32mI (53) boot: Enabling RNG early entropy source...[0m
[0;32mI (59) boot: Partition Table:[0m
[0;32mI (62) boot: ## Label            Usage          Type ST Offset   Length[0m
[0;32mI (69) boot:  0 nvs              WiFi data        01 02 00009000 00006000[0m
[0;32mI (77) boot:  1 phy_init         RF data          01 01 0000f000 00001000[0m
[0;32mI (84) boot:  2 factory          factory app      00 00 00010000 00177000[0m
[0;32mI (92) boot: End of partition table[0m
[0;32mI (96) esp_image: segment 0: paddr=00010020 vaddr=3f400020 size=27fa0h (163744) map[0m
[0;32mI (161) esp_image: segment 1: paddr=00037fc8 vaddr=3ff80063 size=00008h (     8) [0m
[0;32mI (161) esp_image: segment 2: paddr=00037fd8 vaddr=3ffb0000 size=04038h ( 16440) load[0m
[0;32mI (172) esp_image: segment 3: paddr=0003c018 vaddr=40080000 size=04000h ( 16384) load[0m
[0;32mI (181) esp_image: segment 4: paddr=00040020 vaddr=400d0020 size=a3a00h (670208) map[0m
[0;32mI (413) esp_image: segment 5: paddr=000e3a28 vaddr=40084000 size=1598ch ( 88460) load[0m
[0;32mI (447) esp_image: segment 6: paddr=000f93bc vaddr=400c0000 size=00064h (   100) [0m
[0;32mI (461) boot: Loaded app from partition at offset 0x10000[0m
[0;32mI (461) boot: Disabling RNG early entropy source...[0m
[0;32mI (473) cpu_start: Multicore app[0m
[0;32mI (481) cpu_start: Pro cpu start user code[0m
[0;32mI (481) cpu_start: cpu freq: 160000000 Hz[0m
[0;32mI (481) app_init: Application information:[0m
[0;32mI (484) app_init: Project name:     PIR[0m
[0;32mI (489) app_init: App version:      1[0m
[0;32mI (493) app_init: Compile time:     Oct 30 2024 22:21:37[0m
[0;32mI (499) app_init: ELF file SHA256:  f9af3bf12f870003...[0m
[0;32mI (505) app_init: ESP-IDF:          v5.3.1[0m
[0;32mI (510) efuse_init: Min chip rev:     v0.0[0m
[0;32mI (514) efuse_init: Max chip rev:     v3.99 [0m
[0;32mI (519) efuse_init: Chip rev:         v3.0[0m
[0;32mI (524) heap_init: Initializing. RAM available for dynamic allocation:[0m
[0;32mI (531) heap_init: At 3FFAE6E0 len 00001920 (6 KiB): DRAM[0m
[0;32mI (537) heap_init: At 3FFB8960 len 000276A0 (157 KiB): DRAM[0m
[0;32mI (544) heap_init: At 3FFE0440 len 00003AE0 (14 KiB): D/IRAM[0m
[0;32mI (550) heap_init: At 3FFE4350 len 0001BCB0 (111 KiB): D/IRAM[0m
[0;32mI (556) heap_init: At 4009998C len 00006674 (25 KiB): IRAM[0m
[0;32mI (564) spi_flash: detected chip: generic[0m
[0;32mI (567) spi_flash: flash io: dio[0m
[0;33mW (571) spi_flash: Detected size(4096k) larger than the size in the binary image header(2048k). Using the size in the binary image header.[0m
[0;33mW (584) i2c: This driver is an old driver, please migrate your application code to adapt `driver/i2c_master.h`[0m
[0;32mI (596) main_task: Started on CPU0[0m
[0;32mI (606) main_task: Calling app_main()[0m
[0;32mI (606) progress: [APP] Free memory: 273580 bytes[0m
[0;32mI (606) progress: [APP] IDF version: v5.3.1[0m
[0;31mE (606) i2cdev: Could not write to device [0x0b at 0]: -1 (ESP_FAIL)[0m
[0;32mI (726) gauge: Power Mode: 0x1[0m
[0;32mI (726) gauge: APA: 0x2A[0m
[0;32mI (726) gauge: Battery Profile: 0x1[0m
[0;32mI (726) gauge: Temp Mode: 0x0[0m
[0;32mI (736) gauge: Voltage: 4.24	RSOC: 100.0%[0m
[0;32mI (756) progress: Starting Wifi[0m
[0;32mI (1856) progress: Starting Clock[0m
[0;32mI (7856) progress: The current date/time in Germany is: Wed Oct 30 22:33:38 2024[0m
[0;32mI (7856) progress: Starting MQTT[0m
[0;32mI (7856) mqtt: [APP] Free memory: 225312 bytes[0m
[0;32mI (7866) mqtt: MQTT_EVENT_BEFORE_CONNECT
[0m
[0;32mI (7876) mqtt: Note free memory: 213920 bytes[0m
[0;32mI (7876) mqtt: Waiting for connection to MQTT
[0m
[0;32mI (7936) mqtt: MQTT_EVENT_CONNECTED
[0m
[0;32mI (7946) mqtt: Connected to MQTT
[0m
[0;32mI (7946) progress: Sending battery status to MQTT[0m
[0;32mI (7946) mqtt: Sent <{"sensors":[{"name":"battery","values":[{"timestamp":1730324018000, "voltage":4.2, "soc":100.0}]}]}> to topic 1/2/data[0m
[0;32mI (7956) progress: Sending PIR event to MQTT[0m
[0;32mI (7966) mqtt: Sent <{"sensors":[{"name":"PIR","values":[{"timestamp":1730324018000, "roomID":"corridor"}]}]}> to topic 1/2/data[0m
[0;31mE (7966) mqtt_client: esp_mqtt_handle_transport_read_error: transport_read(): EOF[0m
[0;31mE (7986) mqtt_client: esp_mqtt_handle_transport_read_error: transport_read() error: errno=128[0m
[0;32mI (7996) mqtt: MQTT_EVENT_ERROR
[0m
[0;31mE (7996) mqtt_client: mqtt_process_receive: mqtt_message_receive() returned -2[0m
[0;32mI (8006) mqtt: MQTT_EVENT_DISCONNECTED
[0m
[0;32mI (8006) progress: Installing wakeup[0m
[0;32mI (8016) progress: Going to sleep[0m
ets Jul 29 2019 12:21:46

rst:0x5 (DEEPSLEEP_RESET),boot:0x13 (SPI_FAST_FLASH_BOOT)
configsip: 0, SPIWP:0xee
clk_drv:0x00,q_drv:0x00,d_drv:0x00,cs0_drv:0x00,hd_drv:0x00,wp_drv:0x00
mode:DIO, clock div:2
load:0x3fff0030,len:7176
load:0x40078000,len:15564
ho 0 tail 12 room 4
load:0x40080400,len:4
load:0x40080404,len:3904
entry 0x40080640
[0;32mI (31) boot: ESP-IDF v5.3.1 2nd stage bootloader[0m
[0;32mI (31) boot: compile time Oct 30 2024 22:22:25[0m
[0;32mI (31) boot: Multicore bootloader[0m
[0;32mI (36) boot: chip revision: v3.0[0m
[0;32mI (39) boot.esp32: SPI Speed      : 40MHz[0m
[0;32mI (44) boot.esp32: SPI Mode       : DIO[0m
[0;32mI (49) boot.esp32: SPI Flash Size : 2MB[0m
[0;32mI (53) boot: Enabling RNG early entropy source...[0m
[0;32mI (59) boot: Partition Table:[0m
[0;32mI (62) boot: ## Label            Usage          Type ST Offset   Length[0m
[0;32mI (69) boot:  0 nvs              WiFi data        01 02 00009000 00006000[0m
[0;32mI (77) boot:  1 phy_init         RF data          01 01 0000f000 00001000[0m
[0;32mI (84) boot:  2 factory          factory app      00 00 00010000 00177000[0m
[0;32mI (92) boot: End of partition table[0m
[0;32mI (96) esp_image: segment 0: paddr=00010020 vaddr=3f400020 size=27fa0h (163744) map[0m
[0;32mI (161) esp_image: segment 1: paddr=00037fc8 vaddr=3ff80063 size=00008h (     8) [0m
[0;32mI (161) esp_image: segment 2: paddr=00037fd8 vaddr=3ffb0000 size=04038h ( 16440) load[0m
[0;32mI (172) esp_image: segment 3: paddr=0003c018 vaddr=40080000 size=04000h ( 16384) load[0m
[0;32mI (181) esp_image: segment 4: paddr=00040020 vaddr=400d0020 size=a3a00h (670208) map[0m
[0;32mI (413) esp_image: segment 5: paddr=000e3a28 vaddr=40084000 size=1598ch ( 88460) load[0m
[0;32mI (447) esp_image: segment 6: paddr=000f93bc vaddr=400c0000 size=00064h (   100) [0m
[0;32mI (461) boot: Loaded app from partition at offset 0x10000[0m
[0;32mI (461) boot: Disabling RNG early entropy source...[0m
[0;32mI (473) cpu_start: Multicore app[0m
[0;32mI (481) cpu_start: Pro cpu start user code[0m
[0;32mI (481) cpu_start: cpu freq: 160000000 Hz[0m
[0;32mI (481) app_init: Application information:[0m
[0;32mI (484) app_init: Project name:     PIR[0m
[0;32mI (489) app_init: App version:      1[0m
[0;32mI (493) app_init: Compile time:     Oct 30 2024 22:21:37[0m
[0;32mI (499) app_init: ELF file SHA256:  f9af3bf12f870003...[0m
[0;32mI (505) app_init: ESP-IDF:          v5.3.1[0m
[0;32mI (510) efuse_init: Min chip rev:     v0.0[0m
[0;32mI (514) efuse_init: Max chip rev:     v3.99 [0m
[0;32mI (519) efuse_init: Chip rev:         v3.0[0m
[0;32mI (524) heap_init: Initializing. RAM available for dynamic allocation:[0m
[0;32mI (531) heap_init: At 3FFAE6E0 len 00001920 (6 KiB): DRAM[0m
[0;32mI (537) heap_init: At 3FFB8960 len 000276A0 (157 KiB): DRAM[0m
[0;32mI (544) heap_init: At 3FFE0440 len 00003AE0 (14 KiB): D/IRAM[0m
[0;32mI (550) heap_init: At 3FFE4350 len 0001BCB0 (111 KiB): D/IRAM[0m
[0;32mI (556) heap_init: At 4009998C len 00006674 (25 KiB): IRAM[0m
[0;32mI (564) spi_flash: detected chip: generic[0m
[0;32mI (567) spi_flash: flash io: dio[0m
[0;33mW (571) spi_flash: Detected size(4096k) larger than the size in the binary image header(2048k). Using the size in the binary image header.[0m
[0;33mW (584) i2c: This driver is an old driver, please migrate your application code to adapt `driver/i2c_master.h`[0m
[0;32mI (596) main_task: Started on CPU0[0m
[0;32mI (606) main_task: Calling app_main()[0m
[0;32mI (606) progress: [APP] Free memory: 273580 bytes[0m
[0;32mI (606) progress: [APP] IDF version: v5.3.1[0m
[0;31mE (606) i2cdev: Could not write to device [0x0b at 0]: -1 (ESP_FAIL)[0m
[0;32mI (726) gauge: Power Mode: 0x1[0m
[0;32mI (726) gauge: APA: 0x2A[0m
[0;32mI (726) gauge: Battery Profile: 0x1[0m
[0;32mI (726) gauge: Temp Mode: 0x0[0m
[0;32mI (736) gauge: Voltage: 4.24	RSOC: 100.0%[0m
[0;32mI (756) progress: Starting Wifi[0m
[0;32mI (1846) progress: Starting Clock[0m
[0;32mI (5846) progress: The current date/time in Germany is: Wed Oct 30 22:33:49 2024[0m
[0;32mI (5846) progress: Starting MQTT[0m
[0;32mI (5846) mqtt: [APP] Free memory: 225328 bytes[0m
[0;32mI (5856) mqtt: MQTT_EVENT_BEFORE_CONNECT
[0m
[0;32mI (5866) mqtt: Note free memory: 213936 bytes[0m
[0;32mI (5866) mqtt: Waiting for connection to MQTT
[0m
[0;32mI (5886) mqtt: MQTT_EVENT_CONNECTED
[0m
[0;32mI (5886) mqtt: Connected to MQTT
[0m
[0;32mI (5886) progress: Sending battery status to MQTT[0m
[0;32mI (5886) mqtt: Sent <{"sensors":[{"name":"battery","values":[{"timestamp":1730324029000, "voltage":4.2, "soc":100.0}]}]}> to topic 1/2/data[0m
[0;32mI (5906) progress: Sending PIR event to MQTT[0m
[0;32mI (5906) mqtt: Sent <{"sensors":[{"name":"PIR","values":[{"timestamp":1730324029000, "roomID":"corridor"}]}]}> to topic 1/2/data[0m
[0;31mE (5916) mqtt_client: esp_mqtt_handle_transport_read_error: transport_read(): EOF[0m
[0;31mE (5926) mqtt_client: esp_mqtt_handle_transport_read_error: transport_read() error: errno=128[0m
[0;32mI (5936) mqtt: MQTT_EVENT_ERROR
[0m
[0;31mE (5936) mqtt_client: mqtt_process_receive: mqtt_message_receive() returned -2[0m
[0;32mI (5946) mqtt: MQTT_EVENT_DISCONNECTED
[0m
[0;32mI (5956) progress: Installing wakeup[0m
[0;32mI (5956) progress: Going to sleep[0m
ets Jul 29 2019 12:21:46

rst:0x5 (DEEPSLEEP_RESET),boot:0x13 (SPI_FAST_FLASH_BOOT)
configsip: 0, SPIWP:0xee
clk_drv:0x00,q_drv:0x00,d_drv:0x00,cs0_drv:0x00,hd_drv:0x00,wp_drv:0x00
mode:DIO, clock div:2
load:0x3fff0030,len:7176
load:0x40078000,len:15564
ho 0 tail 12 room 4
load:0x40080400,len:4
load:0x40080404,len:3904
entry 0x40080640
[0;32mI (31) boot: ESP-IDF v5.3.1 2nd stage bootloader[0m
[0;32mI (31) boot: compile time Oct 30 2024 22:22:25[0m
[0;32mI (31) boot: Multicore bootloader[0m
[0;32mI (36) boot: chip revision: v3.0[0m
[0;32mI (39) boot.esp32: SPI Speed      : 40MHz[0m
[0;32mI (44) boot.esp32: SPI Mode       : DIO[0m
[0;32mI (49) boot.esp32: SPI Flash Size : 2MB[0m
[0;32mI (53) boot: Enabling RNG early entropy source...[0m
[0;32mI (59) boot: Partition Table:[0m
[0;32mI (62) boot: ## Label            Usage          Type ST Offset   Length[0m
[0;32mI (69) boot:  0 nvs              WiFi data        01 02 00009000 00006000[0m
[0;32mI (77) boot:  1 phy_init         RF data          01 01 0000f000 00001000[0m
[0;32mI (84) boot:  2 factory          factory app      00 00 00010000 00177000[0m
[0;32mI (92) boot: End of partition table[0m
[0;32mI (96) esp_image: segment 0: paddr=00010020 vaddr=3f400020 size=27fa0h (163744) map[0m
[0;32mI (161) esp_image: segment 1: paddr=00037fc8 vaddr=3ff80063 size=00008h (     8) [0m
[0;32mI (161) esp_image: segment 2: paddr=00037fd8 vaddr=3ffb0000 size=04038h ( 16440) load[0m
[0;32mI (172) esp_image: segment 3: paddr=0003c018 vaddr=40080000 size=04000h ( 16384) load[0m
[0;32mI (181) esp_image: segment 4: paddr=00040020 vaddr=400d0020 size=a3a00h (670208) map[0m
[0;32mI (413) esp_image: segment 5: paddr=000e3a28 vaddr=40084000 size=1598ch ( 88460) load[0m
[0;32mI (447) esp_image: segment 6: paddr=000f93bc vaddr=400c0000 size=00064h (   100) [0m
[0;32mI (461) boot: Loaded app from partition at offset 0x10000[0m
[0;32mI (461) boot: Disabling RNG early entropy source...[0m
[0;32mI (473) cpu_start: Multicore app[0m
[0;32mI (481) cpu_start: Pro cpu start user code[0m
[0;32mI (481) cpu_start: cpu freq: 160000000 Hz[0m
[0;32mI (481) app_init: Application information:[0m
[0;32mI (484) app_init: Project name:     PIR[0m
[0;32mI (489) app_init: App version:      1[0m
[0;32mI (493) app_init: Compile time:     Oct 30 2024 22:21:37[0m
[0;32mI (499) app_init: ELF file SHA256:  f9af3bf12f870003...[0m
[0;32mI (505) app_init: ESP-IDF:          v5.3.1[0m
[0;32mI (510) efuse_init: Min chip rev:     v0.0[0m
[0;32mI (514) efuse_init: Max chip rev:     v3.99 [0m
[0;32mI (519) efuse_init: Chip rev:         v3.0[0m
[0;32mI (524) heap_init: Initializing. RAM available for dynamic allocation:[0m
[0;32mI (531) heap_init: At 3FFAE6E0 len 00001920 (6 KiB): DRAM[0m
[0;32mI (537) heap_init: At 3FFB8960 len 000276A0 (157 KiB): DRAM[0m
[0;32mI (544) heap_init: At 3FFE0440 len 00003AE0 (14 KiB): D/IRAM[0m
[0;32mI (550) heap_init: At 3FFE4350 len 0001BCB0 (111 KiB): D/IRAM[0m
[0;32mI (556) heap_init: At 4009998C len 00006674 (25 KiB): IRAM[0m
[0;32mI (564) spi_flash: detected chip: generic[0m
[0;32mI (567) spi_flash: flash io: dio[0m
[0;33mW (571) spi_flash: Detected size(4096k) larger than the size in the binary image header(2048k). Using the size in the binary image header.[0m
[0;33mW (584) i2c: This driver is an old driver, please migrate your application code to adapt `driver/i2c_master.h`[0m
[0;32mI (596) main_task: Started on CPU0[0m
[0;32mI (606) main_task: Calling app_main()[0m
[0;32mI (606) progress: [APP] Free memory: 273580 bytes[0m
[0;32mI (606) progress: [APP] IDF version: v5.3.1[0m
[0;31mE (606) i2cdev: Could not write to device [0x0b at 0]: -1 (ESP_FAIL)[0m
[0;32mI (726) gauge: Power Mode: 0x1[0m
[0;32mI (726) gauge: APA: 0x2A[0m
[0;32mI (726) gauge: Battery Profile: 0x1[0m
[0;32mI (726) gauge: Temp Mode: 0x0[0m
[0;32mI (736) gauge: Voltage: 4.23	RSOC: 100.0%[0m
[0;32mI (756) progress: Starting Wifi[0m
[0;32mI (1846) progress: Starting Clock[0m
[0;32mI (5846) progress: The current date/time in Germany is: Wed Oct 30 22:33:59 2024[0m
[0;32mI (5846) progress: Starting MQTT[0m
[0;32mI (5846) mqtt: [APP] Free memory: 225316 bytes[0m
[0;32mI (5856) mqtt: MQTT_EVENT_BEFORE_CONNECT
[0m
[0;32mI (5866) mqtt: Note free memory: 213920 bytes[0m
[0;32mI (5866) mqtt: Waiting for connection to MQTT
[0m
[0;32mI (6226) mqtt: MQTT_EVENT_CONNECTED
[0m
[0;32mI (6226) mqtt: Connected to MQTT
[0m
[0;32mI (6226) progress: Sending battery status to MQTT[0m
[0;32mI (6236) mqtt: Sent <{"sensors":[{"name":"battery","values":[{"timestamp":1730324039000, "voltage":4.2, "soc":100.0}]}]}> to topic 1/2/data[0m
[0;32mI (6246) progress: Sending PIR event to MQTT[0m
[0;32mI (6246) mqtt: Sent <{"sensors":[{"name":"PIR","values":[{"timestamp":1730324039000, "roomID":"corridor"}]}]}> to topic 1/2/data[0m
[0;31mE (6266) mqtt_client: esp_mqtt_handle_transport_read_error: transport_read(): EOF[0m
[0;31mE (6266) mqtt_client: esp_mqtt_handle_transport_read_error: transport_read() error: errno=128[0m
[0;32mI (6276) mqtt: MQTT_EVENT_ERROR
[0m
[0;31mE (6286) mqtt_client: mqtt_process_receive: mqtt_message_receive() returned -2[0m
[0;32mI (6296) mqtt: MQTT_EVENT_DISCONNECTED
[0m
[0;32mI (6296) progress: Installing wakeup[0m
[0;32mI (6296) progress: Going to sleep[0m
ets Jul 29 2019 12:21:46

rst:0x5 (DEEPSLEEP_RESET),boot:0x13 (SPI_FAST_FLASH_BOOT)
configsip: 0, SPIWP:0xee
clk_drv:0x00,q_drv:0x00,d_drv:0x00,cs0_drv:0x00,hd_drv:0x00,wp_drv:0x00
mode:DIO, clock div:2
load:0x3fff0030,len:7176
load:0x40078000,len:15564
ho 0 tail 12 room 4
load:0x40080400,len:4
load:0x40080404,len:3904
entry 0x40080640
[0;32mI (31) boot: ESP-IDF v5.3.1 2nd stage bootloader[0m
[0;32mI (31) boot: compile time Oct 30 2024 22:22:25[0m
[0;32mI (31) boot: Multicore bootloader[0m
[0;32mI (36) boot: chip revision: v3.0[0m
[0;32mI (39) boot.esp32: SPI Speed      : 40MHz[0m
[0;32mI (44) boot.esp32: SPI Mode       : DIO[0m
[0;32mI (49) boot.esp32: SPI Flash Size : 2MB[0m
[0;32mI (53) boot: Enabling RNG early entropy source...[0m
[0;32mI (59) boot: Partition Table:[0m
[0;32mI (62) boot: ## Label            Usage          Type ST Offset   Length[0m
[0;32mI (69) boot:  0 nvs              WiFi data        01 02 00009000 00006000[0m
[0;32mI (77) boot:  1 phy_init         RF data          01 01 0000f000 00001000[0m
[0;32mI (84) boot:  2 factory          factory app      00 00 00010000 00177000[0m
[0;32mI (92) boot: End of partition table[0m
[0;32mI (96) esp_image: segment 0: paddr=00010020 vaddr=3f400020 size=27fa0h (163744) map[0m
[0;32mI (161) esp_image: segment 1: paddr=00037fc8 vaddr=3ff80063 size=00008h (     8) [0m
[0;32mI (161) esp_image: segment 2: paddr=00037fd8 vaddr=3ffb0000 size=04038h ( 16440) load[0m
[0;32mI (172) esp_image: segment 3: paddr=0003c018 vaddr=40080000 size=04000h ( 16384) load[0m
[0;32mI (181) esp_image: segment 4: paddr=00040020 vaddr=400d0020 size=a3a00h (670208) map[0m
[0;32mI (413) esp_image: segment 5: paddr=000e3a28 vaddr=40084000 size=1598ch ( 88460) load[0m
[0;32mI (447) esp_image: segment 6: paddr=000f93bc vaddr=400c0000 size=00064h (   100) [0m
[0;32mI (461) boot: Loaded app from partition at offset 0x10000[0m
[0;32mI (461) boot: Disabling RNG early entropy source...[0m
[0;32mI (473) cpu_start: Multicore app[0m
[0;32mI (481) cpu_start: Pro cpu start user code[0m
[0;32mI (481) cpu_start: cpu freq: 160000000 Hz[0m
[0;32mI (481) app_init: Application information:[0m
[0;32mI (484) app_init: Project name:     PIR[0m
[0;32mI (489) app_init: App version:      1[0m
[0;32mI (493) app_init: Compile time:     Oct 30 2024 22:21:37[0m
[0;32mI (499) app_init: ELF file SHA256:  f9af3bf12f870003...[0m
[0;32mI (505) app_init: ESP-IDF:          v5.3.1[0m
[0;32mI (510) efuse_init: Min chip rev:     v0.0[0m
[0;32mI (514) efuse_init: Max chip rev:     v3.99 [0m
[0;32mI (519) efuse_init: Chip rev:         v3.0[0m
[0;32mI (524) heap_init: Initializing. RAM available for dynamic allocation:[0m
[0;32mI (531) heap_init: At 3FFAE6E0 len 00001920 (6 KiB): DRAM[0m
[0;32mI (537) heap_init: At 3FFB8960 len 000276A0 (157 KiB): DRAM[0m
[0;32mI (544) heap_init: At 3FFE0440 len 00003AE0 (14 KiB): D/IRAM[0m
[0;32mI (550) heap_init: At 3FFE4350 len 0001BCB0 (111 KiB): D/IRAM[0m
[0;32mI (556) heap_init: At 4009998C len 00006674 (25 KiB): IRAM[0m
[0;32mI (564) spi_flash: detected chip: generic[0m
[0;32mI (567) spi_flash: flash io: dio[0m
[0;33mW (571) spi_flash: Detected size(4096k) larger than the size in the binary image header(2048k). Using the size in the binary image header.[0m
[0;33mW (584) i2c: This driver is an old driver, please migrate your application code to adapt `driver/i2c_master.h`[0m
[0;32mI (596) main_task: Started on CPU0[0m
[0;32mI (606) main_task: Calling app_main()[0m
[0;32mI (606) progress: [APP] Free memory: 273580 bytes[0m
[0;32mI (606) progress: [APP] IDF version: v5.3.1[0m
[0;31mE (606) i2cdev: Could not write to device [0x0b at 0]: -1 (ESP_FAIL)[0m
[0;32mI (726) gauge: Power Mode: 0x1[0m
[0;32mI (726) gauge: APA: 0x2A[0m
[0;32mI (726) gauge: Battery Profile: 0x1[0m
[0;32mI (726) gauge: Temp Mode: 0x0[0m
[0;32mI (736) gauge: Voltage: 4.31	RSOC: 100.0%[0m
[0;32mI (756) progress: Starting Wifi[0m
[0;32mI (1856) progress: Starting Clock[0m
[0;32mI (7856) progress: The current date/time in Germany is: Wed Oct 30 22:34:10 2024[0m
[0;32mI (7856) progress: Starting MQTT[0m
[0;32mI (7856) mqtt: [APP] Free memory: 225308 bytes[0m
[0;32mI (7866) mqtt: MQTT_EVENT_BEFORE_CONNECT
[0m
[0;32mI (7876) mqtt: Note free memory: 213920 bytes[0m
[0;32mI (7876) mqtt: Waiting for connection to MQTT
[0m
[0;32mI (8216) mqtt: MQTT_EVENT_CONNECTED
[0m
[0;32mI (8216) mqtt: Connected to MQTT
[0m
[0;32mI (8216) progress: Sending battery status to MQTT[0m
[0;32mI (8216) mqtt: Sent <{"sensors":[{"name":"battery","values":[{"timestamp":1730324050000, "voltage":4.3, "soc":100.0}]}]}> to topic 1/2/data[0m
[0;32mI (8236) progress: Sending PIR event to MQTT[0m
[0;32mI (8236) mqtt: Sent <{"sensors":[{"name":"PIR","values":[{"timestamp":1730324050000, "roomID":"corridor"}]}]}> to topic 1/2/data[0m
[0;31mE (8236) mqtt_client: esp_mqtt_handle_transport_read_error: transport_read(): EOF[0m
[0;31mE (8256) mqtt_client: esp_mqtt_handle_transport_read_error: transport_read() error: errno=128[0m
[0;32mI (8266) mqtt: MQTT_EVENT_ERROR
[0m
[0;31mE (8266) mqtt_client: mqtt_process_receive: mqtt_message_receive() returned -2[0m
[0;32mI (8276) mqtt: MQTT_EVENT_DISCONNECTED
[0m
[0;32mI (8286) progress: Installing wakeup[0m
[0;32mI (10286) progress: Going to sleep[0m
ets Jul 29 2019 12:21:46

rst:0x5 (DEEPSLEEP_RESET),boot:0x13 (SPI_FAST_FLASH_BOOT)
configsip: 0, SPIWP:0xee
clk_drv:0x00,q_drv:0x00,d_drv:0x00,cs0_drv:0x00,hd_drv:0x00,wp_drv:0x00
mode:DIO, clock div:2
load:0x3fff0030,len:7176
load:0x40078000,len:15564
ho 0 tail 12 room 4
load:0x40080400,len:4
load:0x40080404,len:3904
entry 0x40080640
[0;32mI (31) boot: ESP-IDF v5.3.1 2nd stage bootloader[0m
[0;32mI (31) boot: compile time Oct 30 2024 22:22:25[0m
[0;32mI (31) boot: Multicore bootloader[0m
[0;32mI (36) boot: chip revision: v3.0[0m
[0;32mI (39) boot.esp32: SPI Speed      : 40MHz[0m
[0;32mI (44) boot.esp32: SPI Mode       : DIO[0m
[0;32mI (49) boot.esp32: SPI Flash Size : 2MB[0m
[0;32mI (53) boot: Enabling RNG early entropy source...[0m
[0;32mI (59) boot: Partition Table:[0m
[0;32mI (62) boot: ## Label            Usage          Type ST Offset   Length[0m
[0;32mI (69) boot:  0 nvs              WiFi data        01 02 00009000 00006000[0m
[0;32mI (77) boot:  1 phy_init         RF data          01 01 0000f000 00001000[0m
[0;32mI (84) boot:  2 factory          factory app      00 00 00010000 00177000[0m
[0;32mI (92) boot: End of partition table[0m
[0;32mI (96) esp_image: segment 0: paddr=00010020 vaddr=3f400020 size=27fa0h (163744) map[0m
[0;32mI (161) esp_image: segment 1: paddr=00037fc8 vaddr=3ff80063 size=00008h (     8) [0m
[0;32mI (161) esp_image: segment 2: paddr=00037fd8 vaddr=3ffb0000 size=04038h ( 16440) load[0m
[0;32mI (172) esp_image: segment 3: paddr=0003c018 vaddr=40080000 size=04000h ( 16384) load[0m
[0;32mI (181) esp_image: segment 4: paddr=00040020 vaddr=400d0020 size=a3a00h (670208) map[0m
[0;32mI (413) esp_image: segment 5: paddr=000e3a28 vaddr=40084000 size=1598ch ( 88460) load[0m
[0;32mI (447) esp_image: segment 6: paddr=000f93bc vaddr=400c0000 size=00064h (   100) [0m
[0;32mI (461) boot: Loaded app from partition at offset 0x10000[0m
[0;32mI (461) boot: Disabling RNG early entropy source...[0m
[0;32mI (473) cpu_start: Multicore app[0m
[0;32mI (481) cpu_start: Pro cpu start user code[0m
[0;32mI (481) cpu_start: cpu freq: 160000000 Hz[0m
[0;32mI (481) app_init: Application information:[0m
[0;32mI (484) app_init: Project name:     PIR[0m
[0;32mI (489) app_init: App version:      1[0m
[0;32mI (493) app_init: Compile time:     Oct 30 2024 22:21:37[0m
[0;32mI (499) app_init: ELF file SHA256:  f9af3bf12f870003...[0m
[0;32mI (505) app_init: ESP-IDF:          v5.3.1[0m
[0;32mI (510) efuse_init: Min chip rev:     v0.0[0m
[0;32mI (514) efuse_init: Max chip rev:     v3.99 [0m
[0;32mI (519) efuse_init: Chip rev:         v3.0[0m
[0;32mI (524) heap_init: Initializing. RAM available for dynamic allocation:[0m
[0;32mI (531) heap_init: At 3FFAE6E0 len 00001920 (6 KiB): DRAM[0m
[0;32mI (537) heap_init: At 3FFB8960 len 000276A0 (157 KiB): DRAM[0m
[0;32mI (544) heap_init: At 3FFE0440 len 00003AE0 (14 KiB): D/IRAM[0m
[0;32mI (550) heap_init: At 3FFE4350 len 0001BCB0 (111 KiB): D/IRAM[0m
[0;32mI (556) heap_init: At 4009998C len 00006674 (25 KiB): IRAM[0m
[0;32mI (564) spi_flash: detected chip: generic[0m
[0;32mI (567) spi_flash: flash io: dio[0m
[0;33mW (571) spi_flash: Detected size(4096k) larger than the size in the binary image header(2048k). Using the size in the binary image header.[0m
[0;33mW (584) i2c: This driver is an old driver, please migrate your application code to adapt `driver/i2c_master.h`[0m
[0;32mI (596) main_task: Started on CPU0[0m
[0;32mI (606) main_task: Calling app_main()[0m
[0;32mI (606) progress: [APP] Free memory: 273580 bytes[0m
[0;32mI (606) progress: [APP] IDF version: v5.3.1[0m
[0;31mE (606) i2cdev: Could not write to device [0x0b at 0]: -1 (ESP_FAIL)[0m
[0;32mI (726) gauge: Power Mode: 0x1[0m
[0;32mI (726) gauge: APA: 0x2A[0m
[0;32mI (726) gauge: Battery Profile: 0x1[0m
[0;32mI (726) gauge: Temp Mode: 0x0[0m
[0;32mI (736) gauge: Voltage: 4.16	RSOC: 98.0%[0m
[0;32mI (756) progress: Starting Wifi[0m
[0;32mI (1946) progress: Starting Clock[0m
[0;32mI (7946) progress: The current date/time in Germany is: Wed Oct 30 22:34:26 2024[0m
[0;32mI (7946) progress: Starting MQTT[0m
[0;32mI (7946) mqtt: [APP] Free memory: 225312 bytes[0m
[0;32mI (7956) mqtt: MQTT_EVENT_BEFORE_CONNECT
[0m
[0;32mI (7966) mqtt: Note free memory: 213920 bytes[0m
[0;32mI (7966) mqtt: Waiting for connection to MQTT
[0m
[0;32mI (8396) mqtt: MQTT_EVENT_CONNECTED
[0m
[0;32mI (8396) mqtt: Connected to MQTT
[0m
[0;32mI (8396) progress: Sending battery status to MQTT[0m
[0;32mI (8396) mqtt: Sent <{"sensors":[{"name":"battery","values":[{"timestamp":1730324067000, "voltage":4.2, "soc":98.0}]}]}> to topic 1/2/data[0m
[0;32mI (8416) progress: Sending PIR event to MQTT[0m
[0;32mI (8416) mqtt: Sent <{"sensors":[{"name":"PIR","values":[{"timestamp":1730324067000, "roomID":"corridor"}]}]}> to topic 1/2/data[0m
[0;31mE (8426) mqtt_client: esp_mqtt_handle_transport_read_error: transport_read(): EOF[0m
[0;31mE (8436) mqtt_client: esp_mqtt_handle_transport_read_error: transport_read() error: errno=128[0m
[0;32mI (8446) mqtt: MQTT_EVENT_ERROR
[0m
[0;31mE (8446) mqtt_client: mqtt_process_receive: mqtt_message_receive() returned -2[0m
[0;32mI (8456) mqtt: MQTT_EVENT_DISCONNECTED
[0m
[0;32mI (8466) progress: Installing wakeup[0m
[0;32mI (8466) progress: Going to sleep[0m
ets Jul 29 2019 12:21:46

rst:0x5 (DEEPSLEEP_RESET),boot:0x13 (SPI_FAST_FLASH_BOOT)
configsip: 0, SPIWP:0xee
clk_drv:0x00,q_drv:0x00,d_drv:0x00,cs0_drv:0x00,hd_drv:0x00,wp_drv:0x00
mode:DIO, clock div:2
load:0x3fff0030,len:7176
load:0x40078000,len:15564
ho 0 tail 12 room 4
load:0x40080400,len:4
load:0x40080404,len:3904
entry 0x40080640
[0;32mI (31) boot: ESP-IDF v5.3.1 2nd stage bootloader[0m
[0;32mI (31) boot: compile time Oct 30 2024 22:22:25[0m
[0;32mI (31) boot: Multicore bootloader[0m
[0;32mI (36) boot: chip revision: v3.0[0m
[0;32mI (39) boot.esp32: SPI Speed      : 40MHz[0m
[0;32mI (44) boot.esp32: SPI Mode       : DIO[0m
[0;32mI (49) boot.esp32: SPI Flash Size : 2MB[0m
[0;32mI (53) boot: Enabling RNG early entropy source...[0m
[0;32mI (59) boot: Partition Table:[0m
[0;32mI (62) boot: ## Label            Usage          Type ST Offset   Length[0m
[0;32mI (69) boot:  0 nvs              WiFi data        01 02 00009000 00006000[0m
[0;32mI (77) boot:  1 phy_init         RF data          01 01 0000f000 00001000[0m
[0;32mI (84) boot:  2 factory          factory app      00 00 00010000 00177000[0m
[0;32mI (92) boot: End of partition table[0m
[0;32mI (96) esp_image: segment 0: paddr=00010020 vaddr=3f400020 size=27fa0h (163744) map[0m
[0;32mI (161) esp_image: segment 1: paddr=00037fc8 vaddr=3ff80063 size=00008h (     8) [0m
[0;32mI (161) esp_image: segment 2: paddr=00037fd8 vaddr=3ffb0000 size=04038h ( 16440) load[0m
[0;32mI (172) esp_image: segment 3: paddr=0003c018 vaddr=40080000 size=04000h ( 16384) load[0m
[0;32mI (181) esp_image: segment 4: paddr=00040020 vaddr=400d0020 size=a3a00h (670208) map[0m
[0;32mI (413) esp_image: segment 5: paddr=000e3a28 vaddr=40084000 size=1598ch ( 88460) load[0m
[0;32mI (447) esp_image: segment 6: paddr=000f93bc vaddr=400c0000 size=00064h (   100) [0m
[0;32mI (461) boot: Loaded app from partition at offset 0x10000[0m
[0;32mI (461) boot: Disabling RNG early entropy source...[0m
[0;32mI (473) cpu_start: Multicore app[0m
[0;32mI (481) cpu_start: Pro cpu start user code[0m
[0;32mI (481) cpu_start: cpu freq: 160000000 Hz[0m
[0;32mI (481) app_init: Application information:[0m
[0;32mI (484) app_init: Project name:     PIR[0m
[0;32mI (489) app_init: App version:      1[0m
[0;32mI (493) app_init: Compile time:     Oct 30 2024 22:21:37[0m
[0;32mI (499) app_init: ELF file SHA256:  f9af3bf12f870003...[0m
[0;32mI (505) app_init: ESP-IDF:          v5.3.1[0m
[0;32mI (510) efuse_init: Min chip rev:     v0.0[0m
[0;32mI (514) efuse_init: Max chip rev:     v3.99 [0m
[0;32mI (519) efuse_init: Chip rev:         v3.0[0m
[0;32mI (524) heap_init: Initializing. RAM available for dynamic allocation:[0m
[0;32mI (531) heap_init: At 3FFAE6E0 len 00001920 (6 KiB): DRAM[0m
[0;32mI (537) heap_init: At 3FFB8960 len 000276A0 (157 KiB): DRAM[0m
[0;32mI (544) heap_init: At 3FFE0440 len 00003AE0 (14 KiB): D/IRAM[0m
[0;32mI (550) heap_init: At 3FFE4350 len 0001BCB0 (111 KiB): D/IRAM[0m
[0;32mI (556) heap_init: At 4009998C len 00006674 (25 KiB): IRAM[0m
[0;32mI (564) spi_flash: detected chip: generic[0m
[0;32mI (567) spi_flash: flash io: dio[0m
[0;33mW (571) spi_flash: Detected size(4096k) larger than the size in the binary image header(2048k). Using the size in the binary image header.[0m
[0;33mW (584) i2c: This driver is an old driver, please migrate your application code to adapt `driver/i2c_master.h`[0m
[0;32mI (596) main_task: Started on CPU0[0m
[0;32mI (606) main_task: Calling app_main()[0m
[0;32mI (606) progress: [APP] Free memory: 273580 bytes[0m
[0;32mI (606) progress: [APP] IDF version: v5.3.1[0m
[0;31mE (606) i2cdev: Could not write to device [0x0b at 0]: -1 (ESP_FAIL)[0m
[0;32mI (726) gauge: Power Mode: 0x1[0m
[0;32mI (726) gauge: APA: 0x2A[0m
[0;32mI (726) gauge: Battery Profile: 0x1[0m
[0;32mI (726) gauge: Temp Mode: 0x0[0m
[0;32mI (726) gauge: Voltage: 4.08	RSOC: 88.0%[0m
[0;32mI (756) progress: Starting Wifi[0m
[0;32mI (1846) progress: Starting Clock[0m
[0;32mI (7846) progress: The current date/time in Germany is: Wed Oct 30 22:34:39 2024[0m
[0;32mI (7846) progress: Starting MQTT[0m
[0;32mI (7846) mqtt: [APP] Free memory: 225308 bytes[0m
[0;32mI (7856) mqtt: MQTT_EVENT_BEFORE_CONNECT
[0m
[0;32mI (7866) mqtt: Note free memory: 213916 bytes[0m
[0;32mI (7866) mqtt: Waiting for connection to MQTT
[0m
[0;32mI (8296) mqtt: MQTT_EVENT_CONNECTED
[0m
[0;32mI (8306) mqtt: Connected to MQTT
[0m
[0;32mI (8306) progress: Sending battery status to MQTT[0m
[0;32mI (8306) mqtt: Sent <{"sensors":[{"name":"battery","values":[{"timestamp":1730324079000, "voltage":4.1, "soc":88.0}]}]}> to topic 1/2/data[0m
[0;32mI (8316) progress: Sending PIR event to MQTT[0m
[0;32mI (8326) mqtt: Sent <{"sensors":[{"name":"PIR","values":[{"timestamp":1730324079000, "roomID":"corridor"}]}]}> to topic 1/2/data[0m
[0;31mE (8326) mqtt_client: esp_mqtt_handle_transport_read_error: transport_read(): EOF[0m
[0;31mE (8346) mqtt_client: esp_mqtt_handle_transport_read_error: transport_read() error: errno=128[0m
[0;32mI (8356) mqtt: MQTT_EVENT_ERROR
[0m
[0;31mE (8356) mqtt_client: mqtt_process_receive: mqtt_message_receive() returned -2[0m
[0;32mI (8366) mqtt: MQTT_EVENT_DISCONNECTED
[0m
[0;32mI (8366) progress: Installing wakeup[0m
[0;32mI (9376) progress: Going to sleep[0m
ets Jul 29 2019 12:21:46

rst:0x5 (DEEPSLEEP_RESET),boot:0x13 (SPI_FAST_FLASH_BOOT)
configsip: 0, SPIWP:0xee
clk_drv:0x00,q_drv:0x00,d_drv:0x00,cs0_drv:0x00,hd_drv:0x00,wp_drv:0x00
mode:DIO, clock div:2
load:0x3fff0030,len:7176
load:0x40078000,len:15564
ho 0 tail 12 room 4
load:0x40080400,len:4
load:0x40080404,len:3904
entry 0x40080640
[0;32mI (31) boot: ESP-IDF v5.3.1 2nd stage bootloader[0m
[0;32mI (31) boot: compile time Oct 30 2024 22:22:25[0m
[0;32mI (31) boot: Multicore bootloader[0m
[0;32mI (36) boot: chip revision: v3.0[0m
[0;32mI (39) boot.esp32: SPI Speed      : 40MHz[0m
[0;32mI (44) boot.esp32: SPI Mode       : DIO[0m
[0;32mI (49) boot.esp32: SPI Flash Size : 2MB[0m
[0;32mI (53) boot: Enabling RNG early entropy source...[0m
[0;32mI (59) boot: Partition Table:[0m
[0;32mI (62) boot: ## Label            Usage          Type ST Offset   Length[0m
[0;32mI (69) boot:  0 nvs              WiFi data        01 02 00009000 00006000[0m
[0;32mI (77) boot:  1 phy_init         RF data          01 01 0000f000 00001000[0m
[0;32mI (84) boot:  2 factory          factory app      00 00 00010000 00177000[0m
[0;32mI (92) boot: End of partition table[0m
[0;32mI (96) esp_image: segment 0: paddr=00010020 vaddr=3f400020 size=27fa0h (163744) map[0m
[0;32mI (161) esp_image: segment 1: paddr=00037fc8 vaddr=3ff80063 size=00008h (     8) [0m
[0;32mI (161) esp_image: segment 2: paddr=00037fd8 vaddr=3ffb0000 size=04038h ( 16440) load[0m
[0;32mI (172) esp_image: segment 3: paddr=0003c018 vaddr=40080000 size=04000h ( 16384) load[0m
[0;32mI (181) esp_image: segment 4: paddr=00040020 vaddr=400d0020 size=a3a00h (670208) map[0m
[0;32mI (413) esp_image: segment 5: paddr=000e3a28 vaddr=40084000 size=1598ch ( 88460) load[0m
[0;32mI (447) esp_image: segment 6: paddr=000f93bc vaddr=400c0000 size=00064h (   100) [0m
[0;32mI (461) boot: Loaded app from partition at offset 0x10000[0m
[0;32mI (461) boot: Disabling RNG early entropy source...[0m
[0;32mI (473) cpu_start: Multicore app[0m
[0;32mI (481) cpu_start: Pro cpu start user code[0m
[0;32mI (481) cpu_start: cpu freq: 160000000 Hz[0m
[0;32mI (481) app_init: Application information:[0m
[0;32mI (484) app_init: Project name:     PIR[0m
[0;32mI (489) app_init: App version:      1[0m
[0;32mI (493) app_init: Compile time:     Oct 30 2024 22:21:37[0m
[0;32mI (499) app_init: ELF file SHA256:  f9af3bf12f870003...[0m
[0;32mI (505) app_init: ESP-IDF:          v5.3.1[0m
[0;32mI (510) efuse_init: Min chip rev:     v0.0[0m
[0;32mI (514) efuse_init: Max chip rev:     v3.99 [0m
[0;32mI (519) efuse_init: Chip rev:         v3.0[0m
[0;32mI (524) heap_init: Initializing. RAM available for dynamic allocation:[0m
[0;32mI (531) heap_init: At 3FFAE6E0 len 00001920 (6 KiB): DRAM[0m
[0;32mI (537) heap_init: At 3FFB8960 len 000276A0 (157 KiB): DRAM[0m
[0;32mI (544) heap_init: At 3FFE0440 len 00003AE0 (14 KiB): D/IRAM[0m
[0;32mI (550) heap_init: At 3FFE4350 len 0001BCB0 (111 KiB): D/IRAM[0m
[0;32mI (556) heap_init: At 4009998C len 00006674 (25 KiB): IRAM[0m
[0;32mI (564) spi_flash: detected chip: generic[0m
[0;32mI (567) spi_flash: flash io: dio[0m
[0;33mW (571) spi_flash: Detected size(4096k) larger than the size in the binary image header(2048k). Using the size in the binary image header.[0m
[0;33mW (584) i2c: This driver is an old driver, please migrate your application code to adapt `driver/i2c_master.h`[0m
[0;32mI (596) main_task: Started on CPU0[0m
[0;32mI (606) main_task: Calling app_main()[0m
[0;32mI (606) progress: [APP] Free memory: 273580 bytes[0m
[0;32mI (606) progress: [APP] IDF version: v5.3.1[0m
[0;31mE (606) i2cdev: Could not write to device [0x0b at 0]: -1 (ESP_FAIL)[0m
[0;32mI (726) gauge: Power Mode: 0x1[0m
[0;32mI (726) gauge: APA: 0x2A[0m
[0;32mI (726) gauge: Battery Profile: 0x1[0m
[0;32mI (726) gauge: Temp Mode: 0x0[0m
[0;32mI (726) gauge: Voltage: 4.23	RSOC: 100.0%[0m
[0;32mI (756) progress: Starting Wifi[0m
[0;32mI (1846) progress: Starting Clock[0m
[0;32mI (3846) progress: The current date/time in Germany is: Wed Oct 30 22:34:44 2024[0m
[0;32mI (3846) progress: Starting MQTT[0m
[0;32mI (3846) mqtt: [APP] Free memory: 225344 bytes[0m
[0;32mI (3856) mqtt: MQTT_EVENT_BEFORE_CONNECT
[0m
[0;32mI (3866) mqtt: Note free memory: 213952 bytes[0m
[0;32mI (3866) mqtt: Waiting for connection to MQTT
[0m
[0;32mI (3886) mqtt: MQTT_EVENT_CONNECTED
[0m
[0;32mI (3886) mqtt: Connected to MQTT
[0m
[0;32mI (3886) progress: Sending battery status to MQTT[0m
[0;32mI (3886) mqtt: Sent <{"sensors":[{"name":"battery","values":[{"timestamp":1730324084000, "voltage":4.2, "soc":100.0}]}]}> to topic 1/2/data[0m
[0;32mI (3906) progress: Sending PIR event to MQTT[0m
[0;32mI (3906) mqtt: Sent <{"sensors":[{"name":"PIR","values":[{"timestamp":1730324084000, "roomID":"corridor"}]}]}> to topic 1/2/data[0m
[0;31mE (3906) mqtt_client: esp_mqtt_handle_transport_read_error: transport_read(): EOF[0m
[0;31mE (3926) mqtt_client: esp_mqtt_handle_transport_read_error: transport_read() error: errno=128[0m
[0;32mI (3936) mqtt: MQTT_EVENT_ERROR
[0m
[0;31mE (3936) mqtt_client: mqtt_process_receive: mqtt_message_receive() returned -2[0m
[0;32mI (3946) mqtt: MQTT_EVENT_DISCONNECTED
[0m
[0;32mI (3946) progress: Installing wakeup[0m
[0;32mI (3956) progress: Going to sleep[0m
ets Jul 29 2019 12:21:46

rst:0x5 (DEEPSLEEP_RESET),boot:0x13 (SPI_FAST_FLASH_BOOT)
configsip: 0, SPIWP:0xee
clk_drv:0x00,q_drv:0x00,d_drv:0x00,cs0_drv:0x00,hd_drv:0x00,wp_drv:0x00
mode:DIO, clock div:2
load:0x3fff0030,len:7176
load:0x40078000,len:15564
ho 0 tail 12 room 4
load:0x40080400,len:4
load:0x40080404,len:3904
entry 0x40080640
[0;32mI (31) boot: ESP-IDF v5.3.1 2nd stage bootloader[0m
[0;32mI (31) boot: compile time Oct 30 2024 22:22:25[0m
[0;32mI (31) boot: Multicore bootloader[0m
[0;32mI (36) boot: chip revision: v3.0[0m
[0;32mI (39) boot.esp32: SPI Speed      : 40MHz[0m
[0;32mI (44) boot.esp32: SPI Mode       : DIO[0m
[0;32mI (49) boot.esp32: SPI Flash Size : 2MB[0m
[0;32mI (53) boot: Enabling RNG early entropy source...[0m
[0;32mI (59) boot: Partition Table:[0m
[0;32mI (62) boot: ## Label            Usage          Type ST Offset   Length[0m
[0;32mI (69) boot:  0 nvs              WiFi data        01 02 00009000 00006000[0m
[0;32mI (77) boot:  1 phy_init         RF data          01 01 0000f000 00001000[0m
[0;32mI (84) boot:  2 factory          factory app      00 00 00010000 00177000[0m
[0;32mI (92) boot: End of partition table[0m
[0;32mI (96) esp_image: segment 0: paddr=00010020 vaddr=3f400020 size=27fa0h (163744) map[0m
[0;32mI (161) esp_image: segment 1: paddr=00037fc8 vaddr=3ff80063 size=00008h (     8) [0m
[0;32mI (161) esp_image: segment 2: paddr=00037fd8 vaddr=3ffb0000 size=04038h ( 16440) load[0m
[0;32mI (172) esp_image: segment 3: paddr=0003c018 vaddr=40080000 size=04000h ( 16384) load[0m
[0;32mI (181) esp_image: segment 4: paddr=00040020 vaddr=400d0020 size=a3a00h (670208) map[0m
[0;32mI (413) esp_image: segment 5: paddr=000e3a28 vaddr=40084000 size=1598ch ( 88460) load[0m
[0;32mI (447) esp_image: segment 6: paddr=000f93bc vaddr=400c0000 size=00064h (   100) [0m
[0;32mI (461) boot: Loaded app from partition at offset 0x10000[0m
[0;32mI (461) boot: Disabling RNG early entropy source...[0m
[0;32mI (473) cpu_start: Multicore app[0m
[0;32mI (481) cpu_start: Pro cpu start user code[0m
[0;32mI (481) cpu_start: cpu freq: 160000000 Hz[0m
[0;32mI (481) app_init: Application information:[0m
[0;32mI (484) app_init: Project name:     PIR[0m
[0;32mI (489) app_init: App version:      1[0m
[0;32mI (493) app_init: Compile time:     Oct 30 2024 22:21:37[0m
[0;32mI (499) app_init: ELF file SHA256:  f9af3bf12f870003...[0m
[0;32mI (505) app_init: ESP-IDF:          v5.3.1[0m
[0;32mI (510) efuse_init: Min chip rev:     v0.0[0m
[0;32mI (514) efuse_init: Max chip rev:     v3.99 [0m
[0;32mI (519) efuse_init: Chip rev:         v3.0[0m
[0;32mI (524) heap_init: Initializing. RAM available for dynamic allocation:[0m
[0;32mI (531) heap_init: At 3FFAE6E0 len 00001920 (6 KiB): DRAM[0m
[0;32mI (537) heap_init: At 3FFB8960 len 000276A0 (157 KiB): DRAM[0m
[0;32mI (544) heap_init: At 3FFE0440 len 00003AE0 (14 KiB): D/IRAM[0m
[0;32mI (550) heap_init: At 3FFE4350 len 0001BCB0 (111 KiB): D/IRAM[0m
[0;32mI (556) heap_init: At 4009998C len 00006674 (25 KiB): IRAM[0m
[0;32mI (564) spi_flash: detected chip: generic[0m
[0;32mI (567) spi_flash: flash io: dio[0m
[0;33mW (571) spi_flash: Detected size(4096k) larger than the size in the binary image header(2048k). Using the size in the binary image header.[0m
[0;33mW (584) i2c: This driver is an old driver, please migrate your application code to adapt `driver/i2c_master.h`[0m
[0;32mI (596) main_task: Started on CPU0[0m
[0;32mI (606) main_task: Calling app_main()[0m
[0;32mI (606) progress: [APP] Free memory: 273580 bytes[0m
[0;32mI (606) progress: [APP] IDF version: v5.3.1[0m
[0;31mE (606) i2cdev: Could not write to device [0x0b at 0]: -1 (ESP_FAIL)[0m
[0;32mI (726) gauge: Power Mode: 0x1[0m
[0;32mI (726) gauge: APA: 0x2A[0m
[0;32mI (726) gauge: Battery Profile: 0x1[0m
[0;32mI (726) gauge: Temp Mode: 0x0[0m
[0;32mI (736) gauge: Voltage: 4.27	RSOC: 100.0%[0m
[0;32mI (756) progress: Starting Wifi[0m
[0;32mI (1846) progress: Starting Clock[0m
[0;32mI (5846) progress: The current date/time in Germany is: Wed Oct 30 22:35:11 2024[0m
[0;32mI (5846) progress: Starting MQTT[0m
[0;32mI (5846) mqtt: [APP] Free memory: 225328 bytes[0m
[0;32mI (5856) mqtt: MQTT_EVENT_BEFORE_CONNECT
[0m
[0;32mI (5866) mqtt: Note free memory: 213936 bytes[0m
[0;32mI (5866) mqtt: Waiting for connection to MQTT
[0m
[0;32mI (6226) mqtt: MQTT_EVENT_CONNECTED
[0m
[0;32mI (6236) mqtt: Connected to MQTT
[0m
[0;32mI (6236) progress: Sending battery status to MQTT[0m
[0;32mI (6236) mqtt: Sent <{"sensors":[{"name":"battery","values":[{"timestamp":1730324112000, "voltage":4.3, "soc":100.0}]}]}> to topic 1/2/data[0m
[0;32mI (6246) progress: Sending PIR event to MQTT[0m
[0;32mI (6256) mqtt: Sent <{"sensors":[{"name":"PIR","values":[{"timestamp":1730324112000, "roomID":"corridor"}]}]}> to topic 1/2/data[0m
[0;31mE (6256) mqtt_client: esp_mqtt_handle_transport_read_error: transport_read(): EOF[0m
[0;31mE (6276) mqtt_client: esp_mqtt_handle_transport_read_error: transport_read() error: errno=128[0m
[0;32mI (6286) mqtt: MQTT_EVENT_ERROR
[0m
[0;31mE (6286) mqtt_client: mqtt_process_receive: mqtt_message_receive() returned -2[0m
[0;32mI (6296) mqtt: MQTT_EVENT_DISCONNECTED
[0m
[0;32mI (6296) progress: Installing wakeup[0m
[0;32mI (6306) progress: Going to sleep[0m
ets Jul 29 2019 12:21:46

rst:0x5 (DEEPSLEEP_RESET),boot:0x13 (SPI_FAST_FLASH_BOOT)
configsip: 0, SPIWP:0xee
clk_drv:0x00,q_drv:0x00,d_drv:0x00,cs0_drv:0x00,hd_drv:0x00,wp_drv:0x00
mode:DIO, clock div:2
load:0x3fff0030,len:7176
load:0x40078000,len:15564
ho 0 tail 12 room 4
load:0x40080400,len:4
load:0x40080404,len:3904
entry 0x40080640
[0;32mI (31) boot: ESP-IDF v5.3.1 2nd stage bootloader[0m
[0;32mI (31) boot: compile time Oct 30 2024 22:22:25[0m
[0;32mI (31) boot: Multicore bootloader[0m
[0;32mI (36) boot: chip revision: v3.0[0m
[0;32mI (39) boot.esp32: SPI Speed      : 40MHz[0m
[0;32mI (44) boot.esp32: SPI Mode       : DIO[0m
[0;32mI (49) boot.esp32: SPI Flash Size : 2MB[0m
[0;32mI (53) boot: Enabling RNG early entropy source...[0m
[0;32mI (59) boot: Partition Table:[0m
[0;32mI (62) boot: ## Label            Usage          Type ST Offset   Length[0m
[0;32mI (69) boot:  0 nvs              WiFi data        01 02 00009000 00006000[0m
[0;32mI (77) boot:  1 phy_init         RF data          01 01 0000f000 00001000[0m
[0;32mI (84) boot:  2 factory          factory app      00 00 00010000 00177000[0m
[0;32mI (92) boot: End of partition table[0m
[0;32mI (96) esp_image: segment 0: paddr=00010020 vaddr=3f400020 size=27fa0h (163744) map[0m
[0;32mI (161) esp_image: segment 1: paddr=00037fc8 vaddr=3ff80063 size=00008h (     8) [0m
[0;32mI (161) esp_image: segment 2: paddr=00037fd8 vaddr=3ffb0000 size=04038h ( 16440) load[0m
[0;32mI (172) esp_image: segment 3: paddr=0003c018 vaddr=40080000 size=04000h ( 16384) load[0m
[0;32mI (181) esp_image: segment 4: paddr=00040020 vaddr=400d0020 size=a3a00h (670208) map[0m
[0;32mI (413) esp_image: segment 5: paddr=000e3a28 vaddr=40084000 size=1598ch ( 88460) load[0m
[0;32mI (447) esp_image: segment 6: paddr=000f93bc vaddr=400c0000 size=00064h (   100) [0m
[0;32mI (461) boot: Loaded app from partition at offset 0x10000[0m
[0;32mI (461) boot: Disabling RNG early entropy source...[0m
[0;32mI (473) cpu_start: Multicore app[0m
[0;32mI (481) cpu_start: Pro cpu start user code[0m
[0;32mI (481) cpu_start: cpu freq: 160000000 Hz[0m
[0;32mI (481) app_init: Application information:[0m
[0;32mI (484) app_init: Project name:     PIR[0m
[0;32mI (489) app_init: App version:      1[0m
[0;32mI (493) app_init: Compile time:     Oct 30 2024 22:21:37[0m
[0;32mI (499) app_init: ELF file SHA256:  f9af3bf12f870003...[0m
[0;32mI (505) app_init: ESP-IDF:          v5.3.1[0m
[0;32mI (510) efuse_init: Min chip rev:     v0.0[0m
[0;32mI (514) efuse_init: Max chip rev:     v3.99 [0m
[0;32mI (519) efuse_init: Chip rev:         v3.0[0m
[0;32mI (524) heap_init: Initializing. RAM available for dynamic allocation:[0m
[0;32mI (531) heap_init: At 3FFAE6E0 len 00001920 (6 KiB): DRAM[0m
[0;32mI (537) heap_init: At 3FFB8960 len 000276A0 (157 KiB): DRAM[0m
[0;32mI (544) heap_init: At 3FFE0440 len 00003AE0 (14 KiB): D/IRAM[0m
[0;32mI (550) heap_init: At 3FFE4350 len 0001BCB0 (111 KiB): D/IRAM[0m
[0;32mI (556) heap_init: At 4009998C len 00006674 (25 KiB): IRAM[0m
[0;32mI (564) spi_flash: detected chip: generic[0m
[0;32mI (567) spi_flash: flash io: dio[0m
[0;33mW (571) spi_flash: Detected size(4096k) larger than the size in the binary image header(2048k). Using the size in the binary image header.[0m
[0;33mW (584) i2c: This driver is an old driver, please migrate your application code to adapt `driver/i2c_master.h`[0m
[0;32mI (596) main_task: Started on CPU0[0m
[0;32mI (606) main_task: Calling app_main()[0m
[0;32mI (606) progress: [APP] Free memory: 273580 bytes[0m
[0;32mI (606) progress: [APP] IDF version: v5.3.1[0m
[0;31mE (606) i2cdev: Could not write to device [0x0b at 0]: -1 (ESP_FAIL)[0m
[0;32mI (726) gauge: Power Mode: 0x1[0m
[0;32mI (726) gauge: APA: 0x2A[0m
[0;32mI (726) gauge: Battery Profile: 0x1[0m
[0;32mI (726) gauge: Temp Mode: 0x0[0m
[0;32mI (726) gauge: Voltage: 4.24	RSOC: 100.0%[0m
[0;32mI (756) progress: Starting Wifi[0m
[0;32mI (1846) progress: Starting Clock[0m
[0;32mI (5846) progress: The current date/time in Germany is: Wed Oct 30 22:35:21 2024[0m
[0;32mI (5846) progress: Starting MQTT[0m
[0;32mI (5846) mqtt: [APP] Free memory: 225308 bytes[0m
[0;32mI (5856) mqtt: MQTT_EVENT_BEFORE_CONNECT
[0m
[0;32mI (5866) mqtt: Note free memory: 213916 bytes[0m
[0;32mI (5866) mqtt: Waiting for connection to MQTT
[0m
[0;32mI (5876) mqtt: MQTT_EVENT_CONNECTED
[0m
[0;32mI (5886) mqtt: Connected to MQTT
[0m
[0;32mI (5886) progress: Sending battery status to MQTT[0m
[0;32mI (5886) mqtt: Sent <{"sensors":[{"name":"battery","values":[{"timestamp":1730324121000, "voltage":4.2, "soc":100.0}]}]}> to topic 1/2/data[0m
[0;32mI (5896) progress: Sending PIR event to MQTT[0m
[0;32mI (5906) mqtt: Sent <{"sensors":[{"name":"PIR","values":[{"timestamp":1730324121000, "roomID":"corridor"}]}]}> to topic 1/2/data[0m
[0;31mE (5906) mqtt_client: esp_mqtt_handle_transport_read_error: transport_read(): EOF[0m
[0;31mE (5926) mqtt_client: esp_mqtt_handle_transport_read_error: transport_read() error: errno=128[0m
[0;32mI (5936) mqtt: MQTT_EVENT_ERROR
[0m
[0;31mE (5936) mqtt_client: mqtt_process_receive: mqtt_message_receive() returned -2[0m
[0;32mI (5946) mqtt: MQTT_EVENT_DISCONNECTED
[0m
[0;32mI (5946) progress: Installing wakeup[0m
[0;32mI (5956) progress: Going to sleep[0m
ets Jul 29 2019 12:21:46

rst:0x5 (DEEPSLEEP_RESET),boot:0x13 (SPI_FAST_FLASH_BOOT)
configsip: 0, SPIWP:0xee
clk_drv:0x00,q_drv:0x00,d_drv:0x00,cs0_drv:0x00,hd_drv:0x00,wp_drv:0x00
mode:DIO, clock div:2
load:0x3fff0030,len:7176
load:0x40078000,len:15564
ho 0 tail 12 room 4
load:0x40080400,len:4
load:0x40080404,len:3904
entry 0x40080640
[0;32mI (31) boot: ESP-IDF v5.3.1 2nd stage bootloader[0m
[0;32mI (31) boot: compile time Oct 30 2024 22:22:25[0m
[0;32mI (31) boot: Multicore bootloader[0m
[0;32mI (36) boot: chip revision: v3.0[0m
[0;32mI (39) boot.esp32: SPI Speed      : 40MHz[0m
[0;32mI (44) boot.esp32: SPI Mode       : DIO[0m
[0;32mI (49) boot.esp32: SPI Flash Size : 2MB[0m
[0;32mI (53) boot: Enabling RNG early entropy source...[0m
[0;32mI (59) boot: Partition Table:[0m
[0;32mI (62) boot: ## Label            Usage          Type ST Offset   Length[0m
[0;32mI (69) boot:  0 nvs              WiFi data        01 02 00009000 00006000[0m
[0;32mI (77) boot:  1 phy_init         RF data          01 01 0000f000 00001000[0m
[0;32mI (84) boot:  2 factory          factory app      00 00 00010000 00177000[0m
[0;32mI (92) boot: End of partition table[0m
[0;32mI (96) esp_image: segment 0: paddr=00010020 vaddr=3f400020 size=27fa0h (163744) map[0m
[0;32mI (161) esp_image: segment 1: paddr=00037fc8 vaddr=3ff80063 size=00008h (     8) [0m
[0;32mI (161) esp_image: segment 2: paddr=00037fd8 vaddr=3ffb0000 size=04038h ( 16440) load[0m
[0;32mI (172) esp_image: segment 3: paddr=0003c018 vaddr=40080000 size=04000h ( 16384) load[0m
[0;32mI (181) esp_image: segment 4: paddr=00040020 vaddr=400d0020 size=a3a00h (670208) map[0m
[0;32mI (413) esp_image: segment 5: paddr=000e3a28 vaddr=40084000 size=1598ch ( 88460) load[0m
[0;32mI (447) esp_image: segment 6: paddr=000f93bc vaddr=400c0000 size=00064h (   100) [0m
[0;32mI (461) boot: Loaded app from partition at offset 0x10000[0m
[0;32mI (461) boot: Disabling RNG early entropy source...[0m
[0;32mI (473) cpu_start: Multicore app[0m
[0;32mI (481) cpu_start: Pro cpu start user code[0m
[0;32mI (481) cpu_start: cpu freq: 160000000 Hz[0m
[0;32mI (481) app_init: Application information:[0m
[0;32mI (484) app_init: Project name:     PIR[0m
[0;32mI (489) app_init: App version:      1[0m
[0;32mI (493) app_init: Compile time:     Oct 30 2024 22:21:37[0m
[0;32mI (499) app_init: ELF file SHA256:  f9af3bf12f870003...[0m
[0;32mI (505) app_init: ESP-IDF:          v5.3.1[0m
[0;32mI (510) efuse_init: Min chip rev:     v0.0[0m
[0;32mI (514) efuse_init: Max chip rev:     v3.99 [0m
[0;32mI (519) efuse_init: Chip rev:         v3.0[0m
[0;32mI (524) heap_init: Initializing. RAM available for dynamic allocation:[0m
[0;32mI (531) heap_init: At 3FFAE6E0 len 00001920 (6 KiB): DRAM[0m
[0;32mI (537) heap_init: At 3FFB8960 len 000276A0 (157 KiB): DRAM[0m
[0;32mI (544) heap_init: At 3FFE0440 len 00003AE0 (14 KiB): D/IRAM[0m
[0;32mI (550) heap_init: At 3FFE4350 len 0001BCB0 (111 KiB): D/IRAM[0m
[0;32mI (556) heap_init: At 4009998C len 00006674 (25 KiB): IRAM[0m
[0;32mI (564) spi_flash: detected chip: generic[0m
[0;32mI (567) spi_flash: flash io: dio[0m
[0;33mW (571) spi_flash: Detected size(4096k) larger than the size in the binary image header(2048k). Using the size in the binary image header.[0m
[0;33mW (584) i2c: This driver is an old driver, please migrate your application code to adapt `driver/i2c_master.h`[0m
[0;32mI (596) main_task: Started on CPU0[0m
[0;32mI (606) main_task: Calling app_main()[0m
[0;32mI (606) progress: [APP] Free memory: 273580 bytes[0m
[0;32mI (606) progress: [APP] IDF version: v5.3.1[0m
[0;31mE (606) i2cdev: Could not write to device [0x0b at 0]: -1 (ESP_FAIL)[0m
[0;32mI (726) gauge: Power Mode: 0x1[0m
[0;32mI (726) gauge: APA: 0x2A[0m
[0;32mI (726) gauge: Battery Profile: 0x1[0m
[0;32mI (726) gauge: Temp Mode: 0x0[0m
[0;32mI (736) gauge: Voltage: 4.24	RSOC: 100.0%[0m
[0;32mI (756) progress: Starting Wifi[0m
[0;32mI (1846) progress: Starting Clock[0m
[0;32mI (5846) progress: The current date/time in Germany is: Wed Oct 30 22:35:31 2024[0m
[0;32mI (5846) progress: Starting MQTT[0m
[0;32mI (5846) mqtt: [APP] Free memory: 225292 bytes[0m
[0;32mI (5856) mqtt: MQTT_EVENT_BEFORE_CONNECT
[0m
[0;32mI (5866) mqtt: Note free memory: 213900 bytes[0m
[0;32mI (5866) mqtt: Waiting for connection to MQTT
[0m
[0;32mI (5886) mqtt: MQTT_EVENT_CONNECTED
[0m
[0;32mI (5886) mqtt: Connected to MQTT
[0m
[0;32mI (5886) progress: Sending battery status to MQTT[0m
[0;32mI (5886) mqtt: Sent <{"sensors":[{"name":"battery","values":[{"timestamp":1730324131000, "voltage":4.2, "soc":100.0}]}]}> to topic 1/2/data[0m
[0;32mI (5906) progress: Sending PIR event to MQTT[0m
[0;32mI (5906) mqtt: Sent <{"sensors":[{"name":"PIR","values":[{"timestamp":1730324131000, "roomID":"corridor"}]}]}> to topic 1/2/data[0m
[0;31mE (5916) mqtt_client: esp_mqtt_handle_transport_read_error: transport_read(): EOF[0m
[0;31mE (5926) mqtt_client: esp_mqtt_handle_transport_read_error: transport_read() error: errno=128[0m
[0;32mI (5936) mqtt: MQTT_EVENT_ERROR
[0m
[0;31mE (5946) mqtt_client: mqtt_process_receive: mqtt_message_receive() returned -2[0m
[0;32mI (5956) mqtt: MQTT_EVENT_DISCONNECTED
[0m
[0;32mI (5956) progress: Installing wakeup[0m
[0;32mI (6956) progress: Going to sleep[0m
ets Jul 29 2019 12:21:46

rst:0x5 (DEEPSLEEP_RESET),boot:0x13 (SPI_FAST_FLASH_BOOT)
configsip: 0, SPIWP:0xee
clk_drv:0x00,q_drv:0x00,d_drv:0x00,cs0_drv:0x00,hd_drv:0x00,wp_drv:0x00
mode:DIO, clock div:2
load:0x3fff0030,len:7176
load:0x40078000,len:15564
ho 0 tail 12 room 4
load:0x40080400,len:4
load:0x40080404,len:3904
entry 0x40080640
[0;32mI (31) boot: ESP-IDF v5.3.1 2nd stage bootloader[0m
[0;32mI (31) boot: compile time Oct 30 2024 22:22:25[0m
[0;32mI (31) boot: Multicore bootloader[0m
[0;32mI (36) boot: chip revision: v3.0[0m
[0;32mI (39) boot.esp32: SPI Speed      : 40MHz[0m
[0;32mI (44) boot.esp32: SPI Mode       : DIO[0m
[0;32mI (49) boot.esp32: SPI Flash Size : 2MB[0m
[0;32mI (53) boot: Enabling RNG early entropy source...[0m
[0;32mI (59) boot: Partition Table:[0m
[0;32mI (62) boot: ## Label            Usage          Type ST Offset   Length[0m
[0;32mI (69) boot:  0 nvs              WiFi data        01 02 00009000 00006000[0m
[0;32mI (77) boot:  1 phy_init         RF data          01 01 0000f000 00001000[0m
[0;32mI (84) boot:  2 factory          factory app      00 00 00010000 00177000[0m
[0;32mI (92) boot: End of partition table[0m
[0;32mI (96) esp_image: segment 0: paddr=00010020 vaddr=3f400020 size=27fa0h (163744) map[0m
[0;32mI (161) esp_image: segment 1: paddr=00037fc8 vaddr=3ff80063 size=00008h (     8) [0m
[0;32mI (161) esp_image: segment 2: paddr=00037fd8 vaddr=3ffb0000 size=04038h ( 16440) load[0m
[0;32mI (172) esp_image: segment 3: paddr=0003c018 vaddr=40080000 size=04000h ( 16384) load[0m
[0;32mI (181) esp_image: segment 4: paddr=00040020 vaddr=400d0020 size=a3a00h (670208) map[0m
[0;32mI (413) esp_image: segment 5: paddr=000e3a28 vaddr=40084000 size=1598ch ( 88460) load[0m
[0;32mI (447) esp_image: segment 6: paddr=000f93bc vaddr=400c0000 size=00064h (   100) [0m
[0;32mI (461) boot: Loaded app from partition at offset 0x10000[0m
[0;32mI (461) boot: Disabling RNG early entropy source...[0m
[0;32mI (473) cpu_start: Multicore app[0m
[0;32mI (481) cpu_start: Pro cpu start user code[0m
[0;32mI (481) cpu_start: cpu freq: 160000000 Hz[0m
[0;32mI (481) app_init: Application information:[0m
[0;32mI (484) app_init: Project name:     PIR[0m
[0;32mI (489) app_init: App version:      1[0m
[0;32mI (493) app_init: Compile time:     Oct 30 2024 22:21:37[0m
[0;32mI (499) app_init: ELF file SHA256:  f9af3bf12f870003...[0m
[0;32mI (505) app_init: ESP-IDF:          v5.3.1[0m
[0;32mI (510) efuse_init: Min chip rev:     v0.0[0m
[0;32mI (514) efuse_init: Max chip rev:     v3.99 [0m
[0;32mI (519) efuse_init: Chip rev:         v3.0[0m
[0;32mI (524) heap_init: Initializing. RAM available for dynamic allocation:[0m
[0;32mI (531) heap_init: At 3FFAE6E0 len 00001920 (6 KiB): DRAM[0m
[0;32mI (537) heap_init: At 3FFB8960 len 000276A0 (157 KiB): DRAM[0m
[0;32mI (544) heap_init: At 3FFE0440 len 00003AE0 (14 KiB): D/IRAM[0m
[0;32mI (550) heap_init: At 3FFE4350 len 0001BCB0 (111 KiB): D/IRAM[0m
[0;32mI (556) heap_init: At 4009998C len 00006674 (25 KiB): IRAM[0m
[0;32mI (564) spi_flash: detected chip: generic[0m
[0;32mI (567) spi_flash: flash io: dio[0m
[0;33mW (571) spi_flash: Detected size(4096k) larger than the size in the binary image header(2048k). Using the size in the binary image header.[0m
[0;33mW (584) i2c: This driver is an old driver, please migrate your application code to adapt `driver/i2c_master.h`[0m
[0;32mI (596) main_task: Started on CPU0[0m
[0;32mI (606) main_task: Calling app_main()[0m
[0;32mI (606) progress: [APP] Free memory: 273580 bytes[0m
[0;32mI (606) progress: [APP] IDF version: v5.3.1[0m
[0;31mE (606) i2cdev: Could not write to device [0x0b at 0]: -1 (ESP_FAIL)[0m
[0;32mI (726) gauge: Power Mode: 0x1[0m
[0;32mI (726) gauge: APA: 0x2A[0m
[0;32mI (726) gauge: Battery Profile: 0x1[0m
[0;32mI (726) gauge: Temp Mode: 0x0[0m
[0;32mI (736) gauge: Voltage: 4.22	RSOC: 100.0%[0m
[0;32mI (756) progress: Starting Wifi[0m
[0;32mI (1866) progress: Starting Clock[0m
[0;32mI (3866) progress: The current date/time in Germany is: Wed Oct 30 22:35:44 2024[0m
[0;32mI (3866) progress: Starting MQTT[0m
[0;32mI (3866) mqtt: [APP] Free memory: 225344 bytes[0m
[0;32mI (3876) mqtt: MQTT_EVENT_BEFORE_CONNECT
[0m
[0;32mI (3876) mqtt: Note free memory: 213772 bytes[0m
[0;32mI (3886) mqtt: Waiting for connection to MQTT
[0m
[0;32mI (3946) mqtt: MQTT_EVENT_CONNECTED
[0m
[0;32mI (3946) mqtt: Connected to MQTT
[0m
[0;32mI (3946) progress: Sending battery status to MQTT[0m
[0;32mI (3956) mqtt: Sent <{"sensors":[{"name":"battery","values":[{"timestamp":1730324144000, "voltage":4.2, "soc":100.0}]}]}> to topic 1/2/data[0m
[0;32mI (3966) progress: Sending PIR event to MQTT[0m
[0;32mI (3966) mqtt: Sent <{"sensors":[{"name":"PIR","values":[{"timestamp":1730324144000, "roomID":"corridor"}]}]}> to topic 1/2/data[0m
[0;31mE (3976) mqtt_client: esp_mqtt_handle_transport_read_error: transport_read(): EOF[0m
[0;31mE (3986) mqtt_client: esp_mqtt_handle_transport_read_error: transport_read() error: errno=128[0m
[0;32mI (3996) mqtt: MQTT_EVENT_ERROR
[0m
[0;31mE (4006) mqtt_client: mqtt_process_receive: mqtt_message_receive() returned -2[0m
[0;32mI (4016) mqtt: MQTT_EVENT_DISCONNECTED
[0m
[0;32mI (4016) progress: Installing wakeup[0m
[0;32mI (4016) progress: Going to sleep[0m
ets Jul 29 2019 12:21:46

rst:0x5 (DEEPSLEEP_RESET),boot:0x13 (SPI_FAST_FLASH_BOOT)
configsip: 0, SPIWP:0xee
clk_drv:0x00,q_drv:0x00,d_drv:0x00,cs0_drv:0x00,hd_drv:0x00,wp_drv:0x00
mode:DIO, clock div:2
load:0x3fff0030,len:7176
load:0x40078000,len:15564
ho 0 tail 12 room 4
load:0x40080400,len:4
load:0x40080404,len:3904
entry 0x40080640
[0;32mI (31) boot: ESP-IDF v5.3.1 2nd stage bootloader[0m
[0;32mI (31) boot: compile time Oct 30 2024 22:22:25[0m
[0;32mI (31) boot: Multicore bootloader[0m
[0;32mI (36) boot: chip revision: v3.0[0m
[0;32mI (39) boot.esp32: SPI Speed      : 40MHz[0m
[0;32mI (44) boot.esp32: SPI Mode       : DIO[0m
[0;32mI (49) boot.esp32: SPI Flash Size : 2MB[0m
[0;32mI (53) boot: Enabling RNG early entropy source...[0m
[0;32mI (59) boot: Partition Table:[0m
[0;32mI (62) boot: ## Label            Usage          Type ST Offset   Length[0m
[0;32mI (69) boot:  0 nvs              WiFi data        01 02 00009000 00006000[0m
[0;32mI (77) boot:  1 phy_init         RF data          01 01 0000f000 00001000[0m
[0;32mI (84) boot:  2 factory          factory app      00 00 00010000 00177000[0m
[0;32mI (92) boot: End of partition table[0m
[0;32mI (96) esp_image: segment 0: paddr=00010020 vaddr=3f400020 size=27fa0h (163744) map[0m
[0;32mI (161) esp_image: segment 1: paddr=00037fc8 vaddr=3ff80063 size=00008h (     8) [0m
[0;32mI (161) esp_image: segment 2: paddr=00037fd8 vaddr=3ffb0000 size=04038h ( 16440) load[0m
[0;32mI (172) esp_image: segment 3: paddr=0003c018 vaddr=40080000 size=04000h ( 16384) load[0m
[0;32mI (181) esp_image: segment 4: paddr=00040020 vaddr=400d0020 size=a3a00h (670208) map[0m
[0;32mI (413) esp_image: segment 5: paddr=000e3a28 vaddr=40084000 size=1598ch ( 88460) load[0m
[0;32mI (447) esp_image: segment 6: paddr=000f93bc vaddr=400c0000 size=00064h (   100) [0m
[0;32mI (461) boot: Loaded app from partition at offset 0x10000[0m
[0;32mI (461) boot: Disabling RNG early entropy source...[0m
[0;32mI (473) cpu_start: Multicore app[0m
[0;32mI (481) cpu_start: Pro cpu start user code[0m
[0;32mI (481) cpu_start: cpu freq: 160000000 Hz[0m
[0;32mI (481) app_init: Application information:[0m
[0;32mI (484) app_init: Project name:     PIR[0m
[0;32mI (489) app_init: App version:      1[0m
[0;32mI (493) app_init: Compile time:     Oct 30 2024 22:21:37[0m
[0;32mI (499) app_init: ELF file SHA256:  f9af3bf12f870003...[0m
[0;32mI (505) app_init: ESP-IDF:          v5.3.1[0m
[0;32mI (510) efuse_init: Min chip rev:     v0.0[0m
[0;32mI (514) efuse_init: Max chip rev:     v3.99 [0m
[0;32mI (519) efuse_init: Chip rev:         v3.0[0m
[0;32mI (524) heap_init: Initializing. RAM available for dynamic allocation:[0m
[0;32mI (531) heap_init: At 3FFAE6E0 len 00001920 (6 KiB): DRAM[0m
[0;32mI (537) heap_init: At 3FFB8960 len 000276A0 (157 KiB): DRAM[0m
[0;32mI (544) heap_init: At 3FFE0440 len 00003AE0 (14 KiB): D/IRAM[0m
[0;32mI (550) heap_init: At 3FFE4350 len 0001BCB0 (111 KiB): D/IRAM[0m
