x1 (POWERON_RESET),boot:0x13 (SPI_FAST_FLASH_BOOT)
configsï¿½ets Jul 29 2019 12:21:46

rst:0x1 (POWERON_RESET),boot:0x13 (SPI_FAST_FLASH_BOOT)
configsip: 0, SPIWP:0xee
clk_drv:0x00,q_drv:0x00,d_drv:0x00,cs0_drv:0x00,hd_drv:0x00,wp_drv:0x00
mode:DIO, clock div:2
load:0x3fff0030,len:7176
load:0x40078000,len:15564
ho 0 tail 12 room 4
load:0x40080400,len:4
load:0x40080404,len:3904
entry 0x40080640
[0;32mI (31) boot: ESP-IDF v5.3.1 2nd stage bootloader[0m
[0;32mI (31) boot: compile time Nov  6 2024 22:14:07[0m
[0;32mI (31) boot: Multicore bootloader[0m
[0;32mI (35) boot: chip revision: v3.0[0m
[0;32mI (39) boot.esp32: SPI Speed      : 40MHz[0m
[0;32mI (44) boot.esp32: SPI Mode       : DIO[0m
[0;32mI (48) boot.esp32: SPI Flash Size : 2MB[0m
[0;32mI (53) boot: Enabling RNG early entropy source...[0m
[0;32mI (58) boot: Partition Table:[0m
[0;32mI (62) boot: ## Label            Usage          Type ST Offset   Length[0m
[0;32mI (69) boot:  0 nvs              WiFi data        01 02 00009000 00006000[0m
[0;32mI (77) boot:  1 phy_init         RF data          01 01 0000f000 00001000[0m
[0;32mI (84) boot:  2 factory          factory app      00 00 00010000 00177000[0m
[0;32mI (92) boot: End of partition table[0m
[0;32mI (96) esp_image: segment 0: paddr=00010020 vaddr=3f400020 size=27fa0h (163744) map[0m
[0;32mI (160) esp_image: segment 1: paddr=00037fc8 vaddr=3ff80063 size=00008h (     8) load[0m
[0;32mI (161) esp_image: segment 2: paddr=00037fd8 vaddr=3ffb0000 size=04038h ( 16440) load[0m
[0;32mI (172) esp_image: segment 3: paddr=0003c018 vaddr=40080000 size=04000h ( 16384) load[0m
[0;32mI (181) esp_image: segment 4: paddr=00040020 vaddr=400d0020 size=a3a00h (670208) map[0m
[0;32mI (413) esp_image: segment 5: paddr=000e3a28 vaddr=40084000 size=1598ch ( 88460) load[0m
[0;32mI (448) esp_image: segment 6: paddr=000f93bc vaddr=400c0000 size=00064h (   100) load[0m
[0;32mI (461) boot: Loaded app from partition at offset 0x10000[0m
[0;32mI (461) boot: Disabling RNG early entropy source...[0m
[0;32mI (473) cpu_start: Multicore app[0m
[0;32mI (481) cpu_start: Pro cpu start user code[0m
[0;32mI (481) cpu_start: cpu freq: 160000000 Hz[0m
[0;32mI (481) app_init: Application information:[0m
[0;32mI (484) app_init: Project name:     PIR[0m
[0;32mI (489) app_init: App version:      42bb6fe-dirty[0m
[0;32mI (494) app_init: Compile time:     Nov  6 2024 22:13:23[0m
[0;32mI (500) app_init: ELF file SHA256:  c6eb71339c1551ab...[0m
[0;32mI (506) app_init: ESP-IDF:          v5.3.1[0m
[0;32mI (511) efuse_init: Min chip rev:     v0.0[0m
[0;32mI (516) efuse_init: Max chip rev:     v3.99 [0m
[0;32mI (520) efuse_init: Chip rev:         v3.0[0m
[0;32mI (526) heap_init: Initializing. RAM available for dynamic allocation:[0m
[0;32mI (533) heap_init: At 3FFAE6E0 len 00001920 (6 KiB): DRAM[0m
[0;32mI (539) heap_init: At 3FFB8960 len 000276A0 (157 KiB): DRAM[0m
[0;32mI (545) heap_init: At 3FFE0440 len 00003AE0 (14 KiB): D/IRAM[0m
[0;32mI (551) heap_init: At 3FFE4350 len 0001BCB0 (111 KiB): D/IRAM[0m
[0;32mI (558) heap_init: At 4009998C len 00006674 (25 KiB): IRAM[0m
[0;32mI (565) spi_flash: detected chip: generic[0m
[0;32mI (568) spi_flash: flash io: dio[0m
[0;33mW (572) spi_flash: Detected size(4096k) larger than the size in the binary image header(2048k). Using the size in the binary image header.[0m
[0;33mW (586) i2c: This driver is an old driver, please migrate your application code to adapt `driver/i2c_master.h`[0m
[0;32mI (597) main_task: Started on CPU0[0m
[0;32mI (607) main_task: Calling app_main()[0m
[0;32mI (607) progress: [APP] Free memory: 273580 bytes[0m
[0;32mI (607) progress: [APP] IDF version: v5.3.1[0m
[0;31mE (637) i2cdev: Could not write to device [0x0b at 0]: 263 (ESP_ERR_TIMEOUT)[0m
[0;31mE (737) i2cdev: Could not write to device [0x0b at 0]: -1 (ESP_FAIL)[0m
[0;31mE (837) i2cdev: Could not write to device [0x0b at 0]: -1 (ESP_FAIL)[0m
[0;31mE (937) i2cdev: Could not write to device [0x0b at 0]: -1 (ESP_FAIL)[0m
[0;31mE (1037) i2cdev: Could not write to device [0x0b at 0]: -1 (ESP_FAIL)[0m
[0;31mE (1137) i2cdev: Could not write to device [0x0b at 0]: -1 (ESP_FAIL)[0m
[0;31mE (1237) i2cdev: Could not write to device [0x0b at 0]: -1 (ESP_FAIL)[0m
[0;31mE (1337) i2cdev: Could not write to device [0x0b at 0]: -1 (ESP_FAIL)[0m
[0;31mE (1437) i2cdev: Could not write to device [0x0b at 0]: -1 (ESP_FAIL)[0m
[0;31mE (1537) i2cdev: Could not write to device [0x0b at 0]: -1 (ESP_FAIL)[0m
[0;31mE (1637) i2cdev: Could not write to device [0x0b at 0]: -1 (ESP_FAIL)[0m
ESP_ERROR_CHECK failed: esp_err_t 0xffffffff (ESP_FAIL) at 0x400d94d3
file: "./main/gauge.c" line 26
func: initialize_lc709203f
expression: lc709203f_set_apa(&lc, 0x2A)

abort() was called at PC 0x4008b803 on core 0


Backtrace: 0x40081d52:0x3ffbb6a0 0x4008b80d:0x3ffbb6c0 0x40093629:0x3ffbb6e0 0x4008b803:0x3ffbb750 0x400d94d3:0x3ffbb780 0x400d9617:0x3ffbb7b0 0x400d8c2b:0x3ffbb7f0 0x40171993:0x3ffbb810 0x4008c359:0x3ffbb840




ELF file SHA256: c6eb71339c1551ab

Rebooting...
ets Jul 29 2019 12:21:46

rst:0xc (SW_CPU_RESET),boot:0x13 (SPI_FAST_FLASH_BOOT)
configsip: 0, SPIWP:0xee
clk_drv:0x00,q_drv:0x00,d_drv:0x00,cs0_drv:0x00,hd_drv:0x00,wp_drv:0x00
mode:DIO, clock div:2
load:0x3fff0030,len:7176
load:0x40078000,len:15564
ho 0 tail 12 room 4
load:0x40080400,len:4
load:0x40080404,len:3904
entry 0x40080640
[0;32mI (31) boot: ESP-IDF v5.3.1 2nd stage bootloader[0m
[0;32mI (31) boot: compile time Nov  6 2024 22:14:07[0m
[0;32mI (31) boot: Multicore bootloader[0m
[0;32mI (35) boot: chip revision: v3.0[0m
[0;32mI (39) boot.esp32: SPI Speed      : 40MHz[0m
[0;32mI (44) boot.esp32: SPI Mode       : DIO[0m
[0;32mI (48) boot.esp32: SPI Flash Size : 2MB[0m
[0;32mI (53) boot: Enabling RNG early entropy source...[0m
[0;32mI (58) boot: Partition Table:[0m
[0;32mI (62) boot: ## Label            Usage          Type ST Offset   Length[0m
[0;32mI (69) boot:  0 nvs              WiFi data        01 02 00009000 00006000[0m
[0;32mI (77) boot:  1 phy_init         RF data          01 01 0000f000 00001000[0m
[0;32mI (84) boot:  2 factory          factory app      00 00 00010000 00177000[0m
[0;32mI (92) boot: End of partition table[0m
[0;32mI (96) esp_image: segment 0: paddr=00010020 vaddr=3f400020 size=27fa0h (163744) map[0m
[0;32mI (160) esp_image: segment 1: paddr=00037fc8 vaddr=3ff80063 size=00008h (     8) load[0m
[0;32mI (161) esp_image: segment 2: paddr=00037fd8 vaddr=3ffb0000 size=04038h ( 16440) load[0m
[0;32mI (172) esp_image: segment 3: paddr=0003c018 vaddr=40080000 size=04000h ( 16384) load[0m
[0;32mI (181) esp_image: segment 4: paddr=00040020 vaddr=400d0020 size=a3a00h (670208) map[0m
[0;32mI (413) esp_image: segment 5: paddr=000e3a28 vaddr=40084000 size=1598ch ( 88460) load[0m
[0;32mI (447) esp_image: segment 6: paddr=000f93bc vaddr=400c0000 size=00064h (   100) load[0m
[0;32mI (461) boot: Loaded app from partition at offset 0x10000[0m
[0;32mI (461) boot: Disabling RNG early entropy source...[0m
[0;32mI (473) cpu_start: Multicore app[0m
[0;32mI (481) cpu_start: Pro cpu start user code[0m
[0;32mI (481) cpu_start: cpu freq: 160000000 Hz[0m
[0;32mI (481) app_init: Application information:[0m
[0;32mI (484) app_init: Project name:     PIR[0m
[0;32mI (489) app_init: App version:      42bb6fe-dirty[0m
[0;32mI (494) app_init: Compile time:     Nov  6 2024 22:13:23[0m
[0;32mI (500) app_init: ELF file SHA256:  c6eb71339c1551ab...[0m
[0;32mI (506) app_init: ESP-IDF:          v5.3.1[0m
[0;32mI (511) efuse_init: Min chip rev:     v0.0[0m
[0;32mI (515) efuse_init: Max chip rev:     v3.99 [0m
[0;32mI (520) efuse_init: Chip rev:         v3.0[0m
[0;32mI (525) heap_init: Initializing. RAM available for dynamic allocation:[0m
[0;32mI (533) heap_init: At 3FFAE6E0 len 00001920 (6 KiB): DRAM[0m
[0;32mI (538) heap_init: At 3FFB8960 len 000276A0 (157 KiB): DRAM[0m
[0;32mI (545) heap_init: At 3FFE0440 len 00003AE0 (14 KiB): D/IRAM[0m
[0;32mI (551) heap_init: At 3FFE4350 len 0001BCB0 (111 KiB): D/IRAM[0m
[0;32mI (558) heap_init: At 4009998C len 00006674 (25 KiB): IRAM[0m
[0;32mI (565) spi_flash: detected chip: generic[0m
[0;32mI (568) spi_flash: flash io: dio[0m
[0;33mW (572) spi_flash: Detected size(4096k) larger than the size in the binary image header(2048k). Using the size in the binary image header.[0m
[0;33mW (586) i2c: This driver is an old driver, please migrate your application code to adapt `driver/i2c_master.h`[0m
[0;32mI (597) main_task: Started on CPU0[0m
[0;32mI (607) main_task: Calling app_main()[0m
[0;32mI (607) progress: [APP] Free memory: 273580 bytes[0m
[0;32mI (607) progress: [APP] IDF version: v5.3.1[0m
[0;31mE (627) i2cdev: Could not write to device [0x0b at 0]: 263 (ESP_ERR_TIMEOUT)[0m
[0;31mE (727) i2cdev: Could not write to device [0x0b at 0]: -1 (ESP_FAIL)[0m
[0;31mE (827) i2cdev: Could not write to device [0x0b at 0]: -1 (ESP_FAIL)[0m
[0;31mE (927) i2cdev: Could not write to device [0x0b at 0]: -1 (ESP_FAIL)[0m
[0;31mE (1027) i2cdev: Could not write to device [0x0b at 0]: -1 (ESP_FAIL)[0m
[0;31mE (1127) i2cdev: Could not write to device [0x0b at 0]: -1 (ESP_FAIL)[0m
[0;31mE (1227) i2cdev: Could not write to device [0x0b at 0]: -1 (ESP_FAIL)[0m
[0;31mE (1327) i2cdev: Could not write to device [0x0b at 0]: -1 (ESP_FAIL)[0m
[0;31mE (1427) i2cdev: Could not write to device [0x0b at 0]: -1 (ESP_FAIL)[0m
[0;31mE (1527) i2cdev: Could not write to device [0x0b at 0]: -1 (ESP_FAIL)[0m
[0;31mE (1627) i2cdev: Could not write to device [0x0b at 0]: -1 (ESP_FAIL)[0m
ESP_ERROR_CHECK failed: esp_err_t 0xffffffff (ESP_FAIL) at 0x400d94d3
file: "./main/gauge.c" line 26
func: initialize_lc709203f
expression: lc709203f_set_apa(&lc, 0x2A)

abort() was called at PC 0x4008b803 on core 0


Backtrace: 0x40081d52:0x3ffbb6a0 0x4008b80d:0x3ffbb6c0 0x40093629:0x3ffbb6e0 0x4008b803:0x3ffbb750 0x400d94d3:0x3ffbb780 0x400d9617:0x3ffbb7b0 0x400d8c2b:0x3ffbb7f0 0x40171993:0x3ffbb810 0x4008c359:0x3ffbb840




ELF file SHA256: c6eb71339c1551ab

Rebooting...
ets Jul 29 2019 12:21:46

rst:0xc (SW_CPU_RESET),boot:0x13 (SPI_FAST_FLASH_BOOT)
configsip: 0, SPIWP:0xee
clk_drv:0x00,q_drv:0x00,d_drv:0x00,cs0_drv:0x00,hd_drv:0x00,wp_drv:0x00
mode:DIO, clock div:2
load:0x3fff0030,len:7176
load:0x40078000,len:15564
ho 0 tail 12 room 4
load:0x40080400,len:4
load:0x40080404,len:3904
entry 0x40080640
[0;32mI (31) boot: ESP-IDF v5.3.1 2nd stage bootloader[0m
[0;32mI (31) boot: compile time Nov  6 2024 22:14:07[0m
[0;32mI (31) boot: Multicore bootloader[0m
[0;32mI (35) boot: chip revision: v3.0[0m
[0;32mI (39) boot.esp32: SPI Speed      : 40MHz[0m
[0;32mI (44) boot.esp32: SPI Mode       : DIO[0m
[0;32mI (48) boot.esp32: SPI Flash Size : 2MB[0m
[0;32mI (53) boot: Enabling RNG early entropy source...[0m
[0;32mI (58) boot: Partition Table:[0m
[0;32mI (62) boot: ## Label            Usage          Type ST Offset   Length[0m
[0;32mI (69) boot:  0 nvs              WiFi data        01 02 00009000 00006000[0m
[0;32mI (77) boot:  1 phy_init         RF data          01 01 0000f000 00001000[0m
[0;32mI (84) boot:  2 factory          factory app      00 00 00010000 00177000[0m
[0;32mI (92) boot: End of partition table[0m
[0;32mI (96) esp_image: segment 0: paddr=00010020 vaddr=3f400020 size=27fa0h (163744) map[0m
[0;32mI (160) esp_image: segment 1: paddr=00037fc8 vaddr=3ff80063 size=00008h (     8) load[0m
[0;32mI (161) esp_image: segment 2: paddr=00037fd8 vaddr=3ffb0000 size=04038h ( 16440) load[0m
[0;32mI (172) esp_image: segment 3: paddr=0003c018 vaddr=40080000 size=04000h ( 16384) load[0m
[0;32mI (181) esp_image: segment 4: paddr=00040020 vaddr=400d0020 size=a3a00h (670208) map[0m
[0;32mI (413) esp_image: segment 5: paddr=000e3a28 vaddr=40084000 size=1598ch ( 88460) load[0m
[0;32mI (447) esp_image: segment 6: paddr=000f93bc vaddr=400c0000 size=00064h (   100) load[0m
[0;32mI (461) boot: Loaded app from partition at offset 0x10000[0m
[0;32mI (461) boot: Disabling RNG early entropy source...[0m
[0;32mI (473) cpu_start: Multicore app[0m
[0;32mI (481) cpu_start: Pro cpu start user code[0m
[0;32mI (481) cpu_start: cpu freq: 160000000 Hz[0m
[0;32mI (481) app_init: Application information:[0m
[0;32mI (484) app_init: Project name:     PIR[0m
[0;32mI (489) app_init: App version:      42bb6fe-dirty[0m
[0;32mI (494) app_init: Compile time:     Nov  6 2024 22:13:23[0m
[0;32mI (500) app_init: ELF file SHA256:  c6eb71339c1551ab...[0m
[0;32mI (506) app_init: ESP-IDF:          v5.3.1[0m
[0;32mI (511) efuse_init: Min chip rev:     v0.0[0m
[0;32mI (515) efuse_init: Max chip rev:     v3.99 [0m
[0;32mI (520) efuse_init: Chip rev:         v3.0[0m
[0;32mI (525) heap_init: Initializing. RAM available for dynamic allocation:[0m
[0;32mI (533) heap_init: At 3FFAE6E0 len 00001920 (6 KiB): DRAM[0m
[0;32mI (538) heap_init: At 3FFB8960 len 000276A0 (157 KiB): DRAM[0m
[0;32mI (545) heap_init: At 3FFE0440 len 00003AE0 (14 KiB): D/IRAM[0m
[0;32mI (551) heap_init: At 3FFE4350 len 0001BCB0 (111 KiB): D/IRAM[0m
[0;32mI (558) heap_init: At 4009998C len 00006674 (25 KiB): IRAM[0m
[0;32mI (565) spi_flash: detected chip: generic[0m
[0;32mI (568) spi_flash: flash io: dio[0m
[0;33mW (572) spi_flash: Detected size(4096k) larger than the size in the binary image header(2048k). Using the size in the binary image header.[0m
[0;33mW (586) i2c: This driver is an old driver, please migrate your application code to adapt `driver/i2c_master.h`[0m
[0;32mI (597) main_task: Started on CPU0[0m
[0;32mI (607) main_task: Calling app_main()[0m
[0;32mI (607) progress: [APP] Free memory: 273580 bytes[0m
[0;32mI (607) progress: [APP] IDF version: v5.3.1[0m
[0;31mE (627) i2cdev: Could not write to device [0x0b at 0]: 263 (ESP_ERR_TIMEOUT)[0m
[0;31mE (727) i2cdev: Could not write to device [0x0b at 0]: -1 (ESP_FAIL)[0m
[0;31mE (827) i2cdev: Could not write to device [0x0b at 0]: -1 (ESP_FAIL)[0m
[0;31mE (927) i2cdev: Could not write to device [0x0b at 0]: -1 (ESP_FAIL)[0m
[0;31mE (1027) i2cdev: Could not write to device [0x0b at 0]: -1 (ESP_FAIL)[0m
[0;31mE (1127) i2cdev: Could not write to device [0x0b at 0]: -1 (ESP_FAIL)[0m
[0;31mE (1227) i2cdev: Could not write to device [0x0b at 0]: -1 (ESP_FAIL)[0m
[0;31mE (1327) i2cdev: Could not write to device [0x0b at 0]: -1 (ESP_FAIL)[0m
[0;31mE (1427) i2cdev: Could not write to device [0x0b at 0]: -1 (ESP_FAIL)[0m
[0;31mE (1527) i2cdev: Could not write to device [0x0b at 0]: -1 (ESP_FAIL)[0m
[0;31mE (1627) i2cdev: Could not write to device [0x0b at 0]: -1 (ESP_FAIL)[0m
ESP_ERROR_CHECK failed: esp_err_t 0xffffffff (ESP_FAIL) at 0x400d94d3
file: "./main/gauge.c" line 26
func: initialize_lc709203f
expression: lc709203f_set_apa(&lc, 0x2A)

abort() was called at PC 0x4008b803 on core 0


Backtrace: 0x40081d52:0x3ffbb6a0 0x4008b80d:0x3ffbb6c0 0x40093629:0x3ffbb6e0 0x4008b803:0x3ffbb750 0x400d94d3:0x3ffbb780 0x400d9617:0x3ffbb7b0 0x400d8c2b:0x3ffbb7f0 0x40171993:0x3ffbb810 0x4008c359:0x3ffbb840




ELF file SHA256: c6eb71339c1551ab

Rebooting...
ets Jul 29 2019 12:21:46

rst:0xc (SW_CPU_RESET),boot:0x13 (SPI_FAST_FLASH_BOOT)
configsip: 0, SPIWP:0xee
clk_drv:0x00,q_drv:0x00,d_drv:0x00,cs0_drv:0x00,hd_drv:0x00,wp_drv:0x00
mode:DIO, clock div:2
load:0x3fff0030,len:7176
load:0x40078000,len:15564
ho 0 tail 12 room 4
load:0x40080400,len:4
load:0x40080404,len:3904
entry 0x40080640
[0;32mI (31) boot: ESP-IDF v5.3.1 2nd stage bootloader[0m
[0;32mI (31) boot: compile time Nov  6 2024 22:14:07[0m
[0;32mI (31) boot: Multicore bootloader[0m
[0;32mI (35) boot: chip revision: v3.0[0m
[0;32mI (39) boot.esp32: SPI Speed      : 40MHz[0m
[0;32mI (44) boot.esp32: SPI Mode       : DIO[0m
[0;32mI (48) boot.esp32: SPI Flash Size : 2MB[0m
[0;32mI (53) boot: Enabling RNG early entropy source...[0m
[0;32mI (58) boot: Partition Table:[0m
[0;32mI (62) boot: ## Label            Usage          Type ST Offset   Length[0m
[0;32mI (69) boot:  0 nvs              WiFi data        01 02 00009000 00006000[0m
[0;32mI (77) boot:  1 phy_init         RF data          01 01 0000f000 00001000[0m
[0;32mI (84) boot:  2 factory          factory app      00 00 00010000 00177000[0m
[0;32mI (92) boot: End of partition table[0m
[0;32mI (96) esp_image: segment 0: paddr=00010020 vaddr=3f400020 size=27fa0h (163744) map[0m
[0;32mI (160) esp_image: segment 1: paddr=00037fc8 vaddr=3ff80063 size=00008h (     8) load[0m
[0;32mI (161) esp_image: segment 2: paddr=00037fd8 vaddr=3ffb0000 size=04038h ( 16440) load[0m
[0;32mI (172) esp_image: segment 3: paddr=0003c018 vaddr=40080000 size=04000h ( 16384) load[0m
[0;32mI (181) esp_image: segment 4: paddr=00040020 vaddr=400d0020 size=a3a00h (670208) map[0m
[0;32mI (413) esp_image: segment 5: paddr=000e3a28 vaddr=40084000 size=1598ch ( 88460) load[0m
[0;32mI (447) esp_image: segment 6: paddr=000f93bc vaddr=400c0000 size=00064h (   100) load[0m
[0;32mI (461) boot: Loaded app from partition at offset 0x10000[0m
[0;32mI (461) boot: Disabling RNG early entropy source...[0m
[0;32mI (473) cpu_start: Multicore app[0m
[0;32mI (481) cpu_start: Pro cpu start user code[0m
[0;32mI (481) cpu_start: cpu freq: 160000000 Hz[0m
[0;32mI (481) app_init: Application information:[0m
[0;32mI (484) app_init: Project name:     PIR[0m
[0;32mI (489) app_init: App version:      42bb6fe-dirty[0m
[0;32mI (494) app_init: Compile time:     Nov  6 2024 22:13:23[0m
[0;32mI (500) app_init: ELF file SHA256:  c6eb71339c1551ab...[0m
[0;32mI (506) app_init: ESP-IDF:          v5.3.1[0m
[0;32mI (511) efuse_init: Min chip rev:     v0.0[0m
[0;32mI (515) efuse_init: Max chip rev:     v3.99 [0m
[0;32mI (520) efuse_init: Chip rev:         v3.0[0m
[0;32mI (525) heap_init: Initializing. RAM available for dynamic allocation:[0m
[0;32mI (533) heap_init: At 3FFAE6E0 len 00001920 (6 KiB): DRAM[0m
[0;32mI (538) heap_init: At 3FFB8960 len 000276A0 (157 KiB): DRAM[0m
[0;32mI (545) heap_init: At 3FFE0440 len 00003AE0 (14 KiB): D/IRAM[0m
[0;32mI (551) heap_init: At 3FFE4350 len 0001BCB0 (111 KiB): D/IRAM[0m
[0;32mI (558) heap_init: At 4009998C len 00006674 (25 KiB): IRAM[0m
[0;32mI (565) spi_flash: detected chip: generic[0m
[0;32mI (568) spi_flash: flash io: dio[0m
[0;33mW (572) spi_flash: Detected size(4096k) larger than the size in the binary image header(2048k). Using the size in the binary image header.[0m
[0;33mW (586) i2c: This driver is an old driver, please migrate your application code to adapt `driver/i2c_master.h`[0m
[0;32mI (597) main_task: Started on CPU0[0m
[0;32mI (607) main_task: Calling app_main()[0m
[0;32mI (607) progress: [APP] Free memory: 273580 bytes[0m
[0;32mI (607) progress: [APP] IDF version: v5.3.1[0m
[0;31mE (627) i2cdev: Could not write to device [0x0b at 0]: 263 (ESP_ERR_TIMEOUT)[0m
[0;31mE (727) i2cdev: Could not write to device [0x0b at 0]: -1 (ESP_FAIL)[0m
[0;31mE (827) i2cdev: Could not write to device [0x0b at 0]: -1 (ESP_FAIL)[0m
[0;31mE (927) i2cdev: Could not write to device [0x0b at 0]: -1 (ESP_FAIL)[0m
[0;31mE (1027) i2cdev: Could not write to device [0x0b at 0]: -1 (ESP_FAIL)[0m
[0;31mE (1127) i2cdev: Could not write to device [0x0b at 0]: -1 (ESP_FAIL)[0m
[0;31mE (1227) i2cdev: Could not write to device [0x0b at 0]: -1 (ESP_FAIL)[0m
[0;31mE (1327) i2cdev: Could not write to device [0x0b at 0]: -1 (ESP_FAIL)[0m
[0;31mE (1427) i2cdev: Could not write to device [0x0b at 0]: -1 (ESP_FAIL)[0m
[0;31mE (1527) i2cdev: Could not write to device [0x0b at 0]: -1 (ESP_FAIL)[0m
[0;31mE (1627) i2cdev: Could not write to device [0x0b at 0]: -1 (ESP_FAIL)[0m
ESP_ERROR_CHECK failed: esp_err_t 0xffffffff (ESP_FAIL) at 0x400d94d3
file: "./main/gauge.c" line 26
func: initialize_lc709203f
expression: lc709203f_set_apa(&lc, 0x2A)

abort() was called at PC 0x4008b803 on core 0


Backtrace: 0x40081d52:0x3ffbb6a0 0x4008b80d:0x3ffbb6c0 0x40093629:0x3ffbb6e0 0x4008b803:0x3ffbb750 0x400d94d3:0x3ffbb780 0x400d9617:0x3ffbb7b0 0x400d8c2b:0x3ffbb7f0 0x40171993:0x3ffbb810 0x4008c359:0x3ffbb840




ELF file SHA256: c6eb71339c1551ab

Rebooting...
ets Jul 29 2019 12:21:46

rst:0xc (SW_CPU_RESET),boot:0x13 (SPI_FAST_FLASH_BOOT)
configsip: 0, SPIWP:0xee
clk_drv:0x00,q_drv:0x00,d_drv:0x00,cs0_drv:0x00,hd_drv:0x00,wp_drv:0x00
mode:DIO, clock div:2
load:0x3fff0030,len:7176
load:0x40078000,len:15564
ho 0 tail 12 room 4
load:0x40080400,len:4
load:0x40080404,len:3904
entry 0x40080640
[0;32mI (31) boot: ESP-IDF v5.3.1 2nd stage bootloader[0m
[0;32mI (31) boot: compile time Nov  6 2024 22:14:07[0m
[0;32mI (31) boot: Multicore bootloader[0m
[0;32mI (35) boot: chip revision: v3.0[0m
[0;32mI (39) boot.esp32: SPI Speed      : 40MHz[0m
[0;32mI (44) boot.esp32: SPI Mode       : DIO[0m
[0;32mI (48) boot.esp32: SPI Flash Size : 2MB[0m
[0;32mI (53) boot: Enabling RNG early entropy source...[0m
[0;32mI (58) boot: Partition Table:[0m
[0;32mI (62) boot: ## Label            Usage          Type ST Offset   Length[0m
[0;32mI (69) boot:  0 nvs              WiFi data        01 02 00009000 00006000[0m
[0;32mI (77) boot:  1 phy_init         RF data          01 01 0000f000 00001000[0m
[0;32mI (84) boot:  2 factory          factory app      00 00 00010000 00177000[0m
[0;32mI (92) boot: End of partition table[0m
[0;32mI (96) esp_image: segment 0: paddr=00010020 vaddr=3f400020 size=27fa0h (163744) map[0m
[0;32mI (160) esp_image: segment 1: paddr=00037fc8 vaddr=3ff80063 size=00008h (     8) load[0m
[0;32mI (161) esp_image: segment 2: paddr=00037fd8 vaddr=3ffb0000 size=04038h ( 16440) load[0m
[0;32mI (172) esp_image: segment 3: paddr=0003c018 vaddr=40080000 size=04000h ( 16384) load[0m
[0;32mI (181) esp_image: segment 4: paddr=00040020 vaddr=400d0020 size=a3a00h (670208) map[0m
[0;32mI (413) esp_image: segment 5: paddr=000e3a28 vaddr=40084000 size=1598ch ( 88460) load[0m
[0;32mI (447) esp_image: segment 6: paddr=000f93bc vaddr=400c0000 size=00064h (   100) load[0m
[0;32mI (461) boot: Loaded app from partition at offset 0x10000[0m
[0;32mI (461) boot: Disabling RNG early entropy source...[0m
[0;32mI (473) cpu_start: Multicore app[0m
[0;32mI (481) cpu_start: Pro cpu start user code[0m
[0;32mI (481) cpu_start: cpu freq: 160000000 Hz[0m
[0;32mI (481) app_init: Application information:[0m
[0;32mI (484) app_init: Project name:     PIR[0m
[0;32mI (489) app_init: App version:      42bb6fe-dirty[0m
[0;32mI (494) app_init: Compile time:     Nov  6 2024 22:13:23[0m
[0;32mI (500) app_init: ELF file SHA256:  c6eb71339c1551ab...[0m
[0;32mI (506) app_init: ESP-IDF:          v5.3.1[0m
[0;32mI (511) efuse_init: Min chip rev:     v0.0[0m
[0;32mI (515) efuse_init: Max chip rev:     v3.99 [0m
[0;32mI (520) efuse_init: Chip rev:         v3.0[0m
[0;32mI (525) heap_init: Initializing. RAM available for dynamic allocation:[0m
[0;32mI (533) heap_init: At 3FFAE6E0 len 00001920 (6 KiB): DRAM[0m
[0;32mI (538) heap_init: At 3FFB8960 len 000276A0 (157 KiB): DRAM[0m
[0;32mI (545) heap_init: At 3FFE0440 len 00003AE0 (14 KiB): D/IRAM[0m
[0;32mI (551) heap_init: At 3FFE4350 len 0001BCB0 (111 KiB): D/IRAM[0m
[0;32mI (558) heap_init: At 4009998C len 00006674 (25 KiB): IRAM[0m
[0;32mI (565) spi_flash: detected chip: generic[0m
[0;32mI (568) spi_flash: flash io: dio[0m
[0;33mW (572) spi_flash: Detected size(4096k) larger than the size in the binary image header(2048k). Using the size in the binary image header.[0m
[0;33mW (586) i2c: This driver is an old driver, please migrate your application code to adapt `driver/i2c_master.h`[0m
[0;32mI (597) main_task: Started on CPU0[0m
[0;32mI (607) main_task: Calling app_main()[0m
[0;32mI (607) progress: [APP] Free memory: 273580 bytes[0m
[0;32mI (607) progress: [APP] IDF version: v5.3.1[0m
[0;31mE (627) i2cdev: Could not write to device [0x0b at 0]: 263 (ESP_ERR_TIMEOUT)[0m
[0;31mE (727) i2cdev: Could not write to device [0x0b at 0]: -1 (ESP_FAIL)[0m
[0;31mE (827) i2cdev: Could not write to device [0x0b at 0]: -1 (ESP_FAIL)[0m
[0;31mE (927) i2cdev: Could not write to device [0x0b at 0]: -1 (ESP_FAIL)[0m
[0;31mE (1027) i2cdev: Could not write to device [0x0b at 0]: -1 (ESP_FAIL)[0m
[0;31mE (1127) i2cdev: Could not write to device [0x0b at 0]: -1 (ESP_FAIL)[0m
[0;31mE (1227) i2cdev: Could not write to device [0x0b at 0]: -1 (ESP_FAIL)[0m
[0;31mE (1327) i2cdev: Could not write to device [0x0b at 0]: -1 (ESP_FAIL)[0m
[0;31mE (1427) i2cdev: Could not write to device [0x0b at 0]: -1 (ESP_FAIL)[0m
[0;31mE (1527) i2cdev: Could not write to device [0x0b at 0]: -1 (ESP_FAIL)[0m
[0;31mE (1627) i2cdev: Could not write to device [0x0b at 0]: -1 (ESP_FAIL)[0m
ESP_ERROR_CHECK failed: esp_err_t 0xffffffff (ESP_FAIL) at 0x400d94d3
file: "./main/gauge.c" line 26
func: initialize_lc709203f
expression: lc709203f_set_apa(&lc, 0x2A)

abort() was called at PC 0x4008b803 on core 0


Backtrace: 0x40081d52:0x3ffbb6a0 0x4008b80d:0x3ffbb6c0 0x40093629:0x3ffbb6e0 0x4008b803:0x3ffbb750 0x400d94d3:0x3ffbb780 0x400d9617:0x3ffbb7b0 0x400d8c2b:0x3ffbb7f0 0x40171993:0x3ffbb810 0x4008c359:0x3ffbb840




ELF file SHA256: c6eb71339c1551ab

Rebooting...
ets Jul 29 2019 12:21:46

rst:0xc (SW_CPU_RESET),boot:0x13 (SPI_FAST_FLASH_BOOT)
configsip: 0, SPIWP:0xee
clk_drv:0x00,q_drv:0x00,d_drv:0x00,cs0_drv:0x00,hd_drv:0x00,wp_drv:0x00
mode:DIO, clock div:2
load:0x3fff0030,len:7176
load:0x40078000,len:15564
ho 0 tail 12 room 4
load:0x40080400,len:4
load:0x40080404,len:3904
entry 0x40080640
[0;32mI (31) boot: ESP-IDF v5.3.1 2nd stage bootloader[0m
[0;32mI (31) boot: compile time Nov  6 2024 22:14:07[0m
[0;32mI (31) boot: Multicore bootloader[0m
[0;32mI (35) boot: chip revision: v3.0[0m
[0;32mI (39) boot.esp32: SPI Speed      : 40MHz[0m
[0;32mI (44) boot.esp32: SPI Mode       : DIO[0m
[0;32mI (48) boot.esp32: SPI Flash Size : 2MB[0m
[0;32mI (53) boot: Enabling RNG early entropy source...[0m
[0;32mI (58) boot: Partition Table:[0m
[0;32mI (62) boot: ## Label            Usage          Type ST Offset   Length[0m
[0;32mI (69) boot:  0 nvs              WiFi data        01 02 00009000 00006000[0m
[0;32mI (77) boot:  1 phy_init         RF data          01 01 0000f000 00001000[0m
[0;32mI (84) boot:  2 factory          factory app      00 00 00010000 00177000[0m
[0;32mI (92) boot: End of partition table[0m
[0;32mI (96) esp_image: segment 0: paddr=00010020 vaddr=3f400020 size=27fa0h (163744) map[0m
[0;32mI (160) esp_image: segment 1: paddr=00037fc8 vaddr=3ff80063 size=00008h (     8) load[0m
[0;32mI (161) esp_image: segment 2: paddr=00037fd8 vaddr=3ffb0000 size=04038h ( 16440) load[0m
[0;32mI (172) esp_image: segment 3: paddr=0003c018 vaddr=40080000 size=04000h ( 16384) load[0m
[0;32mI (181) esp_image: segment 4: paddr=00040020 vaddr=400d0020 size=a3a00h (670208) map[0m
[0;32mI (413) esp_image: segment 5: paddr=000e3a28 vaddr=40084000 size=1598ch ( 88460) load[0m
[0;32mI (447) esp_image: segment 6: paddr=000f93bc vaddr=400c0000 size=00064h (   100) load[0m
[0;32mI (461) boot: Loaded app from partition at offset 0x10000[0m
[0;32mI (461) boot: Disabling RNG early entropy source...[0m
[0;32mI (473) cpu_start: Multicore app[0m
[0;32mI (481) cpu_start: Pro cpu start user code[0m
[0;32mI (481) cpu_start: cpu freq: 160000000 Hz[0m
[0;32mI (481) app_init: Application information:[0m
[0;32mI (484) app_init: Project name:     PIR[0m
[0;32mI (489) app_init: App version:      42bb6fe-dirty[0m
[0;32mI (494) app_init: Compile time:     Nov  6 2024 22:13:23[0m
[0;32mI (500) app_init: ELF file SHA256:  c6eb71339c1551ab...[0m
[0;32mI (506) app_init: ESP-IDF:          v5.3.1[0m
[0;32mI (511) efuse_init: Min chip rev:     v0.0[0m
[0;32mI (515) efuse_init: Max chip rev:     v3.99 [0m
[0;32mI (520) efuse_init: Chip rev:         v3.0[0m
[0;32mI (525) heap_init: Initializing. RAM available for dynamic allocation:[0m
[0;32mI (533) heap_init: At 3FFAE6E0 len 00001920 (6 KiB): DRAM[0m
[0;32mI (538) heap_init: At 3FFB8960 len 000276A0 (157 KiB): DRAM[0m
[0;32mI (545) heap_init: At 3FFE0440 len 00003AE0 (14 KiB): D/IRAM[0m
[0;32mI (551) heap_init: At 3FFE4350 len 0001BCB0 (111 KiB): D/IRAM[0m
[0;32mI (558) heap_init: At 4009998C len 00006674 (25 KiB): IRAM[0m
[0;32mI (565) spi_flash: detected chip: generic[0m
[0;32mI (568) spi_flash: flash io: dio[0m
[0;33mW (572) spi_flash: Detected size(4096k) larger than the size in the binary image header(2048k). Using the size in the binary image header.[0m
[0;33mW (586) i2c: This driver is an old driver, please migrate your application code to adapt `driver/i2c_master.h`[0m
[0;32mI (597) main_task: Started on CPU0[0m
[0;32mI (607) main_task: Calling app_main()[0m
[0;32mI (607) progress: [APP] Free memory: 273580 bytes[0m
[0;32mI (607) progress: [APP] IDF version: v5.3.1[0m
[0;31mE (637) i2cdev: Could not write to device [0x0b at 0]: 263 (ESP_ERR_TIMEOUT)[0m
[0;31mE (737) i2cdev: Could not write to device [0x0b at 0]: -1 (ESP_FAIL)[0m
[0;31mE (837) i2cdev: Could not write to device [0x0b at 0]: -1 (ESP_FAIL)[0m
[0;31mE (937) i2cdev: Could not write to device [0x0b at 0]: -1 (ESP_FAIL)[0m
[0;31mE (1037) i2cdev: Could not write to device [0x0b at 0]: -1 (ESP_FAIL)[0m
[0;31mE (1137) i2cdev: Could not write to device [0x0b at 0]: -1 (ESP_FAIL)[0m
[0;31mE (1237) i2cdev: Could not write to device [0x0b at 0]: -1 (ESP_FAIL)[0m
[0;31mE (1337) i2cdev: Could not write to device [0x0b at 0]: -1 (ESP_FAIL)[0m
