ets Jul 29 2019 12:21:46

rst:ï¿½ets Jul 29 2019 12:21:46

rst:0x1 (POWERON_RESET),boot:0x13 (SPI_FAST_FLASH_BOOT)
configsip: 0, SPIWP:0xee
clk_drv:0x00,q_drv:0x00,d_drv:0x00,cs0_drv:0x00,hd_drv:0x00,wp_drv:0x00
mode:DIO, clock div:2
load:0x3fff0030,len:7176
load:0x40078000,len:15564
ho 0 tail 12 room 4
load:0x40080400,len:4
load:0x40080404,len:3904
entry 0x40080640
[0;32mI (31) boot: ESP-IDF v5.3.1 2nd stage bootloader[0m
[0;32mI (31) boot: compile time Nov 21 2024 01:27:28[0m
[0;32mI (31) boot: Multicore bootloader[0m
[0;32mI (35) boot: chip revision: v3.0[0m
[0;32mI (39) boot.esp32: SPI Speed      : 40MHz[0m
[0;32mI (44) boot.esp32: SPI Mode       : DIO[0m
[0;32mI (48) boot.esp32: SPI Flash Size : 2MB[0m
[0;32mI (53) boot: Enabling RNG early entropy source...[0m
[0;32mI (58) boot: Partition Table:[0m
[0;32mI (62) boot: ## Label            Usage          Type ST Offset   Length[0m
[0;32mI (69) boot:  0 nvs              WiFi data        01 02 00009000 00006000[0m
[0;32mI (77) boot:  1 phy_init         RF data          01 01 0000f000 00001000[0m
[0;32mI (84) boot:  2 factory          factory app      00 00 00010000 00177000[0m
[0;32mI (92) boot: End of partition table[0m
[0;32mI (96) esp_image: segment 0: paddr=00010020 vaddr=3f400020 size=28980h (166272) map[0m
[0;32mI (161) esp_image: segment 1: paddr=000389a8 vaddr=3ff80301 size=00008h (     8) load[0m
[0;32mI (162) esp_image: segment 2: paddr=000389b8 vaddr=3ffb0000 size=04038h ( 16440) load[0m
[0;32mI (173) esp_image: segment 3: paddr=0003c9f8 vaddr=40080000 size=03620h ( 13856) load[0m
[0;32mI (181) esp_image: segment 4: paddr=00040020 vaddr=400d0020 size=a40dch (671964) map[0m
[0;32mI (414) esp_image: segment 5: paddr=000e4104 vaddr=40083620 size=1636ch ( 90988) load[0m
[0;32mI (450) esp_image: segment 6: paddr=000fa478 vaddr=400c0000 size=00304h (   772) load[0m
[0;32mI (451) esp_image: segment 7: paddr=000fa784 vaddr=50000000 size=0081ch (  2076) load[0m
[0;32mI (470) boot: Loaded app from partition at offset 0x10000[0m
[0;32mI (470) boot: Disabling RNG early entropy source...[0m
[0;32mI (482) cpu_start: Multicore app[0m
[0;32mI (491) cpu_start: Pro cpu start user code[0m
[0;32mI (491) cpu_start: cpu freq: 160000000 Hz[0m
[0;32mI (491) app_init: Application information:[0m
[0;32mI (494) app_init: Project name:     PIR[0m
[0;32mI (498) app_init: App version:      42bb6fe-dirty[0m
[0;32mI (504) app_init: Compile time:     Nov 21 2024 01:27:13[0m
[0;32mI (510) app_init: ELF file SHA256:  b4380d8e315816e2...[0m
[0;32mI (515) app_init: ESP-IDF:          v5.3.1[0m
[0;32mI (520) efuse_init: Min chip rev:     v0.0[0m
[0;32mI (525) efuse_init: Max chip rev:     v3.99 [0m
[0;32mI (530) efuse_init: Chip rev:         v3.0[0m
[0;32mI (535) heap_init: Initializing. RAM available for dynamic allocation:[0m
[0;32mI (542) heap_init: At 3FFAE6E0 len 00001920 (6 KiB): DRAM[0m
[0;32mI (548) heap_init: At 3FFB8970 len 00027690 (157 KiB): DRAM[0m
[0;32mI (554) heap_init: At 3FFE0440 len 00003AE0 (14 KiB): D/IRAM[0m
[0;32mI (561) heap_init: At 3FFE4350 len 0001BCB0 (111 KiB): D/IRAM[0m
[0;32mI (567) heap_init: At 4009998C len 00006674 (25 KiB): IRAM[0m
[0;32mI (575) spi_flash: detected chip: generic[0m
[0;32mI (578) spi_flash: flash io: dio[0m
[0;33mW (582) spi_flash: Detected size(4096k) larger than the size in the binary image header(2048k). Using the size in the binary image header.[0m
[0;33mW (595) i2c: This driver is an old driver, please migrate your application code to adapt `driver/i2c_master.h`[0m
[0;32mI (607) main_task: Started on CPU0[0m
[0;32mI (617) main_task: Calling app_main()[0m
!!!!Current MAC address: EC:62:60:BC:E8:20
BATH ESP.
[0;32mI (627) gauge: Power Mode: 0x1[0m
[0;32mI (627) gauge: APA: 0x2A[0m
[0;32mI (627) gauge: Battery Profile: 0x1[0m
[0;32mI (637) gauge: Temp Mode: 0x0[0m
[0;32mI (637) gauge: Voltage: 4.01	RSOC: 79.0%[0m
[0;32mI (637) progress: [APP] Free memory: 272740 bytes[0m
[0;32mI (647) progress: [APP] IDF version: v5.3.1[0m
[0;32mI (677) progress: Starting Wifi[0m
[0;32mI (1817) progress: Starting Clock[0m
[0;32mI (5817) progress: The current date/time in Germany is: Mon Nov 25 03:10:47 2024[0m
[0;32mI (5817) progress: Starting MQTT[0m
[0;32mI (5817) mqtt: [APP] Free memory: 224984 bytes[0m
[0;32mI (5827) mqtt: MQTT_EVENT_BEFORE_CONNECT
[0m
[0;32mI (5837) mqtt: Note free memory: 213608 bytes[0m
[0;32mI (5837) mqtt: Waiting for connection to MQTT
[0m
[0;32mI (7037) mqtt: MQTT_EVENT_CONNECTED
[0m
[0;32mI (7037) mqtt: Connected to MQTT
[0m
[0;32mI (7037) progress: Wake count: 1[0m
[0;32mI (7037) progress: Going to sleep[0m
ets Jul 29 2019 12:21:46

rst:0x5 (DEEPSLEEP_RESET),boot:0x13 (SPI_FAST_FLASH_BOOT)
Wakeup Stub Executed
[0;32mWakeup Cause: 1[0m
[0;32mCurrent Timestamp: 19527694, Last Timestamp: 0[0m
[0;32mStored event at position 0[0m
[0;32mPrinting stored events...[0m
[0;32mEvent 0: Timestamp: 19527694, Sensor ID: 0[0m
configsip: 0, SPIWP:0xee
clk_drv:0x00,q_drv:0x00,d_drv:0x00,cs0_drv:0x00,hd_drv:0x00,wp_drv:0x00
mode:DIO, clock div:2
load:0x3fff0030,len:7176
load:0x40078000,len:15564
ho 0 tail 12 room 4
load:0x40080400,len:4
load:0x40080404,len:3904
entry 0x40080640
[0;32mI (63) boot: ESP-IDF v5.3.1 2nd stage bootloader[0m
[0;32mI (63) boot: compile time Nov 21 2024 01:27:28[0m
[0;32mI (63) boot: Multicore bootloader[0m
[0;32mI (68) boot: chip revision: v3.0[0m
[0;32mI (71) boot.esp32: SPI Speed      : 40MHz[0m
[0;32mI (76) boot.esp32: SPI Mode       : DIO[0m
[0;32mI (81) boot.esp32: SPI Flash Size : 2MB[0m
[0;32mI (85) boot: Enabling RNG early entropy source...[0m
[0;32mI (91) boot: Partition Table:[0m
[0;32mI (94) boot: ## Label            Usage          Type ST Offset   Length[0m
[0;32mI (101) boot:  0 nvs              WiFi data        01 02 00009000 00006000[0m
[0;32mI (109) boot:  1 phy_init         RF data          01 01 0000f000 00001000[0m
[0;32mI (117) boot:  2 factory          factory app      00 00 00010000 00177000[0m
[0;32mI (124) boot: End of partition table[0m
[0;32mI (128) esp_image: segment 0: paddr=00010020 vaddr=3f400020 size=28980h (166272) map[0m
[0;32mI (194) esp_image: segment 1: paddr=000389a8 vaddr=3ff80301 size=00008h (     8) [0m
[0;32mI (194) esp_image: segment 2: paddr=000389b8 vaddr=3ffb0000 size=04038h ( 16440) load[0m
[0;32mI (205) esp_image: segment 3: paddr=0003c9f8 vaddr=40080000 size=03620h ( 13856) load[0m
[0;32mI (213) esp_image: segment 4: paddr=00040020 vaddr=400d0020 size=a40dch (671964) map[0m
[0;32mI (447) esp_image: segment 5: paddr=000e4104 vaddr=40083620 size=1636ch ( 90988) load[0m
[0;32mI (482) esp_image: segment 6: paddr=000fa478 vaddr=400c0000 size=00304h (   772) [0m
[0;32mI (483) esp_image: segment 7: paddr=000fa784 vaddr=50000000 size=0081ch (  2076) [0m
[0;32mI (501) boot: Loaded app from partition at offset 0x10000[0m
[0;32mI (501) boot: Disabling RNG early entropy source...[0m
[0;32mI (513) cpu_start: Multicore app[0m
[0;32mI (522) cpu_start: Pro cpu start user code[0m
[0;32mI (522) cpu_start: cpu freq: 160000000 Hz[0m
[0;32mI (522) app_init: Application information:[0m
[0;32mI (525) app_init: Project name:     PIR[0m
[0;32mI (529) app_init: App version:      42bb6fe-dirty[0m
[0;32mI (534) app_init: Compile time:     Nov 21 2024 01:27:13[0m
[0;32mI (540) app_init: ELF file SHA256:  b4380d8e315816e2...[0m
[0;32mI (546) app_init: ESP-IDF:          v5.3.1[0m
[0;32mI (551) efuse_init: Min chip rev:     v0.0[0m
[0;32mI (556) efuse_init: Max chip rev:     v3.99 [0m
[0;32mI (561) efuse_init: Chip rev:         v3.0[0m
[0;32mI (566) heap_init: Initializing. RAM available for dynamic allocation:[0m
[0;32mI (573) heap_init: At 3FFAE6E0 len 00001920 (6 KiB): DRAM[0m
[0;32mI (579) heap_init: At 3FFB8970 len 00027690 (157 KiB): DRAM[0m
[0;32mI (585) heap_init: At 3FFE0440 len 00003AE0 (14 KiB): D/IRAM[0m
[0;32mI (591) heap_init: At 3FFE4350 len 0001BCB0 (111 KiB): D/IRAM[0m
[0;32mI (598) heap_init: At 4009998C len 00006674 (25 KiB): IRAM[0m
[0;32mI (606) spi_flash: detected chip: generic[0m
[0;32mI (609) spi_flash: flash io: dio[0m
[0;33mW (613) spi_flash: Detected size(4096k) larger than the size in the binary image header(2048k). Using the size in the binary image header.[0m
[0;33mW (626) i2c: This driver is an old driver, please migrate your application code to adapt `driver/i2c_master.h`[0m
[0;32mI (637) main_task: Started on CPU0[0m
[0;32mI (647) main_task: Calling app_main()[0m
!!!!Current MAC address: EC:62:60:BC:E8:20
BATH ESP.
[0;31mE (647) i2cdev: Could not write to device [0x0b at 0]: -1 (ESP_FAIL)[0m
[0;32mI (757) gauge: Power Mode: 0x1[0m
[0;32mI (757) gauge: APA: 0x2A[0m
[0;32mI (757) gauge: Battery Profile: 0x1[0m
[0;32mI (757) gauge: Temp Mode: 0x0[0m
[0;32mI (767) gauge: Voltage: 4.21	RSOC: 100.0%[0m
[0;32mI (767) progress: [APP] Free memory: 272740 bytes[0m
[0;32mI (767) progress: [APP] IDF version: v5.3.1[0m
[0;32mI (807) progress: Starting Wifi[0m
[0;32mI (1887) progress: Starting Clock[0m
[0;32mI (7887) progress: The current date/time in Germany is: Mon Nov 25 03:11:09 2024[0m
[0;32mI (7887) progress: Starting MQTT[0m
[0;32mI (7887) mqtt: [APP] Free memory: 224980 bytes[0m
[0;32mI (7897) mqtt: MQTT_EVENT_BEFORE_CONNECT
[0m
[0;32mI (7907) mqtt: Note free memory: 213592 bytes[0m
[0;32mI (7907) mqtt: Waiting for connection to MQTT
[0m
[0;32mI (7927) mqtt: MQTT_EVENT_CONNECTED
[0m
[0;32mI (7927) mqtt: Connected to MQTT
[0m
[0;32mI (7927) progress: Wake count: 2[0m
[0;32mI (7927) progress: Sending PIR event to MQTT[0m
[0;32mI (7937) mqtt: Sent <{"sensors":[{"name":"PIR","values":[{"timestamp":1732500669000, "roomID":"corridor"}]}]}> to topic 1/3/data[0m
[0;32mI (7947) progress: Going to sleep[0m
ets Jul 29 2019 12:21:46

rst:0x5 (DEEPSLEEP_RESET),boot:0x13 (SPI_FAST_FLASH_BOOT)
Wakeup Stub Executed
[0;32mWakeup Cause: 1[0m
[0;32mCurrent Timestamp: 40604339, Last Timestamp: 19527694[0m
[0;32mStored event at position 1[0m
[0;32mPrinting stored events...[0m
[0;32mEvent 0: Timestamp: 19527694, Sensor ID: 0[0m
[0;32mEvent 1: Timestamp: 40604339, Sensor ID: 0[0m
configsip: 0, SPIWP:0xee
clk_drv:0x00,q_drv:0x00,d_drv:0x00,cs0_drv:0x00,hd_drv:0x00,wp_drv:0x00
mode:DIO, clock div:2
load:0x3fff0030,len:7176
load:0x40078000,len:15564
ho 0 tail 12 room 4
load:0x40080400,len:4
load:0x40080404,len:3904
entry 0x40080640
[0;32mI (71) boot: ESP-IDF v5.3.1 2nd stage bootloader[0m
[0;32mI (71) boot: compile time Nov 21 2024 01:27:28[0m
[0;32mI (71) boot: Multicore bootloader[0m
[0;32mI (75) boot: chip revision: v3.0[0m
[0;32mI (79) boot.esp32: SPI Speed      : 40MHz[0m
[0;32mI (84) boot.esp32: SPI Mode       : DIO[0m
[0;32mI (88) boot.esp32: SPI Flash Size : 2MB[0m
[0;32mI (93) boot: Enabling RNG early entropy source...[0m
[0;32mI (98) boot: Partition Table:[0m
[0;32mI (102) boot: ## Label            Usage          Type ST Offset   Length[0m
[0;32mI (109) boot:  0 nvs              WiFi data        01 02 00009000 00006000[0m
[0;32mI (117) boot:  1 phy_init         RF data          01 01 0000f000 00001000[0m
[0;32mI (124) boot:  2 factory          factory app      00 00 00010000 00177000[0m
[0;32mI (132) boot: End of partition table[0m
[0;32mI (136) esp_image: segment 0: paddr=00010020 vaddr=3f400020 size=28980h (166272) map[0m
[0;32mI (202) esp_image: segment 1: paddr=000389a8 vaddr=3ff80301 size=00008h (     8) [0m
[0;32mI (202) esp_image: segment 2: paddr=000389b8 vaddr=3ffb0000 size=04038h ( 16440) load[0m
[0;32mI (213) esp_image: segment 3: paddr=0003c9f8 vaddr=40080000 size=03620h ( 13856) load[0m
[0;32mI (221) esp_image: segment 4: paddr=00040020 vaddr=400d0020 size=a40dch (671964) map[0m
[0;32mI (454) esp_image: segment 5: paddr=000e4104 vaddr=40083620 size=1636ch ( 90988) load[0m
[0;32mI (490) esp_image: segment 6: paddr=000fa478 vaddr=400c0000 size=00304h (   772) [0m
[0;32mI (491) esp_image: segment 7: paddr=000fa784 vaddr=50000000 size=0081ch (  2076) [0m
[0;32mI (509) boot: Loaded app from partition at offset 0x10000[0m
[0;32mI (509) boot: Disabling RNG early entropy source...[0m
[0;32mI (521) cpu_start: Multicore app[0m
[0;32mI (529) cpu_start: Pro cpu start user code[0m
[0;32mI (529) cpu_start: cpu freq: 160000000 Hz[0m
[0;32mI (529) app_init: Application information:[0m
[0;32mI (532) app_init: Project name:     PIR[0m
[0;32mI (537) app_init: App version:      42bb6fe-dirty[0m
[0;32mI (542) app_init: Compile time:     Nov 21 2024 01:27:13[0m
[0;32mI (548) app_init: ELF file SHA256:  b4380d8e315816e2...[0m
[0;32mI (554) app_init: ESP-IDF:          v5.3.1[0m
[0;32mI (559) efuse_init: Min chip rev:     v0.0[0m
[0;32mI (564) efuse_init: Max chip rev:     v3.99 [0m
[0;32mI (569) efuse_init: Chip rev:         v3.0[0m
[0;32mI (574) heap_init: Initializing. RAM available for dynamic allocation:[0m
[0;32mI (581) heap_init: At 3FFAE6E0 len 00001920 (6 KiB): DRAM[0m
[0;32mI (587) heap_init: At 3FFB8970 len 00027690 (157 KiB): DRAM[0m
[0;32mI (593) heap_init: At 3FFE0440 len 00003AE0 (14 KiB): D/IRAM[0m
[0;32mI (599) heap_init: At 3FFE4350 len 0001BCB0 (111 KiB): D/IRAM[0m
[0;32mI (606) heap_init: At 4009998C len 00006674 (25 KiB): IRAM[0m
[0;32mI (613) spi_flash: detected chip: generic[0m
[0;32mI (616) spi_flash: flash io: dio[0m
[0;33mW (620) spi_flash: Detected size(4096k) larger than the size in the binary image header(2048k). Using the size in the binary image header.[0m
[0;33mW (634) i2c: This driver is an old driver, please migrate your application code to adapt `driver/i2c_master.h`[0m
[0;32mI (645) main_task: Started on CPU0[0m
[0;32mI (655) main_task: Calling app_main()[0m
!!!!Current MAC address: EC:62:60:BC:E8:20
BATH ESP.
[0;31mE (655) i2cdev: Could not write to device [0x0b at 0]: -1 (ESP_FAIL)[0m
[0;32mI (765) gauge: Power Mode: 0x1[0m
[0;32mI (765) gauge: APA: 0x2A[0m
[0;32mI (765) gauge: Battery Profile: 0x1[0m
[0;32mI (765) gauge: Temp Mode: 0x0[0m
[0;32mI (765) gauge: Voltage: 4.22	RSOC: 100.0%[0m
[0;32mI (775) progress: [APP] Free memory: 272740 bytes[0m
[0;32mI (775) progress: [APP] IDF version: v5.3.1[0m
[0;32mI (805) progress: Starting Wifi[0m
[0;32mI (1895) progress: Starting Clock[0m
[0;32mI (5895) progress: The current date/time in Germany is: Mon Nov 25 03:11:28 2024[0m
[0;32mI (5895) progress: Starting MQTT[0m
[0;32mI (5895) mqtt: [APP] Free memory: 224996 bytes[0m
[0;32mI (5905) mqtt: MQTT_EVENT_BEFORE_CONNECT
[0m
[0;32mI (5915) mqtt: Note free memory: 213412 bytes[0m
[0;32mI (5915) mqtt: Waiting for connection to MQTT
[0m
[0;32mI (5935) mqtt: MQTT_EVENT_CONNECTED
[0m
[0;32mI (5935) mqtt: Connected to MQTT
[0m
[0;32mI (5935) progress: Wake count: 3[0m
[0;32mI (5935) progress: Sending PIR event to MQTT[0m
[0;32mI (5935) mqtt: Sent <{"sensors":[{"name":"PIR","values":[{"timestamp":1732500688000, "roomID":"corridor"}]}]}> to topic 1/3/data[0m
[0;32mI (5955) progress: Going to sleep[0m
ets Jul 29 2019 12:21:46

rst:0x5 (DEEPSLEEP_RESET),boot:0x13 (SPI_FAST_FLASH_BOOT)
Wakeup Stub Executed
[0;32mWakeup Cause: 1[0m
[0;32mCurrent Timestamp: 51772077, Last Timestamp: 40604339[0m
[0;32mStored event at position 2[0m
[0;32mPrinting stored events...[0m
[0;32mEvent 0: Timestamp: 19527694, Sensor ID: 0[0m
[0;32mEvent 1: Timestamp: 40604339, Sensor ID: 0[0m
[0;32mEvent 2: Timestamp: 51772077, Sensor ID: 0[0m
configsip: 0, SPIWP:0xee
clk_drv:0x00,q_drv:0x00,d_drv:0x00,cs0_drv:0x00,hd_drv:0x00,wp_drv:0x00
mode:DIO, clock div:2
load:0x3fff0030,len:7176
load:0x40078000,len:15564
ho 0 tail 12 room 4
load:0x40080400,len:4
load:0x40080404,len:3904
entry 0x40080640
[0;32mI (78) boot: ESP-IDF v5.3.1 2nd stage bootloader[0m
[0;32mI (78) boot: compile time Nov 21 2024 01:27:28[0m
[0;32mI (78) boot: Multicore bootloader[0m
[0;32mI (82) boot: chip revision: v3.0[0m
[0;32mI (86) boot.esp32: SPI Speed      : 40MHz[0m
[0;32mI (91) boot.esp32: SPI Mode       : DIO[0m
[0;32mI (95) boot.esp32: SPI Flash Size : 2MB[0m
[0;32mI (100) boot: Enabling RNG early entropy source...[0m
[0;32mI (105) boot: Partition Table:[0m
[0;32mI (109) boot: ## Label            Usage          Type ST Offset   Length[0m
[0;32mI (116) boot:  0 nvs              WiFi data        01 02 00009000 00006000[0m
[0;32mI (124) boot:  1 phy_init         RF data          01 01 0000f000 00001000[0m
[0;32mI (131) boot:  2 factory          factory app      00 00 00010000 00177000[0m
[0;32mI (139) boot: End of partition table[0m
[0;32mI (143) esp_image: segment 0: paddr=00010020 vaddr=3f400020 size=28980h (166272) map[0m
[0;32mI (209) esp_image: segment 1: paddr=000389a8 vaddr=3ff80301 size=00008h (     8) [0m
[0;32mI (209) esp_image: segment 2: paddr=000389b8 vaddr=3ffb0000 size=04038h ( 16440) load[0m
[0;32mI (220) esp_image: segment 3: paddr=0003c9f8 vaddr=40080000 size=03620h ( 13856) load[0m
[0;32mI (228) esp_image: segment 4: paddr=00040020 vaddr=400d0020 size=a40dch (671964) map[0m
[0;32mI (461) esp_image: segment 5: paddr=000e4104 vaddr=40083620 size=1636ch ( 90988) load[0m
[0;32mI (497) esp_image: segment 6: paddr=000fa478 vaddr=400c0000 size=00304h (   772) [0m
[0;32mI (498) esp_image: segment 7: paddr=000fa784 vaddr=50000000 size=0081ch (  2076) [0m
[0;32mI (516) boot: Loaded app from partition at offset 0x10000[0m
[0;32mI (516) boot: Disabling RNG early entropy source...[0m
[0;32mI (528) cpu_start: Multicore app[0m
[0;32mI (536) cpu_start: Pro cpu start user code[0m
[0;32mI (536) cpu_start: cpu freq: 160000000 Hz[0m
[0;32mI (537) app_init: Application information:[0m
[0;32mI (539) app_init: Project name:     PIR[0m
[0;32mI (544) app_init: App version:      42bb6fe-dirty[0m
[0;32mI (549) app_init: Compile time:     Nov 21 2024 01:27:13[0m
[0;32mI (555) app_init: ELF file SHA256:  b4380d8e315816e2...[0m
[0;32mI (561) app_init: ESP-IDF:          v5.3.1[0m
[0;32mI (566) efuse_init: Min chip rev:     v0.0[0m
[0;32mI (571) efuse_init: Max chip rev:     v3.99 [0m
[0;32mI (576) efuse_init: Chip rev:         v3.0[0m
[0;32mI (581) heap_init: Initializing. RAM available for dynamic allocation:[0m
[0;32mI (588) heap_init: At 3FFAE6E0 len 00001920 (6 KiB): DRAM[0m
[0;32mI (594) heap_init: At 3FFB8970 len 00027690 (157 KiB): DRAM[0m
[0;32mI (600) heap_init: At 3FFE0440 len 00003AE0 (14 KiB): D/IRAM[0m
[0;32mI (606) heap_init: At 3FFE4350 len 0001BCB0 (111 KiB): D/IRAM[0m
[0;32mI (613) heap_init: At 4009998C len 00006674 (25 KiB): IRAM[0m
[0;32mI (621) spi_flash: detected chip: generic[0m
[0;32mI (624) spi_flash: flash io: dio[0m
[0;33mW (628) spi_flash: Detected size(4096k) larger than the size in the binary image header(2048k). Using the size in the binary image header.[0m
[0;33mW (641) i2c: This driver is an old driver, please migrate your application code to adapt `driver/i2c_master.h`[0m
[0;32mI (652) main_task: Started on CPU0[0m
[0;32mI (662) main_task: Calling app_main()[0m
!!!!Current MAC address: EC:62:60:BC:E8:20
BATH ESP.
[0;31mE (662) i2cdev: Could not write to device [0x0b at 0]: -1 (ESP_FAIL)[0m
[0;32mI (772) gauge: Power Mode: 0x1[0m
[0;32mI (772) gauge: APA: 0x2A[0m
[0;32mI (772) gauge: Battery Profile: 0x1[0m
[0;32mI (772) gauge: Temp Mode: 0x0[0m
[0;32mI (782) gauge: Voltage: 4.17	RSOC: 99.0%[0m
[0;32mI (782) progress: [APP] Free memory: 272740 bytes[0m
[0;32mI (782) progress: [APP] IDF version: v5.3.1[0m
[0;32mI (822) progress: Starting Wifi[0m
[0;32mI (1902) progress: Starting Clock[0m
[0;32mI (5902) progress: The current date/time in Germany is: Mon Nov 25 03:11:39 2024[0m
[0;32mI (5902) progress: Starting MQTT[0m
[0;32mI (5902) mqtt: [APP] Free memory: 224984 bytes[0m
[0;32mI (5912) mqtt: MQTT_EVENT_BEFORE_CONNECT
[0m
[0;32mI (5922) mqtt: Note free memory: 213592 bytes[0m
[0;32mI (5922) mqtt: Waiting for connection to MQTT
[0m
[0;32mI (5942) mqtt: MQTT_EVENT_CONNECTED
[0m
[0;32mI (5942) mqtt: Connected to MQTT
[0m
[0;32mI (5942) progress: Wake count: 4[0m
[0;32mI (5942) progress: Sending PIR event to MQTT[0m
[0;32mI (5942) mqtt: Sent <{"sensors":[{"name":"PIR","values":[{"timestamp":1732500699000, "roomID":"corridor"}]}]}> to topic 1/3/data[0m
[0;32mI (5962) progress: Going to sleep[0m
ets Jul 29 2019 12:21:46

rst:0x5 (DEEPSLEEP_RESET),boot:0x13 (SPI_FAST_FLASH_BOOT)
Wakeup Stub Executed
[0;32mWakeup Cause: 1[0m
[0;32mCurrent Timestamp: 62356286, Last Timestamp: 51772077[0m
[0;32mStored event at position 3[0m
[0;32mPrinting stored events...[0m
[0;32mEvent 0: Timestamp: 19527694, Sensor ID: 0[0m
[0;32mEvent 1: Timestamp: 40604339, Sensor ID: 0[0m
[0;32mEvent 2: Timestamp: 51772077, Sensor ID: 0[0m
[0;32mEvent 3: Timestamp: 62356286, Sensor ID: 0[0m
configsip: 0, SPIWP:0xee
clk_drv:0x00,q_drv:0x00,d_drv:0x00,cs0_drv:0x00,hd_drv:0x00,wp_drv:0x00
mode:DIO, clock div:2
load:0x3fff0030,len:7176
load:0x40078000,len:15564
ho 0 tail 12 room 4
load:0x40080400,len:4
load:0x40080404,len:3904
entry 0x40080640
[0;32mI (85) boot: ESP-IDF v5.3.1 2nd stage bootloader[0m
[0;32mI (85) boot: compile time Nov 21 2024 01:27:28[0m
[0;32mI (85) boot: Multicore bootloader[0m
[0;32mI (89) boot: chip revision: v3.0[0m
[0;32mI (93) boot.esp32: SPI Speed      : 40MHz[0m
[0;32mI (98) boot.esp32: SPI Mode       : DIO[0m
[0;32mI (102) boot.esp32: SPI Flash Size : 2MB[0m
[0;32mI (107) boot: Enabling RNG early entropy source...[0m
[0;32mI (112) boot: Partition Table:[0m
[0;32mI (116) boot: ## Label            Usage          Type ST Offset   Length[0m
[0;32mI (123) boot:  0 nvs              WiFi data        01 02 00009000 00006000[0m
[0;32mI (131) boot:  1 phy_init         RF data          01 01 0000f000 00001000[0m
[0;32mI (138) boot:  2 factory          factory app      00 00 00010000 00177000[0m
[0;32mI (146) boot: End of partition table[0m
[0;32mI (150) esp_image: segment 0: paddr=00010020 vaddr=3f400020 size=28980h (166272) map[0m
[0;32mI (216) esp_image: segment 1: paddr=000389a8 vaddr=3ff80301 size=00008h (     8) [0m
[0;32mI (216) esp_image: segment 2: paddr=000389b8 vaddr=3ffb0000 size=04038h ( 16440) load[0m
[0;32mI (227) esp_image: segment 3: paddr=0003c9f8 vaddr=40080000 size=03620h ( 13856) load[0m
[0;32mI (235) esp_image: segment 4: paddr=00040020 vaddr=400d0020 size=a40dch (671964) map[0m
[0;32mI (469) esp_image: segment 5: paddr=000e4104 vaddr=40083620 size=1636ch ( 90988) load[0m
[0;32mI (504) esp_image: segment 6: paddr=000fa478 vaddr=400c0000 size=00304h (   772) [0m
[0;32mI (505) esp_image: segment 7: paddr=000fa784 vaddr=50000000 size=0081ch (  2076) [0m
[0;32mI (523) boot: Loaded app from partition at offset 0x10000[0m
[0;32mI (523) boot: Disabling RNG early entropy source...[0m
[0;32mI (535) cpu_start: Multicore app[0m
[0;32mI (544) cpu_start: Pro cpu start user code[0m
[0;32mI (544) cpu_start: cpu freq: 160000000 Hz[0m
[0;32mI (544) app_init: Application information:[0m
[0;32mI (547) app_init: Project name:     PIR[0m
[0;32mI (551) app_init: App version:      42bb6fe-dirty[0m
[0;32mI (556) app_init: Compile time:     Nov 21 2024 01:27:13[0m
[0;32mI (562) app_init: ELF file SHA256:  b4380d8e315816e2...[0m
[0;32mI (568) app_init: ESP-IDF:          v5.3.1[0m
[0;32mI (573) efuse_init: Min chip rev:     v0.0[0m
[0;32mI (578) efuse_init: Max chip rev:     v3.99 [0m
[0;32mI (583) efuse_init: Chip rev:         v3.0[0m
[0;32mI (588) heap_init: Initializing. RAM available for dynamic allocation:[0m
[0;32mI (595) heap_init: At 3FFAE6E0 len 00001920 (6 KiB): DRAM[0m
[0;32mI (601) heap_init: At 3FFB8970 len 00027690 (157 KiB): DRAM[0m
[0;32mI (607) heap_init: At 3FFE0440 len 00003AE0 (14 KiB): D/IRAM[0m
[0;32mI (613) heap_init: At 3FFE4350 len 0001BCB0 (111 KiB): D/IRAM[0m
[0;32mI (620) heap_init: At 4009998C len 00006674 (25 KiB): IRAM[0m
[0;32mI (628) spi_flash: detected chip: generic[0m
[0;32mI (631) spi_flash: flash io: dio[0m
[0;33mW (635) spi_flash: Detected size(4096k) larger than the size in the binary image header(2048k). Using the size in the binary image header.[0m
[0;33mW (648) i2c: This driver is an old driver, please migrate your application code to adapt `driver/i2c_master.h`[0m
[0;32mI (659) main_task: Started on CPU0[0m
[0;32mI (669) main_task: Calling app_main()[0m
!!!!Current MAC address: EC:62:60:BC:E8:20
BATH ESP.
[0;31mE (669) i2cdev: Could not write to device [0x0b at 0]: -1 (ESP_FAIL)[0m
[0;32mI (779) gauge: Power Mode: 0x1[0m
[0;32mI (779) gauge: APA: 0x2A[0m
[0;32mI (779) gauge: Battery Profile: 0x1[0m
[0;32mI (779) gauge: Temp Mode: 0x0[0m
[0;32mI (789) gauge: Voltage: 4.47	RSOC: 100.0%[0m
[0;32mI (789) progress: [APP] Free memory: 272740 bytes[0m
[0;32mI (789) progress: [APP] IDF version: v5.3.1[0m
[0;32mI (829) progress: Starting Wifi[0m
[0;32mI (1919) progress: Starting Clock[0m
[0;32mI (5919) progress: The current date/time in Germany is: Mon Nov 25 03:11:49 2024[0m
[0;32mI (5919) progress: Starting MQTT[0m
[0;32mI (5919) mqtt: [APP] Free memory: 224984 bytes[0m
[0;32mI (5929) mqtt: MQTT_EVENT_BEFORE_CONNECT
[0m
[0;32mI (5939) mqtt: Note free memory: 213608 bytes[0m
[0;32mI (5939) mqtt: Waiting for connection to MQTT
[0m
[0;32mI (7039) mqtt: MQTT_EVENT_CONNECTED
[0m
[0;32mI (7039) mqtt: Connected to MQTT
[0m
[0;32mI (7039) progress: Wake count: 5[0m
[0;32mI (7039) progress: Sending PIR event to MQTT[0m
[0;32mI (7049) mqtt: Sent <{"sensors":[{"name":"PIR","values":[{"timestamp":1732500710000, "roomID":"corridor"}]}]}> to topic 1/3/data[0m
[0;32mI (7069) progress: Going to sleep[0m
ets Jul 29 2019 12:21:46

rst:0x5 (DEEPSLEEP_RESET),boot:0x13 (SPI_FAST_FLASH_BOOT)
Wakeup Stub Executed
[0;32mWakeup Cause: 1[0m
[0;32mCurrent Timestamp: 76438274, Last Timestamp: 62356286[0m
[0;32mStored event at position 4[0m
[0;32mPrinting stored events...[0m
[0;32mEvent 0: Timestamp: 19527694, Sensor ID: 0[0m
[0;32mEvent 1: Timestamp: 40604339, Sensor ID: 0[0m
[0;32mEvent 2: Timestamp: 51772077, Sensor ID: 0[0m
[0;32mEvent 3: Timestamp: 62356286, Sensor ID: 0[0m
[0;32mEvent 4: Timestamp: 76438274, Sensor ID: 0[0m
configsip: 0, SPIWP:0xee
clk_drv:0x00,q_drv:0x00,d_drv:0x00,cs0_drv:0x00,hd_drv:0x00,wp_drv:0x00
mode:DIO, clock div:2
load:0x3fff0030,len:7176
load:0x40078000,len:15564
ho 0 tail 12 room 4
load:0x40080400,len:4
load:0x40080404,len:3904
entry 0x40080640
[0;32mI (92) boot: ESP-IDF v5.3.1 2nd stage bootloader[0m
[0;32mI (92) boot: compile time Nov 21 2024 01:27:28[0m
[0;32mI (92) boot: Multicore bootloader[0m
[0;32mI (96) boot: chip revision: v3.0[0m
[0;32mI (100) boot.esp32: SPI Speed      : 40MHz[0m
[0;32mI (105) boot.esp32: SPI Mode       : DIO[0m
[0;32mI (109) boot.esp32: SPI Flash Size : 2MB[0m
[0;32mI (114) boot: Enabling RNG early entropy source...[0m
[0;32mI (119) boot: Partition Table:[0m
[0;32mI (123) boot: ## Label            Usage          Type ST Offset   Length[0m
[0;32mI (131) boot:  0 nvs              WiFi data        01 02 00009000 00006000[0m
[0;32mI (138) boot:  1 phy_init         RF data          01 01 0000f000 00001000[0m
[0;32mI (146) boot:  2 factory          factory app      00 00 00010000 00177000[0m
[0;32mI (153) boot: End of partition table[0m
[0;32mI (157) esp_image: segment 0: paddr=00010020 vaddr=3f400020 size=28980h (166272) map[0m
[0;32mI (223) esp_image: segment 1: paddr=000389a8 vaddr=3ff80301 size=00008h (     8) [0m
[0;32mI (223) esp_image: segment 2: paddr=000389b8 vaddr=3ffb0000 size=04038h ( 16440) load[0m
[0;32mI (235) esp_image: segment 3: paddr=0003c9f8 vaddr=40080000 size=03620h ( 13856) load[0m
[0;32mI (242) esp_image: segment 4: paddr=00040020 vaddr=400d0020 size=a40dch (671964) map[0m
[0;32mI (476) esp_image: segment 5: paddr=000e4104 vaddr=40083620 size=1636ch ( 90988) load[0m
[0;32mI (511) esp_image: segment 6: paddr=000fa478 vaddr=400c0000 size=00304h (   772) [0m
[0;32mI (512) esp_image: segment 7: paddr=000fa784 vaddr=50000000 size=0081ch (  2076) [0m
[0;32mI (530) boot: Loaded app from partition at offset 0x10000[0m
[0;32mI (530) boot: Disabling RNG early entropy source...[0m
[0;32mI (542) cpu_start: Multicore app[0m
[0;32mI (551) cpu_start: Pro cpu start user code[0m
[0;32mI (551) cpu_start: cpu freq: 160000000 Hz[0m
[0;32mI (551) app_init: Application information:[0m
[0;32mI (554) app_init: Project name:     PIR[0m
[0;32mI (558) app_init: App version:      42bb6fe-dirty[0m
[0;32mI (564) app_init: Compile time:     Nov 21 2024 01:27:13[0m
[0;32mI (570) app_init: ELF file SHA256:  b4380d8e315816e2...[0m
[0;32mI (575) app_init: ESP-IDF:          v5.3.1[0m
[0;32mI (580) efuse_init: Min chip rev:     v0.0[0m
[0;32mI (585) efuse_init: Max chip rev:     v3.99 [0m
[0;32mI (590) efuse_init: Chip rev:         v3.0[0m
[0;32mI (595) heap_init: Initializing. RAM available for dynamic allocation:[0m
[0;32mI (602) heap_init: At 3FFAE6E0 len 00001920 (6 KiB): DRAM[0m
[0;32mI (608) heap_init: At 3FFB8970 len 00027690 (157 KiB): DRAM[0m
[0;32mI (614) heap_init: At 3FFE0440 len 00003AE0 (14 KiB): D/IRAM[0m
[0;32mI (621) heap_init: At 3FFE4350 len 0001BCB0 (111 KiB): D/IRAM[0m
[0;32mI (627) heap_init: At 4009998C len 00006674 (25 KiB): IRAM[0m
[0;32mI (635) spi_flash: detected chip: generic[0m
[0;32mI (638) spi_flash: flash io: dio[0m
[0;33mW (642) spi_flash: Detected size(4096k) larger than the size in the binary image header(2048k). Using the size in the binary image header.[0m
[0;33mW (655) i2c: This driver is an old driver, please migrate your application code to adapt `driver/i2c_master.h`[0m
[0;32mI (667) main_task: Started on CPU0[0m
[0;32mI (677) main_task: Calling app_main()[0m
!!!!Current MAC address: EC:62:60:BC:E8:20
BATH ESP.
[0;31mE (677) i2cdev: Could not write to device [0x0b at 0]: -1 (ESP_FAIL)[0m
[0;32mI (787) gauge: Power Mode: 0x1[0m
[0;32mI (787) gauge: APA: 0x2A[0m
[0;32mI (787) gauge: Battery Profile: 0x1[0m
[0;32mI (787) gauge: Temp Mode: 0x0[0m
[0;32mI (787) gauge: Voltage: 4.01	RSOC: 79.0%[0m
[0;32mI (797) progress: [APP] Free memory: 272740 bytes[0m
[0;32mI (797) progress: [APP] IDF version: v5.3.1[0m
[0;32mI (827) progress: Starting Wifi[0m
[0;32mI (1917) progress: Starting Clock[0m
[0;32mI (3917) progress: The current date/time in Germany is: Mon Nov 25 03:12:01 2024[0m
[0;32mI (3917) progress: Starting MQTT[0m
[0;32mI (3917) mqtt: [APP] Free memory: 224968 bytes[0m
[0;32mI (3927) mqtt: MQTT_EVENT_BEFORE_CONNECT
[0m
[0;32mI (3937) mqtt: Note free memory: 213576 bytes[0m
[0;32mI (3937) mqtt: Waiting for connection to MQTT
[0m
[0;32mI (3957) mqtt: MQTT_EVENT_CONNECTED
[0m
[0;32mI (3957) mqtt: Connected to MQTT
[0m
[0;32mI (3957) progress: Wake count: 6[0m
[0;32mI (3957) progress: Sending PIR event to MQTT[0m
[0;32mI (3967) mqtt: Sent <{"sensors":[{"name":"PIR","values":[{"timestamp":1732500721000, "roomID":"corridor"}]}]}> to topic 1/3/data[0m
[0;32mI (3977) progress: Going to sleep[0m
ets Jul 29 2019 12:21:46

rst:0x5 (DEEPSLEEP_RESET),boot:0x13 (SPI_FAST_FLASH_BOOT)
Wakeup Stub Executed
[0;32mWakeup Cause: 1[0m
[0;32mCurrent Timestamp: 85677301, Last Timestamp: 76438274[0m
[0;32mStored event at position 5[0m
[0;32mPrinting stored events...[0m
[0;32mEvent 0: Timestamp: 19527694, Sensor ID: 0[0m
[0;32mEvent 1: Timestamp: 40604339, Sensor ID: 0[0m
[0;32mEvent 2: Timestamp: 51772077, Sensor ID: 0[0m
[0;32mEvent 3: Timestamp: 62356286, Sensor ID: 0[0m
[0;32mEvent 4: Timestamp: 76438274, Sensor ID: 0[0m
[0;32mEvent 5: Timestamp: 85677301, Sensor ID: 0[0m
configsip: 0, SPIWP:0xee
clk_drv:0x00,q_drv:0x00,d_drv:0x00,cs0_drv:0x00,hd_drv:0x00,wp_drv:0x00
mode:DIO, clock div:2
load:0x3fff0030,len:7176
load:0x40078000,len:15564
ho 0 tail 12 room 4
load:0x40080400,len:4
load:0x40080404,len:3904
entry 0x40080640
[0;32mI (99) boot: ESP-IDF v5.3.1 2nd stage bootloader[0m
[0;32mI (99) boot: compile time Nov 21 2024 01:27:28[0m
[0;32mI (99) boot: Multicore bootloader[0m
[0;32mI (103) boot: chip revision: v3.0[0m
[0;32mI (107) boot.esp32: SPI Speed      : 40MHz[0m
[0;32mI (112) boot.esp32: SPI Mode       : DIO[0m
[0;32mI (116) boot.esp32: SPI Flash Size : 2MB[0m
[0;32mI (121) boot: Enabling RNG early entropy source...[0m
[0;32mI (127) boot: Partition Table:[0m
[0;32mI (130) boot: ## Label            Usage          Type ST Offset   Length[0m
[0;32mI (138) boot:  0 nvs              WiFi data        01 02 00009000 00006000[0m
[0;32mI (145) boot:  1 phy_init         RF data          01 01 0000f000 00001000[0m
[0;32mI (153) boot:  2 factory          factory app      00 00 00010000 00177000[0m
[0;32mI (160) boot: End of partition table[0m
[0;32mI (165) esp_image: segment 0: paddr=00010020 vaddr=3f400020 size=28980h (166272) map[0m
[0;32mI (230) esp_image: segment 1: paddr=000389a8 vaddr=3ff80301 size=00008h (     8) [0m
[0;32mI (230) esp_image: segment 2: paddr=000389b8 vaddr=3ffb0000 size=04038h ( 16440) load[0m
[0;32mI (242) esp_image: segment 3: paddr=0003c9f8 vaddr=40080000 size=03620h ( 13856) load[0m
[0;32mI (250) esp_image: segment 4: paddr=00040020 vaddr=400d0020 size=a40dch (671964) map[0m
[0;32mI (483) esp_image: segment 5: paddr=000e4104 vaddr=40083620 size=1636ch ( 90988) load[0m
[0;32mI (518) esp_image: segment 6: paddr=000fa478 vaddr=400c0000 size=00304h (   772) [0m
[0;32mI (519) esp_image: segment 7: paddr=000fa784 vaddr=50000000 size=0081ch (  2076) [0m
[0;32mI (537) boot: Loaded app from partition at offset 0x10000[0m
[0;32mI (537) boot: Disabling RNG early entropy source...[0m
[0;32mI (549) cpu_start: Multicore app[0m
[0;32mI (558) cpu_start: Pro cpu start user code[0m
[0;32mI (558) cpu_start: cpu freq: 160000000 Hz[0m
[0;32mI (558) app_init: Application information:[0m
[0;32mI (561) app_init: Project name:     PIR[0m
[0;32mI (565) app_init: App version:      42bb6fe-dirty[0m
[0;32mI (571) app_init: Compile time:     Nov 21 2024 01:27:13[0m
[0;32mI (577) app_init: ELF file SHA256:  b4380d8e315816e2...[0m
[0;32mI (583) app_init: ESP-IDF:          v5.3.1[0m
[0;32mI (587) efuse_init: Min chip rev:     v0.0[0m
[0;32mI (592) efuse_init: Max chip rev:     v3.99 [0m
[0;32mI (597) efuse_init: Chip rev:         v3.0[0m
[0;32mI (602) heap_init: Initializing. RAM available for dynamic allocation:[0m
[0;32mI (609) heap_init: At 3FFAE6E0 len 00001920 (6 KiB): DRAM[0m
[0;32mI (615) heap_init: At 3FFB8970 len 00027690 (157 KiB): DRAM[0m
[0;32mI (621) heap_init: At 3FFE0440 len 00003AE0 (14 KiB): D/IRAM[0m
[0;32mI (628) heap_init: At 3FFE4350 len 0001BCB0 (111 KiB): D/IRAM[0m
[0;32mI (634) heap_init: At 4009998C len 00006674 (25 KiB): IRAM[0m
[0;32mI (642) spi_flash: detected chip: generic[0m
[0;32mI (645) spi_flash: flash io: dio[0m
[0;33mW (649) spi_flash: Detected size(4096k) larger than the size in the binary image header(2048k). Using the size in the binary image header.[0m
[0;33mW (662) i2c: This driver is an old driver, please migrate your application code to adapt `driver/i2c_master.h`[0m
[0;32mI (674) main_task: Started on CPU0[0m
[0;32mI (684) main_task: Calling app_main()[0m
!!!!Current MAC address: EC:62:60:BC:E8:20
BATH ESP.
[0;31mE (684) i2cdev: Could not write to device [0x0b at 0]: -1 (ESP_FAIL)[0m
[0;32mI (794) gauge: Power Mode: 0x1[0m
[0;32mI (794) gauge: APA: 0x2A[0m
[0;32mI (794) gauge: Battery Profile: 0x1[0m
[0;32mI (794) gauge: Temp Mode: 0x0[0m
[0;32mI (794) gauge: Voltage: 4.06	RSOC: 86.0%[0m
[0;32mI (804) progress: [APP] Free memory: 272740 bytes[0m
[0;32mI (804) progress: [APP] IDF version: v5.3.1[0m
[0;32mI (834) progress: Starting Wifi[0m
[0;32mI (1924) progress: Starting Clock[0m
[0;32mI (7924) progress: The current date/time in Germany is: Mon Nov 25 03:12:14 2024[0m
[0;32mI (7924) progress: Starting MQTT[0m
[0;32mI (7924) mqtt: [APP] Free memory: 224984 bytes[0m
[0;32mI (7934) mqtt: MQTT_EVENT_BEFORE_CONNECT
[0m
[0;32mI (7944) mqtt: Note free memory: 213396 bytes[0m
[0;32mI (7944) mqtt: Waiting for connection to MQTT
[0m
[0;32mI (7964) mqtt: MQTT_EVENT_CONNECTED
[0m
[0;32mI (7964) mqtt: Connected to MQTT
[0m
[0;32mI (7964) progress: Wake count: 7[0m
[0;32mI (7964) progress: Sending PIR event to MQTT[0m
[0;32mI (7974) mqtt: Sent <{"sensors":[{"name":"PIR","values":[{"timestamp":1732500734000, "roomID":"corridor"}]}]}> to topic 1/3/data[0m
[0;32mI (7984) progress: Going to sleep[0m
ets Jul 29 2019 12:21:46

rst:0x5 (DEEPSLEEP_RESET),boot:0x13 (SPI_FAST_FLASH_BOOT)
Wakeup Stub Executed
[0;32mWakeup Cause: 1[0m
[0;32mCurrent Timestamp: 94509812, Last Timestamp: 85677301[0m
[0;32mStored event at position 6[0m
[0;32mPrinting stored events...[0m
[0;32mEvent 0: Timestamp: 19527694, Sensor ID: 0[0m
[0;32mEvent 1: Timestamp: 40604339, Sensor ID: 0[0m
[0;32mEvent 2: Timestamp: 51772077, Sensor ID: 0[0m
[0;32mEvent 3: Timestamp: 62356286, Sensor ID: 0[0m
[0;32mEvent 4: Timestamp: 76438274, Sensor ID: 0[0m
[0;32mEvent 5: Timestamp: 85677301, Sensor ID: 0[0m
[0;32mEvent 6: Timestamp: 94509812, Sensor ID: 0[0m
configsip: 0, SPIWP:0xee
clk_drv:0x00,q_drv:0x00,d_drv:0x00,cs0_drv:0x00,hd_drv:0x00,wp_drv:0x00
mode:DIO, clock div:2
load:0x3fff0030,len:7176
load:0x40078000,len:15564
ho 0 tail 12 room 4
load:0x40080400,len:4
load:0x40080404,len:3904
entry 0x40080640
[0;32mI (106) boot: ESP-IDF v5.3.1 2nd stage bootloader[0m
[0;32mI (106) boot: compile time Nov 21 2024 01:27:28[0m
[0;32mI (106) boot: Multicore bootloader[0m
[0;32mI (110) boot: chip revision: v3.0[0m
[0;32mI (114) boot.esp32: SPI Speed      : 40MHz[0m
[0;32mI (119) boot.esp32: SPI Mode       : DIO[0m
[0;32mI (124) boot.esp32: SPI Flash Size : 2MB[0m
[0;32mI (128) boot: Enabling RNG early entropy source...[0m
[0;32mI (134) boot: Partition Table:[0m
[0;32mI (137) boot: ## Label            Usage          Type ST Offset   Length[0m
[0;32mI (145) boot:  0 nvs              WiFi data        01 02 00009000 00006000[0m
[0;32mI (152) boot:  1 phy_init         RF data          01 01 0000f000 00001000[0m
[0;32mI (160) boot:  2 factory          factory app      00 00 00010000 00177000[0m
[0;32mI (168) boot: End of partition table[0m
[0;32mI (172) esp_image: segment 0: paddr=00010020 vaddr=3f400020 size=28980h (166272) map[0m
[0;32mI (237) esp_image: segment 1: paddr=000389a8 vaddr=3ff80301 size=00008h (     8) [0m
[0;32mI (238) esp_image: segment 2: paddr=000389b8 vaddr=3ffb0000 size=04038h ( 16440) load[0m
[0;32mI (249) esp_image: segment 3: paddr=0003c9f8 vaddr=40080000 size=03620h ( 13856) load[0m
[0;32mI (257) esp_image: segment 4: paddr=00040020 vaddr=400d0020 size=a40dch (671964) map[0m
[0;32mI (490) esp_image: segment 5: paddr=000e4104 vaddr=40083620 size=1636ch ( 90988) load[0m
[0;32mI (526) esp_image: segment 6: paddr=000fa478 vaddr=400c0000 size=00304h (   772) [0m
[0;32mI (526) esp_image: segment 7: paddr=000fa784 vaddr=50000000 size=0081ch (  2076) [0m
[0;32mI (544) boot: Loaded app from partition at offset 0x10000[0m
[0;32mI (545) boot: Disabling RNG early entropy source...[0m
[0;32mI (557) cpu_start: Multicore app[0m
[0;32mI (565) cpu_start: Pro cpu start user code[0m
[0;32mI (565) cpu_start: cpu freq: 160000000 Hz[0m
[0;32mI (565) app_init: Application information:[0m
[0;32mI (568) app_init: Project name:     PIR[0m
[0;32mI (573) app_init: App version:      42bb6fe-dirty[0m
[0;32mI (578) app_init: Compile time:     Nov 21 2024 01:27:13[0m
[0;32mI (584) app_init: ELF file SHA256:  b4380d8e315816e2...[0m
[0;32mI (590) app_init: ESP-IDF:          v5.3.1[0m
[0;32mI (595) efuse_init: Min chip rev:     v0.0[0m
[0;32mI (599) efuse_init: Max chip rev:     v3.99 [0m
[0;32mI (604) efuse_init: Chip rev:         v3.0[0m
[0;32mI (609) heap_init: Initializing. RAM available for dynamic allocation:[0m
[0;32mI (617) heap_init: At 3FFAE6E0 len 00001920 (6 KiB): DRAM[0m
[0;32mI (622) heap_init: At 3FFB8970 len 00027690 (157 KiB): DRAM[0m
[0;32mI (629) heap_init: At 3FFE0440 len 00003AE0 (14 KiB): D/IRAM[0m
[0;32mI (635) heap_init: At 3FFE4350 len 0001BCB0 (111 KiB): D/IRAM[0m
[0;32mI (641) heap_init: At 4009998C len 00006674 (25 KiB): IRAM[0m
[0;32mI (649) spi_flash: detected chip: generic[0m
[0;32mI (652) spi_flash: flash io: dio[0m
[0;33mW (656) spi_flash: Detected size(4096k) larger than the size in the binary image header(2048k). Using the size in the binary image header.[0m
[0;33mW (669) i2c: This driver is an old driver, please migrate your application code to adapt `driver/i2c_master.h`[0m
[0;32mI (681) main_task: Started on CPU0[0m
[0;32mI (691) main_task: Calling app_main()[0m
!!!!Current MAC address: EC:62:60:BC:E8:20
BATH ESP.
[0;31mE (691) i2cdev: Could not write to device [0x0b at 0]: -1 (ESP_FAIL)[0m
[0;32mI (801) gauge: Power Mode: 0x1[0m
[0;32mI (801) gauge: APA: 0x2A[0m
[0;32mI (801) gauge: Battery Profile: 0x1[0m
[0;32mI (801) gauge: Temp Mode: 0x0[0m
[0;32mI (801) gauge: Voltage: 4.11	RSOC: 92.0%[0m
[0;32mI (811) progress: [APP] Free memory: 272740 bytes[0m
[0;32mI (811) progress: [APP] IDF version: v5.3.1[0m
[0;32mI (841) progress: Starting Wifi[0m
[0;32mI (1941) progress: Starting Clock[0m
[0;32mI (5941) progress: The current date/time in Germany is: Mon Nov 25 03:12:21 2024[0m
[0;32mI (5941) progress: Starting MQTT[0m
[0;32mI (5941) mqtt: [APP] Free memory: 224984 bytes[0m
[0;32mI (5951) mqtt: MQTT_EVENT_BEFORE_CONNECT
[0m
[0;32mI (5961) mqtt: Note free memory: 213608 bytes[0m
[0;32mI (5961) mqtt: Waiting for connection to MQTT
[0m
[0;32mI (6661) mqtt: MQTT_EVENT_CONNECTED
[0m
[0;32mI (6671) mqtt: Connected to MQTT
[0m
[0;32mI (6671) progress: Wake count: 8[0m
[0;32mI (6671) progress: Sending PIR event to MQTT[0m
[0;32mI (6671) mqtt: Sent <{"sensors":[{"name":"PIR","values":[{"timestamp":1732500742000, "roomID":"corridor"}]}]}> to topic 1/3/data[0m
[0;32mI (6691) mqtt: MQTT_EVENT_PUBLISHED, msg_id=39608
[0m
[0;32mI (11691) progress: Going to sleep[0m
ets Jul 29 2019 12:21:46

rst:0x5 (DEEPSLEEP_RESET),boot:0x13 (SPI_FAST_FLASH_BOOT)
Wakeup Stub Executed
[0;32mWakeup Cause: 1[0m
[0;32mCurrent Timestamp: 108949181, Last Timestamp: 94509812[0m
[0;32mStored event at position 7[0m
[0;32mPrinting stored events...[0m
[0;32mEvent 0: Timestamp: 19527694, Sensor ID: 0[0m
[0;32mEvent 1: Timestamp: 40604339, Sensor ID: 0[0m
[0;32mEvent 2: Timestamp: 51772077, Sensor ID: 0[0m
[0;32mEvent 3: Timestamp: 62356286, Sensor ID: 0[0m
[0;32mEvent 4: Timestamp: 76438274, Sensor ID: 0[0m
[0;32mEvent 5: Timestamp: 85677301, Sensor ID: 0[0m
[0;32mEvent 6: Timestamp: 94509812, Sensor ID: 0[0m
[0;32mEvent 7: Timestamp: 108949181, Sensor ID: 0[0m
configsip: 0, SPIWP:0xee
clk_drv:0x00,q_drv:0x00,d_drv:0x00,cs0_drv:0x00,hd_drv:0x00,wp_drv:0x00
mode:DIO, clock div:2
load:0x3fff0030,len:7176
load:0x40078000,len:15564
ho 0 tail 12 room 4
load:0x40080400,len:4
load:0x40080404,len:3904
entry 0x40080640
[0;32mI (113) boot: ESP-IDF v5.3.1 2nd stage bootloader[0m
[0;32mI (113) boot: compile time Nov 21 2024 01:27:28[0m
[0;32mI (113) boot: Multicore bootloader[0m
[0;32mI (118) boot: chip revision: v3.0[0m
[0;32mI (121) boot.esp32: SPI Speed      : 40MHz[0m
[0;32mI (126) boot.esp32: SPI Mode       : DIO[0m
[0;32mI (131) boot.esp32: SPI Flash Size : 2MB[0m
[0;32mI (135) boot: Enabling RNG early entropy source...[0m
[0;32mI (141) boot: Partition Table:[0m
[0;32mI (145) boot: ## Label            Usage          Type ST Offset   Length[0m
[0;32mI (152) boot:  0 nvs              WiFi data        01 02 00009000 00006000[0m
[0;32mI (160) boot:  1 phy_init         RF data          01 01 0000f000 00001000[0m
[0;32mI (167) boot:  2 factory          factory app      00 00 00010000 00177000[0m
[0;32mI (175) boot: End of partition table[0m
[0;32mI (179) esp_image: segment 0: paddr=00010020 vaddr=3f400020 size=28980h (166272) map[0m
[0;32mI (245) esp_image: segment 1: paddr=000389a8 vaddr=3ff80301 size=00008h (     8) [0m
[0;32mI (245) esp_image: segment 2: paddr=000389b8 vaddr=3ffb0000 size=04038h ( 16440) load[0m
[0;32mI (256) esp_image: segment 3: paddr=0003c9f8 vaddr=40080000 size=03620h ( 13856) load[0m
[0;32mI (264) esp_image: segment 4: paddr=00040020 vaddr=400d0020 size=a40dch (671964) map[0m
[0;32mI (497) esp_image: segment 5: paddr=000e4104 vaddr=40083620 size=1636ch ( 90988) load[0m
[0;32mI (533) esp_image: segment 6: paddr=000fa478 vaddr=400c0000 size=00304h (   772) [0m
[0;32mI (533) esp_image: segment 7: paddr=000fa784 vaddr=50000000 size=0081ch (  2076) [0m
[0;32mI (552) boot: Loaded app from partition at offset 0x10000[0m
[0;32mI (552) boot: Disabling RNG early entropy source...[0m
[0;32mI (564) cpu_start: Multicore app[0m
[0;32mI (572) cpu_start: Pro cpu start user code[0m
[0;32mI (572) cpu_start: cpu freq: 160000000 Hz[0m
[0;32mI (572) app_init: Application information:[0m
[0;32mI (575) app_init: Project name:     PIR[0m
[0;32mI (580) app_init: App version:      42bb6fe-dirty[0m
[0;32mI (585) app_init: Compile time:     Nov 21 2024 01:27:13[0m
[0;32mI (591) app_init: ELF file SHA256:  b4380d8e315816e2...[0m
[0;32mI (597) app_init: ESP-IDF:          v5.3.1[0m
[0;32mI (602) efuse_init: Min chip rev:     v0.0[0m
[0;32mI (607) efuse_init: Max chip rev:     v3.99 [0m
[0;32mI (611) efuse_init: Chip rev:         v3.0[0m
[0;32mI (617) heap_init: Initializing. RAM available for dynamic allocation:[0m
[0;32mI (624) heap_init: At 3FFAE6E0 len 00001920 (6 KiB): DRAM[0m
[0;32mI (630) heap_init: At 3FFB8970 len 00027690 (157 KiB): DRAM[0m
[0;32mI (636) heap_init: At 3FFE0440 len 00003AE0 (14 KiB): D/IRAM[0m
[0;32mI (642) heap_init: At 3FFE4350 len 0001BCB0 (111 KiB): D/IRAM[0m
[0;32mI (649) heap_init: At 4009998C len 00006674 (25 KiB): IRAM[0m
[0;32mI (656) spi_flash: detected chip: generic[0m
[0;32mI (659) spi_flash: flash io: dio[0m
[0;33mW (663) spi_flash: Detected size(4096k) larger than the size in the binary image header(2048k). Using the size in the binary image header.[0m
[0;33mW (677) i2c: This driver is an old driver, please migrate your application code to adapt `driver/i2c_master.h`[0m
[0;32mI (688) main_task: Started on CPU0[0m
[0;32mI (698) main_task: Calling app_main()[0m
!!!!Current MAC address: EC:62:60:BC:E8:20
BATH ESP.
[0;31mE (698) i2cdev: Could not write to device [0x0b at 0]: -1 (ESP_FAIL)[0m
[0;32mI (808) gauge: Power Mode: 0x1[0m
[0;32mI (808) gauge: APA: 0x2A[0m
[0;32mI (808) gauge: Battery Profile: 0x1[0m
[0;32mI (808) gauge: Temp Mode: 0x0[0m
[0;32mI (818) gauge: Voltage: 4.17	RSOC: 99.0%[0m
[0;32mI (818) progress: [APP] Free memory: 272740 bytes[0m
[0;32mI (818) progress: [APP] IDF version: v5.3.1[0m
[0;32mI (858) progress: Starting Wifi[0m
[0;32mI (1938) progress: Starting Clock[0m
[0;32mI (3938) progress: The current date/time in Germany is: Mon Nov 25 03:12:34 2024[0m
[0;32mI (3938) progress: Starting MQTT[0m
[0;32mI (3938) mqtt: [APP] Free memory: 225000 bytes[0m
[0;32mI (3948) mqtt: MQTT_EVENT_BEFORE_CONNECT
[0m
[0;32mI (3958) mqtt: Note free memory: 213608 bytes[0m
[0;32mI (3958) mqtt: Waiting for connection to MQTT
[0m
[0;32mI (7908) mqtt: MQTT_EVENT_CONNECTED
[0m
[0;32mI (7908) mqtt: Connected to MQTT
[0m
[0;32mI (7908) progress: Wake count: 9[0m
[0;32mI (7908) progress: Sending PIR event to MQTT[0m
[0;32mI (7918) mqtt: Sent <{"sensors":[{"name":"PIR","values":[{"timestamp":1732500758000, "roomID":"corridor"}]}]}> to topic 1/3/data[0m
[0;32mI (7928) progress: Going to sleep[0m
ets Jul 29 2019 12:21:46

rst:0x5 (DEEPSLEEP_RESET),boot:0x13 (SPI_FAST_FLASH_BOOT)
Wakeup Stub Executed
[0;32mWakeup Cause: 1[0m
[0;32mCurrent Timestamp: 117952927, Last Timestamp: 108949181[0m
[0;32mStored event at position 8[0m
[0;32mPrinting stored events...[0m
[0;32mEvent 0: Timestamp: 19527694, Sensor ID: 0[0m
[0;32mEvent 1: Timestamp: 40604339, Sensor ID: 0[0m
[0;32mEvent 2: Timestamp: 51772077, Sensor ID: 0[0m
[0;32mEvent 3: Timestamp: 62356286, Sensor ID: 0[0m
[0;32mEvent 4: Timestamp: 76438274, Sensor ID: 0[0m
[0;32mEvent 5: Timestamp: 85677301, Sensor ID: 0[0m
[0;32mEvent 6: Timestamp: 94509812, Sensor ID: 0[0m
[0;32mEvent 7: Timestamp: 108949181, Sensor ID: 0[0m
[0;32mEvent 8: Timestamp: 117952927, Sensor ID: 0[0m
configsip: 0, SPIWP:0xee
clk_drv:0x00,q_drv:0x00,d_drv:0x00,cs0_drv:0x00,hd_drv:0x00,wp_drv:0x00
mode:DIO, clock div:2
load:0x3fff0030,len:7176
load:0x40078000,len:15564
ho 0 tail 12 room 4
load:0x40080400,len:4
load:0x40080404,len:3904
entry 0x40080640
[0;32mI (120) boot: ESP-IDF v5.3.1 2nd stage bootloader[0m
[0;32mI (120) boot: compile time Nov 21 2024 01:27:28[0m
[0;32mI (120) boot: Multicore bootloader[0m
[0;32mI (125) boot: chip revision: v3.0[0m
[0;32mI (129) boot.esp32: SPI Speed      : 40MHz[0m
[0;32mI (133) boot.esp32: SPI Mode       : DIO[0m
[0;32mI (138) boot.esp32: SPI Flash Size : 2MB[0m
[0;32mI (143) boot: Enabling RNG early entropy source...[0m
[0;32mI (148) boot: Partition Table:[0m
[0;32mI (152) boot: ## Label            Usage          Type ST Offset   Length[0m
[0;32mI (159) boot:  0 nvs              WiFi data        01 02 00009000 00006000[0m
[0;32mI (167) boot:  1 phy_init         RF data          01 01 0000f000 00001000[0m
[0;32mI (174) boot:  2 factory          factory app      00 00 00010000 00177000[0m
[0;32mI (182) boot: End of partition table[0m
[0;32mI (186) esp_image: segment 0: paddr=00010020 vaddr=3f400020 size=28980h (166272) map[0m
[0;32mI (252) esp_image: segment 1: paddr=000389a8 vaddr=3ff80301 size=00008h (     8) [0m
[0;32mI (252) esp_image: segment 2: paddr=000389b8 vaddr=3ffb0000 size=04038h ( 16440) load[0m
[0;32mI (263) esp_image: segment 3: paddr=0003c9f8 vaddr=40080000 size=03620h ( 13856) load[0m
[0;32mI (271) esp_image: segment 4: paddr=00040020 vaddr=400d0020 size=a40dch (671964) map[0m
[0;32mI (504) esp_image: segment 5: paddr=000e4104 vaddr=40083620 size=1636ch ( 90988) load[0m
[0;32mI (540) esp_image: segment 6: paddr=000fa478 vaddr=400c0000 size=00304h (   772) [0m
[0;32mI (541) esp_image: segment 7: paddr=000fa784 vaddr=50000000 size=0081ch (  2076) [0m
[0;32mI (559) boot: Loaded app from partition at offset 0x10000[0m
[0;32mI (559) boot: Disabling RNG early entropy source...[0m
[0;32mI (571) cpu_start: Multicore app[0m
[0;32mI (579) cpu_start: Pro cpu start user code[0m
[0;32mI (579) cpu_start: cpu freq: 160000000 Hz[0m
[0;32mI (579) app_init: Application information:[0m
[0;32mI (582) app_init: Project name:     PIR[0m
[0;32mI (587) app_init: App version:      42bb6fe-dirty[0m
[0;32mI (592) app_init: Compile time:     Nov 21 2024 01:27:13[0m
[0;32mI (598) app_init: ELF file SHA256:  b4380d8e315816e2...[0m
[0;32mI (604) app_init: ESP-IDF:          v5.3.1[0m
[0;32mI (609) efuse_init: Min chip rev:     v0.0[0m
[0;32mI (614) efuse_init: Max chip rev:     v3.99 [0m
[0;32mI (619) efuse_init: Chip rev:         v3.0[0m
[0;32mI (624) heap_init: Initializing. RAM available for dynamic allocation:[0m
[0;32mI (631) heap_init: At 3FFAE6E0 len 00001920 (6 KiB): DRAM[0m
[0;32mI (637) heap_init: At 3FFB8970 len 00027690 (157 KiB): DRAM[0m
[0;32mI (643) heap_init: At 3FFE0440 len 00003AE0 (14 KiB): D/IRAM[0m
[0;32mI (649) heap_init: At 3FFE4350 len 0001BCB0 (111 KiB): D/IRAM[0m
[0;32mI (656) heap_init: At 4009998C len 00006674 (25 KiB): IRAM[0m
[0;32mI (664) spi_flash: detected chip: generic[0m
[0;32mI (667) spi_flash: flash io: dio[0m
[0;33mW (670) spi_flash: Detected size(4096k) larger than the size in the binary image header(2048k). Using the size in the binary image header.[0m
[0;33mW (684) i2c: This driver is an old driver, please migrate your application code to adapt `driver/i2c_master.h`[0m
[0;32mI (695) main_task: Started on CPU0[0m
[0;32mI (705) main_task: Calling app_main()[0m
!!!!Current MAC address: EC:62:60:BC:E8:20
BATH ESP.
[0;31mE (705) i2cdev: Could not write to device [0x0b at 0]: -1 (ESP_FAIL)[0m
[0;32mI (815) gauge: Power Mode: 0x1[0m
[0;32mI (815) gauge: APA: 0x2A[0m
[0;32mI (815) gauge: Battery Profile: 0x1[0m
[0;32mI (815) gauge: Temp Mode: 0x0[0m
[0;32mI (825) gauge: Voltage: 4.11	RSOC: 92.0%[0m
[0;32mI (825) progress: [APP] Free memory: 272740 bytes[0m
[0;32mI (825) progress: [APP] IDF version: v5.3.1[0m
[0;32mI (865) progress: Starting Wifi[0m
[0;32mI (1945) progress: Starting Clock[0m
[0;32mI (5945) progress: The current date/time in Germany is: Mon Nov 25 03:12:44 2024[0m
[0;32mI (5945) progress: Starting MQTT[0m
[0;32mI (5945) mqtt: [APP] Free memory: 224984 bytes[0m
[0;32mI (5955) mqtt: MQTT_EVENT_BEFORE_CONNECT
[0m
[0;32mI (5965) mqtt: Note free memory: 213412 bytes[0m
[0;32mI (5965) mqtt: Waiting for connection to MQTT
[0m
[0;32mI (5975) mqtt: MQTT_EVENT_CONNECTED
[0m
[0;32mI (5975) mqtt: Connected to MQTT
[0m
[0;32mI (5985) progress: Wake count: 10[0m
[0;32mI (5985) progress: Sending PIR event to MQTT[0m
[0;32mI (5985) mqtt: Sent <{"sensors":[{"name":"PIR","values":[{"timestamp":1732500764000, "roomID":"corridor"}]}]}> to topic 1/3/data[0m
[0;32mI (6005) progress: Going to sleep[0m
ets Jul 29 2019 12:21:46

rst:0x5 (DEEPSLEEP_RESET),boot:0x13 (SPI_FAST_FLASH_BOOT)
Wakeup Stub Executed
[0;32mWakeup Cause: 1[0m
[0;32mCurrent Timestamp: 126930949, Last Timestamp: 117952927[0m
[0;32mStored event at position 9[0m
[0;32mPrinting stored events...[0m
[0;32mEvent 0: Timestamp: 19527694, Sensor ID: 0[0m
[0;32mEvent 1: Timestamp: 40604339, Sensor ID: 0[0m
[0;32mEvent 2: Timestamp: 51772077, Sensor ID: 0[0m
[0;32mEvent 3: Timestamp: 62356286, Sensor ID: 0[0m
[0;32mEvent 4: Timestamp: 76438274, Sensor ID: 0[0m
[0;32mEvent 5: Timestamp: 85677301, Sensor ID: 0[0m
[0;32mEvent 6: Timestamp: 94509812, Sensor ID: 0[0m
[0;32mEvent 7: Timestamp: 108949181, Sensor ID: 0[0m
[0;32mEvent 8: Timestamp: 117952927, Sensor ID: 0[0m
[0;32mEvent 9: Timestamp: 126930949, Sensor ID: 0[0m
configsip: 0, SPIWP:0xee
clk_drv:0x00,q_drv:0x00,d_drv:0x00,cs0_drv:0x00,hd_drv:0x00,wp_drv:0x00
mode:DIO, clock div:2
load:0x3fff0030,len:7176
load:0x40078000,len:15564
ho 0 tail 12 room 4
load:0x40080400,len:4
load:0x40080404,len:3904
entry 0x40080640
[0;32mI (127) boot: ESP-IDF v5.3.1 2nd stage bootloader[0m
[0;32mI (127) boot: compile time Nov 21 2024 01:27:28[0m
[0;32mI (127) boot: Multicore bootloader[0m
[0;32mI (132) boot: chip revision: v3.0[0m
[0;32mI (136) boot.esp32: SPI Speed      : 40MHz[0m
[0;32mI (140) boot.esp32: SPI Mode       : DIO[0m
[0;32mI (145) boot.esp32: SPI Flash Size : 2MB[0m
[0;32mI (150) boot: Enabling RNG early entropy source...[0m
[0;32mI (155) boot: Partition Table:[0m
[0;32mI (159) boot: ## Label            Usage          Type ST Offset   Length[0m
[0;32mI (166) boot:  0 nvs              WiFi data        01 02 00009000 00006000[0m
[0;32mI (174) boot:  1 phy_init         RF data          01 01 0000f000 00001000[0m
[0;32mI (181) boot:  2 factory          factory app      00 00 00010000 00177000[0m
[0;32mI (189) boot: End of partition table[0m
[0;32mI (193) esp_image: segment 0: paddr=00010020 vaddr=3f400020 size=28980h (166272) map[0m
[0;32mI (259) esp_image: segment 1: paddr=000389a8 vaddr=3ff80301 size=00008h (     8) [0m
[0;32mI (259) esp_image: segment 2: paddr=000389b8 vaddr=3ffb0000 size=04038h ( 16440) load[0m
[0;32mI (270) esp_image: segment 3: paddr=0003c9f8 vaddr=40080000 size=03620h ( 13856) load[0m
[0;32mI (278) esp_image: segment 4: paddr=00040020 vaddr=400d0020 size=a40dch (671964) map[0m
[0;32mI (511) esp_image: segment 5: paddr=000e4104 vaddr=40083620 size=1636ch ( 90988) load[0m
[0;32mI (547) esp_image: segment 6: paddr=000fa478 vaddr=400c0000 size=00304h (   772) [0m
[0;32mI (548) esp_image: segment 7: paddr=000fa784 vaddr=50000000 size=0081ch (  2076) [0m
[0;32mI (566) boot: Loaded app from partition at offset 0x10000[0m
[0;32mI (566) boot: Disabling RNG early entropy source...[0m
[0;32mI (578) cpu_start: Multicore app[0m
[0;32mI (586) cpu_start: Pro cpu start user code[0m
[0;32mI (586) cpu_start: cpu freq: 160000000 Hz[0m
[0;32mI (587) app_init: Application information:[0m
[0;32mI (589) app_init: Project name:     PIR[0m
[0;32mI (594) app_init: App version:      42bb6fe-dirty[0m
[0;32mI (599) app_init: Compile time:     Nov 21 2024 01:27:13[0m
[0;32mI (605) app_init: ELF file SHA256:  b4380d8e315816e2...[0m
[0;32mI (611) app_init: ESP-IDF:          v5.3.1[0m
[0;32mI (616) efuse_init: Min chip rev:     v0.0[0m
[0;32mI (621) efuse_init: Max chip rev:     v3.99 [0m
[0;32mI (626) efuse_init: Chip rev:         v3.0[0m
[0;32mI (631) heap_init: Initializing. RAM available for dynamic allocation:[0m
[0;32mI (638) heap_init: At 3FFAE6E0 len 00001920 (6 KiB): DRAM[0m
[0;32mI (644) heap_init: At 3FFB8970 len 00027690 (157 KiB): DRAM[0m
[0;32mI (650) heap_init: At 3FFE0440 len 00003AE0 (14 KiB): D/IRAM[0m
[0;32mI (656) heap_init: At 3FFE4350 len 0001BCB0 (111 KiB): D/IRAM[0m
[0;32mI (663) heap_init: At 4009998C len 00006674 (25 KiB): IRAM[0m
[0;32mI (671) spi_flash: detected chip: generic[0m
[0;32mI (674) spi_flash: flash io: dio[0m
[0;33mW (678) spi_flash: Detected size(4096k) larger than the size in the binary image header(2048k). Using the size in the binary image header.[0m
[0;33mW (691) i2c: This driver is an old driver, please migrate your application code to adapt `driver/i2c_master.h`[0m
[0;32mI (702) main_task: Started on CPU0[0m
[0;32mI (712) main_task: Calling app_main()[0m
!!!!Current MAC address: EC:62:60:BC:E8:20
BATH ESP.
[0;31mE (712) i2cdev: Could not write to device [0x0b at 0]: -1 (ESP_FAIL)[0m
[0;32mI (822) gauge: Power Mode: 0x1[0m
[0;32mI (822) gauge: APA: 0x2A[0m
[0;32mI (822) gauge: Battery Profile: 0x1[0m
[0;32mI (822) gauge: Temp Mode: 0x0[0m
[0;32mI (832) gauge: Voltage: 4.17	RSOC: 99.0%[0m
[0;32mI (832) progress: [APP] Free memory: 272740 bytes[0m
[0;32mI (832) progress: [APP] IDF version: v5.3.1[0m
[0;32mI (872) progress: Starting Wifi[0m
[0;32mI (1952) progress: Starting Clock[0m
[0;32mI (7952) progress: The current date/time in Germany is: Mon Nov 25 03:12:55 2024[0m
[0;32mI (7952) progress: Starting MQTT[0m
[0;32mI (7952) mqtt: [APP] Free memory: 224988 bytes[0m
[0;32mI (7962) mqtt: MQTT_EVENT_BEFORE_CONNECT
[0m
[0;32mI (7972) mqtt: Note free memory: 213608 bytes[0m
[0;32mI (7972) mqtt: Waiting for connection to MQTT
[0m
[0;32mI (8992) mqtt: MQTT_EVENT_CONNECTED
[0m
[0;32mI (8992) mqtt: Connected to MQTT
[0m
[0;32mI (8992) progress: Sending battery status to MQTT[0m
[0;32mI (8992) mqtt: Sent <{"sensors":[{"name":"battery","values":[{"timestamp":1732500776000, "voltage":4.2, "soc":99.0}]}]}> to topic 1/3/data[0m
[0;32mI (9012) progress: Sending PIR event to MQTT[0m
[0;32mI (9012) mqtt: MQTT_EVENT_PUBLISHED, msg_id=35786
[0m
[0;32mI (9012) mqtt: Sent <{"sensors":[{"name":"PIR","values":[{"timestamp":1732500776000, "roomID":"corridor"}]}]}> to topic 1/3/data[0m
[0;32mI (9042) mqtt: MQTT_EVENT_PUBLISHED, msg_id=35610
[0m
[0;32mI (12032) progress: Going to sleep[0m
ets Jul 29 2019 12:21:46

rst:0x5 (DEEPSLEEP_RESET),boot:0x13 (SPI_FAST_FLASH_BOOT)
Wakeup Stub Executed
[0;32mWakeup Cause: 1[0m
[0;32mCurrent Timestamp: 145101121, Last Timestamp: 126930949[0m
[0;32mStored event at position 10[0m
[0;32mPrinting stored events...[0m
[0;32mEvent 0: Timestamp: 19527694, Sensor ID: 0[0m
[0;32mEvent 1: Timestamp: 40604339, Sensor ID: 0[0m
[0;32mEvent 2: Timestamp: 51772077, Sensor ID: 0[0m
[0;32mEvent 3: Timestamp: 62356286, Sensor ID: 0[0m
[0;32mEvent 4: Timestamp: 76438274, Sensor ID: 0[0m
[0;32mEvent 5: Timestamp: 85677301, Sensor ID: 0[0m
[0;32mEvent 6: Timestamp: 94509812, Sensor ID: 0[0m
[0;32mEvent 7: Timestamp: 108949181, Sensor ID: 0[0m
[0;32mEvent 8: Timestamp: 117952927, Sensor ID: 0[0m
[0;32mEvent 9: Timestamp: 126930949, Sensor ID: 0[0m
[0;32mEvent 10: Timestamp: 145101121, Sensor ID: 0[0m
configsip: 0, SPIWP:0xee
clk_drv:0x00,q_drv:0x00,d_drv:0x00,cs0_drv:0x00,hd_drv:0x00,wp_drv:0x00
mode:DIO, clock div:2
load:0x3fff0030,len:7176
load:0x40078000,len:15564
ho 0 tail 12 room 4
load:0x40080400,len:4
load:0x40080404,len:3904
entry 0x40080640
[0;32mI (134) boot: ESP-IDF v5.3.1 2nd stage bootloader[0m
[0;32mI (134) boot: compile time Nov 21 2024 01:27:28[0m
[0;32mI (134) boot: Multicore bootloader[0m
[0;32mI (139) boot: chip revision: v3.0[0m
[0;32mI (143) boot.esp32: SPI Speed      : 40MHz[0m
[0;32mI (148) boot.esp32: SPI Mode       : DIO[0m
[0;32mI (152) boot.esp32: SPI Flash Size : 2MB[0m
[0;32mI (157) boot: Enabling RNG early entropy source...[0m
[0;32mI (162) boot: Partition Table:[0m
[0;32mI (166) boot: ## Label            Usage          Type ST Offset   Length[0m
[0;32mI (174) boot:  0 nvs              WiFi data        01 02 00009000 00006000[0m
[0;32mI (181) boot:  1 phy_init         RF data          01 01 0000f000 00001000[0m
[0;32mI (189) boot:  2 factory          factory app      00 00 00010000 00177000[0m
[0;32mI (196) boot: End of partition table[0m
[0;32mI (200) esp_image: segment 0: paddr=00010020 vaddr=3f400020 size=28980h (166272) map[0m
[0;32mI (266) esp_image: segment 1: paddr=000389a8 vaddr=3ff80301 size=00008h (     8) [0m
[0;32mI (266) esp_image: segment 2: paddr=000389b8 vaddr=3ffb0000 size=04038h ( 16440) load[0m
[0;32mI (278) esp_image: segment 3: paddr=0003c9f8 vaddr=40080000 size=03620h ( 13856) load[0m
[0;32mI (285) esp_image: segment 4: paddr=00040020 vaddr=400d0020 size=a40dch (671964) map[0m
[0;32mI (519) esp_image: segment 5: paddr=000e4104 vaddr=40083620 size=1636ch ( 90988) load[0m
[0;32mI (554) esp_image: segment 6: paddr=000fa478 vaddr=400c0000 size=00304h (   772) [0m
[0;32mI (555) esp_image: segment 7: paddr=000fa784 vaddr=50000000 size=0081ch (  2076) [0m
[0;32mI (573) boot: Loaded app from partition at offset 0x10000[0m
[0;32mI (573) boot: Disabling RNG early entropy source...[0m
[0;32mI (585) cpu_start: Multicore app[0m
[0;32mI (594) cpu_start: Pro cpu start user code[0m
[0;32mI (594) cpu_start: cpu freq: 160000000 Hz[0m
[0;32mI (594) app_init: Application information:[0m
[0;32mI (597) app_init: Project name:     PIR[0m
[0;32mI (601) app_init: App version:      42bb6fe-dirty[0m
[0;32mI (607) app_init: Compile time:     Nov 21 2024 01:27:13[0m
[0;32mI (613) app_init: ELF file SHA256:  b4380d8e315816e2...[0m
[0;32mI (618) app_init: ESP-IDF:          v5.3.1[0m
[0;32mI (623) efuse_init: Min chip rev:     v0.0[0m
[0;32mI (628) efuse_init: Max chip rev:     v3.99 [0m
[0;32mI (633) efuse_init: Chip rev:         v3.0[0m
[0;32mI (638) heap_init: Initializing. RAM available for dynamic allocation:[0m
[0;32mI (645) heap_init: At 3FFAE6E0 len 00001920 (6 KiB): DRAM[0m
[0;32mI (651) heap_init: At 3FFB8970 len 00027690 (157 KiB): DRAM[0m
[0;32mI (657) heap_init: At 3FFE0440 len 00003AE0 (14 KiB): D/IRAM[0m
[0;32mI (664) heap_init: At 3FFE4350 len 0001BCB0 (111 KiB): D/IRAM[0m
[0;32mI (670) heap_init: At 4009998C len 00006674 (25 KiB): IRAM[0m
[0;32mI (678) spi_flash: detected chip: generic[0m
[0;32mI (681) spi_flash: flash io: dio[0m
[0;33mW (685) spi_flash: Detected size(4096k) larger than the size in the binary image header(2048k). Using the size in the binary image header.[0m
[0;33mW (698) i2c: This driver is an old driver, please migrate your application code to adapt `driver/i2c_master.h`[0m
[0;32mI (710) main_task: Started on CPU0[0m
[0;32mI (720) main_task: Calling app_main()[0m
!!!!Current MAC address: EC:62:60:BC:E8:20
BATH ESP.
[0;31mE (720) i2cdev: Could not write to device [0x0b at 0]: -1 (ESP_FAIL)[0m
[0;32mI (830) gauge: Power Mode: 0x1[0m
[0;32mI (830) gauge: APA: 0x2A[0m
[0;32mI (830) gauge: Battery Profile: 0x1[0m
[0;32mI (830) gauge: Temp Mode: 0x0[0m
[0;32mI (830) gauge: Voltage: 4.39	RSOC: 100.0%[0m
[0;32mI (840) progress: [APP] Free memory: 272740 bytes[0m
[0;32mI (840) progress: [APP] IDF version: v5.3.1[0m
[0;32mI (870) progress: Starting Wifi[0m
[0;32mI (2490) progress: Starting Clock[0m
[0;32mI (6490) progress: The current date/time in Germany is: Mon Nov 25 03:13:12 2024[0m
[0;32mI (6490) progress: Starting MQTT[0m
[0;32mI (6490) mqtt: [APP] Free memory: 224972 bytes[0m
[0;32mI (6500) mqtt: MQTT_EVENT_BEFORE_CONNECT
[0m
[0;32mI (6510) mqtt: Note free memory: 213396 bytes[0m
[0;32mI (6510) mqtt: Waiting for connection to MQTT
[0m
[0;32mI (6520) mqtt: MQTT_EVENT_CONNECTED
[0m
[0;32mI (6530) mqtt: Connected to MQTT
[0m
[0;32mI (6530) progress: Wake count: 1[0m
[0;32mI (6530) progress: Sending PIR event to MQTT[0m
[0;32mI (6530) mqtt: Sent <{"sensors":[{"name":"PIR","values":[{"timestamp":1732500792000, "roomID":"corridor"}]}]}> to topic 1/3/data[0m
[0;32mI (6550) progress: Going to sleep[0m
ets Jul 29 2019 12:21:46

rst:0x5 (DEEPSLEEP_RESET),boot:0x13 (SPI_FAST_FLASH_BOOT)
Wakeup Stub Executed
[0;32mWakeup Cause: 1[0m
[0;32mCurrent Timestamp: 154640827, Last Timestamp: 145101121[0m
[0;32mStored event at position 11[0m
[0;32mPrinting stored events...[0m
[0;32mEvent 0: Timestamp: 19527694, Sensor ID: 0[0m
[0;32mEvent 1: Timestamp: 40604339, Sensor ID: 0[0m
[0;32mEvent 2: Timestamp: 51772077, Sensor ID: 0[0m
[0;32mEvent 3: Timestamp: 62356286, Sensor ID: 0[0m
[0;32mEvent 4: Timestamp: 76438274, Sensor ID: 0[0m
[0;32mEvent 5: Timestamp: 85677301, Sensor ID: 0[0m
[0;32mEvent 6: Timestamp: 94509812, Sensor ID: 0[0m
[0;32mEvent 7: Timestamp: 108949181, Sensor ID: 0[0m
[0;32mEvent 8: Timestamp: 117952927, Sensor ID: 0[0m
[0;32mEvent 9: Timestamp: 126930949, Sensor ID: 0[0m
[0;32mEvent 10: Timestamp: 145101121, Sensor ID: 0[0m
[0;32mEvent 11: Timestamp: 154640827, Sensor ID: 0[0m
configsip: 0, SPIWP:0xee
clk_drv:0x00,q_drv:0x00,d_drv:0x00,cs0_drv:0x00,hd_drv:0x00,wp_drv:0x00
mode:DIO, clock div:2
load:0x3fff0030,len:7176
load:0x40078000,len:15564
ho 0 tail 12 room 4
load:0x40080400,len:4
load:0x40080404,len:3904
entry 0x40080640
[0;32mI (141) boot: ESP-IDF v5.3.1 2nd stage bootloader[0m
[0;32mI (141) boot: compile time Nov 21 2024 01:27:28[0m
[0;32mI (142) boot: Multicore bootloader[0m
[0;32mI (146) boot: chip revision: v3.0[0m
[0;32mI (150) boot.esp32: SPI Speed      : 40MHz[0m
[0;32mI (155) boot.esp32: SPI Mode       : DIO[0m
[0;32mI (160) boot.esp32: SPI Flash Size : 2MB[0m
[0;32mI (164) boot: Enabling RNG early entropy source...[0m
[0;32mI (170) boot: Partition Table:[0m
[0;32mI (173) boot: ## Label            Usage          Type ST Offset   Length[0m
[0;32mI (181) boot:  0 nvs              WiFi data        01 02 00009000 00006000[0m
[0;32mI (188) boot:  1 phy_init         RF data          01 01 0000f000 00001000[0m
[0;32mI (196) boot:  2 factory          factory app      00 00 00010000 00177000[0m
[0;32mI (203) boot: End of partition table[0m
[0;32mI (208) esp_image: segment 0: paddr=00010020 vaddr=3f400020 size=28980h (166272) map[0m
[0;32mI (273) esp_image: segment 1: paddr=000389a8 vaddr=3ff80301 size=00008h (     8) [0m
[0;32mI (273) esp_image: segment 2: paddr=000389b8 vaddr=3ffb0000 size=04038h ( 16440) load[0m
[0;32mI (285) esp_image: segment 3: paddr=0003c9f8 vaddr=40080000 size=03620h ( 13856) load[0m
[0;32mI (293) esp_image: segment 4: paddr=00040020 vaddr=400d0020 size=a40dch (671964) map[0m
[0;32mI (526) esp_image: segment 5: paddr=000e4104 vaddr=40083620 size=1636ch ( 90988) load[0m
[0;32mI (562) esp_image: segment 6: paddr=000fa478 vaddr=400c0000 size=00304h (   772) [0m
[0;32mI (562) esp_image: segment 7: paddr=000fa784 vaddr=50000000 size=0081ch (  2076) [0m
[0;32mI (580) boot: Loaded app from partition at offset 0x10000[0m
[0;32mI (580) boot: Disabling RNG early entropy source...[0m
[0;32mI (592) cpu_start: Multicore app[0m
[0;32mI (601) cpu_start: Pro cpu start user code[0m
[0;32mI (601) cpu_start: cpu freq: 160000000 Hz[0m
[0;32mI (601) app_init: Application information:[0m
[0;32mI (604) app_init: Project name:     PIR[0m
[0;32mI (608) app_init: App version:      42bb6fe-dirty[0m
[0;32mI (614) app_init: Compile time:     Nov 21 2024 01:27:13[0m
[0;32mI (620) app_init: ELF file SHA256:  b4380d8e315816e2...[0m
[0;32mI (626) app_init: ESP-IDF:          v5.3.1[0m
[0;32mI (630) efuse_init: Min chip rev:     v0.0[0m
[0;32mI (635) efuse_init: Max chip rev:     v3.99 [0m
[0;32mI (640) efuse_init: Chip rev:         v3.0[0m
[0;32mI (645) heap_init: Initializing. RAM available for dynamic allocation:[0m
[0;32mI (652) heap_init: At 3FFAE6E0 len 00001920 (6 KiB): DRAM[0m
[0;32mI (658) heap_init: At 3FFB8970 len 00027690 (157 KiB): DRAM[0m
[0;32mI (664) heap_init: At 3FFE0440 len 00003AE0 (14 KiB): D/IRAM[0m
[0;32mI (671) heap_init: At 3FFE4350 len 0001BCB0 (111 KiB): D/IRAM[0m
[0;32mI (677) heap_init: At 4009998C len 00006674 (25 KiB): IRAM[0m
[0;32mI (685) spi_flash: detected chip: generic[0m
[0;32mI (688) spi_flash: flash io: dio[0m
[0;33mW (692) spi_flash: Detected size(4096k) larger than the size in the binary image header(2048k). Using the size in the binary image header.[0m
[0;33mW (705) i2c: This driver is an old driver, please migrate your application code to adapt `driver/i2c_master.h`[0m
[0;32mI (717) main_task: Started on CPU0[0m
[0;32mI (727) main_task: Calling app_main()[0m
!!!!Current MAC address: EC:62:60:BC:E8:20
BATH ESP.
[0;31mE (727) i2cdev: Could not write to device [0x0b at 0]: -1 (ESP_FAIL)[0m
[0;32mI (837) gauge: Power Mode: 0x1[0m
[0;32mI (837) gauge: APA: 0x2A[0m
[0;32mI (837) gauge: Battery Profile: 0x1[0m
[0;32mI (837) gauge: Temp Mode: 0x0[0m
[0;32mI (837) gauge: Voltage: 4.08	RSOC: 88.0%[0m
[0;32mI (847) progress: [APP] Free memory: 272740 bytes[0m
[0;32mI (847) progress: [APP] IDF version: v5.3.1[0m
[0;32mI (877) progress: Starting Wifi[0m
[0;32mI (1977) progress: Starting Clock[0m
[0;32mI (3977) progress: The current date/time in Germany is: Mon Nov 25 03:13:19 2024[0m
[0;32mI (3977) progress: Starting MQTT[0m
[0;32mI (3977) mqtt: [APP] Free memory: 224984 bytes[0m
[0;32mI (3987) mqtt: MQTT_EVENT_BEFORE_CONNECT
[0m
[0;32mI (3997) mqtt: Note free memory: 213412 bytes[0m
[0;32mI (3997) mqtt: Waiting for connection to MQTT
[0m
[0;32mI (4007) mqtt: MQTT_EVENT_CONNECTED
[0m
[0;32mI (4017) mqtt: Connected to MQTT
[0m
[0;32mI (4017) progress: Wake count: 2[0m
[0;32mI (4017) progress: Sending PIR event to MQTT[0m
[0;32mI (4017) mqtt: Sent <{"sensors":[{"name":"PIR","values":[{"timestamp":1732500799000, "roomID":"corridor"}]}]}> to topic 1/3/data[0m
[0;32mI (4037) progress: Going to sleep[0m
ets Jul 29 2019 12:21:46

rst:0x5 (DEEPSLEEP_RESET),boot:0x13 (SPI_FAST_FLASH_BOOT)
Wakeup Stub Executed
[0;32mWakeup Cause: 1[0m
[0;32mCurrent Timestamp: 211375057, Last Timestamp: 154640827[0m
[0;32mStored event at position 12[0m
[0;32mPrinting stored events...[0m
[0;32mEvent 0: Timestamp: 19527694, Sensor ID: 0[0m
[0;32mEvent 1: Timestamp: 40604339, Sensor ID: 0[0m
[0;32mEvent 2: Timestamp: 51772077, Sensor ID: 0[0m
[0;32mEvent 3: Timestamp: 62356286, Sensor ID: 0[0m
[0;32mEvent 4: Timestamp: 76438274, Sensor ID: 0[0m
[0;32mEvent 5: Timestamp: 85677301, Sensor ID: 0[0m
[0;32mEvent 6: Timestamp: 94509812, Sensor ID: 0[0m
[0;32mEvent 7: Timestamp: 108949181, Sensor ID: 0[0m
[0;32mEvent 8: Timestamp: 117952927, Sensor ID: 0[0m
[0;32mEvent 9: Timestamp: 126930949, Sensor ID: 0[0m
[0;32mEvent 10: Timestamp: 145101121, Sensor ID: 0[0m
[0;32mEvent 11: Timestamp: 154640827, Sensor ID: 0[0m
[0;32mEvent 12: Timestamp: 211375057, Sensor ID: 0[0m
configsip: 0, SPIWP:0xee
clk_drv:0x00,q_drv:0x00,d_drv:0x00,cs0_drv:0x00,hd_drv:0x00,wp_drv:0x00
mode:DIO, clock div:2
load:0x3fff0030,len:7176
load:0x40078000,len:15564
ho 0 tail 12 room 4
load:0x40080400,len:4
load:0x40080404,len:3904
entry 0x40080640
[0;32mI (149) boot: ESP-IDF v5.3.1 2nd stage bootloader[0m
[0;32mI (149) boot: compile time Nov 21 2024 01:27:28[0m
[0;32mI (149) boot: Multicore bootloader[0m
[0;32mI (153) boot: chip revision: v3.0[0m
[0;32mI (157) boot.esp32: SPI Speed      : 40MHz[0m
[0;32mI (162) boot.esp32: SPI Mode       : DIO[0m
[0;32mI (167) boot.esp32: SPI Flash Size : 2MB[0m
[0;32mI (171) boot: Enabling RNG early entropy source...[0m
[0;32mI (177) boot: Partition Table:[0m
[0;32mI (180) boot: ## Label            Usage          Type ST Offset   Length[0m
[0;32mI (188) boot:  0 nvs              WiFi data        01 02 00009000 00006000[0m
[0;32mI (195) boot:  1 phy_init         RF data          01 01 0000f000 00001000[0m
[0;32mI (203) boot:  2 factory          factory app      00 00 00010000 00177000[0m
[0;32mI (211) boot: End of partition table[0m
[0;32mI (215) esp_image: segment 0: paddr=00010020 vaddr=3f400020 size=28980h (166272) map[0m
[0;32mI (280) esp_image: segment 1: paddr=000389a8 vaddr=3ff80301 size=00008h (     8) [0m
[0;32mI (281) esp_image: segment 2: paddr=000389b8 vaddr=3ffb0000 size=04038h ( 16440) load[0m
[0;32mI (292) esp_image: segment 3: paddr=0003c9f8 vaddr=40080000 size=03620h ( 13856) load[0m
[0;32mI (300) esp_image: segment 4: paddr=00040020 vaddr=400d0020 size=a40dch (671964) map[0m
[0;32mI (533) esp_image: segment 5: paddr=000e4104 vaddr=40083620 size=1636ch ( 90988) load[0m
[0;32mI (569) esp_image: segment 6: paddr=000fa478 vaddr=400c0000 size=00304h (   772) [0m
[0;32mI (569) esp_image: segment 7: paddr=000fa784 vaddr=50000000 size=0081ch (  2076) [0m
[0;32mI (588) boot: Loaded app from partition at offset 0x10000[0m
[0;32mI (588) boot: Disabling RNG early entropy source...[0m
[0;32mI (600) cpu_start: Multicore app[0m
[0;32mI (608) cpu_start: Pro cpu start user code[0m
[0;32mI (608) cpu_start: cpu freq: 160000000 Hz[0m
[0;32mI (608) app_init: Application information:[0m
[0;32mI (611) app_init: Project name:     PIR[0m
[0;32mI (616) app_init: App version:      42bb6fe-dirty[0m
[0;32mI (621) app_init: Compile time:     Nov 21 2024 01:27:13[0m
[0;32mI (627) app_init: ELF file SHA256:  b4380d8e315816e2...[0m
[0;32mI (633) app_init: ESP-IDF:          v5.3.1[0m
[0;32mI (638) efuse_init: Min chip rev:     v0.0[0m
[0;32mI (642) efuse_init: Max chip rev:     v3.99 [0m
[0;32mI (647) efuse_init: Chip rev:         v3.0[0m
[0;32mI (652) heap_init: Initializing. RAM available for dynamic allocation:[0m
[0;32mI (660) heap_init: At 3FFAE6E0 len 00001920 (6 KiB): DRAM[0m
[0;32mI (665) heap_init: At 3FFB8970 len 00027690 (157 KiB): DRAM[0m
[0;32mI (672) heap_init: At 3FFE0440 len 00003AE0 (14 KiB): D/IRAM[0m
[0;32mI (678) heap_init: At 3FFE4350 len 0001BCB0 (111 KiB): D/IRAM[0m
[0;32mI (684) heap_init: At 4009998C len 00006674 (25 KiB): IRAM[0m
[0;32mI (692) spi_flash: detected chip: generic[0m
[0;32mI (695) spi_flash: flash io: dio[0m
[0;33mW (699) spi_flash: Detected size(4096k) larger than the size in the binary image header(2048k). Using the size in the binary image header.[0m
[0;33mW (712) i2c: This driver is an old driver, please migrate your application code to adapt `driver/i2c_master.h`[0m
[0;32mI (724) main_task: Started on CPU0[0m
[0;32mI (734) main_task: Calling app_main()[0m
!!!!Current MAC address: EC:62:60:BC:E8:20
BATH ESP.
[0;31mE (734) i2cdev: Could not write to device [0x0b at 0]: -1 (ESP_FAIL)[0m
[0;32mI (844) gauge: Power Mode: 0x1[0m
[0;32mI (844) gauge: APA: 0x2A[0m
[0;32mI (844) gauge: Battery Profile: 0x1[0m
[0;32mI (844) gauge: Temp Mode: 0x0[0m
[0;32mI (854) gauge: Voltage: 4.34	RSOC: 100.0%[0m
[0;32mI (854) progress: [APP] Free memory: 272740 bytes[0m
[0;32mI (854) progress: [APP] IDF version: v5.3.1[0m
[0;32mI (894) progress: Starting Wifi[0m
[0;32mI (1974) progress: Starting Clock[0m
[0;32mI (5974) progress: The current date/time in Germany is: Mon Nov 25 03:14:17 2024[0m
[0;32mI (5974) progress: Starting MQTT[0m
[0;32mI (5974) mqtt: [APP] Free memory: 224984 bytes[0m
[0;32mI (5984) mqtt: MQTT_EVENT_BEFORE_CONNECT
[0m
[0;32mI (5994) mqtt: Note free memory: 213608 bytes[0m
[0;32mI (5994) mqtt: Waiting for connection to MQTT
[0m
[0;32mI (6004) mqtt: MQTT_EVENT_CONNECTED
[0m
[0;32mI (6004) mqtt: Connected to MQTT
[0m
[0;32mI (6004) progress: Wake count: 3[0m
[0;32mI (6004) progress: Sending PIR event to MQTT[0m
[0;32mI (6014) mqtt: Sent <{"sensors":[{"name":"PIR","values":[{"timestamp":1732500857000, "roomID":"corridor"}]}]}> to topic 1/3/data[0m
[0;32mI (6024) progress: Going to sleep[0m
ets Jul 29 2019 12:21:46

rst:0x5 (DEEPSLEEP_RESET),boot:0x13 (SPI_FAST_FLASH_BOOT)
Wakeup Stub Executed
[0;32mWakeup Cause: 8[0m
[0;32mCurrent Timestamp: 336736858, Last Timestamp: 211375057[0m
[0;32mWake stub: undefined wakeup cause[0m
[0;32mPrinting stored events...[0m
[0;32mEvent 0: Timestamp: 19527694, Sensor ID: 0[0m
[0;32mEvent 1: Timestamp: 40604339, Sensor ID: 0[0m
[0;32mEvent 2: Timestamp: 51772077, Sensor ID: 0[0m
[0;32mEvent 3: Timestamp: 62356286, Sensor ID: 0[0m
[0;32mEvent 4: Timestamp: 76438274, Sensor ID: 0[0m
[0;32mEvent 5: Timestamp: 85677301, Sensor ID: 0[0m
[0;32mEvent 6: Timestamp: 94509812, Sensor ID: 0[0m
[0;32mEvent 7: Timestamp: 108949181, Sensor ID: 0[0m
[0;32mEvent 8: Timestamp: 117952927, Sensor ID: 0[0m
[0;32mEvent 9: Timestamp: 126930949, Sensor ID: 0[0m
[0;32mEvent 10: Timestamp: 145101121, Sensor ID: 0[0m
[0;32mEvent 11: Timestamp: 154640827, Sensor ID: 0[0m
[0;32mEvent 12: Timestamp: 211375057, Sensor ID: 0[0m
configsip: 0, SPIWP:0xee
clk_drv:0x00,q_drv:0x00,d_drv:0x00,cs0_drv:0x00,hd_drv:0x00,wp_drv:0x00
mode:DIO, clock div:2
load:0x3fff0030,len:7176
load:0x40078000,len:15564
ho 0 tail 12 room 4
load:0x40080400,len:4
load:0x40080404,len:3904
entry 0x40080640
[0;32mI (149) boot: ESP-IDF v5.3.1 2nd stage bootloader[0m
[0;32mI (149) boot: compile time Nov 21 2024 01:27:28[0m
[0;32mI (149) boot: Multicore bootloader[0m
[0;32mI (154) boot: chip revision: v3.0[0m
[0;32mI (158) boot.esp32: SPI Speed      : 40MHz[0m
[0;32mI (163) boot.esp32: SPI Mode       : DIO[0m
[0;32mI (167) boot.esp32: SPI Flash Size : 2MB[0m
[0;32mI (172) boot: Enabling RNG early entropy source...[0m
[0;32mI (177) boot: Partition Table:[0m
[0;32mI (181) boot: ## Label            Usage          Type ST Offset   Length[0m
[0;32mI (188) boot:  0 nvs              WiFi data        01 02 00009000 00006000[0m
[0;32mI (196) boot:  1 phy_init         RF data          01 01 0000f000 00001000[0m
[0;32mI (203) boot:  2 factory          factory app      00 00 00010000 00177000[0m
[0;32mI (211) boot: End of partition table[0m
[0;32mI (215) esp_image: segment 0: paddr=00010020 vaddr=3f400020 size=28980h (166272) map[0m
[0;32mI (281) esp_image: segment 1: paddr=000389a8 vaddr=3ff80301 size=00008h (     8) [0m
[0;32mI (281) esp_image: segment 2: paddr=000389b8 vaddr=3ffb0000 size=04038h ( 16440) load[0m
[0;32mI (292) esp_image: segment 3: paddr=0003c9f8 vaddr=40080000 size=03620h ( 13856) load[0m
[0;32mI (300) esp_image: segment 4: paddr=00040020 vaddr=400d0020 size=a40dch (671964) map[0m
[0;32mI (534) esp_image: segment 5: paddr=000e4104 vaddr=40083620 size=1636ch ( 90988) load[0m
[0;32mI (569) esp_image: segment 6: paddr=000fa478 vaddr=400c0000 size=00304h (   772) [0m
[0;32mI (570) esp_image: segment 7: paddr=000fa784 vaddr=50000000 size=0081ch (  2076) [0m
[0;32mI (588) boot: Loaded app from partition at offset 0x10000[0m
[0;32mI (588) boot: Disabling RNG early entropy source...[0m
[0;32mI (600) cpu_start: Multicore app[0m
[0;32mI (609) cpu_start: Pro cpu start user code[0m
[0;32mI (609) cpu_start: cpu freq: 160000000 Hz[0m
[0;32mI (609) app_init: Application information:[0m
[0;32mI (612) app_init: Project name:     PIR[0m
[0;32mI (616) app_init: App version:      42bb6fe-dirty[0m
[0;32mI (621) app_init: Compile time:     Nov 21 2024 01:27:13[0m
[0;32mI (627) app_init: ELF file SHA256:  b4380d8e315816e2...[0m
[0;32mI (633) app_init: ESP-IDF:          v5.3.1[0m
[0;32mI (638) efuse_init: Min chip rev:     v0.0[0m
[0;32mI (643) efuse_init: Max chip rev:     v3.99 [0m
[0;32mI (648) efuse_init: Chip rev:         v3.0[0m
[0;32mI (653) heap_init: Initializing. RAM available for dynamic allocation:[0m
[0;32mI (660) heap_init: At 3FFAE6E0 len 00001920 (6 KiB): DRAM[0m
[0;32mI (666) heap_init: At 3FFB8970 len 00027690 (157 KiB): DRAM[0m
[0;32mI (672) heap_init: At 3FFE0440 len 00003AE0 (14 KiB): D/IRAM[0m
[0;32mI (678) heap_init: At 3FFE4350 len 0001BCB0 (111 KiB): D/IRAM[0m
[0;32mI (685) heap_init: At 4009998C len 00006674 (25 KiB): IRAM[0m
[0;32mI (693) spi_flash: detected chip: generic[0m
[0;32mI (696) spi_flash: flash io: dio[0m
[0;33mW (700) spi_flash: Detected size(4096k) larger than the size in the binary image header(2048k). Using the size in the binary image header.[0m
[0;33mW (713) i2c: This driver is an old driver, please migrate your application code to adapt `driver/i2c_master.h`[0m
[0;32mI (724) main_task: Started on CPU0[0m
[0;32mI (734) main_task: Calling app_main()[0m
!!!!Current MAC address: EC:62:60:BC:E8:20
BATH ESP.
[0;31mE (734) i2cdev: Could not write to device [0x0b at 0]: -1 (ESP_FAIL)[0m
[0;32mI (844) gauge: Power Mode: 0x1[0m
[0;32mI (844) gauge: APA: 0x2A[0m
[0;32mI (844) gauge: Battery Profile: 0x1[0m
[0;32mI (844) gauge: Temp Mode: 0x0[0m
[0;32mI (854) gauge: Voltage: 4.16	RSOC: 98.0%[0m
[0;32mI (854) progress: [APP] Free memory: 272740 bytes[0m
[0;32mI (854) progress: [APP] IDF version: v5.3.1[0m
[0;32mI (894) progress: Starting Wifi[0m
[0;32mI (1994) progress: Starting Clock[0m
[0;32mI (3994) progress: The current date/time in Germany is: Mon Nov 25 03:16:19 2024[0m
[0;32mI (3994) progress: Starting MQTT[0m
[0;32mI (3994) mqtt: [APP] Free memory: 224972 bytes[0m
[0;32mI (4004) mqtt: MQTT_EVENT_BEFORE_CONNECT
[0m
[0;32mI (4014) mqtt: Note free memory: 213316 bytes[0m
[0;32mI (4014) mqtt: Waiting for connection to MQTT
[0m
[0;32mI (4034) mqtt: MQTT_EVENT_CONNECTED
[0m
[0;32mI (4034) mqtt: Connected to MQTT
[0m
[0;32mI (4034) progress: Wake count: 4[0m
[0;32mI (4034) progress: Going to sleep[0m
