ets Jul 29 2019 12:21:46

rstets Jul 29 2019 12:21:46

rst:0x1 (POWERON_RESET),boot:0x13 (SPI_FAST_FLASH_BOOT)
configsip: 0, SPIWP:0xee
clk_drv:0x00,q_drv:0x00,d_drv:0x00,cs0_drv:0x00,hd_drv:0x00,wp_drv:0x00
mode:DIO, clock div:2
load:0x3fff0030,len:7176
load:0x40078000,len:15564
ho 0 tail 12 room 4
load:0x40080400,len:4
load:0x40080404,len:3904
entry 0x40080640
[0;32mI (31) boot: ESP-IDF v5.3.1 2nd stage bootloader[0m
[0;32mI (31) boot: compile time Nov 21 2024 01:27:28[0m
[0;32mI (31) boot: Multicore bootloader[0m
[0;32mI (35) boot: chip revision: v3.0[0m
[0;32mI (39) boot.esp32: SPI Speed      : 40MHz[0m
[0;32mI (44) boot.esp32: SPI Mode       : DIO[0m
[0;32mI (48) boot.esp32: SPI Flash Size : 2MB[0m
[0;32mI (53) boot: Enabling RNG early entropy source...[0m
[0;32mI (58) boot: Partition Table:[0m
[0;32mI (62) boot: ## Label            Usage          Type ST Offset   Length[0m
[0;32mI (69) boot:  0 nvs              WiFi data        01 02 00009000 00006000[0m
[0;32mI (77) boot:  1 phy_init         RF data          01 01 0000f000 00001000[0m
[0;32mI (84) boot:  2 factory          factory app      00 00 00010000 00177000[0m
[0;32mI (92) boot: End of partition table[0m
[0;32mI (96) esp_image: segment 0: paddr=00010020 vaddr=3f400020 size=28980h (166272) map[0m
[0;32mI (161) esp_image: segment 1: paddr=000389a8 vaddr=3ff80301 size=00008h (     8) load[0m
[0;32mI (162) esp_image: segment 2: paddr=000389b8 vaddr=3ffb0000 size=04038h ( 16440) load[0m
[0;32mI (173) esp_image: segment 3: paddr=0003c9f8 vaddr=40080000 size=03620h ( 13856) load[0m
[0;32mI (181) esp_image: segment 4: paddr=00040020 vaddr=400d0020 size=a4054h (671828) map[0m
[0;32mI (414) esp_image: segment 5: paddr=000e407c vaddr=40083620 size=1636ch ( 90988) load[0m
[0;32mI (450) esp_image: segment 6: paddr=000fa3f0 vaddr=400c0000 size=00304h (   772) load[0m
[0;32mI (451) esp_image: segment 7: paddr=000fa6fc vaddr=50000000 size=0027ch (   636) load[0m
[0;32mI (469) boot: Loaded app from partition at offset 0x10000[0m
[0;32mI (469) boot: Disabling RNG early entropy source...[0m
[0;32mI (481) cpu_start: Multicore app[0m
[0;32mI (490) cpu_start: Pro cpu start user code[0m
[0;32mI (490) cpu_start: cpu freq: 160000000 Hz[0m
[0;32mI (490) app_init: Application information:[0m
[0;32mI (493) app_init: Project name:     PIR[0m
[0;32mI (497) app_init: App version:      42bb6fe-dirty[0m
[0;32mI (503) app_init: Compile time:     Nov 21 2024 01:27:13[0m
[0;32mI (509) app_init: ELF file SHA256:  31d2ee31a8eef6ca...[0m
[0;32mI (514) app_init: ESP-IDF:          v5.3.1[0m
[0;32mI (519) efuse_init: Min chip rev:     v0.0[0m
[0;32mI (524) efuse_init: Max chip rev:     v3.99 [0m
[0;32mI (529) efuse_init: Chip rev:         v3.0[0m
[0;32mI (534) heap_init: Initializing. RAM available for dynamic allocation:[0m
[0;32mI (541) heap_init: At 3FFAE6E0 len 00001920 (6 KiB): DRAM[0m
[0;32mI (547) heap_init: At 3FFB8970 len 00027690 (157 KiB): DRAM[0m
[0;32mI (553) heap_init: At 3FFE0440 len 00003AE0 (14 KiB): D/IRAM[0m
[0;32mI (560) heap_init: At 3FFE4350 len 0001BCB0 (111 KiB): D/IRAM[0m
[0;32mI (566) heap_init: At 4009998C len 00006674 (25 KiB): IRAM[0m
[0;32mI (574) spi_flash: detected chip: generic[0m
[0;32mI (577) spi_flash: flash io: dio[0m
[0;33mW (581) spi_flash: Detected size(4096k) larger than the size in the binary image header(2048k). Using the size in the binary image header.[0m
[0;33mW (594) i2c: This driver is an old driver, please migrate your application code to adapt `driver/i2c_master.h`[0m
[0;32mI (605) main_task: Started on CPU0[0m
[0;32mI (615) main_task: Calling app_main()[0m
!!!!Current MAC address: EC:62:60:BC:E7:D8
CORRIDOR ESP.
[0;31mE (615) i2cdev: Could not write to device [0x0b at 0]: -1 (ESP_FAIL)[0m
[0;32mI (715) gauge: Power Mode: 0x1[0m
[0;32mI (725) gauge: APA: 0x2A[0m
[0;32mI (725) gauge: Battery Profile: 0x1[0m
[0;32mI (725) gauge: Temp Mode: 0x0[0m
[0;32mI (725) gauge: Voltage: 2.70	RSOC: 0.0%[0m
[0;32mI (725) progress: [APP] Free memory: 272740 bytes[0m
[0;32mI (735) progress: [APP] IDF version: v5.3.1[0m
[0;32mI (755) progress: Starting Wifi[0m
ets Jul 29 2019 12:21:46

rst:0x3 (SW_RESET),boot:0x13 (SPI_FAST_FLASH_BOOT)
configsip: 0, SPIWP:0xee
clk_drv:0x00,q_drv:0x00,d_drv:0x00,cs0_drv:0x00,hd_drv:0x00,wp_drv:0x00
mode:DIO, clock div:2
load:0x3fff0030,len:7176
load:0x40078000,len:15564
ho 0 tail 12 room 4
load:0x40080400,len:4
load:0x40080404,len:3904
entry 0x40080640
[0;32mI (60) boot: ESP-IDF v5.3.1 2nd stage bootloader[0m
[0;32mI (60) boot: compile time Nov 21 2024 01:27:28[0m
[0;32mI (60) boot: Multicore bootloader[0m
[0;32mI (65) boot: chip revision: v3.0[0m
[0;32mI (69) boot.esp32: SPI Speed      : 40MHz[0m
[0;32mI (74) boot.esp32: SPI Mode       : DIO[0m
[0;32mI (78) boot.esp32: SPI Flash Size : 2MB[0m
[0;32mI (83) boot: Enabling RNG early entropy source...[0m
[0;32mI (88) boot: Partition Table:[0m
[0;32mI (92) boot: ## Label            Usage          Type ST Offset   Length[0m
[0;32mI (99) boot:  0 nvs              WiFi data        01 02 00009000 00006000[0m
[0;32mI (106) boot:  1 phy_init         RF data          01 01 0000f000 00001000[0m
[0;32mI (114) boot:  2 factory          factory app      00 00 00010000 00177000[0m
[0;32mI (122) boot: End of partition table[0m
[0;32mI (126) esp_image: segment 0: paddr=00010020 vaddr=3f400020 size=28980h (166272) map[0m
[0;32mI (191) esp_image: segment 1: paddr=000389a8 vaddr=3ff80301 size=00008h (     8) load[0m
[0;32mI (192) esp_image: segment 2: paddr=000389b8 vaddr=3ffb0000 size=04038h ( 16440) load[0m
[0;32mI (203) esp_image: segment 3: paddr=0003c9f8 vaddr=40080000 size=03620h ( 13856) load[0m
[0;32mI (211) esp_image: segment 4: paddr=00040020 vaddr=400d0020 size=a4054h (671828) map[0m
[0;32mI (444) esp_image: segment 5: paddr=000e407c vaddr=40083620 size=1636ch ( 90988) load[0m
[0;32mI (480) esp_image: segment 6: paddr=000fa3f0 vaddr=400c0000 size=00304h (   772) load[0m
[0;32mI (481) esp_image: segment 7: paddr=000fa6fc vaddr=50000000 size=0027ch (   636) load[0m
[0;32mI (499) boot: Loaded app from partition at offset 0x10000[0m
[0;32mI (500) boot: Disabling RNG early entropy source...[0m
[0;32mI (511) cpu_start: Multicore app[0m
[0;32mI (520) cpu_start: Pro cpu start user code[0m
[0;32mI (520) cpu_start: cpu freq: 160000000 Hz[0m
[0;32mI (520) app_init: Application information:[0m
[0;32mI (523) app_init: Project name:     PIR[0m
[0;32mI (527) app_init: App version:      42bb6fe-dirty[0m
[0;32mI (533) app_init: Compile time:     Nov 21 2024 01:27:13[0m
[0;32mI (539) app_init: ELF file SHA256:  31d2ee31a8eef6ca...[0m
[0;32mI (545) app_init: ESP-IDF:          v5.3.1[0m
[0;32mI (549) efuse_init: Min chip rev:     v0.0[0m
[0;32mI (554) efuse_init: Max chip rev:     v3.99 [0m
[0;32mI (559) efuse_init: Chip rev:         v3.0[0m
[0;32mI (564) heap_init: Initializing. RAM available for dynamic allocation:[0m
[0;32mI (571) heap_init: At 3FFAE6E0 len 00001920 (6 KiB): DRAM[0m
[0;32mI (577) heap_init: At 3FFB8970 len 00027690 (157 KiB): DRAM[0m
[0;32mI (583) heap_init: At 3FFE0440 len 00003AE0 (14 KiB): D/IRAM[0m
[0;32mI (590) heap_init: At 3FFE4350 len 0001BCB0 (111 KiB): D/IRAM[0m
[0;32mI (596) heap_init: At 4009998C len 00006674 (25 KiB): IRAM[0m
[0;32mI (604) spi_flash: detected chip: generic[0m
[0;32mI (607) spi_flash: flash io: dio[0m
[0;33mW (611) spi_flash: Detected size(4096k) larger than the size in the binary image header(2048k). Using the size in the binary image header.[0m
[0;33mW (624) i2c: This driver is an old driver, please migrate your application code to adapt `driver/i2c_master.h`[0m
[0;32mI (636) main_task: Started on CPU0[0m
[0;32mI (646) main_task: Calling app_main()[0m
!!!!Current MAC address: EC:62:60:BC:E7:D8
CORRIDOR ESP.
[0;32mI (656) gauge: Power Mode: 0x1[0m
[0;32mI (656) gauge: APA: 0x2A[0m
[0;32mI (656) gauge: Battery Profile: 0x1[0m
[0;32mI (656) gauge: Temp Mode: 0x0[0m
[0;32mI (656) gauge: Voltage: 2.68	RSOC: 0.0%[0m
[0;32mI (666) progress: [APP] Free memory: 272740 bytes[0m
[0;32mI (666) progress: [APP] IDF version: v5.3.1[0m
[0;32mI (696) progress: Starting Wifi[0m
ets Jul 29 2019 12:21:46

rst:0x3 (SW_RESET),boot:0x13 (SPI_FAST_FLASH_BOOT)
configsip: 0, SPIWP:0xee
clk_drv:0x00,q_drv:0x00,d_drv:0x00,cs0_drv:0x00,hd_drv:0x00,wp_drv:0x00
mode:DIO, clock div:2
load:0x3fff0030,len:7176
load:0x40078000,len:15564
ho 0 tail 12 room 4
load:0x40080400,len:4
load:0x40080404,len:3904
entry 0x40080640
[0;32mI (60) boot: ESP-IDF v5.3.1 2nd stage bootloader[0m
[0;32mI (60) boot: compile time Nov 21 2024 01:27:28[0m
[0;32mI (60) boot: Multicore bootloader[0m
[0;32mI (65) boot: chip revision: v3.0[0m
[0;32mI (69) boot.esp32: SPI Speed      : 40MHz[0m
[0;32mI (74) boot.esp32: SPI Mode       : DIO[0m
[0;32mI (78) boot.esp32: SPI Flash Size : 2MB[0m
[0;32mI (83) boot: Enabling RNG early entropy source...[0m
[0;32mI (88) boot: Partition Table:[0m
[0;32mI (92) boot: ## Label            Usage          Type ST Offset   Length[0m
[0;32mI (99) boot:  0 nvs              WiFi data        01 02 00009000 00006000[0m
[0;32mI (106) boot:  1 phy_init         RF data          01 01 0000f000 00001000[0m
[0;32mI (114) boot:  2 factory          factory app      00 00 00010000 00177000[0m
[0;32mI (122) boot: End of partition table[0m
[0;32mI (126) esp_image: segment 0: paddr=00010020 vaddr=3f400020 size=28980h (166272) map[0m
[0;32mI (191) esp_image: segment 1: paddr=000389a8 vaddr=3ff80301 size=00008h (     8) load[0m
[0;32mI (192) esp_image: segment 2: paddr=000389b8 vaddr=3ffb0000 size=04038h ( 16440) load[0m
[0;32mI (203) esp_image: segment 3: paddr=0003c9f8 vaddr=40080000 size=03620h ( 13856) load[0m
[0;32mI (211) esp_image: segment 4: paddr=00040020 vaddr=400d0020 size=a4054h (671828) map[0m
[0;32mI (444) esp_image: segment 5: paddr=000e407c vaddr=40083620 size=1636ch ( 90988) load[0m
[0;32mI (480) esp_image: segment 6: paddr=000fa3f0 vaddr=400c0000 size=00304h (   772) load[0m
[0;32mI (481) esp_image: segment 7: paddr=000fa6fc vaddr=50000000 size=0027ch (   636) load[0m
[0;32mI (499) boot: Loaded app from partition at offset 0x10000[0m
[0;32mI (500) boot: Disabling RNG early entropy source...[0m
[0;32mI (511) cpu_start: Multicore app[0m
[0;32mI (520) cpu_start: Pro cpu start user code[0m
[0;32mI (520) cpu_start: cpu freq: 160000000 Hz[0m
[0;32mI (520) app_init: Application information:[0m
[0;32mI (523) app_init: Project name:     PIR[0m
[0;32mI (527) app_init: App version:      42bb6fe-dirty[0m
[0;32mI (533) app_init: Compile time:     Nov 21 2024 01:27:13[0m
[0;32mI (539) app_init: ELF file SHA256:  31d2ee31a8eef6ca...[0m
[0;32mI (545) app_init: ESP-IDF:          v5.3.1[0m
[0;32mI (549) efuse_init: Min chip rev:     v0.0[0m
[0;32mI (554) efuse_init: Max chip rev:     v3.99 [0m
[0;32mI (559) efuse_init: Chip rev:         v3.0[0m
[0;32mI (564) heap_init: Initializing. RAM available for dynamic allocation:[0m
[0;32mI (571) heap_init: At 3FFAE6E0 len 00001920 (6 KiB): DRAM[0m
[0;32mI (577) heap_init: At 3FFB8970 len 00027690 (157 KiB): DRAM[0m
[0;32mI (583) heap_init: At 3FFE0440 len 00003AE0 (14 KiB): D/IRAM[0m
[0;32mI (590) heap_init: At 3FFE4350 len 0001BCB0 (111 KiB): D/IRAM[0m
[0;32mI (596) heap_init: At 4009998C len 00006674 (25 KiB): IRAM[0m
[0;32mI (604) spi_flash: detected chip: generic[0m
[0;32mI (607) spi_flash: flash io: dio[0m
[0;33mW (611) spi_flash: Detected size(4096k) larger than the size in the binary image header(2048k). Using the size in the binary image header.[0m
[0;33mW (624) i2c: This driver is an old driver, please migrate your application code to adapt `driver/i2c_master.h`[0m
[0;32mI (636) main_task: Started on CPU0[0m
[0;32mI (646) main_task: Calling app_main()[0m
!!!!Current MAC address: EC:62:60:BC:E7:D8
CORRIDOR ESP.
[0;32mI (656) gauge: Power Mode: 0x1[0m
[0;32mI (656) gauge: APA: 0x2A[0m
[0;32mI (656) gauge: Battery Profile: 0x1[0m
[0;32mI (656) gauge: Temp Mode: 0x0[0m
[0;32mI (656) gauge: Voltage: 2.68	RSOC: 0.0%[0m
[0;32mI (666) progress: [APP] Free memory: 272740 bytes[0m
[0;32mI (666) progress: [APP] IDF version: v5.3.1[0m
[0;32mI (696) progress: Starting Wifi[0m
ets Jul 29 2019 12:21:46

rst:0x3 (SW_RESET),boot:0x13 (SPI_FAST_FLASH_BOOT)
configsip: 0, SPIWP:0xee
clk_drv:0x00,q_drv:0x00,d_drv:0x00,cs0_drv:0x00,hd_drv:0x00,wp_drv:0x00
mode:DIO, clock div:2
load:0x3fff0030,len:7176
load:0x40078000,len:15564
ho 0 tail 12 room 4
load:0x40080400,len:4
load:0x40080404,len:3904
entry 0x40080640
[0;32mI (60) boot: ESP-IDF v5.3.1 2nd stage bootloader[0m
[0;32mI (60) boot: compile time Nov 21 2024 01:27:28[0m
[0;32mI (60) boot: Multicore bootloader[0m
[0;32mI (65) boot: chip revision: v3.0[0m
[0;32mI (69) boot.esp32: SPI Speed      : 40MHz[0m
[0;32mI (74) boot.esp32: SPI Mode       : DIO[0m
[0;32mI (78) boot.esp32: SPI Flash Size : 2MB[0m
[0;32mI (83) boot: Enabling RNG early entropy source...[0m
[0;32mI (88) boot: Partition Table:[0m
[0;32mI (92) boot: ## Label            Usage          Type ST Offset   Length[0m
[0;32mI (99) boot:  0 nvs              WiFi data        01 02 00009000 00006000[0m
[0;32mI (106) boot:  1 phy_init         RF data          01 01 0000f000 00001000[0m
[0;32mI (114) boot:  2 factory          factory app      00 00 00010000 00177000[0m
[0;32mI (122) boot: End of partition table[0m
[0;32mI (126) esp_image: segment 0: paddr=00010020 vaddr=3f400020 size=28980h (166272) map[0m
[0;32mI (191) esp_image: segment 1: paddr=000389a8 vaddr=3ff80301 size=00008h (     8) load[0m
[0;32mI (192) esp_image: segment 2: paddr=000389b8 vaddr=3ffb0000 size=04038h ( 16440) load[0m
[0;32mI (203) esp_image: segment 3: paddr=0003c9f8 vaddr=40080000 size=03620h ( 13856) load[0m
[0;32mI (211) esp_image: segment 4: paddr=00040020 vaddr=400d0020 size=a4054h (671828) map[0m
[0;32mI (444) esp_image: segment 5: paddr=000e407c vaddr=40083620 size=1636ch ( 90988) load[0m
[0;32mI (480) esp_image: segment 6: paddr=000fa3f0 vaddr=400c0000 size=00304h (   772) load[0m
[0;32mI (481) esp_image: segment 7: paddr=000fa6fc vaddr=50000000 size=0027ch (   636) load[0m
[0;32mI (499) boot: Loaded app from partition at offset 0x10000[0m
[0;32mI (500) boot: Disabling RNG early entropy source...[0m
[0;32mI (511) cpu_start: Multicore app[0m
[0;32mI (520) cpu_start: Pro cpu start user code[0m
[0;32mI (520) cpu_start: cpu freq: 160000000 Hz[0m
[0;32mI (520) app_init: Application information:[0m
[0;32mI (523) app_init: Project name:     PIR[0m
[0;32mI (527) app_init: App version:      42bb6fe-dirty[0m
[0;32mI (533) app_init: Compile time:     Nov 21 2024 01:27:13[0m
[0;32mI (539) app_init: ELF file SHA256:  31d2ee31a8eef6ca...[0m
[0;32mI (545) app_init: ESP-IDF:          v5.3.1[0m
[0;32mI (549) efuse_init: Min chip rev:     v0.0[0m
[0;32mI (554) efuse_init: Max chip rev:     v3.99 [0m
[0;32mI (559) efuse_init: Chip rev:         v3.0[0m
[0;32mI (564) heap_init: Initializing. RAM available for dynamic allocation:[0m
[0;32mI (571) heap_init: At 3FFAE6E0 len 00001920 (6 KiB): DRAM[0m
[0;32mI (577) heap_init: At 3FFB8970 len 00027690 (157 KiB): DRAM[0m
[0;32mI (583) heap_init: At 3FFE0440 len 00003AE0 (14 KiB): D/IRAM[0m
[0;32mI (590) heap_init: At 3FFE4350 len 0001BCB0 (111 KiB): D/IRAM[0m
[0;32mI (596) heap_init: At 4009998C len 00006674 (25 KiB): IRAM[0m
[0;32mI (604) spi_flash: detected chip: generic[0m
[0;32mI (607) spi_flash: flash io: dio[0m
[0;33mW (611) spi_flash: Detected size(4096k) larger than the size in the binary image header(2048k). Using the size in the binary image header.[0m
[0;33mW (624) i2c: This driver is an old driver, please migrate your application code to adapt `driver/i2c_master.h`[0m
[0;32mI (636) main_task: Started on CPU0[0m
[0;32mI (646) main_task: Calling app_main()[0m
!!!!Current MAC address: EC:62:60:BC:E7:D8
CORRIDOR ESP.
[0;32mI (656) gauge: Power Mode: 0x1[0m
[0;32mI (656) gauge: APA: 0x2A[0m
[0;32mI (656) gauge: Battery Profile: 0x1[0m
[0;32mI (656) gauge: Temp Mode: 0x0[0m
[0;32mI (666) gauge: Voltage: 2.68	RSOC: 0.0%[0m
[0;32mI (666) progress: [APP] Free memory: 272740 bytes[0m
[0;32mI (666) progress: [APP] IDF version: v5.3.1[0m
[0;32mI (696) progress: Starting Wifi[0m
ets Jul 29 2019 12:21:46

rst:0x3 (SW_RESET),boot:0x13 (SPI_FAST_FLASH_BOOT)
configsip: 0, SPIWP:0xee
clk_drv:0x00,q_drv:0x00,d_drv:0x00,cs0_drv:0x00,hd_drv:0x00,wp_drv:0x00
mode:DIO, clock div:2
load:0x3fff0030,len:7176
load:0x40078000,len:15564
ho 0 tail 12 room 4
load:0x40080400,len:4
load:0x40080404,len:3904
entry 0x40080640
[0;32mI (60) boot: ESP-IDF v5.3.1 2nd stage bootloader[0m
[0;32mI (60) boot: compile time Nov 21 2024 01:27:28[0m
[0;32mI (60) boot: Multicore bootloader[0m
[0;32mI (65) boot: chip revision: v3.0[0m
[0;32mI (69) boot.esp32: SPI Speed      : 40MHz[0m
[0;32mI (74) boot.esp32: SPI Mode       : DIO[0m
[0;32mI (78) boot.esp32: SPI Flash Size : 2MB[0m
[0;32mI (83) boot: Enabling RNG early entropy source...[0m
[0;32mI (88) boot: Partition Table:[0m
[0;32mI (92) boot: ## Label            Usage          Type ST Offset   Length[0m
[0;32mI (99) boot:  0 nvs              WiFi data        01 02 00009000 00006000[0m
[0;32mI (106) boot:  1 phy_init         RF data          01 01 0000f000 00001000[0m
[0;32mI (114) boot:  2 factory          factory app      00 00 00010000 00177000[0m
[0;32mI (122) boot: End of partition table[0m
[0;32mI (126) esp_image: segment 0: paddr=00010020 vaddr=3f400020 size=28980h (166272) map[0m
[0;32mI (191) esp_image: segment 1: paddr=000389a8 vaddr=3ff80301 size=00008h (     8) load[0m
[0;32mI (192) esp_image: segment 2: paddr=000389b8 vaddr=3ffb0000 size=04038h ( 16440) load[0m
[0;32mI (203) esp_image: segment 3: paddr=0003c9f8 vaddr=40080000 size=03620h ( 13856) load[0m
[0;32mI (211) esp_image: segment 4: paddr=00040020 vaddr=400d0020 size=a4054h (671828) map[0m
[0;32mI (444) esp_image: segment 5: paddr=000e407c vaddr=40083620 size=1636ch ( 90988) load[0m
[0;32mI (480) esp_image: segment 6: paddr=000fa3f0 vaddr=400c0000 size=00304h (   772) load[0m
[0;32mI (481) esp_image: segment 7: paddr=000fa6fc vaddr=50000000 size=0027ch (   636) load[0m
[0;32mI (499) boot: Loaded app from partition at offset 0x10000[0m
[0;32mI (500) boot: Disabling RNG early entropy source...[0m
[0;32mI (511) cpu_start: Multicore app[0m
[0;32mI (520) cpu_start: Pro cpu start user code[0m
[0;32mI (520) cpu_start: cpu freq: 160000000 Hz[0m
[0;32mI (520) app_init: Application information:[0m
[0;32mI (523) app_init: Project name:     PIR[0m
[0;32mI (527) app_init: App version:      42bb6fe-dirty[0m
[0;32mI (533) app_init: Compile time:     Nov 21 2024 01:27:13[0m
[0;32mI (539) app_init: ELF file SHA256:  31d2ee31a8eef6ca...[0m
[0;32mI (545) app_init: ESP-IDF:          v5.3.1[0m
[0;32mI (549) efuse_init: Min chip rev:     v0.0[0m
[0;32mI (554) efuse_init: Max chip rev:     v3.99 [0m
[0;32mI (559) efuse_init: Chip rev:         v3.0[0m
[0;32mI (564) heap_init: Initializing. RAM available for dynamic allocation:[0m
[0;32mI (571) heap_init: At 3FFAE6E0 len 00001920 (6 KiB): DRAM[0m
[0;32mI (577) heap_init: At 3FFB8970 len 00027690 (157 KiB): DRAM[0m
[0;32mI (583) heap_init: At 3FFE0440 len 00003AE0 (14 KiB): D/IRAM[0m
[0;32mI (590) heap_init: At 3FFE4350 len 0001BCB0 (111 KiB): D/IRAM[0m
[0;32mI (596) heap_init: At 4009998C len 00006674 (25 KiB): IRAM[0m
[0;32mI (604) spi_flash: detected chip: generic[0m
[0;32mI (607) spi_flash: flash io: dio[0m
[0;33mW (611) spi_flash: Detected size(4096k) larger than the size in the binary image header(2048k). Using the size in the binary image header.[0m
[0;33mW (624) i2c: This driver is an old driver, please migrate your application code to adapt `driver/i2c_master.h`[0m
[0;32mI (636) main_task: Started on CPU0[0m
[0;32mI (646) main_task: Calling app_main()[0m
!!!!Current MAC address: EC:62:60:BC:E7:D8
CORRIDOR ESP.
[0;32mI (656) gauge: Power Mode: 0x1[0m
[0;32mI (656) gauge: APA: 0x2A[0m
[0;32mI (656) gauge: Battery Profile: 0x1[0m
[0;32mI (656) gauge: Temp Mode: 0x0[0m
[0;32mI (656) gauge: Voltage: 2.68	RSOC: 0.0%[0m
[0;32mI (666) progress: [APP] Free memory: 272740 bytes[0m
[0;32mI (666) progress: [APP] IDF version: v5.3.1[0m
[0;32mI (696) progress: Starting Wifi[0m
ets Jul 29 2019 12:21:46

rst:0x3 (SW_RESET),boot:0x13 (SPI_FAST_FLASH_BOOT)
configsip: 0, SPIWP:0xee
clk_drv:0x00,q_drv:0x00,d_drv:0x00,cs0_drv:0x00,hd_drv:0x00,wp_drv:0x00
mode:DIO, clock div:2
load:0x3fff0030,len:7176
load:0x40078000,len:15564
ho 0 tail 12 room 4
load:0x40080400,len:4
load:0x40080404,len:3904
entry 0x40080640
[0;32mI (60) boot: ESP-IDF v5.3.1 2nd stage bootloader[0m
[0;32mI (60) boot: compile time Nov 21 2024 01:27:28[0m
[0;32mI (60) boot: Multicore bootloader[0m
[0;32mI (65) boot: chip revision: v3.0[0m
[0;32mI (69) boot.esp32: SPI Speed      : 40MHz[0m
[0;32mI (74) boot.esp32: SPI Mode       : DIO[0m
[0;32mI (78) boot.esp32: SPI Flash Size : 2MB[0m
[0;32mI (83) boot: Enabling RNG early entropy source...[0m
[0;32mI (88) boot: Partition Table:[0m
[0;32mI (92) boot: ## Label            Usage          Type ST Offset   Length[0m
[0;32mI (99) boot:  0 nvs              WiFi data        01 02 00009000 00006000[0m
[0;32mI (106) boot:  1 phy_init         RF data          01 01 0000f000 00001000[0m
[0;32mI (114) boot:  2 factory          factory app      00 00 00010000 00177000[0m
[0;32mI (122) boot: End of partition table[0m
[0;32mI (126) esp_image: segment 0: paddr=00010020 vaddr=3f400020 size=28980h (166272) map[0m
[0;32mI (191) esp_image: segment 1: paddr=000389a8 vaddr=3ff80301 size=00008h (     8) load[0m
[0;32mI (192) esp_image: segment 2: paddr=000389b8 vaddr=3ffb0000 size=04038h ( 16440) load[0m
[0;32mI (203) esp_image: segment 3: paddr=0003c9f8 vaddr=40080000 size=03620h ( 13856) load[0m
[0;32mI (211) esp_image: segment 4: paddr=00040020 vaddr=400d0020 size=a4054h (671828) map[0m
[0;32mI (444) esp_image: segment 5: paddr=000e407c vaddr=40083620 size=1636ch ( 90988) load[0m
[0;32mI (480) esp_image: segment 6: paddr=000fa3f0 vaddr=400c0000 size=00304h (   772) load[0m
[0;32mI (481) esp_image: segment 7: paddr=000fa6fc vaddr=50000000 size=0027ch (   636) load[0m
[0;32mI (499) boot: Loaded app from partition at offset 0x10000[0m
[0;32mI (500) boot: Disabling RNG early entropy source...[0m
[0;32mI (511) cpu_start: Multicore app[0m
[0;32mI (520) cpu_start: Pro cpu start user code[0m
[0;32mI (520) cpu_start: cpu freq: 160000000 Hz[0m
[0;32mI (520) app_init: Application information:[0m
[0;32mI (523) app_init: Project name:     PIR[0m
[0;32mI (527) app_init: App version:      42bb6fe-dirty[0m
[0;32mI (533) app_init: Compile time:     Nov 21 2024 01:27:13[0m
[0;32mI (539) app_init: ELF file SHA256:  31d2ee31a8eef6ca...[0m
[0;32mI (545) app_init: ESP-IDF:          v5.3.1[0m
[0;32mI (549) efuse_init: Min chip rev:     v0.0[0m
[0;32mI (554) efuse_init: Max chip rev:     v3.99 [0m
[0;32mI (559) efuse_init: Chip rev:         v3.0[0m
[0;32mI (564) heap_init: Initializing. RAM available for dynamic allocation:[0m
[0;32mI (571) heap_init: At 3FFAE6E0 len 00001920 (6 KiB): DRAM[0m
[0;32mI (577) heap_init: At 3FFB8970 len 00027690 (157 KiB): DRAM[0m
[0;32mI (583) heap_init: At 3FFE0440 len 00003AE0 (14 KiB): D/IRAM[0m
[0;32mI (590) heap_init: At 3FFE4350 len 0001BCB0 (111 KiB): D/IRAM[0m
[0;32mI (596) heap_init: At 4009998C len 00006674 (25 KiB): IRAM[0m
[0;32mI (604) spi_flash: detected chip: generic[0m
[0;32mI (607) spi_flash: flash io: dio[0m
[0;33mW (611) spi_flash: Detected size(4096k) larger than the size in the binary image header(2048k). Using the size in the binary image header.[0m
[0;33mW (624) i2c: This driver is an old driver, please migrate your application code to adapt `driver/i2c_master.h`[0m
[0;32mI (636) main_task: Started on CPU0[0m
[0;32mI (646) main_task: Calling app_main()[0m
!!!!Current MAC address: EC:62:60:BC:E7:D8
CORRIDOR ESP.
[0;32mI (656) gauge: Power Mode: 0x1[0m
[0;32mI (656) gauge: APA: 0x2A[0m
[0;32mI (656) gauge: Battery Profile: 0x1[0m
[0;32mI (656) gauge: Temp Mode: 0x0[0m
[0;32mI (656) gauge: Voltage: 2.67	RSOC: 0.0%[0m
[0;32mI (666) progress: [APP] Free memory: 272740 bytes[0m
[0;32mI (666) progress: [APP] IDF version: v5.3.1[0m
[0;32mI (696) progress: Starting Wifi[0m
ets Jul 29 2019 12:21:46

rst:0x3 (SW_RESET),boot:0x13 (SPI_FAST_FLASH_BOOT)
configsip: 0, SPIWP:0xee
clk_drv:0x00,q_drv:0x00,d_drv:0x00,cs0_drv:0x00,hd_drv:0x00,wp_drv:0x00
mode:DIO, clock div:2
load:0x3fff0030,len:7176
load:0x40078000,len:15564
ho 0 tail 12 room 4
load:0x40080400,len:4
load:0x40080404,len:3904
entry 0x40080640
[0;32mI (60) boot: ESP-IDF v5.3.1 2nd stage bootloader[0m
[0;32mI (60) boot: compile time Nov 21 2024 01:27:28[0m
[0;32mI (60) boot: Multicore bootloader[0m
[0;32mI (65) boot: chip revision: v3.0[0m
[0;32mI (69) boot.esp32: SPI Speed      : 40MHz[0m
[0;32mI (74) boot.esp32: SPI Mode       : DIO[0m
[0;32mI (78) boot.esp32: SPI Flash Size : 2MB[0m
[0;32mI (83) boot: Enabling RNG early entropy source...[0m
[0;32mI (88) boot: Partition Table:[0m
[0;32mI (92) boot: ## Label            Usage          Type ST Offset   Length[0m
[0;32mI (99) boot:  0 nvs              WiFi data        01 02 00009000 00006000[0m
[0;32mI (106) boot:  1 phy_init         RF data          01 01 0000f000 00001000[0m
[0;32mI (114) boot:  2 factory          factory app      00 00 00010000 00177000[0m
[0;32mI (122) boot: End of partition table[0m
[0;32mI (126) esp_image: segment 0: paddr=00010020 vaddr=3f400020 size=28980h (166272) map[0m
[0;32mI (191) esp_image: segment 1: paddr=000389a8 vaddr=3ff80301 size=00008h (     8) load[0m
[0;32mI (192) esp_image: segment 2: paddr=000389b8 vaddr=3ffb0000 size=04038h ( 16440) load[0m
[0;32mI (203) esp_image: segment 3: paddr=0003c9f8 vaddr=40080000 size=03620h ( 13856) load[0m
[0;32mI (211) esp_image: segment 4: paddr=00040020 vaddr=400d0020 size=a4054h (671828) map[0m
[0;32mI (444) esp_image: segment 5: paddr=000e407c vaddr=40083620 size=1636ch ( 90988) load[0m
[0;32mI (480) esp_image: segment 6: paddr=000fa3f0 vaddr=400c0000 size=00304h (   772) load[0m
[0;32mI (481) esp_image: segment 7: paddr=000fa6fc vaddr=50000000 size=0027ch (   636) load[0m
[0;32mI (499) boot: Loaded app from partition at offset 0x10000[0m
[0;32mI (500) boot: Disabling RNG early entropy source...[0m
[0;32mI (511) cpu_start: Multicore app[0m
[0;32mI (520) cpu_start: Pro cpu start user code[0m
[0;32mI (520) cpu_start: cpu freq: 160000000 Hz[0m
[0;32mI (520) app_init: Application information:[0m
[0;32mI (523) app_init: Project name:     PIR[0m
[0;32mI (527) app_init: App version:      42bb6fe-dirty[0m
[0;32mI (533) app_init: Compile time:     Nov 21 2024 01:27:13[0m
[0;32mI (539) app_init: ELF file SHA256:  31d2ee31a8eef6ca...[0m
[0;32mI (545) app_init: ESP-IDF:          v5.3.1[0m
[0;32mI (549) efuse_init: Min chip rev:     v0.0[0m
[0;32mI (554) efuse_init: Max chip rev:     v3.99 [0m
[0;32mI (559) efuse_init: Chip rev:         v3.0[0m
[0;32mI (564) heap_init: Initializing. RAM available for dynamic allocation:[0m
[0;32mI (571) heap_init: At 3FFAE6E0 len 00001920 (6 KiB): DRAM[0m
[0;32mI (577) heap_init: At 3FFB8970 len 00027690 (157 KiB): DRAM[0m
[0;32mI (583) heap_init: At 3FFE0440 len 00003AE0 (14 KiB): D/IRAM[0m
[0;32mI (590) heap_init: At 3FFE4350 len 0001BCB0 (111 KiB): D/IRAM[0m
[0;32mI (596) heap_init: At 4009998C len 00006674 (25 KiB): IRAM[0m
[0;32mI (604) spi_flash: detected chip: generic[0m
[0;32mI (607) spi_flash: flash io: dio[0m
[0;33mW (611) spi_flash: Detected size(4096k) larger than the size in the binary image header(2048k). Using the size in the binary image header.[0m
[0;33mW (624) i2c: This driver is an old driver, please migrate your application code to adapt `driver/i2c_master.h`[0m
[0;32mI (636) main_task: Started on CPU0[0m
[0;32mI (646) main_task: Calling app_main()[0m
!!!!Current MAC address: EC:62:60:BC:E7:D8
CORRIDOR ESP.
[0;32mI (656) gauge: Power Mode: 0x1[0m
[0;32mI (656) gauge: APA: 0x2A[0m
[0;32mI (656) gauge: Battery Profile: 0x1[0m
[0;32mI (656) gauge: Temp Mode: 0x0[0m
[0;32mI (656) gauge: Voltage: 2.67	RSOC: 0.0%[0m
[0;32mI (666) progress: [APP] Free memory: 272740 bytes[0m
[0;32mI (666) progress: [APP] IDF version: v5.3.1[0m
[0;32mI (696) progress: Starting Wifi[0m
ets Jul 29 2019 12:21:46

rst:0x3 (SW_RESET),boot:0x13 (SPI_FAST_FLASH_BOOT)
configsip: 0, SPIWP:0xee
clk_drv:0x00,q_drv:0x00,d_drv:0x00,cs0_drv:0x00,hd_drv:0x00,wp_drv:0x00
mode:DIO, clock div:2
load:0x3fff0030,len:7176
load:0x40078000,len:15564
ho 0 tail 12 room 4
load:0x40080400,len:4
load:0x40080404,len:3904
entry 0x40080640
[0;32mI (60) boot: ESP-IDF v5.3.1 2nd stage bootloader[0m
[0;32mI (60) boot: compile time Nov 21 2024 01:27:28[0m
[0;32mI (60) boot: Multicore bootloader[0m
[0;32mI (65) boot: chip revision: v3.0[0m
[0;32mI (69) boot.esp32: SPI Speed      : 40MHz[0m
[0;32mI (74) boot.esp32: SPI Mode       : DIO[0m
[0;32mI (78) boot.esp32: SPI Flash Size : 2MB[0m
[0;32mI (83) boot: Enabling RNG early entropy source...[0m
[0;32mI (88) boot: Partition Table:[0m
[0;32mI (92) boot: ## Label            Usage          Type ST Offset   Length[0m
[0;32mI (99) boot:  0 nvs              WiFi data        01 02 00009000 00006000[0m
[0;32mI (106) boot:  1 phy_init         RF data          01 01 0000f000 00001000[0m
[0;32mI (114) boot:  2 factory          factory app      00 00 00010000 00177000[0m
[0;32mI (122) boot: End of partition table[0m
[0;32mI (126) esp_image: segment 0: paddr=00010020 vaddr=3f400020 size=28980h (166272) map[0m
[0;32mI (191) esp_image: segment 1: paddr=000389a8 vaddr=3ff80301 size=00008h (     8) load[0m
[0;32mI (192) esp_image: segment 2: paddr=000389b8 vaddr=3ffb0000 size=04038h ( 16440) load[0m
[0;32mI (203) esp_image: segment 3: paddr=0003c9f8 vaddr=40080000 size=03620h ( 13856) load[0m
[0;32mI (211) esp_image: segment 4: paddr=00040020 vaddr=400d0020 size=a4054h (671828) map[0m
[0;32mI (444) esp_image: segment 5: paddr=000e407c vaddr=40083620 size=1636ch ( 90988) load[0m
[0;32mI (480) esp_image: segment 6: paddr=000fa3f0 vaddr=400c0000 size=00304h (   772) load[0m
[0;32mI (481) esp_image: segment 7: paddr=000fa6fc vaddr=50000000 size=0027ch (   636) load[0m
[0;32mI (499) boot: Loaded app from partition at offset 0x10000[0m
[0;32mI (500) boot: Disabling RNG early entropy source...[0m
[0;32mI (511) cpu_start: Multicore app[0m
[0;32mI (520) cpu_start: Pro cpu start user code[0m
[0;32mI (520) cpu_start: cpu freq: 160000000 Hz[0m
[0;32mI (520) app_init: Application information:[0m
[0;32mI (523) app_init: Project name:     PIR[0m
[0;32mI (527) app_init: App version:      42bb6fe-dirty[0m
[0;32mI (533) app_init: Compile time:     Nov 21 2024 01:27:13[0m
[0;32mI (539) app_init: ELF file SHA256:  31d2ee31a8eef6ca...[0m
[0;32mI (545) app_init: ESP-IDF:          v5.3.1[0m
[0;32mI (549) efuse_init: Min chip rev:     v0.0[0m
[0;32mI (554) efuse_init: Max chip rev:     v3.99 [0m
[0;32mI (559) efuse_init: Chip rev:         v3.0[0m
[0;32mI (564) heap_init: Initializing. RAM available for dynamic allocation:[0m
[0;32mI (571) heap_init: At 3FFAE6E0 len 00001920 (6 KiB): DRAM[0m
[0;32mI (577) heap_init: At 3FFB8970 len 00027690 (157 KiB): DRAM[0m
[0;32mI (583) heap_init: At 3FFE0440 len 00003AE0 (14 KiB): D/IRAM[0m
[0;32mI (590) heap_init: At 3FFE4350 len 0001BCB0 (111 KiB): D/IRAM[0m
[0;32mI (596) heap_init: At 4009998C len 00006674 (25 KiB): IRAM[0m
[0;32mI (604) spi_flash: detected chip: generic[0m
[0;32mI (607) spi_flash: flash io: dio[0m
[0;33mW (611) spi_flash: Detected size(4096k) larger than the size in the binary image header(2048k). Using the size in the binary image header.[0m
[0;33mW (624) i2c: This driver is an old driver, please migrate your application code to adapt `driver/i2c_master.h`[0m
[0;32mI (636) main_task: Started on CPU0[0m
[0;32mI (646) main_task: Calling app_main()[0m
!!!!Current MAC address: EC:62:60:BC:E7:D8
CORRIDOR ESP.
[0;32mI (656) gauge: Power Mode: 0x1[0m
[0;32mI (656) gauge: APA: 0x2A[0m
[0;32mI (656) gauge: Battery Profile: 0x1[0m
[0;32mI (656) gauge: Temp Mode: 0x0[0m
[0;32mI (666) gauge: Voltage: 2.67	RSOC: 0.0%[0m
[0;32mI (666) progress: [APP] Free memory: 272740 bytes[0m
[0;32mI (666) progress: [APP] IDF version: v5.3.1[0m
[0;32mI (696) progress: Starting Wifi[0m
ets Jul 29 2019 12:21:46

rst:0x3 (SW_RESET),boot:0x13 (SPI_FAST_FLASH_BOOT)
configsip: 0, SPIWP:0xee
clk_drv:0x00,q_drv:0x00,d_drv:0x00,cs0_drv:0x00,hd_drv:0x00,wp_drv:0x00
mode:DIO, clock div:2
load:0x3fff0030,len:7176
load:0x40078000,len:15564
ho 0 tail 12 room 4
load:0x40080400,len:4
load:0x40080404,len:3904
entry 0x40080640
[0;32mI (60) boot: ESP-IDF v5.3.1 2nd stage bootloader[0m
[0;32mI (60) boot: compile time Nov 21 2024 01:27:28[0m
[0;32mI (60) boot: Multicore bootloader[0m
[0;32mI (65) boot: chip revision: v3.0[0m
[0;32mI (69) boot.esp32: SPI Speed      : 40MHz[0m
[0;32mI (74) boot.esp32: SPI Mode       : DIO[0m
[0;32mI (78) boot.esp32: SPI Flash Size : 2MB[0m
[0;32mI (83) boot: Enabling RNG early entropy source...[0m
[0;32mI (88) boot: Partition Table:[0m
[0;32mI (92) boot: ## Label            Usage          Type ST Offset   Length[0m
[0;32mI (99) boot:  0 nvs              WiFi data        01 02 00009000 00006000[0m
[0;32mI (106) boot:  1 phy_init         RF data          01 01 0000f000 00001000[0m
[0;32mI (114) boot:  2 factory          factory app      00 00 00010000 00177000[0m
[0;32mI (122) boot: End of partition table[0m
[0;32mI (126) esp_image: segment 0: paddr=00010020 vaddr=3f400020 size=28980h (166272) map[0m
[0;32mI (191) esp_image: segment 1: paddr=000389a8 vaddr=3ff80301 size=00008h (     8) load[0m
[0;32mI (192) esp_image: segment 2: paddr=000389b8 vaddr=3ffb0000 size=04038h ( 16440) load[0m
[0;32mI (203) esp_image: segment 3: paddr=0003c9f8 vaddr=40080000 size=03620h ( 13856) load[0m
[0;32mI (211) esp_image: segment 4: paddr=00040020 vaddr=400d0020 size=a4054h (671828) map[0m
[0;32mI (444) esp_image: segment 5: paddr=000e407c vaddr=40083620 size=1636ch ( 90988) load[0m
[0;32mI (480) esp_image: segment 6: paddr=000fa3f0 vaddr=400c0000 size=00304h (   772) load[0m
[0;32mI (481) esp_image: segment 7: paddr=000fa6fc vaddr=50000000 size=0027ch (   636) load[0m
[0;32mI (499) boot: Loaded app from partition at offset 0x10000[0m
[0;32mI (500) boot: Disabling RNG early entropy source...[0m
[0;32mI (511) cpu_start: Multicore app[0m
[0;32mI (520) cpu_start: Pro cpu start user code[0m
[0;32mI (520) cpu_start: cpu freq: 160000000 Hz[0m
[0;32mI (520) app_init: Application information:[0m
[0;32mI (523) app_init: Project name:     PIR[0m
[0;32mI (527) app_init: App version:      42bb6fe-dirty[0m
[0;32mI (533) app_init: Compile time:     Nov 21 2024 01:27:13[0m
[0;32mI (539) app_init: ELF file SHA256:  31d2ee31a8eef6ca...[0m
[0;32mI (545) app_init: ESP-IDF:          v5.3.1[0m
[0;32mI (549) efuse_init: Min chip rev:     v0.0[0m
[0;32mI (554) efuse_init: Max chip rev:     v3.99 [0m
[0;32mI (559) efuse_init: Chip rev:         v3.0[0m
[0;32mI (564) heap_init: Initializing. RAM available for dynamic allocation:[0m
[0;32mI (571) heap_init: At 3FFAE6E0 len 00001920 (6 KiB): DRAM[0m
[0;32mI (577) heap_init: At 3FFB8970 len 00027690 (157 KiB): DRAM[0m
[0;32mI (583) heap_init: At 3FFE0440 len 00003AE0 (14 KiB): D/IRAM[0m
[0;32mI (590) heap_init: At 3FFE4350 len 0001BCB0 (111 KiB): D/IRAM[0m
[0;32mI (596) heap_init: At 4009998C len 00006674 (25 KiB): IRAM[0m
[0;32mI (604) spi_flash: detected chip: generic[0m
[0;32mI (607) spi_flash: flash io: dio[0m
[0;33mW (611) spi_flash: Detected size(4096k) larger than the size in the binary image header(2048k). Using the size in the binary image header.[0m
[0;33mW (624) i2c: This driver is an old driver, please migrate your application code to adapt `driver/i2c_master.h`[0m
[0;32mI (636) main_task: Started on CPU0[0m
[0;32mI (646) main_task: Calling app_main()[0m
!!!!Current MAC address: EC:62:60:BC:E7:D8
CORRIDOR ESP.
[0;32mI (656) gauge: Power Mode: 0x1[0m
[0;32mI (656) gauge: APA: 0x2A[0m
[0;32mI (656) gauge: Battery Profile: 0x1[0m
[0;32mI (656) gauge: Temp Mode: 0x0[0m
[0;32mI (656) gauge: Voltage: 2.67	RSOC: 0.0%[0m
[0;32mI (666) progress: [APP] Free memory: 272740 bytes[0m
[0;32mI (666) progress: [APP] IDF version: v5.3.1[0m
[0;32mI (696) progress: Starting Wifi[0m
ets Jul 29 2019 12:21:46

rst:0x3 (SW_RESET),boot:0x13 (SPI_FAST_FLASH_BOOT)
configsip: 0, SPIWP:0xee
clk_drv:0x00,q_drv:0x00,d_drv:0x00,cs0_drv:0x00,hd_drv:0x00,wp_drv:0x00
mode:DIO, clock div:2
load:0x3fff0030,len:7176
load:0x40078000,len:15564
ho 0 tail 12 room 4
load:0x40080400,len:4
load:0x40080404,len:3904
entry 0x40080640
[0;32mI (60) boot: ESP-IDF v5.3.1 2nd stage bootloader[0m
[0;32mI (60) boot: compile time Nov 21 2024 01:27:28[0m
[0;32mI (60) boot: Multicore bootloader[0m
[0;32mI (65) boot: chip revision: v3.0[0m
[0;32mI (69) boot.esp32: SPI Speed      : 40MHz[0m
[0;32mI (74) boot.esp32: SPI Mode       : DIO[0m
[0;32mI (78) boot.esp32: SPI Flash Size : 2MB[0m
[0;32mI (83) boot: Enabling RNG early entropy source...[0m
[0;32mI (88) boot: Partition Table:[0m
[0;32mI (92) boot: ## Label            Usage          Type ST Offset   Length[0m
[0;32mI (99) boot:  0 nvs              WiFi data        01 02 00009000 00006000[0m
[0;32mI (106) boot:  1 phy_init         RF data          01 01 0000f000 00001000[0m
[0;32mI (114) boot:  2 factory          factory app      00 00 00010000 00177000[0m
[0;32mI (122) boot: End of partition table[0m
[0;32mI (126) esp_image: segment 0: paddr=00010020 vaddr=3f400020 size=28980h (166272) map[0m
[0;32mI (191) esp_image: segment 1: paddr=000389a8 vaddr=3ff80301 size=00008h (     8) load[0m
[0;32mI (192) esp_image: segment 2: paddr=000389b8 vaddr=3ffb0000 size=04038h ( 16440) load[0m
[0;32mI (203) esp_image: segment 3: paddr=0003c9f8 vaddr=40080000 size=03620h ( 13856) load[0m
[0;32mI (211) esp_image: segment 4: paddr=00040020 vaddr=400d0020 size=a4054h (671828) map[0m
[0;32mI (444) esp_image: segment 5: paddr=000e407c vaddr=40083620 size=1636ch ( 90988) load[0m
[0;32mI (480) esp_image: segment 6: paddr=000fa3f0 vaddr=400c0000 size=00304h (   772) load[0m
[0;32mI (481) esp_image: segment 7: paddr=000fa6fc vaddr=50000000 size=0027ch (   636) load[0m
[0;32mI (499) boot: Loaded app from partition at offset 0x10000[0m
[0;32mI (500) boot: Disabling RNG early entropy source...[0m
[0;32mI (511) cpu_start: Multicore app[0m
[0;32mI (520) cpu_start: Pro cpu start user code[0m
[0;32mI (520) cpu_start: cpu freq: 160000000 Hz[0m
[0;32mI (520) app_init: Application information:[0m
[0;32mI (523) app_init: Project name:     PIR[0m
[0;32mI (527) app_init: App version:      42bb6fe-dirty[0m
[0;32mI (533) app_init: Compile time:     Nov 21 2024 01:27:13[0m
[0;32mI (539) app_init: ELF file SHA256:  31d2ee31a8eef6ca...[0m
[0;32mI (545) app_init: ESP-IDF:          v5.3.1[0m
[0;32mI (549) efuse_init: Min chip rev:     v0.0[0m
[0;32mI (554) efuse_init: Max chip rev:     v3.99 [0m
[0;32mI (559) efuse_init: Chip rev:         v3.0[0m
[0;32mI (564) heap_init: Initializing. RAM available for dynamic allocation:[0m
[0;32mI (571) heap_init: At 3FFAE6E0 len 00001920 (6 KiB): DRAM[0m
[0;32mI (577) heap_init: At 3FFB8970 len 00027690 (157 KiB): DRAM[0m
[0;32mI (583) heap_init: At 3FFE0440 len 00003AE0 (14 KiB): D/IRAM[0m
[0;32mI (590) heap_init: At 3FFE4350 len 0001BCB0 (111 KiB): D/IRAM[0m
[0;32mI (596) heap_init: At 4009998C len 00006674 (25 KiB): IRAM[0m
[0;32mI (604) spi_flash: detected chip: generic[0m
[0;32mI (607) spi_flash: flash io: dio[0m
[0;33mW (611) spi_flash: Detected size(4096k) larger than the size in the binary image header(2048k). Using the size in the binary image header.[0m
[0;33mW (624) i2c: This driver is an old driver, please migrate your application code to adapt `driver/i2c_master.h`[0m
[0;32mI (636) main_task: Started on CPU0[0m
[0;32mI (646) main_task: Calling app_main()[0m
!!!!Current MAC address: EC:62:60:BC:E7:D8
CORRIDOR ESP.
[0;32mI (656) gauge: Power Mode: 0x1[0m
[0;32mI (656) gauge: APA: 0x2A[0m
[0;32mI (656) gauge: Battery Profile: 0x1[0m
[0;32mI (656) gauge: Temp Mode: 0x0[0m
[0;32mI (656) gauge: Voltage: 2.67	RSOC: 0.0%[0m
[0;32mI (666) progress: [APP] Free memory: 272740 bytes[0m
[0;32mI (666) progress: [APP] IDF version: v5.3.1[0m
[0;32mI (696) progress: Starting Wifi[0m
ets Jul 29 2019 12:21:46

rst:0x3 (SW_RESET),boot:0x13 (SPI_FAST_FLASH_BOOT)
configsip: 0, SPIWP:0xee
clk_drv:0x00,q_drv:0x00,d_drv:0x00,cs0_drv:0x00,hd_drv:0x00,wp_drv:0x00
mode:DIO, clock div:2
load:0x3fff0030,len:7176
load:0x40078000,len:15564
ho 0 tail 12 room 4
load:0x40080400,len:4
load:0x40080404,len:3904
entry 0x40080640
[0;32mI (60) boot: ESP-IDF v5.3.1 2nd stage bootloader[0m
[0;32mI (60) boot: compile time Nov 21 2024 01:27:28[0m
[0;32mI (60) boot: Multicore bootloader[0m
[0;32mI (65) boot: chip revision: v3.0[0m
[0;32mI (69) boot.esp32: SPI Speed      : 40MHz[0m
[0;32mI (74) boot.esp32: SPI Mode       : DIO[0m
[0;32mI (78) boot.esp32: SPI Flash Size : 2MB[0m
[0;32mI (83) boot: Enabling RNG early entropy source...[0m
[0;32mI (88) boot: Partition Table:[0m
[0;32mI (92) boot: ## Label            Usage          Type ST Offset   Length[0m
[0;32mI (99) boot:  0 nvs              WiFi data        01 02 00009000 00006000[0m
[0;32mI (106) boot:  1 phy_init         RF data          01 01 0000f000 00001000[0m
[0;32mI (114) boot:  2 factory          factory app      00 00 00010000 00177000[0m
[0;32mI (122) boot: End of partition table[0m
[0;32mI (126) esp_image: segment 0: paddr=00010020 vaddr=3f400020 size=28980h (166272) map[0m
[0;32mI (191) esp_image: segment 1: paddr=000389a8 vaddr=3ff80301 size=00008h (     8) load[0m
[0;32mI (192) esp_image: segment 2: paddr=000389b8 vaddr=3ffb0000 size=04038h ( 16440) load[0m
[0;32mI (203) esp_image: segment 3: paddr=0003c9f8 vaddr=40080000 size=03620h ( 13856) load[0m
[0;32mI (211) esp_image: segment 4: paddr=00040020 vaddr=400d0020 size=a4054h (671828) map[0m
[0;32mI (444) esp_image: segment 5: paddr=000e407c vaddr=40083620 size=1636ch ( 90988) load[0m
[0;32mI (480) esp_image: segment 6: paddr=000fa3f0 vaddr=400c0000 size=00304h (   772) load[0m
[0;32mI (481) esp_image: segment 7: paddr=000fa6fc vaddr=50000000 size=0027ch (   636) load[0m
[0;32mI (499) boot: Loaded app from partition at offset 0x10000[0m
[0;32mI (500) boot: Disabling RNG early entropy source...[0m
[0;32mI (511) cpu_start: Multicore app[0m
[0;32mI (520) cpu_start: Pro cpu start user code[0m
[0;32mI (520) cpu_start: cpu freq: 160000000 Hz[0m
[0;32mI (520) app_init: Application information:[0m
[0;32mI (523) app_init: Project name:     PIR[0m
[0;32mI (527) app_init: App version:      42bb6fe-dirty[0m
[0;32mI (533) app_init: Compile time:     Nov 21 2024 01:27:13[0m
[0;32mI (539) app_init: ELF file SHA256:  31d2ee31a8eef6ca...[0m
[0;32mI (545) app_init: ESP-IDF:          v5.3.1[0m
[0;32mI (549) efuse_init: Min chip rev:     v0.0[0m
[0;32mI (554) efuse_init: Max chip rev:     v3.99 [0m
[0;32mI (559) efuse_init: Chip rev:         v3.0[0m
[0;32mI (564) heap_init: Initializing. RAM available for dynamic allocation:[0m
[0;32mI (571) heap_init: At 3FFAE6E0 len 00001920 (6 KiB): DRAM[0m
[0;32mI (577) heap_init: At 3FFB8970 len 00027690 (157 KiB): DRAM[0m
[0;32mI (583) heap_init: At 3FFE0440 len 00003AE0 (14 KiB): D/IRAM[0m
[0;32mI (590) heap_init: At 3FFE4350 len 0001BCB0 (111 KiB): D/IRAM[0m
[0;32mI (596) heap_init: At 4009998C len 00006674 (25 KiB): IRAM[0m
[0;32mI (604) spi_flash: detected chip: generic[0m
[0;32mI (607) spi_flash: flash io: dio[0m
[0;33mW (611) spi_flash: Detected size(4096k) larger than the size in the binary image header(2048k). Using the size in the binary image header.[0m
[0;33mW (624) i2c: This driver is an old driver, please migrate your application code to adapt `driver/i2c_master.h`[0m
[0;32mI (636) main_task: Started on CPU0[0m
[0;32mI (646) main_task: Calling app_main()[0m
!!!!Current MAC address: EC:62:60:BC:E7:D8
CORRIDOR ESP.
[0;32mI (656) gauge: Power Mode: 0x1[0m
[0;32mI (656) gauge: APA: 0x2A[0m
[0;32mI (656) gauge: Battery Profile: 0x1[0m
[0;32mI (656) gauge: Temp Mode: 0x0[0m
[0;32mI (656) gauge: Voltage: 2.68	RSOC: 0.0%[0m
[0;32mI (666) progress: [APP] Free memory: 272740 bytes[0m
[0;32mI (666) progress: [APP] IDF version: v5.3.1[0m
[0;32mI (696) progress: Starting Wifi[0m
ets Jul 29 2019 12:21:46

rst:0x3 (SW_RESET),boot:0x13 (SPI_FAST_FLASH_BOOT)
configsip: 0, SPIWP:0xee
clk_drv:0x00,q_drv:0x00,d_drv:0x00,cs0_drv:0x00,hd_drv:0x00,wp_drv:0x00
mode:DIO, clock div:2
load:0x3fff0030,len:7176
load:0x40078000,len:15564
ho 0 tail 12 room 4
load:0x40080400,len:4
load:0x40080404,len:3904
entry 0x40080640
[0;32mI (60) boot: ESP-IDF v5.3.1 2nd stage bootloader[0m
[0;32mI (60) boot: compile time Nov 21 2024 01:27:28[0m
[0;32mI (60) boot: Multicore bootloader[0m
[0;32mI (65) boot: chip revision: v3.0[0m
[0;32mI (69) boot.esp32: SPI Speed      : 40MHz[0m
[0;32mI (74) boot.esp32: SPI Mode       : DIO[0m
[0;32mI (78) boot.esp32: SPI Flash Size : 2MB[0m
[0;32mI (83) boot: Enabling RNG early entropy source...[0m
[0;32mI (88) boot: Partition Table:[0m
[0;32mI (92) boot: ## Label            Usage          Type ST Offset   Length[0m
[0;32mI (99) boot:  0 nvs              WiFi data        01 02 00009000 00006000[0m
[0;32mI (106) boot:  1 phy_init         RF data          01 01 0000f000 00001000[0m
[0;32mI (114) boot:  2 factory          factory app      00 00 00010000 00177000[0m
[0;32mI (122) boot: End of partition table[0m
[0;32mI (126) esp_image: segment 0: paddr=00010020 vaddr=3f400020 size=28980h (166272) map[0m
[0;32mI (191) esp_image: segment 1: paddr=000389a8 vaddr=3ff80301 size=00008h (     8) load[0m
[0;32mI (192) esp_image: segment 2: paddr=000389b8 vaddr=3ffb0000 size=04038h ( 16440) load[0m
[0;32mI (203) esp_image: segment 3: paddr=0003c9f8 vaddr=40080000 size=03620h ( 13856) load[0m
[0;32mI (211) esp_image: segment 4: paddr=00040020 vaddr=400d0020 size=a4054h (671828) map[0m
[0;32mI (444) esp_image: segment 5: paddr=000e407c vaddr=40083620 size=1636ch ( 90988) load[0m
[0;32mI (480) esp_image: segment 6: paddr=000fa3f0 vaddr=400c0000 size=00304h (   772) load[0m
[0;32mI (481) esp_image: segment 7: paddr=000fa6fc vaddr=50000000 size=0027ch (   636) load[0m
[0;32mI (499) boot: Loaded app from partition at offset 0x10000[0m
[0;32mI (500) boot: Disabling RNG early entropy source...[0m
[0;32mI (511) cpu_start: Multicore app[0m
[0;32mI (520) cpu_start: Pro cpu start user code[0m
[0;32mI (520) cpu_start: cpu freq: 160000000 Hz[0m
[0;32mI (520) app_init: Application information:[0m
[0;32mI (523) app_init: Project name:     PIR[0m
[0;32mI (527) app_init: App version:      42bb6fe-dirty[0m
[0;32mI (533) app_init: Compile time:     Nov 21 2024 01:27:13[0m
[0;32mI (539) app_init: ELF file SHA256:  31d2ee31a8eef6ca...[0m
[0;32mI (545) app_init: ESP-IDF:          v5.3.1[0m
[0;32mI (549) efuse_init: Min chip rev:     v0.0[0m
[0;32mI (554) efuse_init: Max chip rev:     v3.99 [0m
[0;32mI (559) efuse_init: Chip rev:         v3.0[0m
[0;32mI (564) heap_init: Initializing. RAM available for dynamic allocation:[0m
[0;32mI (571) heap_init: At 3FFAE6E0 len 00001920 (6 KiB): DRAM[0m
[0;32mI (577) heap_init: At 3FFB8970 len 00027690 (157 KiB): DRAM[0m
[0;32mI (583) heap_init: At 3FFE0440 len 00003AE0 (14 KiB): D/IRAM[0m
[0;32mI (590) heap_init: At 3FFE4350 len 0001BCB0 (111 KiB): D/IRAM[0m
[0;32mI (596) heap_init: At 4009998C len 00006674 (25 KiB): IRAM[0m
[0;32mI (604) spi_flash: detected chip: generic[0m
[0;32mI (607) spi_flash: flash io: dio[0m
[0;33mW (611) spi_flash: Detected size(4096k) larger than the size in the binary image header(2048k). Using the size in the binary image header.[0m
[0;33mW (624) i2c: This driver is an old driver, please migrate your application code to adapt `driver/i2c_master.h`[0m
[0;32mI (636) main_task: Started on CPU0[0m
[0;32mI (646) main_task: Calling app_main()[0m
!!!!Current MAC address: EC:62:60:BC:E7:D8
CORRIDOR ESP.
[0;32mI (656) gauge: Power Mode: 0x1[0m
[0;32mI (656) gauge: APA: 0x2A[0m
[0;32mI (656) gauge: Battery Profile: 0x1[0m
[0;32mI (656) gauge: Temp Mode: 0x0[0m
[0;32mI (666) gauge: Voltage: 2.68	RSOC: 0.0%[0m
[0;32mI (666) progress: [APP] Free memory: 272740 bytes[0m
[0;32mI (666) progress: [APP] IDF version: v5.3.1[0m
[0;32mI (696) progress: Starting Wifi[0m
ets Jul 29 2019 12:21:46

rst:0x3 (SW_RESET),boot:0x13 (SPI_FAST_FLASH_BOOT)
configsip: 0, SPIWP:0xee
clk_drv:0x00,q_drv:0x00,d_drv:0x00,cs0_drv:0x00,hd_drv:0x00,wp_drv:0x00
mode:DIO, clock div:2
load:0x3fff0030,len:7176
load:0x40078000,len:15564
ho 0 tail 12 room 4
load:0x40080400,len:4
load:0x40080404,len:3904
entry 0x40080640
[0;32mI (60) boot: ESP-IDF v5.3.1 2nd stage bootloader[0m
[0;32mI (60) boot: compile time Nov 21 2024 01:27:28[0m
[0;32mI (60) boot: Multicore bootloader[0m
[0;32mI (65) boot: chip revision: v3.0[0m
[0;32mI (69) boot.esp32: SPI Speed      : 40MHz[0m
[0;32mI (74) boot.esp32: SPI Mode       : DIO[0m
[0;32mI (78) boot.esp32: SPI Flash Size : 2MB[0m
[0;32mI (83) boot: Enabling RNG early entropy source...[0m
[0;32mI (88) boot: Partition Table:[0m
[0;32mI (92) boot: ## Label            Usage          Type ST Offset   Length[0m
[0;32mI (99) boot:  0 nvs              WiFi data        01 02 00009000 00006000[0m
[0;32mI (106) boot:  1 phy_init         RF data          01 01 0000f000 00001000[0m
[0;32mI (114) boot:  2 factory          factory app      00 00 00010000 00177000[0m
[0;32mI (122) boot: End of partition table[0m
[0;32mI (126) esp_image: segment 0: paddr=00010020 vaddr=3f400020 size=28980h (166272) map[0m
[0;32mI (191) esp_image: segment 1: paddr=000389a8 vaddr=3ff80301 size=00008h (     8) load[0m
[0;32mI (192) esp_image: segment 2: paddr=000389b8 vaddr=3ffb0000 size=04038h ( 16440) load[0m
[0;32mI (203) esp_image: segment 3: paddr=0003c9f8 vaddr=40080000 size=03620h ( 13856) load[0m
[0;32mI (211) esp_image: segment 4: paddr=00040020 vaddr=400d0020 size=a4054h (671828) map[0m
[0;32mI (444) esp_image: segment 5: paddr=000e407c vaddr=40083620 size=1636ch ( 90988) load[0m
[0;32mI (480) esp_image: segment 6: paddr=000fa3f0 vaddr=400c0000 size=00304h (   772) load[0m
[0;32mI (481) esp_image: segment 7: paddr=000fa6fc vaddr=50000000 size=0027ch (   636) load[0m
[0;32mI (499) boot: Loaded app from partition at offset 0x10000[0m
[0;32mI (500) boot: Disabling RNG early entropy source...[0m
[0;32mI (511) cpu_start: Multicore app[0m
[0;32mI (520) cpu_start: Pro cpu start user code[0m
[0;32mI (520) cpu_start: cpu freq: 160000000 Hz[0m
[0;32mI (520) app_init: Application information:[0m
[0;32mI (523) app_init: Project name:     PIR[0m
[0;32mI (527) app_init: App version:      42bb6fe-dirty[0m
[0;32mI (533) app_init: Compile time:     Nov 21 2024 01:27:13[0m
[0;32mI (539) app_init: ELF file SHA256:  31d2ee31a8eef6ca...[0m
[0;32mI (545) app_init: ESP-IDF:          v5.3.1[0m
[0;32mI (549) efuse_init: Min chip rev:     v0.0[0m
[0;32mI (554) efuse_init: Max chip rev:     v3.99 [0m
[0;32mI (559) efuse_init: Chip rev:         v3.0[0m
[0;32mI (564) heap_init: Initializing. RAM available for dynamic allocation:[0m
[0;32mI (571) heap_init: At 3FFAE6E0 len 00001920 (6 KiB): DRAM[0m
[0;32mI (577) heap_init: At 3FFB8970 len 00027690 (157 KiB): DRAM[0m
[0;32mI (583) heap_init: At 3FFE0440 len 00003AE0 (14 KiB): D/IRAM[0m
[0;32mI (590) heap_init: At 3FFE4350 len 0001BCB0 (111 KiB): D/IRAM[0m
[0;32mI (596) heap_init: At 4009998C len 00006674 (25 KiB): IRAM[0m
[0;32mI (604) spi_flash: detected chip: generic[0m
[0;32mI (607) spi_flash: flash io: dio[0m
[0;33mW (611) spi_flash: Detected size(4096k) larger than the size in the binary image header(2048k). Using the size in the binary image header.[0m
[0;33mW (624) i2c: This driver is an old driver, please migrate your application code to adapt `driver/i2c_master.h`[0m
[0;32mI (636) main_task: Started on CPU0[0m
[0;32mI (646) main_task: Calling app_main()[0m
!!!!Current MAC address: EC:62:60:BC:E7:D8
CORRIDOR ESP.
[0;32mI (656) gauge: Power Mode: 0x1[0m
[0;32mI (656) gauge: APA: 0x2A[0m
[0;32mI (656) gauge: Battery Profile: 0x1[0m
[0;32mI (656) gauge: Temp Mode: 0x0[0m
[0;32mI (666) gauge: Voltage: 2.68	RSOC: 0.0%[0m
[0;32mI (666) progress: [APP] Free memory: 272740 bytes[0m
[0;32mI (666) progress: [APP] IDF version: v5.3.1[0m
[0;32mI (696) progress: Starting Wifi[0m
ets Jul 29 2019 12:21:46

rst:0x3 (SW_RESET),boot:0x13 (SPI_FAST_FLASH_BOOT)
configsip: 0, SPIWP:0xee
clk_drv:0x00,q_drv:0x00,d_drv:0x00,cs0_drv:0x00,hd_drv:0x00,wp_drv:0x00
mode:DIO, clock div:2
load:0x3fff0030,len:7176
load:0x40078000,len:15564
ho 0 tail 12 room 4
load:0x40080400,len:4
load:0x40080404,len:3904
entry 0x40080640
[0;32mI (60) boot: ESP-IDF v5.3.1 2nd stage bootloader[0m
[0;32mI (60) boot: compile time Nov 21 2024 01:27:28[0m
[0;32mI (60) boot: Multicore bootloader[0m
[0;32mI (65) boot: chip revision: v3.0[0m
[0;32mI (69) boot.esp32: SPI Speed      : 40MHz[0m
[0;32mI (74) boot.esp32: SPI Mode       : DIO[0m
[0;32mI (78) boot.esp32: SPI Flash Size : 2MB[0m
[0;32mI (83) boot: Enabling RNG early entropy source...[0m
[0;32mI (88) boot: Partition Table:[0m
[0;32mI (92) boot: ## Label            Usage          Type ST Offset   Length[0m
[0;32mI (99) boot:  0 nvs              WiFi data        01 02 00009000 00006000[0m
[0;32mI (106) boot:  1 phy_init         RF data          01 01 0000f000 00001000[0m
[0;32mI (114) boot:  2 factory          factory app      00 00 00010000 00177000[0m
[0;32mI (122) boot: End of partition table[0m
[0;32mI (126) esp_image: segment 0: paddr=00010020 vaddr=3f400020 size=28980h (166272) map[0m
[0;32mI (191) esp_image: segment 1: paddr=000389a8 vaddr=3ff80301 size=00008h (     8) load[0m
[0;32mI (192) esp_image: segment 2: paddr=000389b8 vaddr=3ffb0000 size=04038h ( 16440) load[0m
[0;32mI (203) esp_image: segment 3: paddr=0003c9f8 vaddr=40080000 size=03620h ( 13856) load[0m
[0;32mI (211) esp_image: segment 4: paddr=00040020 vaddr=400d0020 size=a4054h (671828) map[0m
[0;32mI (444) esp_image: segment 5: paddr=000e407c vaddr=40083620 size=1636ch ( 90988) load[0m
[0;32mI (480) esp_image: segment 6: paddr=000fa3f0 vaddr=400c0000 size=00304h (   772) load[0m
[0;32mI (481) esp_image: segment 7: paddr=000fa6fc vaddr=50000000 size=0027ch (   636) load[0m
[0;32mI (499) boot: Loaded app from partition at offset 0x10000[0m
[0;32mI (500) boot: Disabling RNG early entropy source...[0m
[0;32mI (511) cpu_start: Multicore app[0m
[0;32mI (520) cpu_start: Pro cpu start user code[0m
[0;32mI (520) cpu_start: cpu freq: 160000000 Hz[0m
[0;32mI (520) app_init: Application information:[0m
[0;32mI (523) app_init: Project name:     PIR[0m
[0;32mI (527) app_init: App version:      42bb6fe-dirty[0m
[0;32mI (533) app_init: Compile time:     Nov 21 2024 01:27:13[0m
[0;32mI (539) app_init: ELF file SHA256:  31d2ee31a8eef6ca...[0m
[0;32mI (545) app_init: ESP-IDF:          v5.3.1[0m
[0;32mI (549) efuse_init: Min chip rev:     v0.0[0m
[0;32mI (554) efuse_init: Max chip rev:     v3.99 [0m
[0;32mI (559) efuse_init: Chip rev:         v3.0[0m
[0;32mI (564) heap_init: Initializing. RAM available for dynamic allocation:[0m
[0;32mI (571) heap_init: At 3FFAE6E0 len 00001920 (6 KiB): DRAM[0m
[0;32mI (577) heap_init: At 3FFB8970 len 00027690 (157 KiB): DRAM[0m
[0;32mI (583) heap_init: At 3FFE0440 len 00003AE0 (14 KiB): D/IRAM[0m
[0;32mI (590) heap_init: At 3FFE4350 len 0001BCB0 (111 KiB): D/IRAM[0m
[0;32mI (596) heap_init: At 4009998C len 00006674 (25 KiB): IRAM[0m
[0;32mI (604) spi_flash: detected chip: generic[0m
[0;32mI (607) spi_flash: flash io: dio[0m
[0;33mW (611) spi_flash: Detected size(4096k) larger than the size in the binary image header(2048k). Using the size in the binary image header.[0m
[0;33mW (624) i2c: This driver is an old driver, please migrate your application code to adapt `driver/i2c_master.h`[0m
[0;32mI (636) main_task: Started on CPU0[0m
[0;32mI (646) main_task: Calling app_main()[0m
!!!!Current MAC address: EC:62:60:BC:E7:D8
CORRIDOR ESP.
[0;32mI (656) gauge: Power Mode: 0x1[0m
[0;32mI (656) gauge: APA: 0x2A[0m
[0;32mI (656) gauge: Battery Profile: 0x1[0m
[0;32mI (656) gauge: Temp Mode: 0x0[0m
[0;32mI (666) gauge: Voltage: 2.67	RSOC: 0.0%[0m
[0;32mI (666) progress: [APP] Free memory: 272740 bytes[0m
[0;32mI (666) progress: [APP] IDF version: v5.3.1[0m
[0;32mI (696) progress: Starting Wifi[0m
ets Jul 29 2019 12:21:46

rst:0x3 (SW_RESET),boot:0x13 (SPI_FAST_FLASH_BOOT)
configsip: 0, SPIWP:0xee
clk_drv:0x00,q_drv:0x00,d_drv:0x00,cs0_drv:0x00,hd_drv:0x00,wp_drv:0x00
mode:DIO, clock div:2
load:0x3fff0030,len:7176
load:0x40078000,len:15564
ho 0 tail 12 room 4
load:0x40080400,len:4
load:0x40080404,len:3904
entry 0x40080640
[0;32mI (60) boot: ESP-IDF v5.3.1 2nd stage bootloader[0m
[0;32mI (60) boot: compile time Nov 21 2024 01:27:28[0m
[0;32mI (60) boot: Multicore bootloader[0m
[0;32mI (65) boot: chip revision: v3.0[0m
[0;32mI (69) boot.esp32: SPI Speed      : 40MHz[0m
[0;32mI (74) boot.esp32: SPI Mode       : DIO[0m
[0;32mI (78) boot.esp32: SPI Flash Size : 2MB[0m
[0;32mI (83) boot: Enabling RNG early entropy source...[0m
[0;32mI (88) boot: Partition Table:[0m
[0;32mI (92) boot: ## Label            Usage          Type ST Offset   Length[0m
[0;32mI (99) boot:  0 nvs              WiFi data        01 02 00009000 00006000[0m
[0;32mI (106) boot:  1 phy_init         RF data          01 01 0000f000 00001000[0m
[0;32mI (114) boot:  2 factory          factory app      00 00 00010000 00177000[0m
[0;32mI (122) boot: End of partition table[0m
[0;32mI (126) esp_image: segment 0: paddr=00010020 vaddr=3f400020 size=28980h (166272) map[0m
[0;32mI (191) esp_image: segment 1: paddr=000389a8 vaddr=3ff80301 size=00008h (     8) load[0m
[0;32mI (192) esp_image: segment 2: paddr=000389b8 vaddr=3ffb0000 size=04038h ( 16440) load[0m
[0;32mI (203) esp_image: segment 3: paddr=0003c9f8 vaddr=40080000 size=03620h ( 13856) load[0m
[0;32mI (211) esp_image: segment 4: paddr=00040020 vaddr=400d0020 size=a4054h (671828) map[0m
[0;32mI (444) esp_image: segment 5: paddr=000e407c vaddr=40083620 size=1636ch ( 90988) load[0m
[0;32mI (480) esp_image: segment 6: paddr=000fa3f0 vaddr=400c0000 size=00304h (   772) load[0m
[0;32mI (481) esp_image: segment 7: paddr=000fa6fc vaddr=50000000 size=0027ch (   636) load[0m
[0;32mI (499) boot: Loaded app from partition at offset 0x10000[0m
[0;32mI (500) boot: Disabling RNG early entropy source...[0m
[0;32mI (511) cpu_start: Multicore app[0m
[0;32mI (520) cpu_start: Pro cpu start user code[0m
[0;32mI (520) cpu_start: cpu freq: 160000000 Hz[0m
[0;32mI (520) app_init: Application information:[0m
[0;32mI (523) app_init: Project name:     PIR[0m
[0;32mI (527) app_init: App version:      42bb6fe-dirty[0m
[0;32mI (533) app_init: Compile time:     Nov 21 2024 01:27:13[0m
[0;32mI (539) app_init: ELF file SHA256:  31d2ee31a8eef6ca...[0m
[0;32mI (545) app_init: ESP-IDF:          v5.3.1[0m
[0;32mI (549) efuse_init: Min chip rev:     v0.0[0m
[0;32mI (554) efuse_init: Max chip rev:     v3.99 [0m
[0;32mI (559) efuse_init: Chip rev:         v3.0[0m
[0;32mI (564) heap_init: Initializing. RAM available for dynamic allocation:[0m
[0;32mI (571) heap_init: At 3FFAE6E0 len 00001920 (6 KiB): DRAM[0m
[0;32mI (577) heap_init: At 3FFB8970 len 00027690 (157 KiB): DRAM[0m
[0;32mI (583) heap_init: At 3FFE0440 len 00003AE0 (14 KiB): D/IRAM[0m
[0;32mI (590) heap_init: At 3FFE4350 len 0001BCB0 (111 KiB): D/IRAM[0m
[0;32mI (596) heap_init: At 4009998C len 00006674 (25 KiB): IRAM[0m
[0;32mI (604) spi_flash: detected chip: generic[0m
[0;32mI (607) spi_flash: flash io: dio[0m
[0;33mW (611) spi_flash: Detected size(4096k) larger than the size in the binary image header(2048k). Using the size in the binary image header.[0m
[0;33mW (624) i2c: This driver is an old driver, please migrate your application code to adapt `driver/i2c_master.h`[0m
[0;32mI (636) main_task: Started on CPU0[0m
[0;32mI (646) main_task: Calling app_main()[0m
!!!!Current MAC address: EC:62:60:BC:E7:D8
CORRIDOR ESP.
[0;32mI (656) gauge: Power Mode: 0x1[0m
[0;32mI (656) gauge: APA: 0x2A[0m
[0;32mI (656) gauge: Battery Profile: 0x1[0m
[0;32mI (656) gauge: Temp Mode: 0x0[0m
[0;32mI (666) gauge: Voltage: 2.68	RSOC: 0.0%[0m
[0;32mI (666) progress: [APP] Free memory: 272740 bytes[0m
[0;32mI (666) progress: [APP] IDF version: v5.3.1[0m
[0;32mI (696) progress: Starting Wifi[0m
ets Jul 29 2019 12:21:46

rst:0x3 (SW_RESET),boot:0x13 (SPI_FAST_FLASH_BOOT)
configsip: 0, SPIWP:0xee
clk_drv:0x00,q_drv:0x00,d_drv:0x00,cs0_drv:0x00,hd_drv:0x00,wp_drv:0x00
mode:DIO, clock div:2
load:0x3fff0030,len:7176
load:0x40078000,len:15564
ho 0 tail 12 room 4
load:0x40080400,len:4
load:0x40080404,len:3904
entry 0x40080640
[0;32mI (60) boot: ESP-IDF v5.3.1 2nd stage bootloader[0m
[0;32mI (60) boot: compile time Nov 21 2024 01:27:28[0m
[0;32mI (60) boot: Multicore bootloader[0m
[0;32mI (65) boot: chip revision: v3.0[0m
[0;32mI (69) boot.esp32: SPI Speed      : 40MHz[0m
[0;32mI (74) boot.esp32: SPI Mode       : DIO[0m
[0;32mI (78) boot.esp32: SPI Flash Size : 2MB[0m
[0;32mI (83) boot: Enabling RNG early entropy source...[0m
[0;32mI (88) boot: Partition Table:[0m
[0;32mI (92) boot: ## Label            Usage          Type ST Offset   Length[0m
[0;32mI (99) boot:  0 nvs              WiFi data        01 02 00009000 00006000[0m
[0;32mI (106) boot:  1 phy_init         RF data          01 01 0000f000 00001000[0m
[0;32mI (114) boot:  2 factory          factory app      00 00 00010000 00177000[0m
[0;32mI (122) boot: End of partition table[0m
[0;32mI (126) esp_image: segment 0: paddr=00010020 vaddr=3f400020 size=28980h (166272) map[0m
[0;32mI (191) esp_image: segment 1: paddr=000389a8 vaddr=3ff80301 size=00008h (     8) load[0m
[0;32mI (192) esp_image: segment 2: paddr=000389b8 vaddr=3ffb0000 size=04038h ( 16440) load[0m
[0;32mI (203) esp_image: segment 3: paddr=0003c9f8 vaddr=40080000 size=03620h ( 13856) load[0m
[0;32mI (211) esp_image: segment 4: paddr=00040020 vaddr=400d0020 size=a4054h (671828) map[0m
[0;32mI (444) esp_image: segment 5: paddr=000e407c vaddr=40083620 size=1636ch ( 90988) load[0m
[0;32mI (480) esp_image: segment 6: paddr=000fa3f0 vaddr=400c0000 size=00304h (   772) load[0m
[0;32mI (481) esp_image: segment 7: paddr=000fa6fc vaddr=50000000 size=0027ch (   636) load[0m
[0;32mI (499) boot: Loaded app from partition at offset 0x10000[0m
[0;32mI (500) boot: Disabling RNG early entropy source...[0m
[0;32mI (511) cpu_start: Multicore app[0m
[0;32mI (520) cpu_start: Pro cpu start user code[0m
[0;32mI (520) cpu_start: cpu freq: 160000000 Hz[0m
[0;32mI (520) app_init: Application information:[0m
[0;32mI (523) app_init: Project name:     PIR[0m
[0;32mI (527) app_init: App version:      42bb6fe-dirty[0m
[0;32mI (533) app_init: Compile time:     Nov 21 2024 01:27:13[0m
[0;32mI (539) app_init: ELF file SHA256:  31d2ee31a8eef6ca...[0m
[0;32mI (545) app_init: ESP-IDF:          v5.3.1[0m
[0;32mI (549) efuse_init: Min chip rev:     v0.0[0m
[0;32mI (554) efuse_init: Max chip rev:     v3.99 [0m
[0;32mI (559) efuse_init: Chip rev:         v3.0[0m
[0;32mI (564) heap_init: Initializing. RAM available for dynamic allocation:[0m
[0;32mI (571) heap_init: At 3FFAE6E0 len 00001920 (6 KiB): DRAM[0m
[0;32mI (577) heap_init: At 3FFB8970 len 00027690 (157 KiB): DRAM[0m
[0;32mI (583) heap_init: At 3FFE0440 len 00003AE0 (14 KiB): D/IRAM[0m
[0;32mI (590) heap_init: At 3FFE4350 len 0001BCB0 (111 KiB): D/IRAM[0m
[0;32mI (596) heap_init: At 4009998C len 00006674 (25 KiB): IRAM[0m
[0;32mI (604) spi_flash: detected chip: generic[0m
[0;32mI (607) spi_flash: flash io: dio[0m
[0;33mW (611) spi_flash: Detected size(4096k) larger than the size in the binary image header(2048k). Using the size in the binary image header.[0m
[0;33mW (624) i2c: This driver is an old driver, please migrate your application code to adapt `driver/i2c_master.h`[0m
[0;32mI (636) main_task: Started on CPU0[0m
[0;32mI (646) main_task: Calling app_main()[0m
!!!!Current MAC address: EC:62:60:BC:E7:D8
CORRIDOR ESP.
[0;32mI (656) gauge: Power Mode: 0x1[0m
[0;32mI (656) gauge: APA: 0x2A[0m
[0;32mI (656) gauge: Battery Profile: 0x1[0m
[0;32mI (656) gauge: Temp Mode: 0x0[0m
[0;32mI (666) gauge: Voltage: 2.68	RSOC: 0.0%[0m
[0;32mI (666) progress: [APP] Free memory: 272740 bytes[0m
[0;32mI (666) progress: [APP] IDF version: v5.3.1[0m
[0;32mI (696) progress: Starting Wifi[0m
ets Jul 29 2019 12:21:46

rst:0x3 (SW_RESET),boot:0x13 (SPI_FAST_FLASH_BOOT)
configsip: 0, SPIWP:0xee
clk_drv:0x00,q_drv:0x00,d_drv:0x00,cs0_drv:0x00,hd_drv:0x00,wp_drv:0x00
mode:DIO, clock div:2
load:0x3fff0030,len:7176
load:0x40078000,len:15564
ho 0 tail 12 room 4
load:0x40080400,len:4
load:0x40080404,len:3904
entry 0x40080640
[0;32mI (60) boot: ESP-IDF v5.3.1 2nd stage bootloader[0m
[0;32mI (60) boot: compile time Nov 21 2024 01:27:28[0m
[0;32mI (60) boot: Multicore bootloader[0m
[0;32mI (65) boot: chip revision: v3.0[0m
[0;32mI (69) boot.esp32: SPI Speed      : 40MHz[0m
[0;32mI (74) boot.esp32: SPI Mode       : DIO[0m
[0;32mI (78) boot.esp32: SPI Flash Size : 2MB[0m
[0;32mI (83) boot: Enabling RNG early entropy source...[0m
[0;32mI (88) boot: Partition Table:[0m
[0;32mI (92) boot: ## Label            Usage          Type ST Offset   Length[0m
[0;32mI (99) boot:  0 nvs              WiFi data        01 02 00009000 00006000[0m
[0;32mI (106) boot:  1 phy_init         RF data          01 01 0000f000 00001000[0m
[0;32mI (114) boot:  2 factory          factory app      00 00 00010000 00177000[0m
[0;32mI (122) boot: End of partition table[0m
[0;32mI (126) esp_image: segment 0: paddr=00010020 vaddr=3f400020 size=28980h (166272) map[0m
[0;32mI (191) esp_image: segment 1: paddr=000389a8 vaddr=3ff80301 size=00008h (     8) load[0m
[0;32mI (192) esp_image: segment 2: paddr=000389b8 vaddr=3ffb0000 size=04038h ( 16440) load[0m
[0;32mI (203) esp_image: segment 3: paddr=0003c9f8 vaddr=40080000 size=03620h ( 13856) load[0m
[0;32mI (211) esp_image: segment 4: paddr=00040020 vaddr=400d0020 size=a4054h (671828) map[0m
[0;32mI (444) esp_image: segment 5: paddr=000e407c vaddr=40083620 size=1636ch ( 90988) load[0m
[0;32mI (480) esp_image: segment 6: paddr=000fa3f0 vaddr=400c0000 size=00304h (   772) load[0m
[0;32mI (481) esp_image: segment 7: paddr=000fa6fc vaddr=50000000 size=0027ch (   636) load[0m
[0;32mI (499) boot: Loaded app from partition at offset 0x10000[0m
[0;32mI (500) boot: Disabling RNG early entropy source...[0m
[0;32mI (511) cpu_start: Multicore app[0m
[0;32mI (520) cpu_start: Pro cpu start user code[0m
[0;32mI (520) cpu_start: cpu freq: 160000000 Hz[0m
[0;32mI (520) app_init: Application information:[0m
[0;32mI (523) app_init: Project name:     PIR[0m
[0;32mI (527) app_init: App version:      42bb6fe-dirty[0m
[0;32mI (533) app_init: Compile time:     Nov 21 2024 01:27:13[0m
[0;32mI (539) app_init: ELF file SHA256:  31d2ee31a8eef6ca...[0m
[0;32mI (545) app_init: ESP-IDF:          v5.3.1[0m
[0;32mI (549) efuse_init: Min chip rev:     v0.0[0m
[0;32mI (554) efuse_init: Max chip rev:     v3.99 [0m
[0;32mI (559) efuse_init: Chip rev:         v3.0[0m
[0;32mI (564) heap_init: Initializing. RAM available for dynamic allocation:[0m
[0;32mI (571) heap_init: At 3FFAE6E0 len 00001920 (6 KiB): DRAM[0m
[0;32mI (577) heap_init: At 3FFB8970 len 00027690 (157 KiB): DRAM[0m
[0;32mI (583) heap_init: At 3FFE0440 len 00003AE0 (14 KiB): D/IRAM[0m
[0;32mI (590) heap_init: At 3FFE4350 len 0001BCB0 (111 KiB): D/IRAM[0m
[0;32mI (596) heap_init: At 4009998C len 00006674 (25 KiB): IRAM[0m
[0;32mI (604) spi_flash: detected chip: generic[0m
[0;32mI (607) spi_flash: flash io: dio[0m
[0;33mW (611) spi_flash: Detected size(4096k) larger than the size in the binary image header(2048k). Using the size in the binary image header.[0m
[0;33mW (624) i2c: This driver is an old driver, please migrate your application code to adapt `driver/i2c_master.h`[0m
[0;32mI (636) main_task: Started on CPU0[0m
[0;32mI (646) main_task: Calling app_main()[0m
!!!!Current MAC address: EC:62:60:BC:E7:D8
CORRIDOR ESP.
[0;32mI (656) gauge: Power Mode: 0x1[0m
[0;32mI (656) gauge: APA: 0x2A[0m
[0;32mI (656) gauge: Battery Profile: 0x1[0m
[0;32mI (656) gauge: Temp Mode: 0x0[0m
[0;32mI (666) gauge: Voltage: 2.68	RSOC: 0.0%[0m
[0;32mI (666) progress: [APP] Free memory: 272740 bytes[0m
[0;32mI (666) progress: [APP] IDF version: v5.3.1[0m
[0;32mI (696) progress: Starting Wifi[0m
ets Jul 29 2019 12:21:46

rst:0x3 (SW_RESET),boot:0x13 (SPI_FAST_FLASH_BOOT)
configsip: 0, SPIWP:0xee
clk_drv:0x00,q_drv:0x00,d_drv:0x00,cs0_drv:0x00,hd_drv:0x00,wp_drv:0x00
mode:DIO, clock div:2
load:0x3fff0030,len:7176
load:0x40078000,len:15564
ho 0 tail 12 room 4
load:0x40080400,len:4
load:0x40080404,len:3904
entry 0x40080640
[0;32mI (60) boot: ESP-IDF v5.3.1 2nd stage bootloader[0m
[0;32mI (60) boot: compile time Nov 21 2024 01:27:28[0m
[0;32mI (60) boot: Multicore bootloader[0m
[0;32mI (65) boot: chip revision: v3.0[0m
[0;32mI (69) boot.esp32: SPI Speed      : 40MHz[0m
[0;32mI (74) boot.esp32: SPI Mode       : DIO[0m
[0;32mI (78) boot.esp32: SPI Flash Size : 2MB[0m
[0;32mI (83) boot: Enabling RNG early entropy source...[0m
[0;32mI (88) boot: Partition Table:[0m
[0;32mI (92) boot: ## Label            Usage          Type ST Offset   Length[0m
[0;32mI (99) boot:  0 nvs              WiFi data        01 02 00009000 00006000[0m
[0;32mI (106) boot:  1 phy_init         RF data          01 01 0000f000 00001000[0m
[0;32mI (114) boot:  2 factory          factory app      00 00 00010000 00177000[0m
[0;32mI (122) boot: End of partition table[0m
[0;32mI (126) esp_image: segment 0: paddr=00010020 vaddr=3f400020 size=28980h (166272) map[0m
[0;32mI (191) esp_image: segment 1: paddr=000389a8 vaddr=3ff80301 size=00008h (     8) load[0m
[0;32mI (192) esp_image: segment 2: paddr=000389b8 vaddr=3ffb0000 size=04038h ( 16440) load[0m
[0;32mI (203) esp_image: segment 3: paddr=0003c9f8 vaddr=40080000 size=03620h ( 13856) load[0m
[0;32mI (211) esp_image: segment 4: paddr=00040020 vaddr=400d0020 size=a4054h (671828) map[0m
[0;32mI (444) esp_image: segment 5: paddr=000e407c vaddr=40083620 size=1636ch ( 90988) load[0m
[0;32mI (480) esp_image: segment 6: paddr=000fa3f0 vaddr=400c0000 size=00304h (   772) load[0m
[0;32mI (481) esp_image: segment 7: paddr=000fa6fc vaddr=50000000 size=0027ch (   636) load[0m
[0;32mI (499) boot: Loaded app from partition at offset 0x10000[0m
[0;32mI (500) boot: Disabling RNG early entropy source...[0m
[0;32mI (511) cpu_start: Multicore app[0m
[0;32mI (520) cpu_start: Pro cpu start user code[0m
[0;32mI (520) cpu_start: cpu freq: 160000000 Hz[0m
[0;32mI (520) app_init: Application information:[0m
[0;32mI (523) app_init: Project name:     PIR[0m
[0;32mI (527) app_init: App version:      42bb6fe-dirty[0m
[0;32mI (533) app_init: Compile time:     Nov 21 2024 01:27:13[0m
[0;32mI (539) app_init: ELF file SHA256:  31d2ee31a8eef6ca...[0m
[0;32mI (545) app_init: ESP-IDF:          v5.3.1[0m
[0;32mI (549) efuse_init: Min chip rev:     v0.0[0m
[0;32mI (554) efuse_init: Max chip rev:     v3.99 [0m
[0;32mI (559) efuse_init: Chip rev:         v3.0[0m
[0;32mI (564) heap_init: Initializing. RAM available for dynamic allocation:[0m
[0;32mI (571) heap_init: At 3FFAE6E0 len 00001920 (6 KiB): DRAM[0m
[0;32mI (577) heap_init: At 3FFB8970 len 00027690 (157 KiB): DRAM[0m
[0;32mI (583) heap_init: At 3FFE0440 len 00003AE0 (14 KiB): D/IRAM[0m
[0;32mI (590) heap_init: At 3FFE4350 len 0001BCB0 (111 KiB): D/IRAM[0m
[0;32mI (596) heap_init: At 4009998C len 00006674 (25 KiB): IRAM[0m
[0;32mI (604) spi_flash: detected chip: generic[0m
[0;32mI (607) spi_flash: flash io: dio[0m
[0;33mW (611) spi_flash: Detected size(4096k) larger than the size in the binary image header(2048k). Using the size in the binary image header.[0m
[0;33mW (624) i2c: This driver is an old driver, please migrate your application code to adapt `driver/i2c_master.h`[0m
[0;32mI (636) main_task: Started on CPU0[0m
[0;32mI (646) main_task: Calling app_main()[0m
!!!!Current MAC address: EC:62:60:BC:E7:D8
CORRIDOR ESP.
[0;32mI (656) gauge: Power Mode: 0x1[0m
[0;32mI (656) gauge: APA: 0x2A[0m
[0;32mI (656) gauge: Battery Profile: 0x1[0m
[0;32mI (656) gauge: Temp Mode: 0x0[0m
[0;32mI (666) gauge: Voltage: 2.68	RSOC: 0.0%[0m
[0;32mI (666) progress: [APP] Free memory: 272740 bytes[0m
[0;32mI (666) progress: [APP] IDF version: v5.3.1[0m
[0;32mI (696) progress: Starting Wifi[0m
ets Jul 29 2019 12:21:46

rst:0x3 (SW_RESET),boot:0x13 (SPI_FAST_FLASH_BOOT)
configsip: 0, SPIWP:0xee
clk_drv:0x00,q_drv:0x00,d_drv:0x00,cs0_drv:0x00,hd_drv:0x00,wp_drv:0x00
mode:DIO, clock div:2
load:0x3fff0030,len:7176
load:0x40078000,len:15564
ho 0 tail 12 room 4
load:0x40080400,len:4
load:0x40080404,len:3904
entry 0x40080640
[0;32mI (60) boot: ESP-IDF v5.3.1 2nd stage bootloader[0m
[0;32mI (60) boot: compile time Nov 21 2024 01:27:28[0m
[0;32mI (60) boot: Multicore bootloader[0m
[0;32mI (65) boot: chip revision: v3.0[0m
[0;32mI (69) boot.esp32: SPI Speed      : 40MHz[0m
[0;32mI (74) boot.esp32: SPI Mode       : DIO[0m
[0;32mI (78) boot.esp32: SPI Flash Size : 2MB[0m
[0;32mI (83) boot: Enabling RNG early entropy source...[0m
[0;32mI (88) boot: Partition Table:[0m
[0;32mI (92) boot: ## Label            Usage          Type ST Offset   Length[0m
[0;32mI (99) boot:  0 nvs              WiFi data        01 02 00009000 00006000[0m
[0;32mI (106) boot:  1 phy_init         RF data          01 01 0000f000 00001000[0m
[0;32mI (114) boot:  2 factory          factory app      00 00 00010000 00177000[0m
[0;32mI (122) boot: End of partition table[0m
[0;32mI (126) esp_image: segment 0: paddr=00010020 vaddr=3f400020 size=28980h (166272) map[0m
[0;32mI (191) esp_image: segment 1: paddr=000389a8 vaddr=3ff80301 size=00008h (     8) load[0m
[0;32mI (192) esp_image: segment 2: paddr=000389b8 vaddr=3ffb0000 size=04038h ( 16440) load[0m
[0;32mI (203) esp_image: segment 3: paddr=0003c9f8 vaddr=40080000 size=03620h ( 13856) load[0m
[0;32mI (211) esp_image: segment 4: paddr=00040020 vaddr=400d0020 size=a4054h (671828) map[0m
[0;32mI (444) esp_image: segment 5: paddr=000e407c vaddr=40083620 size=1636ch ( 90988) load[0m
[0;32mI (480) esp_image: segment 6: paddr=000fa3f0 vaddr=400c0000 size=00304h (   772) load[0m
[0;32mI (481) esp_image: segment 7: paddr=000fa6fc vaddr=50000000 size=0027ch (   636) load[0m
[0;32mI (499) boot: Loaded app from partition at offset 0x10000[0m
[0;32mI (500) boot: Disabling RNG early entropy source...[0m
[0;32mI (511) cpu_start: Multicore app[0m
[0;32mI (520) cpu_start: Pro cpu start user code[0m
[0;32mI (520) cpu_start: cpu freq: 160000000 Hz[0m
[0;32mI (520) app_init: Application information:[0m
[0;32mI (523) app_init: Project name:     PIR[0m
[0;32mI (527) app_init: App version:      42bb6fe-dirty[0m
[0;32mI (533) app_init: Compile time:     Nov 21 2024 01:27:13[0m
[0;32mI (539) app_init: ELF file SHA256:  31d2ee31a8eef6ca...[0m
[0;32mI (545) app_init: ESP-IDF:          v5.3.1[0m
[0;32mI (549) efuse_init: Min chip rev:     v0.0[0m
[0;32mI (554) efuse_init: Max chip rev:     v3.99 [0m
[0;32mI (559) efuse_init: Chip rev:         v3.0[0m
[0;32mI (564) heap_init: Initializing. RAM available for dynamic allocation:[0m
[0;32mI (571) heap_init: At 3FFAE6E0 len 00001920 (6 KiB): DRAM[0m
[0;32mI (577) heap_init: At 3FFB8970 len 00027690 (157 KiB): DRAM[0m
[0;32mI (583) heap_init: At 3FFE0440 len 00003AE0 (14 KiB): D/IRAM[0m
[0;32mI (590) heap_init: At 3FFE4350 len 0001BCB0 (111 KiB): D/IRAM[0m
[0;32mI (596) heap_init: At 4009998C len 00006674 (25 KiB): IRAM[0m
[0;32mI (604) spi_flash: detected chip: generic[0m
[0;32mI (607) spi_flash: flash io: dio[0m
[0;33mW (611) spi_flash: Detected size(4096k) larger than the size in the binary image header(2048k). Using the size in the binary image header.[0m
[0;33mW (624) i2c: This driver is an old driver, please migrate your application code to adapt `driver/i2c_master.h`[0m
[0;32mI (636) main_task: Started on CPU0[0m
[0;32mI (646) main_task: Calling app_main()[0m
!!!!Current MAC address: EC:62:60:BC:E7:D8
CORRIDOR ESP.
[0;32mI (656) gauge: Power Mode: 0x1[0m
[0;32mI (656) gauge: APA: 0x2A[0m
[0;32mI (656) gauge: Battery Profile: 0x1[0m
[0;32mI (656) gauge: Temp Mode: 0x0[0m
[0;32mI (666) gauge: Voltage: 2.68	RSOC: 0.0%[0m
[0;32mI (666) progress: [APP] Free memory: 272740 bytes[0m
[0;32mI (666) progress: [APP] IDF version: v5.3.1[0m
[0;32mI (696) progress: Starting Wifi[0m
ets Jul 29 2019 12:21:46

rst:0x3 (SW_RESET),boot:0x13 (SPI_FAST_FLASH_BOOT)
configsip: 0, SPIWP:0xee
clk_drv:0x00,q_drv:0x00,d_drv:0x00,cs0_drv:0x00,hd_drv:0x00,wp_drv:0x00
mode:DIO, clock div:2
load:0x3fff0030,len:7176
load:0x40078000,len:15564
ho 0 tail 12 room 4
load:0x40080400,len:4
load:0x40080404,len:3904
entry 0x40080640
[0;32mI (60) boot: ESP-IDF v5.3.1 2nd stage bootloader[0m
[0;32mI (60) boot: compile time Nov 21 2024 01:27:28[0m
[0;32mI (60) boot: Multicore bootloader[0m
[0;32mI (65) boot: chip revision: v3.0[0m
[0;32mI (69) boot.esp32: SPI Speed      : 40MHz[0m
[0;32mI (74) boot.esp32: SPI Mode       : DIO[0m
[0;32mI (78) boot.esp32: SPI Flash Size : 2MB[0m
[0;32mI (83) boot: Enabling RNG early entropy source...[0m
[0;32mI (88) boot: Partition Table:[0m
[0;32mI (92) boot: ## Label            Usage          Type ST Offset   Length[0m
[0;32mI (99) boot:  0 nvs              WiFi data        01 02 00009000 00006000[0m
[0;32mI (106) boot:  1 phy_init         RF data          01 01 0000f000 00001000[0m
[0;32mI (114) boot:  2 factory          factory app      00 00 00010000 00177000[0m
[0;32mI (122) boot: End of partition table[0m
[0;32mI (126) esp_image: segment 0: paddr=00010020 vaddr=3f400020 size=28980h (166272) map[0m
[0;32mI (191) esp_image: segment 1: paddr=000389a8 vaddr=3ff80301 size=00008h (     8) load[0m
[0;32mI (192) esp_image: segment 2: paddr=000389b8 vaddr=3ffb0000 size=04038h ( 16440) load[0m
[0;32mI (203) esp_image: segment 3: paddr=0003c9f8 vaddr=40080000 size=03620h ( 13856) load[0m
[0;32mI (211) esp_image: segment 4: paddr=00040020 vaddr=400d0020 size=a4054h (671828) map[0m
[0;32mI (444) esp_image: segment 5: paddr=000e407c vaddr=40083620 size=1636ch ( 90988) load[0m
[0;32mI (480) esp_image: segment 6: paddr=000fa3f0 vaddr=400c0000 size=00304h (   772) load[0m
[0;32mI (481) esp_image: segment 7: paddr=000fa6fc vaddr=50000000 size=0027ch (   636) load[0m
[0;32mI (499) boot: Loaded app from partition at offset 0x10000[0m
[0;32mI (500) boot: Disabling RNG early entropy source...[0m
[0;32mI (511) cpu_start: Multicore app[0m
[0;32mI (520) cpu_start: Pro cpu start user code[0m
[0;32mI (520) cpu_start: cpu freq: 160000000 Hz[0m
[0;32mI (520) app_init: Application information:[0m
[0;32mI (523) app_init: Project name:     PIR[0m
[0;32mI (527) app_init: App version:      42bb6fe-dirty[0m
[0;32mI (533) app_init: Compile time:     Nov 21 2024 01:27:13[0m
[0;32mI (539) app_init: ELF file SHA256:  31d2ee31a8eef6ca...[0m
[0;32mI (545) app_init: ESP-IDF:          v5.3.1[0m
[0;32mI (549) efuse_init: Min chip rev:     v0.0[0m
[0;32mI (554) efuse_init: Max chip rev:     v3.99 [0m
[0;32mI (559) efuse_init: Chip rev:         v3.0[0m
[0;32mI (564) heap_init: Initializing. RAM available for dynamic allocation:[0m
[0;32mI (571) heap_init: At 3FFAE6E0 len 00001920 (6 KiB): DRAM[0m
[0;32mI (577) heap_init: At 3FFB8970 len 00027690 (157 KiB): DRAM[0m
[0;32mI (583) heap_init: At 3FFE0440 len 00003AE0 (14 KiB): D/IRAM[0m
[0;32mI (590) heap_init: At 3FFE4350 len 0001BCB0 (111 KiB): D/IRAM[0m
[0;32mI (596) heap_init: At 4009998C len 00006674 (25 KiB): IRAM[0m
[0;32mI (604) spi_flash: detected chip: generic[0m
[0;32mI (607) spi_flash: flash io: dio[0m
[0;33mW (611) spi_flash: Detected size(4096k) larger than the size in the binary image header(2048k). Using the size in the binary image header.[0m
[0;33mW (624) i2c: This driver is an old driver, please migrate your application code to adapt `driver/i2c_master.h`[0m
[0;32mI (636) main_task: Started on CPU0[0m
[0;32mI (646) main_task: Calling app_main()[0m
!!!!Current MAC address: EC:62:60:BC:E7:D8
CORRIDOR ESP.
[0;32mI (656) gauge: Power Mode: 0x1[0m
[0;32mI (656) gauge: APA: 0x2A[0m
[0;32mI (656) gauge: Battery Profile: 0x1[0m
[0;32mI (656) gauge: Temp Mode: 0x0[0m
[0;32mI (666) gauge: Voltage: 2.68	RSOC: 0.0%[0m
[0;32mI (666) progress: [APP] Free memory: 272740 bytes[0m
[0;32mI (666) progress: [APP] IDF version: v5.3.1[0m
[0;32mI (696) progress: Starting Wifi[0m
ets Jul 29 2019 12:21:46

rst:0x3 (SW_RESET),boot:0x13 (SPI_FAST_FLASH_BOOT)
configsip: 0, SPIWP:0xee
clk_drv:0x00,q_drv:0x00,d_drv:0x00,cs0_drv:0x00,hd_drv:0x00,wp_drv:0x00
mode:DIO, clock div:2
load:0x3fff0030,len:7176
load:0x40078000,len:15564
ho 0 tail 12 room 4
load:0x40080400,len:4
load:0x40080404,len:3904
entry 0x40080640
[0;32mI (60) boot: ESP-IDF v5.3.1 2nd stage bootloader[0m
[0;32mI (60) boot: compile time Nov 21 2024 01:27:28[0m
[0;32mI (60) boot: Multicore bootloader[0m
[0;32mI (65) boot: chip revision: v3.0[0m
[0;32mI (69) boot.esp32: SPI Speed      : 40MHz[0m
[0;32mI (74) boot.esp32: SPI Mode       : DIO[0m
[0;32mI (78) boot.esp32: SPI Flash Size : 2MB[0m
[0;32mI (83) boot: Enabling RNG early entropy source...[0m
[0;32mI (88) boot: Partition Table:[0m
[0;32mI (92) boot: ## Label            Usage          Type ST Offset   Length[0m
[0;32mI (99) boot:  0 nvs              WiFi data        01 02 00009000 00006000[0m
[0;32mI (106) boot:  1 phy_init         RF data          01 01 0000f000 00001000[0m
[0;32mI (114) boot:  2 factory          factory app      00 00 00010000 00177000[0m
[0;32mI (122) boot: End of partition table[0m
[0;32mI (126) esp_image: segment 0: paddr=00010020 vaddr=3f400020 size=28980h (166272) map[0m
[0;32mI (191) esp_image: segment 1: paddr=000389a8 vaddr=3ff80301 size=00008h (     8) load[0m
[0;32mI (192) esp_image: segment 2: paddr=000389b8 vaddr=3ffb0000 size=04038h ( 16440) load[0m
[0;32mI (203) esp_image: segment 3: paddr=0003c9f8 vaddr=40080000 size=03620h ( 13856) load[0m
[0;32mI (211) esp_image: segment 4: paddr=00040020 vaddr=400d0020 size=a4054h (671828) map[0m
[0;32mI (444) esp_image: segment 5: paddr=000e407c vaddr=40083620 size=1636ch ( 90988) load[0m
[0;32mI (480) esp_image: segment 6: paddr=000fa3f0 vaddr=400c0000 size=00304h (   772) load[0m
[0;32mI (481) esp_image: segment 7: paddr=000fa6fc vaddr=50000000 size=0027ch (   636) load[0m
[0;32mI (499) boot: Loaded app from partition at offset 0x10000[0m
[0;32mI (500) boot: Disabling RNG early entropy source...[0m
[0;32mI (511) cpu_start: Multicore app[0m
[0;32mI (520) cpu_start: Pro cpu start user code[0m
[0;32mI (520) cpu_start: cpu freq: 160000000 Hz[0m
[0;32mI (520) app_init: Application information:[0m
[0;32mI (523) app_init: Project name:     PIR[0m
[0;32mI (527) app_init: App version:      42bb6fe-dirty[0m
[0;32mI (533) app_init: Compile time:     Nov 21 2024 01:27:13[0m
[0;32mI (539) app_init: ELF file SHA256:  31d2ee31a8eef6ca...[0m
[0;32mI (545) app_init: ESP-IDF:          v5.3.1[0m
[0;32mI (549) efuse_init: Min chip rev:     v0.0[0m
[0;32mI (554) efuse_init: Max chip rev:     v3.99 [0m
[0;32mI (559) efuse_init: Chip rev:         v3.0[0m
[0;32mI (564) heap_init: Initializing. RAM available for dynamic allocation:[0m
[0;32mI (571) heap_init: At 3FFAE6E0 len 00001920 (6 KiB): DRAM[0m
[0;32mI (577) heap_init: At 3FFB8970 len 00027690 (157 KiB): DRAM[0m
[0;32mI (583) heap_init: At 3FFE0440 len 00003AE0 (14 KiB): D/IRAM[0m
[0;32mI (590) heap_init: At 3FFE4350 len 0001BCB0 (111 KiB): D/IRAM[0m
[0;32mI (596) heap_init: At 4009998C len 00006674 (25 KiB): IRAM[0m
[0;32mI (604) spi_flash: detected chip: generic[0m
[0;32mI (607) spi_flash: flash io: dio[0m
[0;33mW (611) spi_flash: Detected size(4096k) larger than the size in the binary image header(2048k). Using the size in the binary image header.[0m
[0;33mW (624) i2c: This driver is an old driver, please migrate your application code to adapt `driver/i2c_master.h`[0m
[0;32mI (636) main_task: Started on CPU0[0m
[0;32mI (646) main_task: Calling app_main()[0m
!!!!Current MAC address: EC:62:60:BC:E7:D8
CORRIDOR ESP.
[0;32mI (656) gauge: Power Mode: 0x1[0m
[0;32mI (656) gauge: APA: 0x2A[0m
[0;32mI (656) gauge: Battery Profile: 0x1[0m
[0;32mI (656) gauge: Temp Mode: 0x0[0m
[0;32mI (666) gauge: Voltage: 2.68	RSOC: 0.0%[0m
[0;32mI (666) progress: [APP] Free memory: 272740 bytes[0m
[0;32mI (666) progress: [APP] IDF version: v5.3.1[0m
[0;32mI (696) progress: Starting Wifi[0m
ets Jul 29 2019 12:21:46

rst:0x3 (SW_RESET),boot:0x13 (SPI_FAST_FLASH_BOOT)
configsip: 0, SPIWP:0xee
clk_drv:0x00,q_drv:0x00,d_drv:0x00,cs0_drv:0x00,hd_drv:0x00,wp_drv:0x00
mode:DIO, clock div:2
load:0x3fff0030,len:7176
load:0x40078000,len:15564
ho 0 tail 12 room 4
load:0x40080400,len:4
load:0x40080404,len:3904
entry 0x40080640
[0;32mI (60) boot: ESP-IDF v5.3.1 2nd stage bootloader[0m
[0;32mI (60) boot: compile time Nov 21 2024 01:27:28[0m
[0;32mI (60) boot: Multicore bootloader[0m
[0;32mI (65) boot: chip revision: v3.0[0m
[0;32mI (69) boot.esp32: SPI Speed      : 40MHz[0m
[0;32mI (74) boot.esp32: SPI Mode       : DIO[0m
[0;32mI (78) boot.esp32: SPI Flash Size : 2MB[0m
[0;32mI (83) boot: Enabling RNG early entropy source...[0m
[0;32mI (88) boot: Partition Table:[0m
[0;32mI (92) boot: ## Label            Usage          Type ST Offset   Length[0m
[0;32mI (99) boot:  0 nvs              WiFi data        01 02 00009000 00006000[0m
[0;32mI (106) boot:  1 phy_init         RF data          01 01 0000f000 00001000[0m
[0;32mI (114) boot:  2 factory          factory app      00 00 00010000 00177000[0m
[0;32mI (122) boot: End of partition table[0m
[0;32mI (126) esp_image: segment 0: paddr=00010020 vaddr=3f400020 size=28980h (166272) map[0m
[0;32mI (191) esp_image: segment 1: paddr=000389a8 vaddr=3ff80301 size=00008h (     8) load[0m
[0;32mI (192) esp_image: segment 2: paddr=000389b8 vaddr=3ffb0000 size=04038h ( 16440) load[0m
[0;32mI (203) esp_image: segment 3: paddr=0003c9f8 vaddr=40080000 size=03620h ( 13856) load[0m
[0;32mI (211) esp_image: segment 4: paddr=00040020 vaddr=400d0020 size=a4054h (671828) map[0m
[0;32mI (444) esp_image: segment 5: paddr=000e407c vaddr=40083620 size=1636ch ( 90988) load[0m
[0;32mI (480) esp_image: segment 6: paddr=000fa3f0 vaddr=400c0000 size=00304h (   772) load[0m
[0;32mI (481) esp_image: segment 7: paddr=000fa6fc vaddr=50000000 size=0027ch (   636) load[0m
[0;32mI (499) boot: Loaded app from partition at offset 0x10000[0m
[0;32mI (500) boot: Disabling RNG early entropy source...[0m
[0;32mI (511) cpu_start: Multicore app[0m
[0;32mI (520) cpu_start: Pro cpu start user code[0m
[0;32mI (520) cpu_start: cpu freq: 160000000 Hz[0m
[0;32mI (520) app_init: Application information:[0m
[0;32mI (523) app_init: Project name:     PIR[0m
[0;32mI (527) app_init: App version:      42bb6fe-dirty[0m
[0;32mI (533) app_init: Compile time:     Nov 21 2024 01:27:13[0m
[0;32mI (539) app_init: ELF file SHA256:  31d2ee31a8eef6ca...[0m
[0;32mI (545) app_init: ESP-IDF:          v5.3.1[0m
[0;32mI (549) efuse_init: Min chip rev:     v0.0[0m
[0;32mI (554) efuse_init: Max chip rev:     v3.99 [0m
[0;32mI (559) efuse_init: Chip rev:         v3.0[0m
[0;32mI (564) heap_init: Initializing. RAM available for dynamic allocation:[0m
[0;32mI (571) heap_init: At 3FFAE6E0 len 00001920 (6 KiB): DRAM[0m
[0;32mI (577) heap_init: At 3FFB8970 len 00027690 (157 KiB): DRAM[0m
[0;32mI (583) heap_init: At 3FFE0440 len 00003AE0 (14 KiB): D/IRAM[0m
[0;32mI (590) heap_init: At 3FFE4350 len 0001BCB0 (111 KiB): D/IRAM[0m
[0;32mI (596) heap_init: At 4009998C len 00006674 (25 KiB): IRAM[0m
[0;32mI (604) spi_flash: detected chip: generic[0m
[0;32mI (607) spi_flash: flash io: dio[0m
[0;33mW (611) spi_flash: Detected size(4096k) larger than the size in the binary image header(2048k). Using the size in the binary image header.[0m
[0;33mW (624) i2c: This driver is an old driver, please migrate your application code to adapt `driver/i2c_master.h`[0m
[0;32mI (636) main_task: Started on CPU0[0m
[0;32mI (646) main_task: Calling app_main()[0m
!!!!Current MAC address: EC:62:60:BC:E7:D8
CORRIDOR ESP.
[0;32mI (656) gauge: Power Mode: 0x1[0m
[0;32mI (656) gauge: APA: 0x2A[0m
[0;32mI (656) gauge: Battery Profile: 0x1[0m
[0;32mI (656) gauge: Temp Mode: 0x0[0m
[0;32mI (666) gauge: Voltage: 2.68	RSOC: 0.0%[0m
[0;32mI (666) progress: [APP] Free memory: 272740 bytes[0m
[0;32mI (666) progress: [APP] IDF version: v5.3.1[0m
[0;32mI (696) progress: Starting Wifi[0m
ets Jul 29 2019 12:21:46

rst:0x3 (SW_RESET),boot:0x13 (SPI_FAST_FLASH_BOOT)
configsip: 0, SPIWP:0xee
clk_drv:0x00,q_drv:0x00,d_drv:0x00,cs0_drv:0x00,hd_drv:0x00,wp_drv:0x00
mode:DIO, clock div:2
load:0x3fff0030,len:7176
load:0x40078000,len:15564
ho 0 tail 12 room 4
load:0x40080400,len:4
load:0x40080404,len:3904
entry 0x40080640
[0;32mI (60) boot: ESP-IDF v5.3.1 2nd stage bootloader[0m
[0;32mI (60) boot: compile time Nov 21 2024 01:27:28[0m
[0;32mI (60) boot: Multicore bootloader[0m
[0;32mI (65) boot: chip revision: v3.0[0m
[0;32mI (69) boot.esp32: SPI Speed      : 40MHz[0m
[0;32mI (74) boot.esp32: SPI Mode       : DIO[0m
[0;32mI (78) boot.esp32: SPI Flash Size : 2MB[0m
[0;32mI (83) boot: Enabling RNG early entropy source...[0m
[0;32mI (88) boot: Partition Table:[0m
[0;32mI (92) boot: ## Label            Usage          Type ST Offset   Length[0m
[0;32mI (99) boot:  0 nvs              WiFi data        01 02 00009000 00006000[0m
[0;32mI (106) boot:  1 phy_init         RF data          01 01 0000f000 00001000[0m
[0;32mI (114) boot:  2 factory          factory app      00 00 00010000 00177000[0m
[0;32mI (122) boot: End of partition table[0m
[0;32mI (126) esp_image: segment 0: paddr=00010020 vaddr=3f400020 size=28980h (166272) map[0m
[0;32mI (191) esp_image: segment 1: paddr=000389a8 vaddr=3ff80301 size=00008h (     8) load[0m
[0;32mI (192) esp_image: segment 2: paddr=000389b8 vaddr=3ffb0000 size=04038h ( 16440) load[0m
[0;32mI (203) esp_image: segment 3: paddr=0003c9f8 vaddr=40080000 size=03620h ( 13856) load[0m
[0;32mI (211) esp_image: segment 4: paddr=00040020 vaddr=400d0020 size=a4054h (671828) map[0m
[0;32mI (444) esp_image: segment 5: paddr=000e407c vaddr=40083620 size=1636ch ( 90988) load[0m
[0;32mI (480) esp_image: segment 6: paddr=000fa3f0 vaddr=400c0000 size=00304h (   772) load[0m
[0;32mI (481) esp_image: segment 7: paddr=000fa6fc vaddr=50000000 size=0027ch (   636) load[0m
[0;32mI (499) boot: Loaded app from partition at offset 0x10000[0m
[0;32mI (500) boot: Disabling RNG early entropy source...[0m
[0;32mI (511) cpu_start: Multicore app[0m
[0;32mI (520) cpu_start: Pro cpu start user code[0m
[0;32mI (520) cpu_start: cpu freq: 160000000 Hz[0m
[0;32mI (520) app_init: Application information:[0m
[0;32mI (523) app_init: Project name:     PIR[0m
[0;32mI (527) app_init: App version:      42bb6fe-dirty[0m
[0;32mI (533) app_init: Compile time:     Nov 21 2024 01:27:13[0m
[0;32mI (539) app_init: ELF file SHA256:  31d2ee31a8eef6ca...[0m
[0;32mI (545) app_init: ESP-IDF:          v5.3.1[0m
[0;32mI (549) efuse_init: Min chip rev:     v0.0[0m
[0;32mI (554) efuse_init: Max chip rev:     v3.99 [0m
[0;32mI (559) efuse_init: Chip rev:         v3.0[0m
[0;32mI (564) heap_init: Initializing. RAM available for dynamic allocation:[0m
[0;32mI (571) heap_init: At 3FFAE6E0 len 00001920 (6 KiB): DRAM[0m
[0;32mI (577) heap_init: At 3FFB8970 len 00027690 (157 KiB): DRAM[0m
[0;32mI (583) heap_init: At 3FFE0440 len 00003AE0 (14 KiB): D/IRAM[0m
[0;32mI (590) heap_init: At 3FFE4350 len 0001BCB0 (111 KiB): D/IRAM[0m
[0;32mI (596) heap_init: At 4009998C len 00006674 (25 KiB): IRAM[0m
[0;32mI (604) spi_flash: detected chip: generic[0m
[0;32mI (607) spi_flash: flash io: dio[0m
[0;33mW (611) spi_flash: Detected size(4096k) larger than the size in the binary image header(2048k). Using the size in the binary image header.[0m
[0;33mW (624) i2c: This driver is an old driver, please migrate your application code to adapt `driver/i2c_master.h`[0m
[0;32mI (636) main_task: Started on CPU0[0m
[0;32mI (646) main_task: Calling app_main()[0m
!!!!Current MAC address: EC:62:60:BC:E7:D8
CORRIDOR ESP.
[0;32mI (656) gauge: Power Mode: 0x1[0m
[0;32mI (656) gauge: APA: 0x2A[0m
[0;32mI (656) gauge: Battery Profile: 0x1[0m
[0;32mI (656) gauge: Temp Mode: 0x0[0m
[0;32mI (666) gauge: Voltage: 2.68	RSOC: 0.0%[0m
[0;32mI (666) progress: [APP] Free memory: 272740 bytes[0m
[0;32mI (666) progress: [APP] IDF version: v5.3.1[0m
[0;32mI (696) progress: Starting Wifi[0m
ets Jul 29 2019 12:21:46

rst:0x3 (SW_RESET),boot:0x13 (SPI_FAST_FLASH_BOOT)
configsip: 0, SPIWP:0xee
clk_drv:0x00,q_drv:0x00,d_drv:0x00,cs0_drv:0x00,hd_drv:0x00,wp_drv:0x00
mode:DIO, clock div:2
load:0x3fff0030,len:7176
load:0x40078000,len:15564
ho 0 tail 12 room 4
load:0x40080400,len:4
load:0x40080404,len:3904
entry 0x40080640
[0;32mI (60) boot: ESP-IDF v5.3.1 2nd stage bootloader[0m
[0;32mI (60) boot: compile time Nov 21 2024 01:27:28[0m
[0;32mI (60) boot: Multicore bootloader[0m
[0;32mI (65) boot: chip revision: v3.0[0m
[0;32mI (69) boot.esp32: SPI Speed      : 40MHz[0m
[0;32mI (74) boot.esp32: SPI Mode       : DIO[0m
[0;32mI (78) boot.esp32: SPI Flash Size : 2MB[0m
[0;32mI (83) boot: Enabling RNG early entropy source...[0m
[0;32mI (88) boot: Partition Table:[0m
[0;32mI (92) boot: ## Label            Usage          Type ST Offset   Length[0m
[0;32mI (99) boot:  0 nvs              WiFi data        01 02 00009000 00006000[0m
[0;32mI (106) boot:  1 phy_init         RF data          01 01 0000f000 00001000[0m
[0;32mI (114) boot:  2 factory          factory app      00 00 00010000 00177000[0m
[0;32mI (122) boot: End of partition table[0m
[0;32mI (126) esp_image: segment 0: paddr=00010020 vaddr=3f400020 size=28980h (166272) map[0m
[0;32mI (191) esp_image: segment 1: paddr=000389a8 vaddr=3ff80301 size=00008h (     8) load[0m
[0;32mI (192) esp_image: segment 2: paddr=000389b8 vaddr=3ffb0000 size=04038h ( 16440) load[0m
[0;32mI (203) esp_image: segment 3: paddr=0003c9f8 vaddr=40080000 size=03620h ( 13856) load[0m
[0;32mI (211) esp_image: segment 4: paddr=00040020 vaddr=400d0020 size=a4054h (671828) map[0m
[0;32mI (444) esp_image: segment 5: paddr=000e407c vaddr=40083620 size=1636ch ( 90988) load[0m
[0;32mI (480) esp_image: segment 6: paddr=000fa3f0 vaddr=400c0000 size=00304h (   772) load[0m
[0;32mI (481) esp_image: segment 7: paddr=000fa6fc vaddr=50000000 size=0027ch (   636) load[0m
[0;32mI (499) boot: Loaded app from partition at offset 0x10000[0m
[0;32mI (500) boot: Disabling RNG early entropy source...[0m
[0;32mI (511) cpu_start: Multicore app[0m
[0;32mI (520) cpu_start: Pro cpu start user code[0m
[0;32mI (520) cpu_start: cpu freq: 160000000 Hz[0m
[0;32mI (520) app_init: Application information:[0m
[0;32mI (523) app_init: Project name:     PIR[0m
[0;32mI (527) app_init: App version:      42bb6fe-dirty[0m
[0;32mI (533) app_init: Compile time:     Nov 21 2024 01:27:13[0m
[0;32mI (539) app_init: ELF file SHA256:  31d2ee31a8eef6ca...[0m
[0;32mI (545) app_init: ESP-IDF:          v5.3.1[0m
[0;32mI (549) efuse_init: Min chip rev:     v0.0[0m
[0;32mI (554) efuse_init: Max chip rev:     v3.99 [0m
[0;32mI (559) efuse_init: Chip rev:         v3.0[0m
[0;32mI (564) heap_init: Initializing. RAM available for dynamic allocation:[0m
[0;32mI (571) heap_init: At 3FFAE6E0 len 00001920 (6 KiB): DRAM[0m
[0;32mI (577) heap_init: At 3FFB8970 len 00027690 (157 KiB): DRAM[0m
[0;32mI (583) heap_init: At 3FFE0440 len 00003AE0 (14 KiB): D/IRAM[0m
[0;32mI (590) heap_init: At 3FFE4350 len 0001BCB0 (111 KiB): D/IRAM[0m
[0;32mI (596) heap_init: At 4009998C len 00006674 (25 KiB): IRAM[0m
[0;32mI (604) spi_flash: detected chip: generic[0m
[0;32mI (607) spi_flash: flash io: dio[0m
[0;33mW (611) spi_flash: Detected size(4096k) larger than the size in the binary image header(2048k). Using the size in the binary image header.[0m
[0;33mW (624) i2c: This driver is an old driver, please migrate your application code to adapt `driver/i2c_master.h`[0m
[0;32mI (636) main_task: Started on CPU0[0m
[0;32mI (646) main_task: Calling app_main()[0m
!!!!Current MAC address: EC:62:60:BC:E7:D8
CORRIDOR ESP.
[0;32mI (656) gauge: Power Mode: 0x1[0m
[0;32mI (656) gauge: APA: 0x2A[0m
[0;32mI (656) gauge: Battery Profile: 0x1[0m
[0;32mI (656) gauge: Temp Mode: 0x0[0m
[0;32mI (666) gauge: Voltage: 2.68	RSOC: 0.0%[0m
[0;32mI (666) progress: [APP] Free memory: 272740 bytes[0m
[0;32mI (666) progress: [APP] IDF version: v5.3.1[0m
[0;32mI (696) progress: Starting Wifi[0m
ets Jul 29 2019 12:21:46

rst:0x3 (SW_RESET),boot:0x13 (SPI_FAST_FLASH_BOOT)
configsip: 0, SPIWP:0xee
clk_drv:0x00,q_drv:0x00,d_drv:0x00,cs0_drv:0x00,hd_drv:0x00,wp_drv:0x00
mode:DIO, clock div:2
load:0x3fff0030,len:7176
load:0x40078000,len:15564
ho 0 tail 12 room 4
load:0x40080400,len:4
load:0x40080404,len:3904
entry 0x40080640
[0;32mI (60) boot: ESP-IDF v5.3.1 2nd stage bootloader[0m
[0;32mI (60) boot: compile time Nov 21 2024 01:27:28[0m
[0;32mI (60) boot: Multicore bootloader[0m
[0;32mI (65) boot: chip revision: v3.0[0m
[0;32mI (69) boot.esp32: SPI Speed      : 40MHz[0m
[0;32mI (74) boot.esp32: SPI Mode       : DIO[0m
[0;32mI (78) boot.esp32: SPI Flash Size : 2MB[0m
[0;32mI (83) boot: Enabling RNG early entropy source...[0m
[0;32mI (88) boot: Partition Table:[0m
[0;32mI (92) boot: ## Label            Usage          Type ST Offset   Length[0m
[0;32mI (99) boot:  0 nvs              WiFi data        01 02 00009000 00006000[0m
[0;32mI (106) boot:  1 phy_init         RF data          01 01 0000f000 00001000[0m
[0;32mI (114) boot:  2 factory          factory app      00 00 00010000 00177000[0m
[0;32mI (122) boot: End of partition table[0m
[0;32mI (126) esp_image: segment 0: paddr=00010020 vaddr=3f400020 size=28980h (166272) map[0m
[0;32mI (191) esp_image: segment 1: paddr=000389a8 vaddr=3ff80301 size=00008h (     8) load[0m
[0;32mI (192) esp_image: segment 2: paddr=000389b8 vaddr=3ffb0000 size=04038h ( 16440) load[0m
[0;32mI (203) esp_image: segment 3: paddr=0003c9f8 vaddr=40080000 size=03620h ( 13856) load[0m
