ets Jul 29 2019 12:21:46

rst:ï¿½ets Jul 29 2019 12:21:46

rst:0x1 (POWERON_RESET),boot:0x13 (SPI_FAST_FLASH_BOOT)
configsip: 0, SPIWP:0xee
clk_drv:0x00,q_drv:0x00,d_drv:0x00,cs0_drv:0x00,hd_drv:0x00,wp_drv:0x00
mode:DIO, clock div:2
load:0x3fff0030,len:7176
load:0x40078000,len:15564
ho 0 tail 12 room 4
load:0x40080400,len:4
load:0x40080404,len:3904
entry 0x40080640
[0;32mI (31) boot: ESP-IDF v5.3.1 2nd stage bootloader[0m
[0;32mI (31) boot: compile time Nov 21 2024 01:27:28[0m
[0;32mI (31) boot: Multicore bootloader[0m
[0;32mI (35) boot: chip revision: v3.0[0m
[0;32mI (39) boot.esp32: SPI Speed      : 40MHz[0m
[0;32mI (44) boot.esp32: SPI Mode       : DIO[0m
[0;32mI (48) boot.esp32: SPI Flash Size : 2MB[0m
[0;32mI (53) boot: Enabling RNG early entropy source...[0m
[0;32mI (58) boot: Partition Table:[0m
[0;32mI (62) boot: ## Label            Usage          Type ST Offset   Length[0m
[0;32mI (69) boot:  0 nvs              WiFi data        01 02 00009000 00006000[0m
[0;32mI (77) boot:  1 phy_init         RF data          01 01 0000f000 00001000[0m
[0;32mI (84) boot:  2 factory          factory app      00 00 00010000 00177000[0m
[0;32mI (92) boot: End of partition table[0m
[0;32mI (96) esp_image: segment 0: paddr=00010020 vaddr=3f400020 size=28980h (166272) map[0m
[0;32mI (161) esp_image: segment 1: paddr=000389a8 vaddr=3ff80301 size=00008h (     8) load[0m
[0;32mI (162) esp_image: segment 2: paddr=000389b8 vaddr=3ffb0000 size=04038h ( 16440) load[0m
[0;32mI (173) esp_image: segment 3: paddr=0003c9f8 vaddr=40080000 size=03620h ( 13856) load[0m
[0;32mI (181) esp_image: segment 4: paddr=00040020 vaddr=400d0020 size=a4054h (671828) map[0m
[0;32mI (414) esp_image: segment 5: paddr=000e407c vaddr=40083620 size=1636ch ( 90988) load[0m
[0;32mI (450) esp_image: segment 6: paddr=000fa3f0 vaddr=400c0000 size=00304h (   772) load[0m
[0;32mI (451) esp_image: segment 7: paddr=000fa6fc vaddr=50000000 size=0027ch (   636) load[0m
[0;32mI (469) boot: Loaded app from partition at offset 0x10000[0m
[0;32mI (469) boot: Disabling RNG early entropy source...[0m
[0;32mI (481) cpu_start: Multicore app[0m
[0;32mI (490) cpu_start: Pro cpu start user code[0m
[0;32mI (490) cpu_start: cpu freq: 160000000 Hz[0m
[0;32mI (490) app_init: Application information:[0m
[0;32mI (493) app_init: Project name:     PIR[0m
[0;32mI (497) app_init: App version:      42bb6fe-dirty[0m
[0;32mI (503) app_init: Compile time:     Nov 21 2024 01:27:13[0m
[0;32mI (509) app_init: ELF file SHA256:  31d2ee31a8eef6ca...[0m
[0;32mI (514) app_init: ESP-IDF:          v5.3.1[0m
[0;32mI (519) efuse_init: Min chip rev:     v0.0[0m
[0;32mI (524) efuse_init: Max chip rev:     v3.99 [0m
[0;32mI (529) efuse_init: Chip rev:         v3.0[0m
[0;32mI (534) heap_init: Initializing. RAM available for dynamic allocation:[0m
[0;32mI (541) heap_init: At 3FFAE6E0 len 00001920 (6 KiB): DRAM[0m
[0;32mI (547) heap_init: At 3FFB8970 len 00027690 (157 KiB): DRAM[0m
[0;32mI (553) heap_init: At 3FFE0440 len 00003AE0 (14 KiB): D/IRAM[0m
[0;32mI (560) heap_init: At 3FFE4350 len 0001BCB0 (111 KiB): D/IRAM[0m
[0;32mI (566) heap_init: At 4009998C len 00006674 (25 KiB): IRAM[0m
[0;32mI (574) spi_flash: detected chip: generic[0m
[0;32mI (577) spi_flash: flash io: dio[0m
[0;33mW (581) spi_flash: Detected size(4096k) larger than the size in the binary image header(2048k). Using the size in the binary image header.[0m
[0;33mW (594) i2c: This driver is an old driver, please migrate your application code to adapt `driver/i2c_master.h`[0m
[0;32mI (605) main_task: Started on CPU0[0m
[0;32mI (615) main_task: Calling app_main()[0m
!!!!Current MAC address: EC:62:60:BC:E8:20
BATH ESP.
[0;31mE (615) i2cdev: Could not write to device [0x0b at 0]: -1 (ESP_FAIL)[0m
[0;32mI (725) gauge: Power Mode: 0x1[0m
[0;32mI (725) gauge: APA: 0x2A[0m
[0;32mI (725) gauge: Battery Profile: 0x1[0m
[0;32mI (725) gauge: Temp Mode: 0x0[0m
[0;32mI (735) gauge: Voltage: 4.15	RSOC: 97.0%[0m
[0;32mI (735) progress: [APP] Free memory: 272740 bytes[0m
[0;32mI (735) progress: [APP] IDF version: v5.3.1[0m
[0;32mI (775) progress: Starting Wifi[0m
[0;32mI (1915) progress: Starting Clock[0m
[0;32mI (7915) progress: The current date/time in Germany is: Mon Nov 25 03:19:40 2024[0m
[0;32mI (7915) progress: Starting MQTT[0m
[0;32mI (7915) mqtt: [APP] Free memory: 224964 bytes[0m
[0;32mI (7925) mqtt: MQTT_EVENT_BEFORE_CONNECT
[0m
[0;32mI (7925) mqtt: Note free memory: 213560 bytes[0m
[0;32mI (7935) mqtt: Waiting for connection to MQTT
[0m
[0;32mI (7945) mqtt: MQTT_EVENT_CONNECTED
[0m
[0;32mI (7945) mqtt: Connected to MQTT
[0m
[0;32mI (7945) progress: Wake count: 1[0m
[0;32mI (7945) progress: Going to sleep[0m
ets Jul 29 2019 12:21:46

rst:0x5 (DEEPSLEEP_RESET),boot:0x13 (SPI_FAST_FLASH_BOOT)
Wakeup Stub Executed
[0;32mWakeup Cause: 1[0m
[0;32mCurrent Timestamp: 12052462, Last Timestamp: 0[0m
[0;32mStored event at position 0[0m
[0;32mPrinting stored events...[0m
[0;32mEvent 0: Timestamp: 12052462, Sensor ID: 0[0m
configsip: 0, SPIWP:0xee
clk_drv:0x00,q_drv:0x00,d_drv:0x00,cs0_drv:0x00,hd_drv:0x00,wp_drv:0x00
mode:DIO, clock div:2
load:0x3fff0030,len:7176
load:0x40078000,len:15564
ho 0 tail 12 room 4
load:0x40080400,len:4
load:0x40080404,len:3904
entry 0x40080640
[0;32mI (63) boot: ESP-IDF v5.3.1 2nd stage bootloader[0m
[0;32mI (63) boot: compile time Nov 21 2024 01:27:28[0m
[0;32mI (63) boot: Multicore bootloader[0m
[0;32mI (68) boot: chip revision: v3.0[0m
[0;32mI (71) boot.esp32: SPI Speed      : 40MHz[0m
[0;32mI (76) boot.esp32: SPI Mode       : DIO[0m
[0;32mI (81) boot.esp32: SPI Flash Size : 2MB[0m
[0;32mI (85) boot: Enabling RNG early entropy source...[0m
[0;32mI (91) boot: Partition Table:[0m
[0;32mI (94) boot: ## Label            Usage          Type ST Offset   Length[0m
[0;32mI (101) boot:  0 nvs              WiFi data        01 02 00009000 00006000[0m
[0;32mI (109) boot:  1 phy_init         RF data          01 01 0000f000 00001000[0m
[0;32mI (117) boot:  2 factory          factory app      00 00 00010000 00177000[0m
[0;32mI (124) boot: End of partition table[0m
[0;32mI (128) esp_image: segment 0: paddr=00010020 vaddr=3f400020 size=28980h (166272) map[0m
[0;32mI (194) esp_image: segment 1: paddr=000389a8 vaddr=3ff80301 size=00008h (     8) [0m
[0;32mI (194) esp_image: segment 2: paddr=000389b8 vaddr=3ffb0000 size=04038h ( 16440) load[0m
[0;32mI (205) esp_image: segment 3: paddr=0003c9f8 vaddr=40080000 size=03620h ( 13856) load[0m
[0;32mI (213) esp_image: segment 4: paddr=00040020 vaddr=400d0020 size=a4054h (671828) map[0m
[0;32mI (447) esp_image: segment 5: paddr=000e407c vaddr=40083620 size=1636ch ( 90988) load[0m
[0;32mI (482) esp_image: segment 6: paddr=000fa3f0 vaddr=400c0000 size=00304h (   772) [0m
[0;32mI (483) esp_image: segment 7: paddr=000fa6fc vaddr=50000000 size=0027ch (   636) [0m
[0;32mI (501) boot: Loaded app from partition at offset 0x10000[0m
[0;32mI (501) boot: Disabling RNG early entropy source...[0m
[0;32mI (513) cpu_start: Multicore app[0m
[0;32mI (521) cpu_start: Pro cpu start user code[0m
[0;32mI (521) cpu_start: cpu freq: 160000000 Hz[0m
[0;32mI (521) app_init: Application information:[0m
[0;32mI (524) app_init: Project name:     PIR[0m
[0;32mI (529) app_init: App version:      42bb6fe-dirty[0m
[0;32mI (534) app_init: Compile time:     Nov 21 2024 01:27:13[0m
[0;32mI (540) app_init: ELF file SHA256:  31d2ee31a8eef6ca...[0m
[0;32mI (546) app_init: ESP-IDF:          v5.3.1[0m
[0;32mI (551) efuse_init: Min chip rev:     v0.0[0m
[0;32mI (556) efuse_init: Max chip rev:     v3.99 [0m
[0;32mI (561) efuse_init: Chip rev:         v3.0[0m
[0;32mI (566) heap_init: Initializing. RAM available for dynamic allocation:[0m
[0;32mI (573) heap_init: At 3FFAE6E0 len 00001920 (6 KiB): DRAM[0m
[0;32mI (579) heap_init: At 3FFB8970 len 00027690 (157 KiB): DRAM[0m
[0;32mI (585) heap_init: At 3FFE0440 len 00003AE0 (14 KiB): D/IRAM[0m
[0;32mI (591) heap_init: At 3FFE4350 len 0001BCB0 (111 KiB): D/IRAM[0m
[0;32mI (598) heap_init: At 4009998C len 00006674 (25 KiB): IRAM[0m
[0;32mI (605) spi_flash: detected chip: generic[0m
[0;32mI (609) spi_flash: flash io: dio[0m
[0;33mW (612) spi_flash: Detected size(4096k) larger than the size in the binary image header(2048k). Using the size in the binary image header.[0m
[0;33mW (626) i2c: This driver is an old driver, please migrate your application code to adapt `driver/i2c_master.h`[0m
[0;32mI (637) main_task: Started on CPU0[0m
[0;32mI (647) main_task: Calling app_main()[0m
!!!!Current MAC address: EC:62:60:BC:E8:20
BATH ESP.
[0;31mE (647) i2cdev: Could not write to device [0x0b at 0]: -1 (ESP_FAIL)[0m
[0;32mI (757) gauge: Power Mode: 0x1[0m
[0;32mI (757) gauge: APA: 0x2A[0m
[0;32mI (757) gauge: Battery Profile: 0x1[0m
[0;32mI (757) gauge: Temp Mode: 0x0[0m
[0;32mI (767) gauge: Voltage: 4.32	RSOC: 100.0%[0m
[0;32mI (767) progress: [APP] Free memory: 272740 bytes[0m
[0;32mI (767) progress: [APP] IDF version: v5.3.1[0m
[0;32mI (807) progress: Starting Wifi[0m
[0;32mI (1887) progress: Starting Clock[0m
[0;32mI (5887) progress: The current date/time in Germany is: Mon Nov 25 03:19:51 2024[0m
[0;32mI (5887) progress: Starting MQTT[0m
[0;32mI (5887) mqtt: [APP] Free memory: 224996 bytes[0m
[0;32mI (5897) mqtt: MQTT_EVENT_BEFORE_CONNECT
[0m
[0;32mI (5907) mqtt: Note free memory: 213608 bytes[0m
[0;32mI (5907) mqtt: Waiting for connection to MQTT
[0m
[0;32mI (6597) mqtt: MQTT_EVENT_CONNECTED
[0m
[0;32mI (6597) mqtt: Connected to MQTT
[0m
[0;32mI (6597) progress: Wake count: 2[0m
[0;32mI (6597) progress: SAVING PIR event to MQTT[0m
[0;32mI (6607) progress: Going to sleep[0m
ets Jul 29 2019 12:21:46

rst:0x5 (DEEPSLEEP_RESET),boot:0x13 (SPI_FAST_FLASH_BOOT)
Wakeup Stub Executed
[0;32mWakeup Cause: 1[0m
[0;32mCurrent Timestamp: 20473990, Last Timestamp: 12052462[0m
[0;32mStored event at position 1[0m
[0;32mPrinting stored events...[0m
[0;32mEvent 0: Timestamp: 12052462, Sensor ID: 0[0m
[0;32mEvent 1: Timestamp: 20473990, Sensor ID: 0[0m
configsip: 0, SPIWP:0xee
clk_drv:0x00,q_drv:0x00,d_drv:0x00,cs0_drv:0x00,hd_drv:0x00,wp_drv:0x00
mode:DIO, clock div:2
load:0x3fff0030,len:7176
load:0x40078000,len:15564
ho 0 tail 12 room 4
load:0x40080400,len:4
load:0x40080404,len:3904
entry 0x40080640
[0;32mI (71) boot: ESP-IDF v5.3.1 2nd stage bootloader[0m
[0;32mI (71) boot: compile time Nov 21 2024 01:27:28[0m
[0;32mI (71) boot: Multicore bootloader[0m
[0;32mI (75) boot: chip revision: v3.0[0m
[0;32mI (79) boot.esp32: SPI Speed      : 40MHz[0m
[0;32mI (84) boot.esp32: SPI Mode       : DIO[0m
[0;32mI (88) boot.esp32: SPI Flash Size : 2MB[0m
[0;32mI (93) boot: Enabling RNG early entropy source...[0m
[0;32mI (98) boot: Partition Table:[0m
[0;32mI (102) boot: ## Label            Usage          Type ST Offset   Length[0m
[0;32mI (109) boot:  0 nvs              WiFi data        01 02 00009000 00006000[0m
[0;32mI (117) boot:  1 phy_init         RF data          01 01 0000f000 00001000[0m
[0;32mI (124) boot:  2 factory          factory app      00 00 00010000 00177000[0m
[0;32mI (132) boot: End of partition table[0m
[0;32mI (136) esp_image: segment 0: paddr=00010020 vaddr=3f400020 size=28980h (166272) map[0m
[0;32mI (202) esp_image: segment 1: paddr=000389a8 vaddr=3ff80301 size=00008h (     8) [0m
[0;32mI (202) esp_image: segment 2: paddr=000389b8 vaddr=3ffb0000 size=04038h ( 16440) load[0m
[0;32mI (213) esp_image: segment 3: paddr=0003c9f8 vaddr=40080000 size=03620h ( 13856) load[0m
[0;32mI (221) esp_image: segment 4: paddr=00040020 vaddr=400d0020 size=a4054h (671828) map[0m
[0;32mI (454) esp_image: segment 5: paddr=000e407c vaddr=40083620 size=1636ch ( 90988) load[0m
[0;32mI (490) esp_image: segment 6: paddr=000fa3f0 vaddr=400c0000 size=00304h (   772) [0m
[0;32mI (490) esp_image: segment 7: paddr=000fa6fc vaddr=50000000 size=0027ch (   636) [0m
[0;32mI (508) boot: Loaded app from partition at offset 0x10000[0m
[0;32mI (508) boot: Disabling RNG early entropy source...[0m
[0;32mI (521) cpu_start: Multicore app[0m
[0;32mI (529) cpu_start: Pro cpu start user code[0m
[0;32mI (529) cpu_start: cpu freq: 160000000 Hz[0m
[0;32mI (529) app_init: Application information:[0m
[0;32mI (532) app_init: Project name:     PIR[0m
[0;32mI (537) app_init: App version:      42bb6fe-dirty[0m
[0;32mI (542) app_init: Compile time:     Nov 21 2024 01:27:13[0m
[0;32mI (548) app_init: ELF file SHA256:  31d2ee31a8eef6ca...[0m
[0;32mI (554) app_init: ESP-IDF:          v5.3.1[0m
[0;32mI (559) efuse_init: Min chip rev:     v0.0[0m
[0;32mI (563) efuse_init: Max chip rev:     v3.99 [0m
[0;32mI (568) efuse_init: Chip rev:         v3.0[0m
[0;32mI (573) heap_init: Initializing. RAM available for dynamic allocation:[0m
[0;32mI (580) heap_init: At 3FFAE6E0 len 00001920 (6 KiB): DRAM[0m
[0;32mI (586) heap_init: At 3FFB8970 len 00027690 (157 KiB): DRAM[0m
[0;32mI (593) heap_init: At 3FFE0440 len 00003AE0 (14 KiB): D/IRAM[0m
[0;32mI (599) heap_init: At 3FFE4350 len 0001BCB0 (111 KiB): D/IRAM[0m
[0;32mI (605) heap_init: At 4009998C len 00006674 (25 KiB): IRAM[0m
[0;32mI (613) spi_flash: detected chip: generic[0m
[0;32mI (616) spi_flash: flash io: dio[0m
[0;33mW (620) spi_flash: Detected size(4096k) larger than the size in the binary image header(2048k). Using the size in the binary image header.[0m
[0;33mW (633) i2c: This driver is an old driver, please migrate your application code to adapt `driver/i2c_master.h`[0m
[0;32mI (645) main_task: Started on CPU0[0m
[0;32mI (655) main_task: Calling app_main()[0m
!!!!Current MAC address: EC:62:60:BC:E8:20
BATH ESP.
[0;31mE (655) i2cdev: Could not write to device [0x0b at 0]: -1 (ESP_FAIL)[0m
[0;32mI (765) gauge: Power Mode: 0x1[0m
[0;32mI (765) gauge: APA: 0x2A[0m
[0;32mI (765) gauge: Battery Profile: 0x1[0m
[0;32mI (765) gauge: Temp Mode: 0x0[0m
[0;32mI (775) gauge: Voltage: 4.20	RSOC: 100.0%[0m
[0;32mI (775) progress: [APP] Free memory: 272740 bytes[0m
[0;32mI (775) progress: [APP] IDF version: v5.3.1[0m
[0;32mI (815) progress: Starting Wifi[0m
[0;32mI (1895) progress: Starting Clock[0m
[0;32mI (3895) progress: The current date/time in Germany is: Mon Nov 25 03:19:57 2024[0m
[0;32mI (3895) progress: Starting MQTT[0m
[0;32mI (3895) mqtt: [APP] Free memory: 224984 bytes[0m
[0;32mI (3905) mqtt: MQTT_EVENT_BEFORE_CONNECT
[0m
[0;32mI (3915) mqtt: Note free memory: 213608 bytes[0m
[0;32mI (3915) mqtt: Waiting for connection to MQTT
[0m
[0;32mI (3925) mqtt: MQTT_EVENT_CONNECTED
[0m
[0;32mI (3925) mqtt: Connected to MQTT
[0m
[0;32mI (3925) progress: Wake count: 3[0m
[0;32mI (3925) progress: SAVING PIR event to MQTT[0m
[0;32mI (3935) progress: Going to sleep[0m
ets Jul 29 2019 12:21:46

rst:0x5 (DEEPSLEEP_RESET),boot:0x13 (SPI_FAST_FLASH_BOOT)
Wakeup Stub Executed
[0;32mWakeup Cause: 1[0m
[0;32mCurrent Timestamp: 30255755, Last Timestamp: 20473990[0m
[0;32mStored event at position 2[0m
[0;32mPrinting stored events...[0m
[0;32mEvent 0: Timestamp: 12052462, Sensor ID: 0[0m
[0;32mEvent 1: Timestamp: 20473990, Sensor ID: 0[0m
[0;32mEvent 2: Timestamp: 30255755, Sensor ID: 0[0m
configsip: 0, SPIWP:0xee
clk_drv:0x00,q_drv:0x00,d_drv:0x00,cs0_drv:0x00,hd_drv:0x00,wp_drv:0x00
mode:DIO, clock div:2
load:0x3fff0030,len:7176
load:0x40078000,len:15564
ho 0 tail 12 room 4
load:0x40080400,len:4
load:0x40080404,len:3904
entry 0x40080640
[0;32mI (78) boot: ESP-IDF v5.3.1 2nd stage bootloader[0m
[0;32mI (78) boot: compile time Nov 21 2024 01:27:28[0m
[0;32mI (78) boot: Multicore bootloader[0m
[0;32mI (82) boot: chip revision: v3.0[0m
[0;32mI (86) boot.esp32: SPI Speed      : 40MHz[0m
[0;32mI (91) boot.esp32: SPI Mode       : DIO[0m
[0;32mI (95) boot.esp32: SPI Flash Size : 2MB[0m
[0;32mI (100) boot: Enabling RNG early entropy source...[0m
[0;32mI (105) boot: Partition Table:[0m
[0;32mI (109) boot: ## Label            Usage          Type ST Offset   Length[0m
[0;32mI (116) boot:  0 nvs              WiFi data        01 02 00009000 00006000[0m
[0;32mI (124) boot:  1 phy_init         RF data          01 01 0000f000 00001000[0m
[0;32mI (131) boot:  2 factory          factory app      00 00 00010000 00177000[0m
[0;32mI (139) boot: End of partition table[0m
[0;32mI (143) esp_image: segment 0: paddr=00010020 vaddr=3f400020 size=28980h (166272) map[0m
[0;32mI (209) esp_image: segment 1: paddr=000389a8 vaddr=3ff80301 size=00008h (     8) [0m
[0;32mI (209) esp_image: segment 2: paddr=000389b8 vaddr=3ffb0000 size=04038h ( 16440) load[0m
[0;32mI (220) esp_image: segment 3: paddr=0003c9f8 vaddr=40080000 size=03620h ( 13856) load[0m
[0;32mI (228) esp_image: segment 4: paddr=00040020 vaddr=400d0020 size=a4054h (671828) map[0m
[0;32mI (461) esp_image: segment 5: paddr=000e407c vaddr=40083620 size=1636ch ( 90988) load[0m
[0;32mI (497) esp_image: segment 6: paddr=000fa3f0 vaddr=400c0000 size=00304h (   772) [0m
[0;32mI (498) esp_image: segment 7: paddr=000fa6fc vaddr=50000000 size=0027ch (   636) [0m
[0;32mI (515) boot: Loaded app from partition at offset 0x10000[0m
[0;32mI (515) boot: Disabling RNG early entropy source...[0m
[0;32mI (528) cpu_start: Multicore app[0m
[0;32mI (536) cpu_start: Pro cpu start user code[0m
[0;32mI (536) cpu_start: cpu freq: 160000000 Hz[0m
[0;32mI (536) app_init: Application information:[0m
[0;32mI (539) app_init: Project name:     PIR[0m
[0;32mI (544) app_init: App version:      42bb6fe-dirty[0m
[0;32mI (549) app_init: Compile time:     Nov 21 2024 01:27:13[0m
[0;32mI (555) app_init: ELF file SHA256:  31d2ee31a8eef6ca...[0m
[0;32mI (561) app_init: ESP-IDF:          v5.3.1[0m
[0;32mI (566) efuse_init: Min chip rev:     v0.0[0m
[0;32mI (571) efuse_init: Max chip rev:     v3.99 [0m
[0;32mI (575) efuse_init: Chip rev:         v3.0[0m
[0;32mI (581) heap_init: Initializing. RAM available for dynamic allocation:[0m
[0;32mI (588) heap_init: At 3FFAE6E0 len 00001920 (6 KiB): DRAM[0m
[0;32mI (594) heap_init: At 3FFB8970 len 00027690 (157 KiB): DRAM[0m
[0;32mI (600) heap_init: At 3FFE0440 len 00003AE0 (14 KiB): D/IRAM[0m
[0;32mI (606) heap_init: At 3FFE4350 len 0001BCB0 (111 KiB): D/IRAM[0m
[0;32mI (613) heap_init: At 4009998C len 00006674 (25 KiB): IRAM[0m
[0;32mI (620) spi_flash: detected chip: generic[0m
[0;32mI (623) spi_flash: flash io: dio[0m
[0;33mW (627) spi_flash: Detected size(4096k) larger than the size in the binary image header(2048k). Using the size in the binary image header.[0m
[0;33mW (641) i2c: This driver is an old driver, please migrate your application code to adapt `driver/i2c_master.h`[0m
[0;32mI (652) main_task: Started on CPU0[0m
[0;32mI (662) main_task: Calling app_main()[0m
!!!!Current MAC address: EC:62:60:BC:E8:20
BATH ESP.
[0;31mE (662) i2cdev: Could not write to device [0x0b at 0]: -1 (ESP_FAIL)[0m
[0;32mI (772) gauge: Power Mode: 0x1[0m
[0;32mI (772) gauge: APA: 0x2A[0m
[0;32mI (772) gauge: Battery Profile: 0x1[0m
[0;32mI (772) gauge: Temp Mode: 0x0[0m
[0;32mI (772) gauge: Voltage: 4.17	RSOC: 99.0%[0m
[0;32mI (782) progress: [APP] Free memory: 272740 bytes[0m
[0;32mI (782) progress: [APP] IDF version: v5.3.1[0m
[0;32mI (812) progress: Starting Wifi[0m
[0;32mI (1902) progress: Starting Clock[0m
[0;32mI (3902) progress: The current date/time in Germany is: Mon Nov 25 03:20:07 2024[0m
[0;32mI (3902) progress: Starting MQTT[0m
[0;32mI (3902) mqtt: [APP] Free memory: 224964 bytes[0m
[0;32mI (3912) mqtt: MQTT_EVENT_BEFORE_CONNECT
[0m
[0;32mI (3922) mqtt: Note free memory: 213576 bytes[0m
[0;32mI (3922) mqtt: Waiting for connection to MQTT
[0m
[0;32mI (4842) mqtt: MQTT_EVENT_CONNECTED
[0m
[0;32mI (4842) mqtt: Connected to MQTT
[0m
[0;32mI (4842) progress: Wake count: 4[0m
[0;32mI (4842) progress: SAVING PIR event to MQTT[0m
[0;32mI (4852) progress: Going to sleep[0m
ets Jul 29 2019 12:21:46

rst:0x5 (DEEPSLEEP_RESET),boot:0x13 (SPI_FAST_FLASH_BOOT)
Wakeup Stub Executed
[0;32mWakeup Cause: 1[0m
[0;32mCurrent Timestamp: 44063137, Last Timestamp: 30255755[0m
[0;32mStored event at position 3[0m
[0;32mPrinting stored events...[0m
[0;32mEvent 0: Timestamp: 12052462, Sensor ID: 0[0m
[0;32mEvent 1: Timestamp: 20473990, Sensor ID: 0[0m
[0;32mEvent 2: Timestamp: 30255755, Sensor ID: 0[0m
[0;32mEvent 3: Timestamp: 44063137, Sensor ID: 0[0m
configsip: 0, SPIWP:0xee
clk_drv:0x00,q_drv:0x00,d_drv:0x00,cs0_drv:0x00,hd_drv:0x00,wp_drv:0x00
mode:DIO, clock div:2
load:0x3fff0030,len:7176
load:0x40078000,len:15564
ho 0 tail 12 room 4
load:0x40080400,len:4
load:0x40080404,len:3904
entry 0x40080640
[0;32mI (85) boot: ESP-IDF v5.3.1 2nd stage bootloader[0m
[0;32mI (85) boot: compile time Nov 21 2024 01:27:28[0m
[0;32mI (85) boot: Multicore bootloader[0m
[0;32mI (89) boot: chip revision: v3.0[0m
[0;32mI (93) boot.esp32: SPI Speed      : 40MHz[0m
[0;32mI (98) boot.esp32: SPI Mode       : DIO[0m
[0;32mI (102) boot.esp32: SPI Flash Size : 2MB[0m
[0;32mI (107) boot: Enabling RNG early entropy source...[0m
[0;32mI (112) boot: Partition Table:[0m
[0;32mI (116) boot: ## Label            Usage          Type ST Offset   Length[0m
[0;32mI (123) boot:  0 nvs              WiFi data        01 02 00009000 00006000[0m
[0;32mI (131) boot:  1 phy_init         RF data          01 01 0000f000 00001000[0m
[0;32mI (138) boot:  2 factory          factory app      00 00 00010000 00177000[0m
[0;32mI (146) boot: End of partition table[0m
[0;32mI (150) esp_image: segment 0: paddr=00010020 vaddr=3f400020 size=28980h (166272) map[0m
[0;32mI (216) esp_image: segment 1: paddr=000389a8 vaddr=3ff80301 size=00008h (     8) [0m
[0;32mI (216) esp_image: segment 2: paddr=000389b8 vaddr=3ffb0000 size=04038h ( 16440) load[0m
[0;32mI (227) esp_image: segment 3: paddr=0003c9f8 vaddr=40080000 size=03620h ( 13856) load[0m
[0;32mI (235) esp_image: segment 4: paddr=00040020 vaddr=400d0020 size=a4054h (671828) map[0m
[0;32mI (468) esp_image: segment 5: paddr=000e407c vaddr=40083620 size=1636ch ( 90988) load[0m
[0;32mI (504) esp_image: segment 6: paddr=000fa3f0 vaddr=400c0000 size=00304h (   772) [0m
[0;32mI (505) esp_image: segment 7: paddr=000fa6fc vaddr=50000000 size=0027ch (   636) [0m
[0;32mI (522) boot: Loaded app from partition at offset 0x10000[0m
[0;32mI (523) boot: Disabling RNG early entropy source...[0m
[0;32mI (535) cpu_start: Multicore app[0m
[0;32mI (543) cpu_start: Pro cpu start user code[0m
[0;32mI (543) cpu_start: cpu freq: 160000000 Hz[0m
[0;32mI (543) app_init: Application information:[0m
[0;32mI (546) app_init: Project name:     PIR[0m
[0;32mI (551) app_init: App version:      42bb6fe-dirty[0m
[0;32mI (556) app_init: Compile time:     Nov 21 2024 01:27:13[0m
[0;32mI (562) app_init: ELF file SHA256:  31d2ee31a8eef6ca...[0m
[0;32mI (568) app_init: ESP-IDF:          v5.3.1[0m
[0;32mI (573) efuse_init: Min chip rev:     v0.0[0m
[0;32mI (578) efuse_init: Max chip rev:     v3.99 [0m
[0;32mI (583) efuse_init: Chip rev:         v3.0[0m
[0;32mI (588) heap_init: Initializing. RAM available for dynamic allocation:[0m
[0;32mI (595) heap_init: At 3FFAE6E0 len 00001920 (6 KiB): DRAM[0m
[0;32mI (601) heap_init: At 3FFB8970 len 00027690 (157 KiB): DRAM[0m
[0;32mI (607) heap_init: At 3FFE0440 len 00003AE0 (14 KiB): D/IRAM[0m
[0;32mI (613) heap_init: At 3FFE4350 len 0001BCB0 (111 KiB): D/IRAM[0m
[0;32mI (620) heap_init: At 4009998C len 00006674 (25 KiB): IRAM[0m
[0;32mI (627) spi_flash: detected chip: generic[0m
[0;32mI (630) spi_flash: flash io: dio[0m
[0;33mW (634) spi_flash: Detected size(4096k) larger than the size in the binary image header(2048k). Using the size in the binary image header.[0m
[0;33mW (648) i2c: This driver is an old driver, please migrate your application code to adapt `driver/i2c_master.h`[0m
[0;32mI (659) main_task: Started on CPU0[0m
[0;32mI (669) main_task: Calling app_main()[0m
!!!!Current MAC address: EC:62:60:BC:E8:20
BATH ESP.
[0;31mE (669) i2cdev: Could not write to device [0x0b at 0]: -1 (ESP_FAIL)[0m
[0;32mI (779) gauge: Power Mode: 0x1[0m
[0;32mI (779) gauge: APA: 0x2A[0m
[0;32mI (779) gauge: Battery Profile: 0x1[0m
[0;32mI (779) gauge: Temp Mode: 0x0[0m
[0;32mI (779) gauge: Voltage: 4.39	RSOC: 100.0%[0m
[0;32mI (789) progress: [APP] Free memory: 272740 bytes[0m
[0;32mI (789) progress: [APP] IDF version: v5.3.1[0m
[0;32mI (819) progress: Starting Wifi[0m
[0;32mI (1909) progress: Starting Clock[0m
[0;32mI (7909) progress: The current date/time in Germany is: Mon Nov 25 03:20:25 2024[0m
[0;32mI (7909) progress: Starting MQTT[0m
[0;32mI (7909) mqtt: [APP] Free memory: 225000 bytes[0m
[0;32mI (7919) mqtt: MQTT_EVENT_BEFORE_CONNECT
[0m
[0;32mI (7929) mqtt: Note free memory: 213624 bytes[0m
[0;32mI (7929) mqtt: Waiting for connection to MQTT
[0m
[0;32mI (7949) mqtt: MQTT_EVENT_CONNECTED
[0m
[0;32mI (7949) mqtt: Connected to MQTT
[0m
[0;32mI (7949) progress: Wake count: 5[0m
[0;32mI (7949) progress: SAVING PIR event to MQTT[0m
[0;32mI (7949) progress: Going to sleep[0m
ets Jul 29 2019 12:21:46

rst:0x5 (DEEPSLEEP_RESET),boot:0x13 (SPI_FAST_FLASH_BOOT)
Wakeup Stub Executed
[0;32mWakeup Cause: 2[0m
[0;32mCurrent Timestamp: 51950320, Last Timestamp: 44063137[0m
[0;32mStored event at position 4[0m
[0;32mPrinting stored events...[0m
[0;32mEvent 0: Timestamp: 12052462, Sensor ID: 0[0m
[0;32mEvent 1: Timestamp: 20473990, Sensor ID: 0[0m
[0;32mEvent 2: Timestamp: 30255755, Sensor ID: 0[0m
[0;32mEvent 3: Timestamp: 44063137, Sensor ID: 0[0m
[0;32mEvent 4: Timestamp: 51950320, Sensor ID: 0[0m
configsip: 0, SPIWP:0xee
clk_drv:0x00,q_drv:0x00,d_drv:0x00,cs0_drv:0x00,hd_drv:0x00,wp_drv:0x00
mode:DIO, clock div:2
load:0x3fff0030,len:7176
load:0x40078000,len:15564
ho 0 tail 12 room 4
load:0x40080400,len:4
load:0x40080404,len:3904
entry 0x40080640
[0;32mI (92) boot: ESP-IDF v5.3.1 2nd stage bootloader[0m
[0;32mI (92) boot: compile time Nov 21 2024 01:27:28[0m
[0;32mI (92) boot: Multicore bootloader[0m
[0;32mI (96) boot: chip revision: v3.0[0m
[0;32mI (100) boot.esp32: SPI Speed      : 40MHz[0m
[0;32mI (105) boot.esp32: SPI Mode       : DIO[0m
[0;32mI (109) boot.esp32: SPI Flash Size : 2MB[0m
[0;32mI (114) boot: Enabling RNG early entropy source...[0m
[0;32mI (119) boot: Partition Table:[0m
[0;32mI (123) boot: ## Label            Usage          Type ST Offset   Length[0m
[0;32mI (131) boot:  0 nvs              WiFi data        01 02 00009000 00006000[0m
[0;32mI (138) boot:  1 phy_init         RF data          01 01 0000f000 00001000[0m
[0;32mI (146) boot:  2 factory          factory app      00 00 00010000 00177000[0m
[0;32mI (153) boot: End of partition table[0m
[0;32mI (157) esp_image: segment 0: paddr=00010020 vaddr=3f400020 size=28980h (166272) map[0m
[0;32mI (223) esp_image: segment 1: paddr=000389a8 vaddr=3ff80301 size=00008h (     8) [0m
[0;32mI (223) esp_image: segment 2: paddr=000389b8 vaddr=3ffb0000 size=04038h ( 16440) load[0m
[0;32mI (235) esp_image: segment 3: paddr=0003c9f8 vaddr=40080000 size=03620h ( 13856) load[0m
[0;32mI (242) esp_image: segment 4: paddr=00040020 vaddr=400d0020 size=a4054h (671828) map[0m
[0;32mI (476) esp_image: segment 5: paddr=000e407c vaddr=40083620 size=1636ch ( 90988) load[0m
[0;32mI (511) esp_image: segment 6: paddr=000fa3f0 vaddr=400c0000 size=00304h (   772) [0m
[0;32mI (512) esp_image: segment 7: paddr=000fa6fc vaddr=50000000 size=0027ch (   636) [0m
[0;32mI (530) boot: Loaded app from partition at offset 0x10000[0m
[0;32mI (530) boot: Disabling RNG early entropy source...[0m
[0;32mI (542) cpu_start: Multicore app[0m
[0;32mI (550) cpu_start: Pro cpu start user code[0m
[0;32mI (550) cpu_start: cpu freq: 160000000 Hz[0m
[0;32mI (551) app_init: Application information:[0m
[0;32mI (553) app_init: Project name:     PIR[0m
[0;32mI (558) app_init: App version:      42bb6fe-dirty[0m
[0;32mI (563) app_init: Compile time:     Nov 21 2024 01:27:13[0m
[0;32mI (569) app_init: ELF file SHA256:  31d2ee31a8eef6ca...[0m
[0;32mI (575) app_init: ESP-IDF:          v5.3.1[0m
[0;32mI (580) efuse_init: Min chip rev:     v0.0[0m
[0;32mI (585) efuse_init: Max chip rev:     v3.99 [0m
[0;32mI (590) efuse_init: Chip rev:         v3.0[0m
[0;32mI (595) heap_init: Initializing. RAM available for dynamic allocation:[0m
[0;32mI (602) heap_init: At 3FFAE6E0 len 00001920 (6 KiB): DRAM[0m
[0;32mI (608) heap_init: At 3FFB8970 len 00027690 (157 KiB): DRAM[0m
[0;32mI (614) heap_init: At 3FFE0440 len 00003AE0 (14 KiB): D/IRAM[0m
[0;32mI (620) heap_init: At 3FFE4350 len 0001BCB0 (111 KiB): D/IRAM[0m
[0;32mI (627) heap_init: At 4009998C len 00006674 (25 KiB): IRAM[0m
[0;32mI (635) spi_flash: detected chip: generic[0m
[0;32mI (638) spi_flash: flash io: dio[0m
[0;33mW (642) spi_flash: Detected size(4096k) larger than the size in the binary image header(2048k). Using the size in the binary image header.[0m
[0;33mW (655) i2c: This driver is an old driver, please migrate your application code to adapt `driver/i2c_master.h`[0m
[0;32mI (666) main_task: Started on CPU0[0m
[0;32mI (676) main_task: Calling app_main()[0m
!!!!Current MAC address: EC:62:60:BC:E8:20
BATH ESP.
[0;31mE (676) i2cdev: Could not write to device [0x0b at 0]: -1 (ESP_FAIL)[0m
[0;32mI (786) gauge: Power Mode: 0x1[0m
[0;32mI (786) gauge: APA: 0x2A[0m
[0;32mI (786) gauge: Battery Profile: 0x1[0m
[0;32mI (786) gauge: Temp Mode: 0x0[0m
[0;32mI (786) gauge: Voltage: 4.04	RSOC: 84.0%[0m
[0;32mI (796) progress: [APP] Free memory: 272740 bytes[0m
[0;32mI (796) progress: [APP] IDF version: v5.3.1[0m
[0;32mI (826) progress: Starting Wifi[0m
[0;32mI (1916) progress: Starting Clock[0m
[0;32mI (7916) progress: The current date/time in Germany is: Mon Nov 25 03:20:33 2024[0m
[0;32mI (7916) progress: Starting MQTT[0m
[0;32mI (7916) mqtt: [APP] Free memory: 224984 bytes[0m
[0;32mI (7926) mqtt: MQTT_EVENT_BEFORE_CONNECT
[0m
[0;32mI (7936) mqtt: Note free memory: 213412 bytes[0m
[0;32mI (7936) mqtt: Waiting for connection to MQTT
[0m
[0;32mI (7956) mqtt: MQTT_EVENT_CONNECTED
[0m
[0;32mI (7956) mqtt: Connected to MQTT
[0m
[0;32mI (7956) progress: Wake count: 6[0m
[0;32mI (7956) progress: Going to sleep[0m
ets Jul 29 2019 12:21:46

rst:0x5 (DEEPSLEEP_RESET),boot:0x13 (SPI_FAST_FLASH_BOOT)
Wakeup Stub Executed
[0;32mWakeup Cause: 2[0m
[0;32mCurrent Timestamp: 60095221, Last Timestamp: 51950320[0m
[0;32mStored event at position 5[0m
[0;32mPrinting stored events...[0m
[0;32mEvent 0: Timestamp: 12052462, Sensor ID: 0[0m
[0;32mEvent 1: Timestamp: 20473990, Sensor ID: 0[0m
[0;32mEvent 2: Timestamp: 30255755, Sensor ID: 0[0m
[0;32mEvent 3: Timestamp: 44063137, Sensor ID: 0[0m
[0;32mEvent 4: Timestamp: 51950320, Sensor ID: 0[0m
[0;32mEvent 5: Timestamp: 60095221, Sensor ID: 0[0m
configsip: 0, SPIWP:0xee
clk_drv:0x00,q_drv:0x00,d_drv:0x00,cs0_drv:0x00,hd_drv:0x00,wp_drv:0x00
mode:DIO, clock div:2
load:0x3fff0030,len:7176
load:0x40078000,len:15564
ho 0 tail 12 room 4
load:0x40080400,len:4
load:0x40080404,len:3904
entry 0x40080640
[0;32mI (99) boot: ESP-IDF v5.3.1 2nd stage bootloader[0m
[0;32mI (99) boot: compile time Nov 21 2024 01:27:28[0m
[0;32mI (99) boot: Multicore bootloader[0m
[0;32mI (103) boot: chip revision: v3.0[0m
[0;32mI (107) boot.esp32: SPI Speed      : 40MHz[0m
[0;32mI (112) boot.esp32: SPI Mode       : DIO[0m
[0;32mI (116) boot.esp32: SPI Flash Size : 2MB[0m
[0;32mI (121) boot: Enabling RNG early entropy source...[0m
[0;32mI (127) boot: Partition Table:[0m
[0;32mI (130) boot: ## Label            Usage          Type ST Offset   Length[0m
[0;32mI (138) boot:  0 nvs              WiFi data        01 02 00009000 00006000[0m
[0;32mI (145) boot:  1 phy_init         RF data          01 01 0000f000 00001000[0m
[0;32mI (153) boot:  2 factory          factory app      00 00 00010000 00177000[0m
[0;32mI (160) boot: End of partition table[0m
[0;32mI (165) esp_image: segment 0: paddr=00010020 vaddr=3f400020 size=28980h (166272) map[0m
[0;32mI (230) esp_image: segment 1: paddr=000389a8 vaddr=3ff80301 size=00008h (     8) [0m
[0;32mI (230) esp_image: segment 2: paddr=000389b8 vaddr=3ffb0000 size=04038h ( 16440) load[0m
[0;32mI (242) esp_image: segment 3: paddr=0003c9f8 vaddr=40080000 size=03620h ( 13856) load[0m
[0;32mI (250) esp_image: segment 4: paddr=00040020 vaddr=400d0020 size=a4054h (671828) map[0m
[0;32mI (483) esp_image: segment 5: paddr=000e407c vaddr=40083620 size=1636ch ( 90988) load[0m
[0;32mI (518) esp_image: segment 6: paddr=000fa3f0 vaddr=400c0000 size=00304h (   772) [0m
[0;32mI (519) esp_image: segment 7: paddr=000fa6fc vaddr=50000000 size=0027ch (   636) [0m
[0;32mI (537) boot: Loaded app from partition at offset 0x10000[0m
[0;32mI (537) boot: Disabling RNG early entropy source...[0m
[0;32mI (549) cpu_start: Multicore app[0m
[0;32mI (558) cpu_start: Pro cpu start user code[0m
[0;32mI (558) cpu_start: cpu freq: 160000000 Hz[0m
[0;32mI (558) app_init: Application information:[0m
[0;32mI (561) app_init: Project name:     PIR[0m
[0;32mI (565) app_init: App version:      42bb6fe-dirty[0m
[0;32mI (570) app_init: Compile time:     Nov 21 2024 01:27:13[0m
[0;32mI (576) app_init: ELF file SHA256:  31d2ee31a8eef6ca...[0m
[0;32mI (582) app_init: ESP-IDF:          v5.3.1[0m
[0;32mI (587) efuse_init: Min chip rev:     v0.0[0m
[0;32mI (592) efuse_init: Max chip rev:     v3.99 [0m
[0;32mI (597) efuse_init: Chip rev:         v3.0[0m
[0;32mI (602) heap_init: Initializing. RAM available for dynamic allocation:[0m
[0;32mI (609) heap_init: At 3FFAE6E0 len 00001920 (6 KiB): DRAM[0m
[0;32mI (615) heap_init: At 3FFB8970 len 00027690 (157 KiB): DRAM[0m
[0;32mI (621) heap_init: At 3FFE0440 len 00003AE0 (14 KiB): D/IRAM[0m
[0;32mI (627) heap_init: At 3FFE4350 len 0001BCB0 (111 KiB): D/IRAM[0m
[0;32mI (634) heap_init: At 4009998C len 00006674 (25 KiB): IRAM[0m
[0;32mI (642) spi_flash: detected chip: generic[0m
[0;32mI (645) spi_flash: flash io: dio[0m
[0;33mW (649) spi_flash: Detected size(4096k) larger than the size in the binary image header(2048k). Using the size in the binary image header.[0m
[0;33mW (662) i2c: This driver is an old driver, please migrate your application code to adapt `driver/i2c_master.h`[0m
[0;32mI (673) main_task: Started on CPU0[0m
[0;32mI (683) main_task: Calling app_main()[0m
!!!!Current MAC address: EC:62:60:BC:E8:20
BATH ESP.
[0;31mE (683) i2cdev: Could not write to device [0x0b at 0]: -1 (ESP_FAIL)[0m
[0;32mI (793) gauge: Power Mode: 0x1[0m
[0;32mI (793) gauge: APA: 0x2A[0m
[0;32mI (793) gauge: Battery Profile: 0x1[0m
[0;32mI (793) gauge: Temp Mode: 0x0[0m
[0;32mI (793) gauge: Voltage: 4.01	RSOC: 79.0%[0m
[0;32mI (803) progress: [APP] Free memory: 272740 bytes[0m
[0;32mI (803) progress: [APP] IDF version: v5.3.1[0m
[0;32mI (833) progress: Starting Wifi[0m
[0;32mI (1923) progress: Starting Clock[0m
[0;32mI (3923) progress: The current date/time in Germany is: Mon Nov 25 03:20:37 2024[0m
[0;32mI (3923) progress: Starting MQTT[0m
[0;32mI (3923) mqtt: [APP] Free memory: 224972 bytes[0m
[0;32mI (3933) mqtt: MQTT_EVENT_BEFORE_CONNECT
[0m
[0;32mI (3943) mqtt: Note free memory: 213588 bytes[0m
[0;32mI (3943) mqtt: Waiting for connection to MQTT
[0m
[0;32mI (3963) mqtt: MQTT_EVENT_CONNECTED
[0m
[0;32mI (3963) mqtt: Connected to MQTT
[0m
[0;32mI (3963) progress: Wake count: 7[0m
[0;32mI (3963) progress: Going to sleep[0m
ets Jul 29 2019 12:21:46

rst:0x5 (DEEPSLEEP_RESET),boot:0x13 (SPI_FAST_FLASH_BOOT)
Wakeup Stub Executed
[0;32mWakeup Cause: 2[0m
[0;32mCurrent Timestamp: 64059995, Last Timestamp: 60095221[0m
[0;32mStored event at position 6[0m
[0;32mPrinting stored events...[0m
[0;32mEvent 0: Timestamp: 12052462, Sensor ID: 0[0m
[0;32mEvent 1: Timestamp: 20473990, Sensor ID: 0[0m
[0;32mEvent 2: Timestamp: 30255755, Sensor ID: 0[0m
[0;32mEvent 3: Timestamp: 44063137, Sensor ID: 0[0m
[0;32mEvent 4: Timestamp: 51950320, Sensor ID: 0[0m
[0;32mEvent 5: Timestamp: 60095221, Sensor ID: 0[0m
[0;32mEvent 6: Timestamp: 64059995, Sensor ID: 0[0m
configsip: 0, SPIWP:0xee
clk_drv:0x00,q_drv:0x00,d_drv:0x00,cs0_drv:0x00,hd_drv:0x00,wp_drv:0x00
mode:DIO, clock div:2
load:0x3fff0030,len:7176
load:0x40078000,len:15564
ho 0 tail 12 room 4
load:0x40080400,len:4
load:0x40080404,len:3904
entry 0x40080640
[0;32mI (106) boot: ESP-IDF v5.3.1 2nd stage bootloader[0m
[0;32mI (106) boot: compile time Nov 21 2024 01:27:28[0m
[0;32mI (106) boot: Multicore bootloader[0m
[0;32mI (110) boot: chip revision: v3.0[0m
[0;32mI (114) boot.esp32: SPI Speed      : 40MHz[0m
[0;32mI (119) boot.esp32: SPI Mode       : DIO[0m
[0;32mI (124) boot.esp32: SPI Flash Size : 2MB[0m
[0;32mI (128) boot: Enabling RNG early entropy source...[0m
[0;32mI (134) boot: Partition Table:[0m
[0;32mI (137) boot: ## Label            Usage          Type ST Offset   Length[0m
[0;32mI (145) boot:  0 nvs              WiFi data        01 02 00009000 00006000[0m
[0;32mI (152) boot:  1 phy_init         RF data          01 01 0000f000 00001000[0m
[0;32mI (160) boot:  2 factory          factory app      00 00 00010000 00177000[0m
[0;32mI (168) boot: End of partition table[0m
[0;32mI (172) esp_image: segment 0: paddr=00010020 vaddr=3f400020 size=28980h (166272) map[0m
[0;32mI (237) esp_image: segment 1: paddr=000389a8 vaddr=3ff80301 size=00008h (     8) [0m
[0;32mI (238) esp_image: segment 2: paddr=000389b8 vaddr=3ffb0000 size=04038h ( 16440) load[0m
[0;32mI (249) esp_image: segment 3: paddr=0003c9f8 vaddr=40080000 size=03620h ( 13856) load[0m
[0;32mI (257) esp_image: segment 4: paddr=00040020 vaddr=400d0020 size=a4054h (671828) map[0m
[0;32mI (490) esp_image: segment 5: paddr=000e407c vaddr=40083620 size=1636ch ( 90988) load[0m
[0;32mI (526) esp_image: segment 6: paddr=000fa3f0 vaddr=400c0000 size=00304h (   772) [0m
[0;32mI (526) esp_image: segment 7: paddr=000fa6fc vaddr=50000000 size=0027ch (   636) [0m
[0;32mI (544) boot: Loaded app from partition at offset 0x10000[0m
[0;32mI (544) boot: Disabling RNG early entropy source...[0m
[0;32mI (556) cpu_start: Multicore app[0m
[0;32mI (565) cpu_start: Pro cpu start user code[0m
[0;32mI (565) cpu_start: cpu freq: 160000000 Hz[0m
[0;32mI (565) app_init: Application information:[0m
[0;32mI (568) app_init: Project name:     PIR[0m
[0;32mI (572) app_init: App version:      42bb6fe-dirty[0m
[0;32mI (578) app_init: Compile time:     Nov 21 2024 01:27:13[0m
[0;32mI (584) app_init: ELF file SHA256:  31d2ee31a8eef6ca...[0m
[0;32mI (590) app_init: ESP-IDF:          v5.3.1[0m
[0;32mI (594) efuse_init: Min chip rev:     v0.0[0m
[0;32mI (599) efuse_init: Max chip rev:     v3.99 [0m
[0;32mI (604) efuse_init: Chip rev:         v3.0[0m
[0;32mI (609) heap_init: Initializing. RAM available for dynamic allocation:[0m
[0;32mI (616) heap_init: At 3FFAE6E0 len 00001920 (6 KiB): DRAM[0m
[0;32mI (622) heap_init: At 3FFB8970 len 00027690 (157 KiB): DRAM[0m
[0;32mI (628) heap_init: At 3FFE0440 len 00003AE0 (14 KiB): D/IRAM[0m
[0;32mI (635) heap_init: At 3FFE4350 len 0001BCB0 (111 KiB): D/IRAM[0m
[0;32mI (641) heap_init: At 4009998C len 00006674 (25 KiB): IRAM[0m
[0;32mI (649) spi_flash: detected chip: generic[0m
[0;32mI (652) spi_flash: flash io: dio[0m
[0;33mW (656) spi_flash: Detected size(4096k) larger than the size in the binary image header(2048k). Using the size in the binary image header.[0m
[0;33mW (669) i2c: This driver is an old driver, please migrate your application code to adapt `driver/i2c_master.h`[0m
[0;32mI (681) main_task: Started on CPU0[0m
[0;32mI (691) main_task: Calling app_main()[0m
!!!!Current MAC address: EC:62:60:BC:E8:20
BATH ESP.
[0;31mE (691) i2cdev: Could not write to device [0x0b at 0]: -1 (ESP_FAIL)[0m
[0;32mI (801) gauge: Power Mode: 0x1[0m
[0;32mI (801) gauge: APA: 0x2A[0m
[0;32mI (801) gauge: Battery Profile: 0x1[0m
[0;32mI (801) gauge: Temp Mode: 0x0[0m
[0;32mI (801) gauge: Voltage: 4.06	RSOC: 86.0%[0m
[0;32mI (811) progress: [APP] Free memory: 272740 bytes[0m
[0;32mI (811) progress: [APP] IDF version: v5.3.1[0m
[0;32mI (841) progress: Starting Wifi[0m
[0;32mI (1931) progress: Starting Clock[0m
[0;32mI (7931) progress: The current date/time in Germany is: Mon Nov 25 03:20:45 2024[0m
[0;32mI (7931) progress: Starting MQTT[0m
[0;32mI (7931) mqtt: [APP] Free memory: 224980 bytes[0m
[0;32mI (7941) mqtt: MQTT_EVENT_BEFORE_CONNECT
[0m
[0;32mI (7951) mqtt: Note free memory: 213608 bytes[0m
[0;32mI (7951) mqtt: Waiting for connection to MQTT
[0m
[0;32mI (7981) mqtt: MQTT_EVENT_CONNECTED
[0m
[0;32mI (7981) mqtt: Connected to MQTT
[0m
[0;32mI (7981) progress: Wake count: 8[0m
[0;32mI (7981) progress: Going to sleep[0m
ets Jul 29 2019 12:21:46

rst:0x5 (DEEPSLEEP_RESET),boot:0x13 (SPI_FAST_FLASH_BOOT)
Wakeup Stub Executed
[0;32mWakeup Cause: 1[0m
[0;32mCurrent Timestamp: 74966525, Last Timestamp: 64059995[0m
[0;32mStored event at position 7[0m
[0;32mPrinting stored events...[0m
[0;32mEvent 0: Timestamp: 12052462, Sensor ID: 0[0m
[0;32mEvent 1: Timestamp: 20473990, Sensor ID: 0[0m
[0;32mEvent 2: Timestamp: 30255755, Sensor ID: 0[0m
[0;32mEvent 3: Timestamp: 44063137, Sensor ID: 0[0m
[0;32mEvent 4: Timestamp: 51950320, Sensor ID: 0[0m
[0;32mEvent 5: Timestamp: 60095221, Sensor ID: 0[0m
[0;32mEvent 6: Timestamp: 64059995, Sensor ID: 0[0m
[0;32mEvent 7: Timestamp: 74966525, Sensor ID: 0[0m
configsip: 0, SPIWP:0xee
clk_drv:0x00,q_drv:0x00,d_drv:0x00,cs0_drv:0x00,hd_drv:0x00,wp_drv:0x00
mode:DIO, clock div:2
load:0x3fff0030,len:7176
load:0x40078000,len:15564
ho 0 tail 12 room 4
load:0x40080400,len:4
load:0x40080404,len:3904
entry 0x40080640
[0;32mI (113) boot: ESP-IDF v5.3.1 2nd stage bootloader[0m
[0;32mI (113) boot: compile time Nov 21 2024 01:27:28[0m
[0;32mI (113) boot: Multicore bootloader[0m
[0;32mI (117) boot: chip revision: v3.0[0m
[0;32mI (121) boot.esp32: SPI Speed      : 40MHz[0m
[0;32mI (126) boot.esp32: SPI Mode       : DIO[0m
[0;32mI (131) boot.esp32: SPI Flash Size : 2MB[0m
[0;32mI (135) boot: Enabling RNG early entropy source...[0m
[0;32mI (141) boot: Partition Table:[0m
[0;32mI (144) boot: ## Label            Usage          Type ST Offset   Length[0m
[0;32mI (152) boot:  0 nvs              WiFi data        01 02 00009000 00006000[0m
[0;32mI (159) boot:  1 phy_init         RF data          01 01 0000f000 00001000[0m
[0;32mI (167) boot:  2 factory          factory app      00 00 00010000 00177000[0m
[0;32mI (175) boot: End of partition table[0m
[0;32mI (179) esp_image: segment 0: paddr=00010020 vaddr=3f400020 size=28980h (166272) map[0m
[0;32mI (244) esp_image: segment 1: paddr=000389a8 vaddr=3ff80301 size=00008h (     8) [0m
[0;32mI (245) esp_image: segment 2: paddr=000389b8 vaddr=3ffb0000 size=04038h ( 16440) load[0m
[0;32mI (256) esp_image: segment 3: paddr=0003c9f8 vaddr=40080000 size=03620h ( 13856) load[0m
[0;32mI (264) esp_image: segment 4: paddr=00040020 vaddr=400d0020 size=a4054h (671828) map[0m
[0;32mI (497) esp_image: segment 5: paddr=000e407c vaddr=40083620 size=1636ch ( 90988) load[0m
[0;32mI (533) esp_image: segment 6: paddr=000fa3f0 vaddr=400c0000 size=00304h (   772) [0m
[0;32mI (533) esp_image: segment 7: paddr=000fa6fc vaddr=50000000 size=0027ch (   636) [0m
[0;32mI (551) boot: Loaded app from partition at offset 0x10000[0m
[0;32mI (551) boot: Disabling RNG early entropy source...[0m
[0;32mI (563) cpu_start: Multicore app[0m
[0;32mI (572) cpu_start: Pro cpu start user code[0m
[0;32mI (572) cpu_start: cpu freq: 160000000 Hz[0m
[0;32mI (572) app_init: Application information:[0m
[0;32mI (575) app_init: Project name:     PIR[0m
[0;32mI (579) app_init: App version:      42bb6fe-dirty[0m
[0;32mI (585) app_init: Compile time:     Nov 21 2024 01:27:13[0m
[0;32mI (591) app_init: ELF file SHA256:  31d2ee31a8eef6ca...[0m
[0;32mI (597) app_init: ESP-IDF:          v5.3.1[0m
[0;32mI (601) efuse_init: Min chip rev:     v0.0[0m
[0;32mI (606) efuse_init: Max chip rev:     v3.99 [0m
[0;32mI (611) efuse_init: Chip rev:         v3.0[0m
[0;32mI (616) heap_init: Initializing. RAM available for dynamic allocation:[0m
[0;32mI (623) heap_init: At 3FFAE6E0 len 00001920 (6 KiB): DRAM[0m
[0;32mI (629) heap_init: At 3FFB8970 len 00027690 (157 KiB): DRAM[0m
[0;32mI (635) heap_init: At 3FFE0440 len 00003AE0 (14 KiB): D/IRAM[0m
[0;32mI (642) heap_init: At 3FFE4350 len 0001BCB0 (111 KiB): D/IRAM[0m
[0;32mI (648) heap_init: At 4009998C len 00006674 (25 KiB): IRAM[0m
[0;32mI (656) spi_flash: detected chip: generic[0m
[0;32mI (659) spi_flash: flash io: dio[0m
[0;33mW (663) spi_flash: Detected size(4096k) larger than the size in the binary image header(2048k). Using the size in the binary image header.[0m
[0;33mW (676) i2c: This driver is an old driver, please migrate your application code to adapt `driver/i2c_master.h`[0m
[0;32mI (688) main_task: Started on CPU0[0m
[0;32mI (698) main_task: Calling app_main()[0m
!!!!Current MAC address: EC:62:60:BC:E8:20
BATH ESP.
[0;31mE (698) i2cdev: Could not write to device [0x0b at 0]: -1 (ESP_FAIL)[0m
[0;32mI (808) gauge: Power Mode: 0x1[0m
[0;32mI (808) gauge: APA: 0x2A[0m
[0;32mI (808) gauge: Battery Profile: 0x1[0m
[0;32mI (808) gauge: Temp Mode: 0x0[0m
[0;32mI (808) gauge: Voltage: 4.16	RSOC: 98.0%[0m
[0;32mI (818) progress: [APP] Free memory: 272740 bytes[0m
[0;32mI (818) progress: [APP] IDF version: v5.3.1[0m
[0;32mI (848) progress: Starting Wifi[0m
[0;32mI (1938) progress: Starting Clock[0m
[0;32mI (3938) progress: The current date/time in Germany is: Mon Nov 25 03:20:52 2024[0m
[0;32mI (3938) progress: Starting MQTT[0m
[0;32mI (3938) mqtt: [APP] Free memory: 224888 bytes[0m
[0;32mI (3948) mqtt: MQTT_EVENT_BEFORE_CONNECT
[0m
[0;32mI (3948) mqtt: Note free memory: 213472 bytes[0m
[0;32mI (3948) mqtt: Waiting for connection to MQTT
[0m
[0;32mI (4628) mqtt: MQTT_EVENT_CONNECTED
[0m
[0;32mI (4628) mqtt: Connected to MQTT
[0m
[0;32mI (4628) progress: Wake count: 9[0m
[0;32mI (4628) progress: SAVING PIR event to MQTT[0m
[0;32mI (4638) progress: Going to sleep[0m
ets Jul 29 2019 12:21:46

rst:0x5 (DEEPSLEEP_RESET),boot:0x13 (SPI_FAST_FLASH_BOOT)
Wakeup Stub Executed
[0;32mWakeup Cause: 1[0m
[0;32mCurrent Timestamp: 82770677, Last Timestamp: 74966525[0m
[0;32mStored event at position 8[0m
[0;32mPrinting stored events...[0m
[0;32mEvent 0: Timestamp: 12052462, Sensor ID: 0[0m
[0;32mEvent 1: Timestamp: 20473990, Sensor ID: 0[0m
[0;32mEvent 2: Timestamp: 30255755, Sensor ID: 0[0m
[0;32mEvent 3: Timestamp: 44063137, Sensor ID: 0[0m
[0;32mEvent 4: Timestamp: 51950320, Sensor ID: 0[0m
[0;32mEvent 5: Timestamp: 60095221, Sensor ID: 0[0m
[0;32mEvent 6: Timestamp: 64059995, Sensor ID: 0[0m
[0;32mEvent 7: Timestamp: 74966525, Sensor ID: 0[0m
[0;32mEvent 8: Timestamp: 82770677, Sensor ID: 0[0m
configsip: 0, SPIWP:0xee
clk_drv:0x00,q_drv:0x00,d_drv:0x00,cs0_drv:0x00,hd_drv:0x00,wp_drv:0x00
mode:DIO, clock div:2
load:0x3fff0030,len:7176
load:0x40078000,len:15564
ho 0 tail 12 room 4
load:0x40080400,len:4
load:0x40080404,len:3904
entry 0x40080640
[0;32mI (120) boot: ESP-IDF v5.3.1 2nd stage bootloader[0m
[0;32mI (120) boot: compile time Nov 21 2024 01:27:28[0m
[0;32mI (120) boot: Multicore bootloader[0m
[0;32mI (124) boot: chip revision: v3.0[0m
[0;32mI (128) boot.esp32: SPI Speed      : 40MHz[0m
[0;32mI (133) boot.esp32: SPI Mode       : DIO[0m
[0;32mI (138) boot.esp32: SPI Flash Size : 2MB[0m
[0;32mI (142) boot: Enabling RNG early entropy source...[0m
[0;32mI (148) boot: Partition Table:[0m
[0;32mI (151) boot: ## Label            Usage          Type ST Offset   Length[0m
[0;32mI (159) boot:  0 nvs              WiFi data        01 02 00009000 00006000[0m
[0;32mI (166) boot:  1 phy_init         RF data          01 01 0000f000 00001000[0m
[0;32mI (174) boot:  2 factory          factory app      00 00 00010000 00177000[0m
[0;32mI (182) boot: End of partition table[0m
[0;32mI (186) esp_image: segment 0: paddr=00010020 vaddr=3f400020 size=28980h (166272) map[0m
[0;32mI (251) esp_image: segment 1: paddr=000389a8 vaddr=3ff80301 size=00008h (     8) [0m
[0;32mI (252) esp_image: segment 2: paddr=000389b8 vaddr=3ffb0000 size=04038h ( 16440) load[0m
[0;32mI (263) esp_image: segment 3: paddr=0003c9f8 vaddr=40080000 size=03620h ( 13856) load[0m
[0;32mI (271) esp_image: segment 4: paddr=00040020 vaddr=400d0020 size=a4054h (671828) map[0m
[0;32mI (504) esp_image: segment 5: paddr=000e407c vaddr=40083620 size=1636ch ( 90988) load[0m
[0;32mI (540) esp_image: segment 6: paddr=000fa3f0 vaddr=400c0000 size=00304h (   772) [0m
[0;32mI (540) esp_image: segment 7: paddr=000fa6fc vaddr=50000000 size=0027ch (   636) [0m
[0;32mI (558) boot: Loaded app from partition at offset 0x10000[0m
[0;32mI (558) boot: Disabling RNG early entropy source...[0m
[0;32mI (570) cpu_start: Multicore app[0m
[0;32mI (579) cpu_start: Pro cpu start user code[0m
[0;32mI (579) cpu_start: cpu freq: 160000000 Hz[0m
[0;32mI (579) app_init: Application information:[0m
[0;32mI (582) app_init: Project name:     PIR[0m
[0;32mI (586) app_init: App version:      42bb6fe-dirty[0m
[0;32mI (592) app_init: Compile time:     Nov 21 2024 01:27:13[0m
[0;32mI (598) app_init: ELF file SHA256:  31d2ee31a8eef6ca...[0m
[0;32mI (604) app_init: ESP-IDF:          v5.3.1[0m
[0;32mI (608) efuse_init: Min chip rev:     v0.0[0m
[0;32mI (613) efuse_init: Max chip rev:     v3.99 [0m
[0;32mI (618) efuse_init: Chip rev:         v3.0[0m
[0;32mI (623) heap_init: Initializing. RAM available for dynamic allocation:[0m
[0;32mI (630) heap_init: At 3FFAE6E0 len 00001920 (6 KiB): DRAM[0m
[0;32mI (636) heap_init: At 3FFB8970 len 00027690 (157 KiB): DRAM[0m
[0;32mI (642) heap_init: At 3FFE0440 len 00003AE0 (14 KiB): D/IRAM[0m
[0;32mI (649) heap_init: At 3FFE4350 len 0001BCB0 (111 KiB): D/IRAM[0m
[0;32mI (655) heap_init: At 4009998C len 00006674 (25 KiB): IRAM[0m
[0;32mI (663) spi_flash: detected chip: generic[0m
[0;32mI (666) spi_flash: flash io: dio[0m
[0;33mW (670) spi_flash: Detected size(4096k) larger than the size in the binary image header(2048k). Using the size in the binary image header.[0m
[0;33mW (683) i2c: This driver is an old driver, please migrate your application code to adapt `driver/i2c_master.h`[0m
[0;32mI (695) main_task: Started on CPU0[0m
[0;32mI (705) main_task: Calling app_main()[0m
!!!!Current MAC address: EC:62:60:BC:E8:20
BATH ESP.
[0;31mE (705) i2cdev: Could not write to device [0x0b at 0]: -1 (ESP_FAIL)[0m
[0;32mI (815) gauge: Power Mode: 0x1[0m
[0;32mI (815) gauge: APA: 0x2A[0m
[0;32mI (815) gauge: Battery Profile: 0x1[0m
[0;32mI (815) gauge: Temp Mode: 0x0[0m
[0;32mI (825) gauge: Voltage: 4.11	RSOC: 92.0%[0m
[0;32mI (825) progress: [APP] Free memory: 272740 bytes[0m
[0;32mI (825) progress: [APP] IDF version: v5.3.1[0m
[0;32mI (865) progress: Starting Wifi[0m
[0;32mI (1955) progress: Starting Clock[0m
[0;32mI (5955) progress: The current date/time in Germany is: Mon Nov 25 03:21:01 2024[0m
[0;32mI (5955) progress: Starting MQTT[0m
[0;32mI (5955) mqtt: [APP] Free memory: 224996 bytes[0m
[0;32mI (5965) mqtt: MQTT_EVENT_BEFORE_CONNECT
[0m
[0;32mI (5975) mqtt: Note free memory: 213608 bytes[0m
[0;32mI (5975) mqtt: Waiting for connection to MQTT
[0m
[0;32mI (5985) mqtt: MQTT_EVENT_CONNECTED
[0m
[0;32mI (5985) mqtt: Connected to MQTT
[0m
[0;32mI (5985) progress: Wake count: 10[0m
[0;32mI (5985) progress: SAVING PIR event to MQTT[0m
[0;32mI (5995) progress: Going to sleep[0m
ets Jul 29 2019 12:21:46

rst:0x5 (DEEPSLEEP_RESET),boot:0x13 (SPI_FAST_FLASH_BOOT)
Wakeup Stub Executed
[0;32mWakeup Cause: 1[0m
[0;32mCurrent Timestamp: 91012593, Last Timestamp: 82770677[0m
[0;32mStored event at position 9[0m
[0;32mPrinting stored events...[0m
[0;32mEvent 0: Timestamp: 12052462, Sensor ID: 0[0m
[0;32mEvent 1: Timestamp: 20473990, Sensor ID: 0[0m
[0;32mEvent 2: Timestamp: 30255755, Sensor ID: 0[0m
[0;32mEvent 3: Timestamp: 44063137, Sensor ID: 0[0m
[0;32mEvent 4: Timestamp: 51950320, Sensor ID: 0[0m
[0;32mEvent 5: Timestamp: 60095221, Sensor ID: 0[0m
[0;32mEvent 6: Timestamp: 64059995, Sensor ID: 0[0m
[0;32mEvent 7: Timestamp: 74966525, Sensor ID: 0[0m
[0;32mEvent 8: Timestamp: 82770677, Sensor ID: 0[0m
[0;32mEvent 9: Timestamp: 91012593, Sensor ID: 0[0m
[0;32mEvent buffer full, waking up main CPU to process events[0m
configsip: 0, SPIWP:0xee
clk_drv:0x00,q_drv:0x00,d_drv:0x00,cs0_drv:0x00,hd_drv:0x00,wp_drv:0x00
mode:DIO, clock div:2
load:0x3fff0030,len:7176
load:0x40078000,len:15564
ho 0 tail 12 room 4
load:0x40080400,len:4
load:0x40080404,len:3904
entry 0x40080640
[0;32mI (135) boot: ESP-IDF v5.3.1 2nd stage bootloader[0m
[0;32mI (135) boot: compile time Nov 21 2024 01:27:28[0m
[0;32mI (135) boot: Multicore bootloader[0m
[0;32mI (140) boot: chip revision: v3.0[0m
[0;32mI (143) boot.esp32: SPI Speed      : 40MHz[0m
[0;32mI (148) boot.esp32: SPI Mode       : DIO[0m
[0;32mI (153) boot.esp32: SPI Flash Size : 2MB[0m
[0;32mI (157) boot: Enabling RNG early entropy source...[0m
[0;32mI (163) boot: Partition Table:[0m
[0;32mI (167) boot: ## Label            Usage          Type ST Offset   Length[0m
[0;32mI (174) boot:  0 nvs              WiFi data        01 02 00009000 00006000[0m
[0;32mI (182) boot:  1 phy_init         RF data          01 01 0000f000 00001000[0m
[0;32mI (189) boot:  2 factory          factory app      00 00 00010000 00177000[0m
[0;32mI (197) boot: End of partition table[0m
[0;32mI (201) esp_image: segment 0: paddr=00010020 vaddr=3f400020 size=28980h (166272) map[0m
[0;32mI (266) esp_image: segment 1: paddr=000389a8 vaddr=3ff80301 size=00008h (     8) [0m
[0;32mI (267) esp_image: segment 2: paddr=000389b8 vaddr=3ffb0000 size=04038h ( 16440) load[0m
[0;32mI (278) esp_image: segment 3: paddr=0003c9f8 vaddr=40080000 size=03620h ( 13856) load[0m
[0;32mI (286) esp_image: segment 4: paddr=00040020 vaddr=400d0020 size=a4054h (671828) map[0m
[0;32mI (519) esp_image: segment 5: paddr=000e407c vaddr=40083620 size=1636ch ( 90988) load[0m
[0;32mI (555) esp_image: segment 6: paddr=000fa3f0 vaddr=400c0000 size=00304h (   772) [0m
[0;32mI (555) esp_image: segment 7: paddr=000fa6fc vaddr=50000000 size=0027ch (   636) [0m
[0;32mI (573) boot: Loaded app from partition at offset 0x10000[0m
[0;32mI (573) boot: Disabling RNG early entropy source...[0m
[0;32mI (585) cpu_start: Multicore app[0m
[0;32mI (594) cpu_start: Pro cpu start user code[0m
[0;32mI (594) cpu_start: cpu freq: 160000000 Hz[0m
[0;32mI (594) app_init: Application information:[0m
[0;32mI (597) app_init: Project name:     PIR[0m
[0;32mI (601) app_init: App version:      42bb6fe-dirty[0m
[0;32mI (607) app_init: Compile time:     Nov 21 2024 01:27:13[0m
[0;32mI (613) app_init: ELF file SHA256:  31d2ee31a8eef6ca...[0m
[0;32mI (619) app_init: ESP-IDF:          v5.3.1[0m
[0;32mI (623) efuse_init: Min chip rev:     v0.0[0m
[0;32mI (628) efuse_init: Max chip rev:     v3.99 [0m
[0;32mI (633) efuse_init: Chip rev:         v3.0[0m
[0;32mI (638) heap_init: Initializing. RAM available for dynamic allocation:[0m
[0;32mI (645) heap_init: At 3FFAE6E0 len 00001920 (6 KiB): DRAM[0m
[0;32mI (651) heap_init: At 3FFB8970 len 00027690 (157 KiB): DRAM[0m
[0;32mI (657) heap_init: At 3FFE0440 len 00003AE0 (14 KiB): D/IRAM[0m
[0;32mI (664) heap_init: At 3FFE4350 len 0001BCB0 (111 KiB): D/IRAM[0m
[0;32mI (670) heap_init: At 4009998C len 00006674 (25 KiB): IRAM[0m
[0;32mI (678) spi_flash: detected chip: generic[0m
[0;32mI (681) spi_flash: flash io: dio[0m
[0;33mW (685) spi_flash: Detected size(4096k) larger than the size in the binary image header(2048k). Using the size in the binary image header.[0m
[0;33mW (698) i2c: This driver is an old driver, please migrate your application code to adapt `driver/i2c_master.h`[0m
[0;32mI (710) main_task: Started on CPU0[0m
[0;32mI (720) main_task: Calling app_main()[0m
!!!!Current MAC address: EC:62:60:BC:E8:20
BATH ESP.
[0;31mE (720) i2cdev: Could not write to device [0x0b at 0]: -1 (ESP_FAIL)[0m
[0;32mI (830) gauge: Power Mode: 0x1[0m
[0;32mI (830) gauge: APA: 0x2A[0m
[0;32mI (830) gauge: Battery Profile: 0x1[0m
[0;32mI (830) gauge: Temp Mode: 0x0[0m
[0;32mI (840) gauge: Voltage: 4.11	RSOC: 92.0%[0m
[0;32mI (840) progress: [APP] Free memory: 272740 bytes[0m
[0;32mI (840) progress: [APP] IDF version: v5.3.1[0m
[0;32mI (880) progress: Starting Wifi[0m
[0;32mI (1960) progress: Starting Clock[0m
[0;32mI (5960) progress: The current date/time in Germany is: Mon Nov 25 03:21:10 2024[0m
[0;32mI (5960) progress: Starting MQTT[0m
[0;32mI (5960) mqtt: [APP] Free memory: 224984 bytes[0m
[0;32mI (5970) mqtt: MQTT_EVENT_BEFORE_CONNECT
[0m
[0;32mI (5980) mqtt: Note free memory: 213608 bytes[0m
[0;32mI (5980) mqtt: Waiting for connection to MQTT
[0m
[0;32mI (5990) mqtt: MQTT_EVENT_CONNECTED
[0m
[0;32mI (6000) mqtt: Connected to MQTT
[0m
[0;32mI (6000) progress: Sending battery status to MQTT[0m
[0;32mI (6000) mqtt: Sent <{"sensors":[{"name":"battery","values":[{"timestamp":1732501270000, "voltage":4.1, "soc":92.0}]}]}> to topic 1/3/data[0m
[0;32mI (6010) progress: SAVING PIR event to MQTT[0m
[0;32mI (6020) mqtt: MQTT_EVENT_PUBLISHED, msg_id=34737
[0m
[0;32mI (6030) mqtt: Sent events: {"sensors":[{"name":"PIR","values":[{"timestamp":12052462000},{"timestamp":20473990000},{"timestamp":30255755000},{"timestamp":44063137000},{"timestamp":51950320000},{"timestamp":60095221000},{"timestamp":64059995000},{"timestamp":74966525000},{"timestamp":82770677000},{"timestamp":91012593000}]}]}[0m
[0;32mI (6030) mqtt: MQTT_EVENT_PUBLISHED, msg_id=58494
[0m
[0;32mI (6060) progress: Going to sleep[0m
ets Jul 29 2019 12:21:46

rst:0x5 (DEEPSLEEP_RESET),boot:0x13 (SPI_FAST_FLASH_BOOT)
Wakeup Stub Executed
[0;32mWakeup Cause: 1[0m
[0;32mCurrent Timestamp: 201542953, Last Timestamp: 91012593[0m
[0;32mStored event at position 0[0m
[0;32mPrinting stored events...[0m
[0;32mEvent 0: Timestamp: 201542953, Sensor ID: 0[0m
configsip: 0, SPIWP:0xee
clk_drv:0x00,q_drv:0x00,d_drv:0x00,cs0_drv:0x00,hd_drv:0x00,wp_drv:0x00
mode:DIO, clock div:2
load:0x3fff0030,len:7176
load:0x40078000,len:15564
ho 0 tail 12 room 4
load:0x40080400,len:4
load:0x40080404,len:3904
entry 0x40080640
[0;32mI (64) boot: ESP-IDF v5.3.1 2nd stage bootloader[0m
[0;32mI (64) boot: compile time Nov 21 2024 01:27:28[0m
[0;32mI (64) boot: Multicore bootloader[0m
[0;32mI (68) boot: chip revision: v3.0[0m
[0;32mI (72) boot.esp32: SPI Speed      : 40MHz[0m
[0;32mI (77) boot.esp32: SPI Mode       : DIO[0m
[0;32mI (81) boot.esp32: SPI Flash Size : 2MB[0m
[0;32mI (86) boot: Enabling RNG early entropy source...[0m
[0;32mI (91) boot: Partition Table:[0m
[0;32mI (95) boot: ## Label            Usage          Type ST Offset   Length[0m
[0;32mI (102) boot:  0 nvs              WiFi data        01 02 00009000 00006000[0m
[0;32mI (110) boot:  1 phy_init         RF data          01 01 0000f000 00001000[0m
[0;32mI (117) boot:  2 factory          factory app      00 00 00010000 00177000[0m
[0;32mI (125) boot: End of partition table[0m
[0;32mI (129) esp_image: segment 0: paddr=00010020 vaddr=3f400020 size=28980h (166272) map[0m
[0;32mI (195) esp_image: segment 1: paddr=000389a8 vaddr=3ff80301 size=00008h (     8) [0m
[0;32mI (195) esp_image: segment 2: paddr=000389b8 vaddr=3ffb0000 size=04038h ( 16440) load[0m
[0;32mI (206) esp_image: segment 3: paddr=0003c9f8 vaddr=40080000 size=03620h ( 13856) load[0m
[0;32mI (214) esp_image: segment 4: paddr=00040020 vaddr=400d0020 size=a4054h (671828) map[0m
[0;32mI (447) esp_image: segment 5: paddr=000e407c vaddr=40083620 size=1636ch ( 90988) load[0m
[0;32mI (483) esp_image: segment 6: paddr=000fa3f0 vaddr=400c0000 size=00304h (   772) [0m
[0;32mI (484) esp_image: segment 7: paddr=000fa6fc vaddr=50000000 size=0027ch (   636) [0m
[0;32mI (501) boot: Loaded app from partition at offset 0x10000[0m
[0;32mI (501) boot: Disabling RNG early entropy source...[0m
[0;32mI (514) cpu_start: Multicore app[0m
[0;32mI (522) cpu_start: Pro cpu start user code[0m
[0;32mI (522) cpu_start: cpu freq: 160000000 Hz[0m
[0;32mI (522) app_init: Application information:[0m
[0;32mI (525) app_init: Project name:     PIR[0m
[0;32mI (530) app_init: App version:      42bb6fe-dirty[0m
[0;32mI (535) app_init: Compile time:     Nov 21 2024 01:27:13[0m
[0;32mI (541) app_init: ELF file SHA256:  31d2ee31a8eef6ca...[0m
[0;32mI (547) app_init: ESP-IDF:          v5.3.1[0m
[0;32mI (552) efuse_init: Min chip rev:     v0.0[0m
[0;32mI (556) efuse_init: Max chip rev:     v3.99 [0m
[0;32mI (561) efuse_init: Chip rev:         v3.0[0m
[0;32mI (566) heap_init: Initializing. RAM available for dynamic allocation:[0m
[0;32mI (574) heap_init: At 3FFAE6E0 len 00001920 (6 KiB): DRAM[0m
[0;32mI (579) heap_init: At 3FFB8970 len 00027690 (157 KiB): DRAM[0m
[0;32mI (586) heap_init: At 3FFE0440 len 00003AE0 (14 KiB): D/IRAM[0m
[0;32mI (592) heap_init: At 3FFE4350 len 0001BCB0 (111 KiB): D/IRAM[0m
[0;32mI (598) heap_init: At 4009998C len 00006674 (25 KiB): IRAM[0m
[0;32mI (606) spi_flash: detected chip: generic[0m
[0;32mI (609) spi_flash: flash io: dio[0m
[0;33mW (613) spi_flash: Detected size(4096k) larger than the size in the binary image header(2048k). Using the size in the binary image header.[0m
[0;33mW (627) i2c: This driver is an old driver, please migrate your application code to adapt `driver/i2c_master.h`[0m
[0;32mI (638) main_task: Started on CPU0[0m
[0;32mI (648) main_task: Calling app_main()[0m
!!!!Current MAC address: EC:62:60:BC:E8:20
BATH ESP.
[0;31mE (648) i2cdev: Could not write to device [0x0b at 0]: -1 (ESP_FAIL)[0m
[0;32mI (758) gauge: Power Mode: 0x1[0m
[0;32mI (758) gauge: APA: 0x2A[0m
[0;32mI (758) gauge: Battery Profile: 0x1[0m
[0;32mI (758) gauge: Temp Mode: 0x0[0m
[0;32mI (768) gauge: Voltage: 4.39	RSOC: 100.0%[0m
[0;32mI (768) progress: [APP] Free memory: 272740 bytes[0m
[0;32mI (768) progress: [APP] IDF version: v5.3.1[0m
[0;32mI (808) progress: Starting Wifi[0m
[0;32mI (1888) progress: Starting Clock[0m
[0;32mI (3888) progress: The current date/time in Germany is: Mon Nov 25 03:22:57 2024[0m
[0;32mI (3888) progress: Starting MQTT[0m
[0;32mI (3888) mqtt: [APP] Free memory: 225000 bytes[0m
[0;32mI (3898) mqtt: MQTT_EVENT_BEFORE_CONNECT
[0m
[0;32mI (3908) mqtt: Note free memory: 213608 bytes[0m
[0;32mI (3908) mqtt: Waiting for connection to MQTT
[0m
[0;32mI (3928) mqtt: MQTT_EVENT_CONNECTED
[0m
[0;32mI (3928) mqtt: Connected to MQTT
[0m
[0;32mI (3928) progress: Wake count: 1[0m
[0;32mI (3928) progress: SAVING PIR event to MQTT[0m
[0;32mI (4928) progress: Going to sleep[0m
ets Jul 29 2019 12:21:46

rst:0x5 (DEEPSLEEP_RESET),boot:0x13 (SPI_FAST_FLASH_BOOT)
Wakeup Stub Executed
[0;32mWakeup Cause: 1[0m
[0;32mCurrent Timestamp: 257423674, Last Timestamp: 201542953[0m
[0;32mStored event at position 1[0m
[0;32mPrinting stored events...[0m
[0;32mEvent 0: Timestamp: 201542953, Sensor ID: 0[0m
[0;32mEvent 1: Timestamp: 257423674, Sensor ID: 0[0m
configsip: 0, SPIWP:0xee
clk_drv:0x00,q_drv:0x00,d_drv:0x00,cs0_drv:0x00,hd_drv:0x00,wp_drv:0x00
mode:DIO, clock div:2
load:0x3fff0030,len:7176
load:0x40078000,len:15564
ho 0 tail 12 room 4
load:0x40080400,len:4
load:0x40080404,len:3904
entry 0x40080640
[0;32mI (71) boot: ESP-IDF v5.3.1 2nd stage bootloader[0m
[0;32mI (71) boot: compile time Nov 21 2024 01:27:28[0m
[0;32mI (71) boot: Multicore bootloader[0m
[0;32mI (76) boot: chip revision: v3.0[0m
[0;32mI (79) boot.esp32: SPI Speed      : 40MHz[0m
[0;32mI (84) boot.esp32: SPI Mode       : DIO[0m
[0;32mI (89) boot.esp32: SPI Flash Size : 2MB[0m
[0;32mI (93) boot: Enabling RNG early entropy source...[0m
[0;32mI (98) boot: Partition Table:[0m
[0;32mI (102) boot: ## Label            Usage          Type ST Offset   Length[0m
[0;32mI (109) boot:  0 nvs              WiFi data        01 02 00009000 00006000[0m
[0;32mI (117) boot:  1 phy_init         RF data          01 01 0000f000 00001000[0m
[0;32mI (125) boot:  2 factory          factory app      00 00 00010000 00177000[0m
[0;32mI (132) boot: End of partition table[0m
[0;32mI (136) esp_image: segment 0: paddr=00010020 vaddr=3f400020 size=28980h (166272) map[0m
[0;32mI (202) esp_image: segment 1: paddr=000389a8 vaddr=3ff80301 size=00008h (     8) [0m
[0;32mI (202) esp_image: segment 2: paddr=000389b8 vaddr=3ffb0000 size=04038h ( 16440) load[0m
[0;32mI (214) esp_image: segment 3: paddr=0003c9f8 vaddr=40080000 size=03620h ( 13856) load[0m
[0;32mI (221) esp_image: segment 4: paddr=00040020 vaddr=400d0020 size=a4054h (671828) map[0m
[0;32mI (455) esp_image: segment 5: paddr=000e407c vaddr=40083620 size=1636ch ( 90988) load[0m
[0;32mI (490) esp_image: segment 6: paddr=000fa3f0 vaddr=400c0000 size=00304h (   772) [0m
[0;32mI (491) esp_image: segment 7: paddr=000fa6fc vaddr=50000000 size=0027ch (   636) [0m
[0;32mI (509) boot: Loaded app from partition at offset 0x10000[0m
[0;32mI (509) boot: Disabling RNG early entropy source...[0m
[0;32mI (521) cpu_start: Multicore app[0m
[0;32mI (529) cpu_start: Pro cpu start user code[0m
[0;32mI (529) cpu_start: cpu freq: 160000000 Hz[0m
[0;32mI (529) app_init: Application information:[0m
[0;32mI (532) app_init: Project name:     PIR[0m
[0;32mI (537) app_init: App version:      42bb6fe-dirty[0m
[0;32mI (542) app_init: Compile time:     Nov 21 2024 01:27:13[0m
[0;32mI (548) app_init: ELF file SHA256:  31d2ee31a8eef6ca...[0m
[0;32mI (554) app_init: ESP-IDF:          v5.3.1[0m
[0;32mI (559) efuse_init: Min chip rev:     v0.0[0m
[0;32mI (564) efuse_init: Max chip rev:     v3.99 [0m
[0;32mI (569) efuse_init: Chip rev:         v3.0[0m
[0;32mI (574) heap_init: Initializing. RAM available for dynamic allocation:[0m
[0;32mI (581) heap_init: At 3FFAE6E0 len 00001920 (6 KiB): DRAM[0m
[0;32mI (587) heap_init: At 3FFB8970 len 00027690 (157 KiB): DRAM[0m
[0;32mI (593) heap_init: At 3FFE0440 len 00003AE0 (14 KiB): D/IRAM[0m
[0;32mI (599) heap_init: At 3FFE4350 len 0001BCB0 (111 KiB): D/IRAM[0m
[0;32mI (606) heap_init: At 4009998C len 00006674 (25 KiB): IRAM[0m
[0;32mI (614) spi_flash: detected chip: generic[0m
[0;32mI (617) spi_flash: flash io: dio[0m
[0;33mW (621) spi_flash: Detected size(4096k) larger than the size in the binary image header(2048k). Using the size in the binary image header.[0m
[0;33mW (634) i2c: This driver is an old driver, please migrate your application code to adapt `driver/i2c_master.h`[0m
[0;32mI (645) main_task: Started on CPU0[0m
[0;32mI (655) main_task: Calling app_main()[0m
!!!!Current MAC address: EC:62:60:BC:E8:20
BATH ESP.
[0;31mE (655) i2cdev: Could not write to device [0x0b at 0]: -1 (ESP_FAIL)[0m
[0;32mI (765) gauge: Power Mode: 0x1[0m
[0;32mI (765) gauge: APA: 0x2A[0m
[0;32mI (765) gauge: Battery Profile: 0x1[0m
[0;32mI (765) gauge: Temp Mode: 0x0[0m
[0;32mI (775) gauge: Voltage: 4.22	RSOC: 100.0%[0m
[0;32mI (775) progress: [APP] Free memory: 272740 bytes[0m
[0;32mI (775) progress: [APP] IDF version: v5.3.1[0m
[0;32mI (815) progress: Starting Wifi[0m
[0;32mI (1895) progress: Starting Clock[0m
[0;32mI (3895) progress: The current date/time in Germany is: Mon Nov 25 03:23:52 2024[0m
[0;32mI (3895) progress: Starting MQTT[0m
[0;32mI (3895) mqtt: [APP] Free memory: 224972 bytes[0m
[0;32mI (3905) mqtt: MQTT_EVENT_BEFORE_CONNECT
[0m
[0;32mI (3915) mqtt: Note free memory: 213576 bytes[0m
[0;32mI (3915) mqtt: Waiting for connection to MQTT
[0m
[0;32mI (4835) mqtt: MQTT_EVENT_CONNECTED
[0m
[0;32mI (4835) mqtt: Connected to MQTT
[0m
[0;32mI (4835) progress: Wake count: 2[0m
[0;32mI (4835) progress: SAVING PIR event to MQTT[0m
[0;32mI (4835) progress: Going to sleep[0m
ets Jul 29 2019 12:21:46

rst:0x5 (DEEPSLEEP_RESET),boot:0x13 (SPI_FAST_FLASH_BOOT)
Wakeup Stub Executed
[0;32mWakeup Cause: 1[0m
[0;32mCurrent Timestamp: 278581182, Last Timestamp: 257423674[0m
[0;32mStored event at position 2[0m
[0;32mPrinting stored events...[0m
[0;32mEvent 0: Timestamp: 201542953, Sensor ID: 0[0m
[0;32mEvent 1: Timestamp: 257423674, Sensor ID: 0[0m
[0;32mEvent 2: Timestamp: 278581182, Sensor ID: 0[0m
configsip: 0, SPIWP:0xee
clk_drv:0x00,q_drv:0x00,d_drv:0x00,cs0_drv:0x00,hd_drv:0x00,wp_drv:0x00
mode:DIO, clock div:2
load:0x3fff0030,len:7176
load:0x40078000,len:15564
ho 0 tail 12 room 4
load:0x40080400,len:4
load:0x40080404,len:3904
entry 0x40080640
[0;32mI (78) boot: ESP-IDF v5.3.1 2nd stage bootloader[0m
[0;32mI (78) boot: compile time Nov 21 2024 01:27:28[0m
[0;32mI (78) boot: Multicore bootloader[0m
[0;32mI (83) boot: chip revision: v3.0[0m
[0;32mI (86) boot.esp32: SPI Speed      : 40MHz[0m
[0;32mI (91) boot.esp32: SPI Mode       : DIO[0m
[0;32mI (96) boot.esp32: SPI Flash Size : 2MB[0m
[0;32mI (100) boot: Enabling RNG early entropy source...[0m
[0;32mI (106) boot: Partition Table:[0m
[0;32mI (109) boot: ## Label            Usage          Type ST Offset   Length[0m
[0;32mI (117) boot:  0 nvs              WiFi data        01 02 00009000 00006000[0m
[0;32mI (124) boot:  1 phy_init         RF data          01 01 0000f000 00001000[0m
[0;32mI (132) boot:  2 factory          factory app      00 00 00010000 00177000[0m
[0;32mI (139) boot: End of partition table[0m
[0;32mI (144) esp_image: segment 0: paddr=00010020 vaddr=3f400020 size=28980h (166272) map[0m
[0;32mI (209) esp_image: segment 1: paddr=000389a8 vaddr=3ff80301 size=00008h (     8) [0m
[0;32mI (209) esp_image: segment 2: paddr=000389b8 vaddr=3ffb0000 size=04038h ( 16440) load[0m
[0;32mI (221) esp_image: segment 3: paddr=0003c9f8 vaddr=40080000 size=03620h ( 13856) load[0m
[0;32mI (229) esp_image: segment 4: paddr=00040020 vaddr=400d0020 size=a4054h (671828) map[0m
[0;32mI (462) esp_image: segment 5: paddr=000e407c vaddr=40083620 size=1636ch ( 90988) load[0m
[0;32mI (498) esp_image: segment 6: paddr=000fa3f0 vaddr=400c0000 size=00304h (   772) [0m
[0;32mI (498) esp_image: segment 7: paddr=000fa6fc vaddr=50000000 size=0027ch (   636) [0m
[0;32mI (516) boot: Loaded app from partition at offset 0x10000[0m
[0;32mI (516) boot: Disabling RNG early entropy source...[0m
[0;32mI (528) cpu_start: Multicore app[0m
[0;32mI (537) cpu_start: Pro cpu start user code[0m
[0;32mI (537) cpu_start: cpu freq: 160000000 Hz[0m
[0;32mI (537) app_init: Application information:[0m
[0;32mI (540) app_init: Project name:     PIR[0m
[0;32mI (544) app_init: App version:      42bb6fe-dirty[0m
[0;32mI (550) app_init: Compile time:     Nov 21 2024 01:27:13[0m
[0;32mI (556) app_init: ELF file SHA256:  31d2ee31a8eef6ca...[0m
[0;32mI (561) app_init: ESP-IDF:          v5.3.1[0m
[0;32mI (566) efuse_init: Min chip rev:     v0.0[0m
[0;32mI (571) efuse_init: Max chip rev:     v3.99 [0m
[0;32mI (576) efuse_init: Chip rev:         v3.0[0m
[0;32mI (581) heap_init: Initializing. RAM available for dynamic allocation:[0m
[0;32mI (588) heap_init: At 3FFAE6E0 len 00001920 (6 KiB): DRAM[0m
[0;32mI (594) heap_init: At 3FFB8970 len 00027690 (157 KiB): DRAM[0m
[0;32mI (600) heap_init: At 3FFE0440 len 00003AE0 (14 KiB): D/IRAM[0m
[0;32mI (607) heap_init: At 3FFE4350 len 0001BCB0 (111 KiB): D/IRAM[0m
[0;32mI (613) heap_init: At 4009998C len 00006674 (25 KiB): IRAM[0m
[0;32mI (621) spi_flash: detected chip: generic[0m
[0;32mI (624) spi_flash: flash io: dio[0m
[0;33mW (628) spi_flash: Detected size(4096k) larger than the size in the binary image header(2048k). Using the size in the binary image header.[0m
[0;33mW (641) i2c: This driver is an old driver, please migrate your application code to adapt `driver/i2c_master.h`[0m
[0;32mI (652) main_task: Started on CPU0[0m
[0;32mI (662) main_task: Calling app_main()[0m
!!!!Current MAC address: EC:62:60:BC:E8:20
BATH ESP.
[0;31mE (662) i2cdev: Could not write to device [0x0b at 0]: -1 (ESP_FAIL)[0m
[0;32mI (772) gauge: Power Mode: 0x1[0m
[0;32mI (772) gauge: APA: 0x2A[0m
[0;32mI (772) gauge: Battery Profile: 0x1[0m
[0;32mI (772) gauge: Temp Mode: 0x0[0m
[0;32mI (772) gauge: Voltage: 4.11	RSOC: 92.0%[0m
[0;32mI (782) progress: [APP] Free memory: 272740 bytes[0m
[0;32mI (782) progress: [APP] IDF version: v5.3.1[0m
[0;32mI (812) progress: Starting Wifi[0m
[0;32mI (1902) progress: Starting Clock[0m
[0;32mI (3902) progress: The current date/time in Germany is: Mon Nov 25 03:24:14 2024[0m
[0;32mI (3902) progress: Starting MQTT[0m
[0;32mI (3902) mqtt: [APP] Free memory: 224972 bytes[0m
[0;32mI (3912) mqtt: MQTT_EVENT_BEFORE_CONNECT
[0m
[0;32mI (3922) mqtt: Note free memory: 213592 bytes[0m
[0;32mI (3922) mqtt: Waiting for connection to MQTT
[0m
[0;32mI (3942) mqtt: MQTT_EVENT_CONNECTED
[0m
[0;32mI (3942) mqtt: Connected to MQTT
[0m
[0;32mI (3942) progress: Wake count: 3[0m
[0;32mI (3942) progress: SAVING PIR event to MQTT[0m
[0;32mI (3942) progress: Going to sleep[0m
ets Jul 29 2019 12:21:46

rst:0x5 (DEEPSLEEP_RESET),boot:0x13 (SPI_FAST_FLASH_BOOT)
Wakeup Stub Executed
[0;32mWakeup Cause: 1[0m
[0;32mCurrent Timestamp: 284077411, Last Timestamp: 278581182[0m
[0;32mStored event at position 3[0m
[0;32mPrinting stored events...[0m
[0;32mEvent 0: Timestamp: 201542953, Sensor ID: 0[0m
[0;32mEvent 1: Timestamp: 257423674, Sensor ID: 0[0m
[0;32mEvent 2: Timestamp: 278581182, Sensor ID: 0[0m
[0;32mEvent 3: Timestamp: 284077411, Sensor ID: 0[0m
configsip: 0, SPIWP:0xee
clk_drv:0x00,q_drv:0x00,d_drv:0x00,cs0_drv:0x00,hd_drv:0x00,wp_drv:0x00
mode:DIO, clock div:2
load:0x3fff0030,len:7176
load:0x40078000,len:15564
ho 0 tail 12 room 4
load:0x40080400,len:4
load:0x40080404,len:3904
entry 0x40080640
[0;32mI (85) boot: ESP-IDF v5.3.1 2nd stage bootloader[0m
[0;32mI (85) boot: compile time Nov 21 2024 01:27:28[0m
[0;32mI (85) boot: Multicore bootloader[0m
[0;32mI (90) boot: chip revision: v3.0[0m
[0;32mI (94) boot.esp32: SPI Speed      : 40MHz[0m
[0;32mI (98) boot.esp32: SPI Mode       : DIO[0m
[0;32mI (103) boot.esp32: SPI Flash Size : 2MB[0m
[0;32mI (107) boot: Enabling RNG early entropy source...[0m
[0;32mI (113) boot: Partition Table:[0m
[0;32mI (116) boot: ## Label            Usage          Type ST Offset   Length[0m
[0;32mI (124) boot:  0 nvs              WiFi data        01 02 00009000 00006000[0m
[0;32mI (131) boot:  1 phy_init         RF data          01 01 0000f000 00001000[0m
[0;32mI (139) boot:  2 factory          factory app      00 00 00010000 00177000[0m
[0;32mI (147) boot: End of partition table[0m
[0;32mI (151) esp_image: segment 0: paddr=00010020 vaddr=3f400020 size=28980h (166272) map[0m
[0;32mI (216) esp_image: segment 1: paddr=000389a8 vaddr=3ff80301 size=00008h (     8) [0m
[0;32mI (217) esp_image: segment 2: paddr=000389b8 vaddr=3ffb0000 size=04038h ( 16440) load[0m
[0;32mI (228) esp_image: segment 3: paddr=0003c9f8 vaddr=40080000 size=03620h ( 13856) load[0m
[0;32mI (236) esp_image: segment 4: paddr=00040020 vaddr=400d0020 size=a4054h (671828) map[0m
[0;32mI (469) esp_image: segment 5: paddr=000e407c vaddr=40083620 size=1636ch ( 90988) load[0m
[0;32mI (505) esp_image: segment 6: paddr=000fa3f0 vaddr=400c0000 size=00304h (   772) [0m
[0;32mI (505) esp_image: segment 7: paddr=000fa6fc vaddr=50000000 size=0027ch (   636) [0m
[0;32mI (523) boot: Loaded app from partition at offset 0x10000[0m
[0;32mI (523) boot: Disabling RNG early entropy source...[0m
[0;32mI (535) cpu_start: Multicore app[0m
[0;32mI (544) cpu_start: Pro cpu start user code[0m
[0;32mI (544) cpu_start: cpu freq: 160000000 Hz[0m
[0;32mI (544) app_init: Application information:[0m
[0;32mI (547) app_init: Project name:     PIR[0m
[0;32mI (551) app_init: App version:      42bb6fe-dirty[0m
[0;32mI (557) app_init: Compile time:     Nov 21 2024 01:27:13[0m
[0;32mI (563) app_init: ELF file SHA256:  31d2ee31a8eef6ca...[0m
[0;32mI (569) app_init: ESP-IDF:          v5.3.1[0m
[0;32mI (573) efuse_init: Min chip rev:     v0.0[0m
[0;32mI (578) efuse_init: Max chip rev:     v3.99 [0m
[0;32mI (583) efuse_init: Chip rev:         v3.0[0m
[0;32mI (588) heap_init: Initializing. RAM available for dynamic allocation:[0m
[0;32mI (595) heap_init: At 3FFAE6E0 len 00001920 (6 KiB): DRAM[0m
[0;32mI (601) heap_init: At 3FFB8970 len 00027690 (157 KiB): DRAM[0m
[0;32mI (607) heap_init: At 3FFE0440 len 00003AE0 (14 KiB): D/IRAM[0m
[0;32mI (614) heap_init: At 3FFE4350 len 0001BCB0 (111 KiB): D/IRAM[0m
[0;32mI (620) heap_init: At 4009998C len 00006674 (25 KiB): IRAM[0m
[0;32mI (628) spi_flash: detected chip: generic[0m
[0;32mI (631) spi_flash: flash io: dio[0m
[0;33mW (635) spi_flash: Detected size(4096k) larger than the size in the binary image header(2048k). Using the size in the binary image header.[0m
[0;33mW (648) i2c: This driver is an old driver, please migrate your application code to adapt `driver/i2c_master.h`[0m
[0;32mI (660) main_task: Started on CPU0[0m
[0;32mI (670) main_task: Calling app_main()[0m
!!!!Current MAC address: EC:62:60:BC:E8:20
BATH ESP.
[0;31mE (670) i2cdev: Could not write to device [0x0b at 0]: -1 (ESP_FAIL)[0m
[0;32mI (780) gauge: Power Mode: 0x1[0m
[0;32mI (780) gauge: APA: 0x2A[0m
[0;32mI (780) gauge: Battery Profile: 0x1[0m
[0;32mI (780) gauge: Temp Mode: 0x0[0m
[0;32mI (790) gauge: Voltage: 4.34	RSOC: 100.0%[0m
[0;32mI (790) progress: [APP] Free memory: 272740 bytes[0m
[0;32mI (790) progress: [APP] IDF version: v5.3.1[0m
[0;32mI (830) progress: Starting Wifi[0m
[0;32mI (1910) progress: Starting Clock[0m
[0;32mI (7910) progress: The current date/time in Germany is: Mon Nov 25 03:24:23 2024[0m
[0;32mI (7910) progress: Starting MQTT[0m
[0;32mI (7910) mqtt: [APP] Free memory: 225000 bytes[0m
[0;32mI (7920) mqtt: MQTT_EVENT_BEFORE_CONNECT
[0m
[0;32mI (7930) mqtt: Note free memory: 213624 bytes[0m
[0;32mI (7930) mqtt: Waiting for connection to MQTT
[0m
[0;32mI (7940) mqtt: MQTT_EVENT_CONNECTED
[0m
[0;32mI (7940) mqtt: Connected to MQTT
[0m
[0;32mI (7940) progress: Wake count: 4[0m
[0;32mI (7940) progress: SAVING PIR event to MQTT[0m
[0;32mI (7950) progress: Going to sleep[0m
ets Jul 29 2019 12:21:46

rst:0x5 (DEEPSLEEP_RESET),boot:0x13 (SPI_FAST_FLASH_BOOT)
Wakeup Stub Executed
[0;32mWakeup Cause: 1[0m
[0;32mCurrent Timestamp: 298605181, Last Timestamp: 284077411[0m
[0;32mStored event at position 4[0m
[0;32mPrinting stored events...[0m
[0;32mEvent 0: Timestamp: 201542953, Sensor ID: 0[0m
[0;32mEvent 1: Timestamp: 257423674, Sensor ID: 0[0m
[0;32mEvent 2: Timestamp: 278581182, Sensor ID: 0[0m
[0;32mEvent 3: Timestamp: 284077411, Sensor ID: 0[0m
[0;32mEvent 4: Timestamp: 298605181, Sensor ID: 0[0m
configsip: 0, SPIWP:0xee
clk_drv:0x00,q_drv:0x00,d_drv:0x00,cs0_drv:0x00,hd_drv:0x00,wp_drv:0x00
mode:DIO, clock div:2
load:0x3fff0030,len:7176
load:0x40078000,len:15564
ho 0 tail 12 room 4
load:0x40080400,len:4
load:0x40080404,len:3904
entry 0x40080640
[0;32mI (92) boot: ESP-IDF v5.3.1 2nd stage bootloader[0m
[0;32mI (92) boot: compile time Nov 21 2024 01:27:28[0m
[0;32mI (92) boot: Multicore bootloader[0m
[0;32mI (97) boot: chip revision: v3.0[0m
[0;32mI (101) boot.esp32: SPI Speed      : 40MHz[0m
[0;32mI (105) boot.esp32: SPI Mode       : DIO[0m
[0;32mI (110) boot.esp32: SPI Flash Size : 2MB[0m
[0;32mI (115) boot: Enabling RNG early entropy source...[0m
[0;32mI (120) boot: Partition Table:[0m
[0;32mI (124) boot: ## Label            Usage          Type ST Offset   Length[0m
[0;32mI (131) boot:  0 nvs              WiFi data        01 02 00009000 00006000[0m
[0;32mI (139) boot:  1 phy_init         RF data          01 01 0000f000 00001000[0m
[0;32mI (146) boot:  2 factory          factory app      00 00 00010000 00177000[0m
[0;32mI (154) boot: End of partition table[0m
[0;32mI (158) esp_image: segment 0: paddr=00010020 vaddr=3f400020 size=28980h (166272) map[0m
[0;32mI (224) esp_image: segment 1: paddr=000389a8 vaddr=3ff80301 size=00008h (     8) [0m
[0;32mI (224) esp_image: segment 2: paddr=000389b8 vaddr=3ffb0000 size=04038h ( 16440) load[0m
[0;32mI (235) esp_image: segment 3: paddr=0003c9f8 vaddr=40080000 size=03620h ( 13856) load[0m
[0;32mI (243) esp_image: segment 4: paddr=00040020 vaddr=400d0020 size=a4054h (671828) map[0m
[0;32mI (476) esp_image: segment 5: paddr=000e407c vaddr=40083620 size=1636ch ( 90988) load[0m
[0;32mI (512) esp_image: segment 6: paddr=000fa3f0 vaddr=400c0000 size=00304h (   772) [0m
[0;32mI (513) esp_image: segment 7: paddr=000fa6fc vaddr=50000000 size=0027ch (   636) [0m
[0;32mI (530) boot: Loaded app from partition at offset 0x10000[0m
[0;32mI (530) boot: Disabling RNG early entropy source...[0m
[0;32mI (543) cpu_start: Multicore app[0m
[0;32mI (551) cpu_start: Pro cpu start user code[0m
[0;32mI (551) cpu_start: cpu freq: 160000000 Hz[0m
[0;32mI (551) app_init: Application information:[0m
[0;32mI (554) app_init: Project name:     PIR[0m
[0;32mI (559) app_init: App version:      42bb6fe-dirty[0m
[0;32mI (564) app_init: Compile time:     Nov 21 2024 01:27:13[0m
[0;32mI (570) app_init: ELF file SHA256:  31d2ee31a8eef6ca...[0m
[0;32mI (576) app_init: ESP-IDF:          v5.3.1[0m
[0;32mI (581) efuse_init: Min chip rev:     v0.0[0m
[0;32mI (585) efuse_init: Max chip rev:     v3.99 [0m
[0;32mI (590) efuse_init: Chip rev:         v3.0[0m
[0;32mI (595) heap_init: Initializing. RAM available for dynamic allocation:[0m
[0;32mI (603) heap_init: At 3FFAE6E0 len 00001920 (6 KiB): DRAM[0m
[0;32mI (608) heap_init: At 3FFB8970 len 00027690 (157 KiB): DRAM[0m
[0;32mI (615) heap_init: At 3FFE0440 len 00003AE0 (14 KiB): D/IRAM[0m
[0;32mI (621) heap_init: At 3FFE4350 len 0001BCB0 (111 KiB): D/IRAM[0m
[0;32mI (627) heap_init: At 4009998C len 00006674 (25 KiB): IRAM[0m
[0;32mI (635) spi_flash: detected chip: generic[0m
[0;32mI (638) spi_flash: flash io: dio[0m
[0;33mW (642) spi_flash: Detected size(4096k) larger than the size in the binary image header(2048k). Using the size in the binary image header.[0m
[0;33mW (655) i2c: This driver is an old driver, please migrate your application code to adapt `driver/i2c_master.h`[0m
[0;32mI (667) main_task: Started on CPU0[0m
[0;32mI (677) main_task: Calling app_main()[0m
!!!!Current MAC address: EC:62:60:BC:E8:20
BATH ESP.
[0;31mE (677) i2cdev: Could not write to device [0x0b at 0]: -1 (ESP_FAIL)[0m
[0;32mI (787) gauge: Power Mode: 0x1[0m
[0;32mI (787) gauge: APA: 0x2A[0m
[0;32mI (787) gauge: Battery Profile: 0x1[0m
[0;32mI (787) gauge: Temp Mode: 0x0[0m
[0;32mI (787) gauge: Voltage: 4.01	RSOC: 79.0%[0m
[0;32mI (797) progress: [APP] Free memory: 272740 bytes[0m
[0;32mI (797) progress: [APP] IDF version: v5.3.1[0m
[0;32mI (827) progress: Starting Wifi[0m
[0;32mI (1917) progress: Starting Clock[0m
[0;32mI (3917) progress: The current date/time in Germany is: Mon Nov 25 03:24:34 2024[0m
[0;32mI (3917) progress: Starting MQTT[0m
[0;32mI (3917) mqtt: [APP] Free memory: 224968 bytes[0m
[0;32mI (3927) mqtt: MQTT_EVENT_BEFORE_CONNECT
[0m
[0;32mI (3937) mqtt: Note free memory: 213576 bytes[0m
[0;32mI (3937) mqtt: Waiting for connection to MQTT
[0m
[0;32mI (6847) mqtt: MQTT_EVENT_CONNECTED
[0m
[0;32mI (6857) mqtt: Connected to MQTT
[0m
[0;32mI (6857) progress: Wake count: 5[0m
[0;32mI (6857) progress: SAVING PIR event to MQTT[0m
[0;32mI (6857) progress: Going to sleep[0m
ets Jul 29 2019 12:21:46

rst:0x5 (DEEPSLEEP_RESET),boot:0x13 (SPI_FAST_FLASH_BOOT)
Wakeup Stub Executed
[0;32mWakeup Cause: 1[0m
[0;32mCurrent Timestamp: 311586794, Last Timestamp: 298605181[0m
[0;32mStored event at position 5[0m
[0;32mPrinting stored events...[0m
[0;32mEvent 0: Timestamp: 201542953, Sensor ID: 0[0m
[0;32mEvent 1: Timestamp: 257423674, Sensor ID: 0[0m
[0;32mEvent 2: Timestamp: 278581182, Sensor ID: 0[0m
[0;32mEvent 3: Timestamp: 284077411, Sensor ID: 0[0m
[0;32mEvent 4: Timestamp: 298605181, Sensor ID: 0[0m
[0;32mEvent 5: Timestamp: 311586794, Sensor ID: 0[0m
configsip: 0, SPIWP:0xee
clk_drv:0x00,q_drv:0x00,d_drv:0x00,cs0_drv:0x00,hd_drv:0x00,wp_drv:0x00
mode:DIO, clock div:2
load:0x3fff0030,len:7176
load:0x40078000,len:15564
ho 0 tail 12 room 4
load:0x40080400,len:4
load:0x40080404,len:3904
entry 0x40080640
[0;32mI (99) boot: ESP-IDF v5.3.1 2nd stage bootloader[0m
[0;32mI (99) boot: compile time Nov 21 2024 01:27:28[0m
[0;32mI (99) boot: Multicore bootloader[0m
[0;32mI (104) boot: chip revision: v3.0[0m
[0;32mI (108) boot.esp32: SPI Speed      : 40MHz[0m
[0;32mI (113) boot.esp32: SPI Mode       : DIO[0m
[0;32mI (117) boot.esp32: SPI Flash Size : 2MB[0m
[0;32mI (122) boot: Enabling RNG early entropy source...[0m
[0;32mI (127) boot: Partition Table:[0m
[0;32mI (131) boot: ## Label            Usage          Type ST Offset   Length[0m
[0;32mI (138) boot:  0 nvs              WiFi data        01 02 00009000 00006000[0m
[0;32mI (146) boot:  1 phy_init         RF data          01 01 0000f000 00001000[0m
[0;32mI (153) boot:  2 factory          factory app      00 00 00010000 00177000[0m
[0;32mI (161) boot: End of partition table[0m
[0;32mI (165) esp_image: segment 0: paddr=00010020 vaddr=3f400020 size=28980h (166272) map[0m
[0;32mI (231) esp_image: segment 1: paddr=000389a8 vaddr=3ff80301 size=00008h (     8) [0m
[0;32mI (231) esp_image: segment 2: paddr=000389b8 vaddr=3ffb0000 size=04038h ( 16440) load[0m
[0;32mI (242) esp_image: segment 3: paddr=0003c9f8 vaddr=40080000 size=03620h ( 13856) load[0m
[0;32mI (250) esp_image: segment 4: paddr=00040020 vaddr=400d0020 size=a4054h (671828) map[0m
[0;32mI (483) esp_image: segment 5: paddr=000e407c vaddr=40083620 size=1636ch ( 90988) load[0m
[0;32mI (519) esp_image: segment 6: paddr=000fa3f0 vaddr=400c0000 size=00304h (   772) [0m
[0;32mI (520) esp_image: segment 7: paddr=000fa6fc vaddr=50000000 size=0027ch (   636) [0m
[0;32mI (537) boot: Loaded app from partition at offset 0x10000[0m
[0;32mI (538) boot: Disabling RNG early entropy source...[0m
[0;32mI (550) cpu_start: Multicore app[0m
[0;32mI (558) cpu_start: Pro cpu start user code[0m
[0;32mI (558) cpu_start: cpu freq: 160000000 Hz[0m
[0;32mI (558) app_init: Application information:[0m
[0;32mI (561) app_init: Project name:     PIR[0m
[0;32mI (566) app_init: App version:      42bb6fe-dirty[0m
[0;32mI (571) app_init: Compile time:     Nov 21 2024 01:27:13[0m
[0;32mI (577) app_init: ELF file SHA256:  31d2ee31a8eef6ca...[0m
[0;32mI (583) app_init: ESP-IDF:          v5.3.1[0m
[0;32mI (588) efuse_init: Min chip rev:     v0.0[0m
[0;32mI (593) efuse_init: Max chip rev:     v3.99 [0m
[0;32mI (597) efuse_init: Chip rev:         v3.0[0m
[0;32mI (603) heap_init: Initializing. RAM available for dynamic allocation:[0m
[0;32mI (610) heap_init: At 3FFAE6E0 len 00001920 (6 KiB): DRAM[0m
[0;32mI (616) heap_init: At 3FFB8970 len 00027690 (157 KiB): DRAM[0m
[0;32mI (622) heap_init: At 3FFE0440 len 00003AE0 (14 KiB): D/IRAM[0m
[0;32mI (628) heap_init: At 3FFE4350 len 0001BCB0 (111 KiB): D/IRAM[0m
[0;32mI (635) heap_init: At 4009998C len 00006674 (25 KiB): IRAM[0m
[0;32mI (642) spi_flash: detected chip: generic[0m
[0;32mI (645) spi_flash: flash io: dio[0m
[0;33mW (649) spi_flash: Detected size(4096k) larger than the size in the binary image header(2048k). Using the size in the binary image header.[0m
[0;33mW (663) i2c: This driver is an old driver, please migrate your application code to adapt `driver/i2c_master.h`[0m
[0;32mI (674) main_task: Started on CPU0[0m
[0;32mI (684) main_task: Calling app_main()[0m
!!!!Current MAC address: EC:62:60:BC:E8:20
BATH ESP.
[0;31mE (684) i2cdev: Could not write to device [0x0b at 0]: -1 (ESP_FAIL)[0m
[0;32mI (794) gauge: Power Mode: 0x1[0m
[0;32mI (794) gauge: APA: 0x2A[0m
[0;32mI (794) gauge: Battery Profile: 0x1[0m
[0;32mI (794) gauge: Temp Mode: 0x0[0m
[0;32mI (804) gauge: Voltage: 4.17	RSOC: 99.0%[0m
[0;32mI (804) progress: [APP] Free memory: 272740 bytes[0m
[0;32mI (804) progress: [APP] IDF version: v5.3.1[0m
[0;32mI (844) progress: Starting Wifi[0m
[0;32mI (1924) progress: Starting Clock[0m
[0;32mI (5924) progress: The current date/time in Germany is: Mon Nov 25 03:24:48 2024[0m
[0;32mI (5924) progress: Starting MQTT[0m
[0;32mI (5924) mqtt: [APP] Free memory: 224964 bytes[0m
[0;32mI (5934) mqtt: MQTT_EVENT_BEFORE_CONNECT
[0m
[0;32mI (5944) mqtt: Note free memory: 213556 bytes[0m
[0;32mI (5944) mqtt: Waiting for connection to MQTT
[0m
[0;32mI (7584) mqtt: MQTT_EVENT_CONNECTED
[0m
[0;32mI (7584) mqtt: Connected to MQTT
[0m
[0;32mI (7584) progress: Wake count: 6[0m
[0;32mI (7584) progress: SAVING PIR event to MQTT[0m
[0;32mI (7594) progress: Going to sleep[0m
ets Jul 29 2019 12:21:46

rst:0x5 (DEEPSLEEP_RESET),boot:0x13 (SPI_FAST_FLASH_BOOT)
Wakeup Stub Executed
[0;32mWakeup Cause: 1[0m
[0;32mCurrent Timestamp: 330971067, Last Timestamp: 311586794[0m
[0;32mStored event at position 6[0m
[0;32mPrinting stored events...[0m
[0;32mEvent 0: Timestamp: 201542953, Sensor ID: 0[0m
[0;32mEvent 1: Timestamp: 257423674, Sensor ID: 0[0m
[0;32mEvent 2: Timestamp: 278581182, Sensor ID: 0[0m
[0;32mEvent 3: Timestamp: 284077411, Sensor ID: 0[0m
[0;32mEvent 4: Timestamp: 298605181, Sensor ID: 0[0m
[0;32mEvent 5: Timestamp: 311586794, Sensor ID: 0[0m
[0;32mEvent 6: Timestamp: 330971067, Sensor ID: 0[0m
configsip: 0, SPIWP:0xee
clk_drv:0x00,q_drv:0x00,d_drv:0x00,cs0_drv:0x00,hd_drv:0x00,wp_drv:0x00
mode:DIO, clock div:2
load:0x3fff0030,len:7176
load:0x40078000,len:15564
ho 0 tail 12 room 4
load:0x40080400,len:4
load:0x40080404,len:3904
entry 0x40080640
[0;32mI (106) boot: ESP-IDF v5.3.1 2nd stage bootloader[0m
[0;32mI (106) boot: compile time Nov 21 2024 01:27:28[0m
[0;32mI (106) boot: Multicore bootloader[0m
[0;32mI (111) boot: chip revision: v3.0[0m
[0;32mI (115) boot.esp32: SPI Speed      : 40MHz[0m
[0;32mI (120) boot.esp32: SPI Mode       : DIO[0m
[0;32mI (124) boot.esp32: SPI Flash Size : 2MB[0m
[0;32mI (129) boot: Enabling RNG early entropy source...[0m
[0;32mI (135) boot: Partition Table:[0m
[0;32mI (138) boot: ## Label            Usage          Type ST Offset   Length[0m
[0;32mI (146) boot:  0 nvs              WiFi data        01 02 00009000 00006000[0m
[0;32mI (153) boot:  1 phy_init         RF data          01 01 0000f000 00001000[0m
[0;32mI (161) boot:  2 factory          factory app      00 00 00010000 00177000[0m
[0;32mI (168) boot: End of partition table[0m
[0;32mI (173) esp_image: segment 0: paddr=00010020 vaddr=3f400020 size=28980h (166272) map[0m
[0;32mI (238) esp_image: segment 1: paddr=000389a8 vaddr=3ff80301 size=00008h (     8) [0m
[0;32mI (238) esp_image: segment 2: paddr=000389b8 vaddr=3ffb0000 size=04038h ( 16440) load[0m
[0;32mI (250) esp_image: segment 3: paddr=0003c9f8 vaddr=40080000 size=03620h ( 13856) load[0m
[0;32mI (258) esp_image: segment 4: paddr=00040020 vaddr=400d0020 size=a4054h (671828) map[0m
[0;32mI (491) esp_image: segment 5: paddr=000e407c vaddr=40083620 size=1636ch ( 90988) load[0m
[0;32mI (526) esp_image: segment 6: paddr=000fa3f0 vaddr=400c0000 size=00304h (   772) [0m
[0;32mI (527) esp_image: segment 7: paddr=000fa6fc vaddr=50000000 size=0027ch (   636) [0m
[0;32mI (545) boot: Loaded app from partition at offset 0x10000[0m
[0;32mI (545) boot: Disabling RNG early entropy source...[0m
[0;32mI (557) cpu_start: Multicore app[0m
[0;32mI (566) cpu_start: Pro cpu start user code[0m
[0;32mI (566) cpu_start: cpu freq: 160000000 Hz[0m
[0;32mI (566) app_init: Application information:[0m
[0;32mI (569) app_init: Project name:     PIR[0m
[0;32mI (573) app_init: App version:      42bb6fe-dirty[0m
[0;32mI (578) app_init: Compile time:     Nov 21 2024 01:27:13[0m
[0;32mI (584) app_init: ELF file SHA256:  31d2ee31a8eef6ca...[0m
[0;32mI (590) app_init: ESP-IDF:          v5.3.1[0m
[0;32mI (595) efuse_init: Min chip rev:     v0.0[0m
[0;32mI (600) efuse_init: Max chip rev:     v3.99 [0m
[0;32mI (605) efuse_init: Chip rev:         v3.0[0m
[0;32mI (610) heap_init: Initializing. RAM available for dynamic allocation:[0m
[0;32mI (617) heap_init: At 3FFAE6E0 len 00001920 (6 KiB): DRAM[0m
[0;32mI (623) heap_init: At 3FFB8970 len 00027690 (157 KiB): DRAM[0m
[0;32mI (629) heap_init: At 3FFE0440 len 00003AE0 (14 KiB): D/IRAM[0m
[0;32mI (635) heap_init: At 3FFE4350 len 0001BCB0 (111 KiB): D/IRAM[0m
[0;32mI (642) heap_init: At 4009998C len 00006674 (25 KiB): IRAM[0m
[0;32mI (650) spi_flash: detected chip: generic[0m
[0;32mI (653) spi_flash: flash io: dio[0m
[0;33mW (657) spi_flash: Detected size(4096k) larger than the size in the binary image header(2048k). Using the size in the binary image header.[0m
[0;33mW (670) i2c: This driver is an old driver, please migrate your application code to adapt `driver/i2c_master.h`[0m
[0;32mI (681) main_task: Started on CPU0[0m
[0;32mI (691) main_task: Calling app_main()[0m
!!!!Current MAC address: EC:62:60:BC:E8:20
BATH ESP.
[0;31mE (691) i2cdev: Could not write to device [0x0b at 0]: -1 (ESP_FAIL)[0m
[0;32mI (801) gauge: Power Mode: 0x1[0m
[0;32mI (801) gauge: APA: 0x2A[0m
[0;32mI (801) gauge: Battery Profile: 0x1[0m
[0;32mI (801) gauge: Temp Mode: 0x0[0m
[0;32mI (811) gauge: Voltage: 4.32	RSOC: 100.0%[0m
[0;32mI (811) progress: [APP] Free memory: 272740 bytes[0m
[0;32mI (811) progress: [APP] IDF version: v5.3.1[0m
[0;32mI (851) progress: Starting Wifi[0m
[0;32mI (1941) progress: Starting Clock[0m
[0;32mI (5941) progress: The current date/time in Germany is: Mon Nov 25 03:25:07 2024[0m
[0;32mI (5941) progress: Starting MQTT[0m
[0;32mI (5941) mqtt: [APP] Free memory: 224980 bytes[0m
[0;32mI (5951) mqtt: MQTT_EVENT_BEFORE_CONNECT
[0m
[0;32mI (5961) mqtt: Note free memory: 213396 bytes[0m
[0;32mI (5961) mqtt: Waiting for connection to MQTT
[0m
[0;32mI (5981) mqtt: MQTT_EVENT_CONNECTED
[0m
[0;32mI (5981) mqtt: Connected to MQTT
[0m
[0;32mI (5981) progress: Wake count: 7[0m
[0;32mI (5981) progress: SAVING PIR event to MQTT[0m
[0;32mI (9981) progress: Going to sleep[0m
ets Jul 29 2019 12:21:46

rst:0x5 (DEEPSLEEP_RESET),boot:0x13 (SPI_FAST_FLASH_BOOT)
Wakeup Stub Executed
[0;32mWakeup Cause: 1[0m
[0;32mCurrent Timestamp: 340555835, Last Timestamp: 330971067[0m
[0;32mStored event at position 7[0m
[0;32mPrinting stored events...[0m
[0;32mEvent 0: Timestamp: 201542953, Sensor ID: 0[0m
[0;32mEvent 1: Timestamp: 257423674, Sensor ID: 0[0m
[0;32mEvent 2: Timestamp: 278581182, Sensor ID: 0[0m
[0;32mEvent 3: Timestamp: 284077411, Sensor ID: 0[0m
[0;32mEvent 4: Timestamp: 298605181, Sensor ID: 0[0m
[0;32mEvent 5: Timestamp: 311586794, Sensor ID: 0[0m
[0;32mEvent 6: Timestamp: 330971067, Sensor ID: 0[0m
[0;32mEvent 7: Timestamp: 340555835, Sensor ID: 0[0m
configsip: 0, SPIWP:0xee
clk_drv:0x00,q_drv:0x00,d_drv:0x00,cs0_drv:0x00,hd_drv:0x00,wp_drv:0x00
mode:DIO, clock div:2
load:0x3fff0030,len:7176
load:0x40078000,len:15564
ho 0 tail 12 room 4
load:0x40080400,len:4
load:0x40080404,len:3904
entry 0x40080640
[0;32mI (113) boot: ESP-IDF v5.3.1 2nd stage bootloader[0m
[0;32mI (113) boot: compile time Nov 21 2024 01:27:28[0m
[0;32mI (114) boot: Multicore bootloader[0m
[0;32mI (118) boot: chip revision: v3.0[0m
[0;32mI (122) boot.esp32: SPI Speed      : 40MHz[0m
[0;32mI (127) boot.esp32: SPI Mode       : DIO[0m
[0;32mI (132) boot.esp32: SPI Flash Size : 2MB[0m
[0;32mI (136) boot: Enabling RNG early entropy source...[0m
[0;32mI (142) boot: Partition Table:[0m
[0;32mI (145) boot: ## Label            Usage          Type ST Offset   Length[0m
[0;32mI (153) boot:  0 nvs              WiFi data        01 02 00009000 00006000[0m
[0;32mI (160) boot:  1 phy_init         RF data          01 01 0000f000 00001000[0m
[0;32mI (168) boot:  2 factory          factory app      00 00 00010000 00177000[0m
[0;32mI (175) boot: End of partition table[0m
[0;32mI (180) esp_image: segment 0: paddr=00010020 vaddr=3f400020 size=28980h (166272) map[0m
[0;32mI (245) esp_image: segment 1: paddr=000389a8 vaddr=3ff80301 size=00008h (     8) [0m
[0;32mI (246) esp_image: segment 2: paddr=000389b8 vaddr=3ffb0000 size=04038h ( 16440) load[0m
[0;32mI (257) esp_image: segment 3: paddr=0003c9f8 vaddr=40080000 size=03620h ( 13856) load[0m
[0;32mI (265) esp_image: segment 4: paddr=00040020 vaddr=400d0020 size=a4054h (671828) map[0m
[0;32mI (498) esp_image: segment 5: paddr=000e407c vaddr=40083620 size=1636ch ( 90988) load[0m
[0;32mI (534) esp_image: segment 6: paddr=000fa3f0 vaddr=400c0000 size=00304h (   772) [0m
[0;32mI (534) esp_image: segment 7: paddr=000fa6fc vaddr=50000000 size=0027ch (   636) [0m
[0;32mI (552) boot: Loaded app from partition at offset 0x10000[0m
[0;32mI (552) boot: Disabling RNG early entropy source...[0m
[0;32mI (564) cpu_start: Multicore app[0m
[0;32mI (573) cpu_start: Pro cpu start user code[0m
[0;32mI (573) cpu_start: cpu freq: 160000000 Hz[0m
[0;32mI (573) app_init: Application information:[0m
[0;32mI (576) app_init: Project name:     PIR[0m
[0;32mI (580) app_init: App version:      42bb6fe-dirty[0m
[0;32mI (586) app_init: Compile time:     Nov 21 2024 01:27:13[0m
[0;32mI (592) app_init: ELF file SHA256:  31d2ee31a8eef6ca...[0m
[0;32mI (597) app_init: ESP-IDF:          v5.3.1[0m
[0;32mI (602) efuse_init: Min chip rev:     v0.0[0m
[0;32mI (607) efuse_init: Max chip rev:     v3.99 [0m
[0;32mI (612) efuse_init: Chip rev:         v3.0[0m
[0;32mI (617) heap_init: Initializing. RAM available for dynamic allocation:[0m
[0;32mI (624) heap_init: At 3FFAE6E0 len 00001920 (6 KiB): DRAM[0m
[0;32mI (630) heap_init: At 3FFB8970 len 00027690 (157 KiB): DRAM[0m
[0;32mI (636) heap_init: At 3FFE0440 len 00003AE0 (14 KiB): D/IRAM[0m
[0;32mI (643) heap_init: At 3FFE4350 len 0001BCB0 (111 KiB): D/IRAM[0m
[0;32mI (649) heap_init: At 4009998C len 00006674 (25 KiB): IRAM[0m
[0;32mI (657) spi_flash: detected chip: generic[0m
[0;32mI (660) spi_flash: flash io: dio[0m
[0;33mW (664) spi_flash: Detected size(4096k) larger than the size in the binary image header(2048k). Using the size in the binary image header.[0m
[0;33mW (677) i2c: This driver is an old driver, please migrate your application code to adapt `driver/i2c_master.h`[0m
[0;32mI (688) main_task: Started on CPU0[0m
[0;32mI (698) main_task: Calling app_main()[0m
!!!!Current MAC address: EC:62:60:BC:E8:20
BATH ESP.
[0;31mE (698) i2cdev: Could not write to device [0x0b at 0]: -1 (ESP_FAIL)[0m
[0;32mI (808) gauge: Power Mode: 0x1[0m
[0;32mI (808) gauge: APA: 0x2A[0m
[0;32mI (808) gauge: Battery Profile: 0x1[0m
[0;32mI (808) gauge: Temp Mode: 0x0[0m
[0;32mI (808) gauge: Voltage: 4.11	RSOC: 92.0%[0m
[0;32mI (818) progress: [APP] Free memory: 272740 bytes[0m
[0;32mI (818) progress: [APP] IDF version: v5.3.1[0m
[0;32mI (848) progress: Starting Wifi[0m
[0;32mI (1938) progress: Starting Clock[0m
[0;32mI (7938) progress: The current date/time in Germany is: Mon Nov 25 03:25:19 2024[0m
[0;32mI (7938) progress: Starting MQTT[0m
[0;32mI (7938) mqtt: [APP] Free memory: 224964 bytes[0m
[0;32mI (7948) mqtt: MQTT_EVENT_BEFORE_CONNECT
