ets Jul 29 2019 12:21:46

rst:0x1 (POWERON_RESET),boot:0x13 (SPI_FAST_FLASH_BOOT)
configsip: 0, SPIWP:0xee
clk_drv:0x00,q_drv:0x00,d_drv:0x00,cs0_drv:0x00,hd_drv:0x00,wp_drv:0x00
mode:DIO, clock div:2
load:0x3fff0030,len:7176
load:0x40078000,len:15564
ho 0 tail 12 room 4
load:0x40080400,len:4
load:0x40080404,len:3904
entry 0x40080640
[0;32mI (31) boot: ESP-IDF v5.3.1 2nd stage bootloader[0m
[0;32mI (31) boot: compile time Nov 21 2024 01:27:28[0m
[0;32mI (31) boot: Multicore bootloader[0m
[0;32mI (35) boot: chip revision: v3.0[0m
[0;32mI (39) boot.esp32: SPI Speed      : 40MHz[0m
[0;32mI (44) boot.esp32: SPI Mode       : DIO[0m
[0;32mI (48) boot.esp32: SPI Flash Size : 2MB[0m
[0;32mI (53) boot: Enabling RNG early entropy source...[0m
[0;32mI (58) boot: Partition Table:[0m
[0;32mI (62) boot: ## Label            Usage          Type ST Offset   Length[0m
[0;32mI (69) boot:  0 nvs              WiFi data        01 02 00009000 00006000[0m
[0;32mI (77) boot:  1 phy_init         RF data          01 01 0000f000 00001000[0m
[0;32mI (84) boot:  2 factory          factory app      00 00 00010000 00177000[0m
[0;32mI (92) boot: End of partition table[0m
[0;32mI (96) esp_image: segment 0: paddr=00010020 vaddr=3f400020 size=28980h (166272) map[0m
[0;32mI (161) esp_image: segment 1: paddr=000389a8 vaddr=3ff80301 size=00008h (     8) load[0m
[0;32mI (162) esp_image: segment 2: paddr=000389b8 vaddr=3ffb0000 size=04038h ( 16440) load[0m
[0;32mI (173) esp_image: segment 3: paddr=0003c9f8 vaddr=40080000 size=03620h ( 13856) load[0m
[0;32mI (181) esp_image: segment 4: paddr=00040020 vaddr=400d0020 size=a4054h (671828) map[0m
[0;32mI (414) esp_image: segment 5: paddr=000e407c vaddr=40083620 size=1636ch ( 90988) load[0m
[0;32mI (450) esp_image: segment 6: paddr=000fa3f0 vaddr=400c0000 size=00304h (   772) load[0m
[0;32mI (451) esp_image: segment 7: paddr=000fa6fc vaddr=50000000 size=0027ch (   636) load[0m
[0;32mI (469) boot: Loaded app from partition at offset 0x10000[0m
[0;32mI (469) boot: Disabling RNG early entropy source...[0m
[0;32mI (481) cpu_start: Multicore app[0m
[0;32mI (490) cpu_start: Pro cpu start user code[0m
[0;32mI (490) cpu_start: cpu freq: 160000000 Hz[0m
[0;32mI (490) app_init: Application information:[0m
[0;32mI (493) app_init: Project name:     PIR[0m
[0;32mI (497) app_init: App version:      42bb6fe-dirty[0m
[0;32mI (503) app_init: Compile time:     Nov 21 2024 01:27:13[0m
[0;32mI (509) app_init: ELF file SHA256:  31d2ee31a8eef6ca...[0m
[0;32mI (514) app_init: ESP-IDF:          v5.3.1[0m
[0;32mI (519) efuse_init: Min chip rev:     v0.0[0m
[0;32mI (524) efuse_init: Max chip rev:     v3.99 [0m
[0;32mI (529) efuse_init: Chip rev:         v3.0[0m
[0;32mI (534) heap_init: Initializing. RAM available for dynamic allocation:[0m
[0;32mI (541) heap_init: At 3FFAE6E0 len 00001920 (6 KiB): DRAM[0m
[0;32mI (547) heap_init: At 3FFB8970 len 00027690 (157 KiB): DRAM[0m
[0;32mI (553) heap_init: At 3FFE0440 len 00003AE0 (14 KiB): D/IRAM[0m
[0;32mI (560) heap_init: At 3FFE4350 len 0001BCB0 (111 KiB): D/IRAM[0m
[0;32mI (566) heap_init: At 4009998C len 00006674 (25 KiB): IRAM[0m
[0;32mI (574) spi_flash: detected chip: generic[0m
[0;32mI (577) spi_flash: flash io: dio[0m
[0;33mW (581) spi_flash: Detected size(4096k) larger than the size in the binary image header(2048k). Using the size in the binary image header.[0m
[0;33mW (594) i2c: This driver is an old driver, please migrate your application code to adapt `driver/i2c_master.h`[0m
[0;32mI (605) main_task: Started on CPU0[0m
[0;32mI (615) main_task: Calling app_main()[0m
!!!!Current MAC address: 94:B9:7E:42:14:C8
BED ESP.
[0;32mI (615) progress: [APP] Free memory: 273564 bytes[0m
[0;32mI (615) progress: [APP] IDF version: v5.3.1[0m
[0;32mI (655) progress: Starting Wifi[0m
[0;32mI (1815) progress: Starting Clock[0m
[0;32mI (5815) progress: The current date/time in Germany is: Mon Nov 25 03:48:45 2024[0m
[0;32mI (5815) progress: Starting MQTT[0m
[0;32mI (5815) mqtt: [APP] Free memory: 225820 bytes[0m
[0;32mI (5825) mqtt: MQTT_EVENT_BEFORE_CONNECT
[0m
[0;32mI (5825) mqtt: Note free memory: 214236 bytes[0m
[0;32mI (5835) mqtt: Waiting for connection to MQTT
[0m
[0;32mI (5845) mqtt: MQTT_EVENT_CONNECTED
[0m
[0;32mI (5845) mqtt: Connected to MQTT
[0m
[0;32mI (5845) progress: Wake count: 1[0m
[0;32mI (5845) progress: Going to sleep[0m
ets Jul 29 2019 12:21:46

rst:0x5 (DEEPSLEEP_RESET),boot:0x13 (SPI_FAST_FLASH_BOOT)
Wakeup Stub Executed
[0;32mWakeup Cause: 2[0m
[0;32mCurrent Timestamp: 5923720, Last Timestamp: 0[0m
[0;32mStored event at position 0[0m
[0;32mPrinting stored events...[0m
[0;32mEvent 0: Timestamp: 5923720, Sensor ID: 0[0m
configsip: 0, SPIWP:0xee
clk_drv:0x00,q_drv:0x00,d_drv:0x00,cs0_drv:0x00,hd_drv:0x00,wp_drv:0x00
mode:DIO, clock div:2
load:0x3fff0030,len:7176
load:0x40078000,len:15564
ho 0 tail 12 room 4
load:0x40080400,len:4
load:0x40080404,len:3904
entry 0x40080640
[0;32mI (63) boot: ESP-IDF v5.3.1 2nd stage bootloader[0m
[0;32mI (63) boot: compile time Nov 21 2024 01:27:28[0m
[0;32mI (63) boot: Multicore bootloader[0m
[0;32mI (67) boot: chip revision: v3.0[0m
[0;32mI (71) boot.esp32: SPI Speed      : 40MHz[0m
[0;32mI (76) boot.esp32: SPI Mode       : DIO[0m
[0;32mI (80) boot.esp32: SPI Flash Size : 2MB[0m
[0;32mI (85) boot: Enabling RNG early entropy source...[0m
[0;32mI (90) boot: Partition Table:[0m
[0;32mI (94) boot: ## Label            Usage          Type ST Offset   Length[0m
[0;32mI (101) boot:  0 nvs              WiFi data        01 02 00009000 00006000[0m
[0;32mI (109) boot:  1 phy_init         RF data          01 01 0000f000 00001000[0m
[0;32mI (116) boot:  2 factory          factory app      00 00 00010000 00177000[0m
[0;32mI (124) boot: End of partition table[0m
[0;32mI (128) esp_image: segment 0: paddr=00010020 vaddr=3f400020 size=28980h (166272) map[0m
[0;32mI (194) esp_image: segment 1: paddr=000389a8 vaddr=3ff80301 size=00008h (     8) [0m
[0;32mI (194) esp_image: segment 2: paddr=000389b8 vaddr=3ffb0000 size=04038h ( 16440) load[0m
[0;32mI (205) esp_image: segment 3: paddr=0003c9f8 vaddr=40080000 size=03620h ( 13856) load[0m
[0;32mI (213) esp_image: segment 4: paddr=00040020 vaddr=400d0020 size=a4054h (671828) map[0m
[0;32mI (446) esp_image: segment 5: paddr=000e407c vaddr=40083620 size=1636ch ( 90988) load[0m
[0;32mI (482) esp_image: segment 6: paddr=000fa3f0 vaddr=400c0000 size=00304h (   772) [0m
[0;32mI (483) esp_image: segment 7: paddr=000fa6fc vaddr=50000000 size=0027ch (   636) [0m
[0;32mI (500) boot: Loaded app from partition at offset 0x10000[0m
[0;32mI (500) boot: Disabling RNG early entropy source...[0m
[0;32mI (513) cpu_start: Multicore app[0m
[0;32mI (521) cpu_start: Pro cpu start user code[0m
[0;32mI (521) cpu_start: cpu freq: 160000000 Hz[0m
[0;32mI (521) app_init: Application information:[0m
[0;32mI (524) app_init: Project name:     PIR[0m
[0;32mI (529) app_init: App version:      42bb6fe-dirty[0m
[0;32mI (534) app_init: Compile time:     Nov 21 2024 01:27:13[0m
[0;32mI (540) app_init: ELF file SHA256:  31d2ee31a8eef6ca...[0m
[0;32mI (546) app_init: ESP-IDF:          v5.3.1[0m
[0;32mI (551) efuse_init: Min chip rev:     v0.0[0m
[0;32mI (555) efuse_init: Max chip rev:     v3.99 [0m
[0;32mI (560) efuse_init: Chip rev:         v3.0[0m
[0;32mI (566) heap_init: Initializing. RAM available for dynamic allocation:[0m
[0;32mI (573) heap_init: At 3FFAE6E0 len 00001920 (6 KiB): DRAM[0m
[0;32mI (579) heap_init: At 3FFB8970 len 00027690 (157 KiB): DRAM[0m
[0;32mI (585) heap_init: At 3FFE0440 len 00003AE0 (14 KiB): D/IRAM[0m
[0;32mI (591) heap_init: At 3FFE4350 len 0001BCB0 (111 KiB): D/IRAM[0m
[0;32mI (598) heap_init: At 4009998C len 00006674 (25 KiB): IRAM[0m
[0;32mI (605) spi_flash: detected chip: generic[0m
[0;32mI (608) spi_flash: flash io: dio[0m
[0;33mW (612) spi_flash: Detected size(4096k) larger than the size in the binary image header(2048k). Using the size in the binary image header.[0m
[0;33mW (626) i2c: This driver is an old driver, please migrate your application code to adapt `driver/i2c_master.h`[0m
[0;32mI (637) main_task: Started on CPU0[0m
[0;32mI (647) main_task: Calling app_main()[0m
!!!!Current MAC address: 94:B9:7E:42:14:C8
BED ESP.
[0;32mI (647) progress: [APP] Free memory: 273564 bytes[0m
[0;32mI (647) progress: [APP] IDF version: v5.3.1[0m
[0;32mI (687) progress: Starting Wifi[0m
[0;32mI (1787) progress: Starting Clock[0m
[0;32mI (5787) progress: The current date/time in Germany is: Mon Nov 25 03:48:50 2024[0m
[0;32mI (5787) progress: Starting MQTT[0m
[0;32mI (5787) mqtt: [APP] Free memory: 225816 bytes[0m
[0;32mI (5797) mqtt: MQTT_EVENT_BEFORE_CONNECT
[0m
[0;32mI (5807) mqtt: Note free memory: 214264 bytes[0m
[0;32mI (5807) mqtt: Waiting for connection to MQTT
[0m
[0;32mI (5817) mqtt: MQTT_EVENT_CONNECTED
[0m
[0;32mI (5817) mqtt: Connected to MQTT
[0m
[0;32mI (5817) progress: Wake count: 2[0m
[0;32mI (5817) progress: Going to sleep[0m
ets Jul 29 2019 12:21:46

rst:0x5 (DEEPSLEEP_RESET),boot:0x13 (SPI_FAST_FLASH_BOOT)
Wakeup Stub Executed
[0;32mWakeup Cause: 2[0m
[0;32mCurrent Timestamp: 11773493, Last Timestamp: 5923720[0m
[0;32mStored event at position 1[0m
[0;32mPrinting stored events...[0m
[0;32mEvent 0: Timestamp: 5923720, Sensor ID: 0[0m
[0;32mEvent 1: Timestamp: 11773493, Sensor ID: 0[0m
configsip: 0, SPIWP:0xee
clk_drv:0x00,q_drv:0x00,d_drv:0x00,cs0_drv:0x00,hd_drv:0x00,wp_drv:0x00
mode:DIO, clock div:2
load:0x3fff0030,len:7176
load:0x40078000,len:15564
ho 0 tail 12 room 4
load:0x40080400,len:4
load:0x40080404,len:3904
entry 0x40080640
[0;32mI (70) boot: ESP-IDF v5.3.1 2nd stage bootloader[0m
[0;32mI (70) boot: compile time Nov 21 2024 01:27:28[0m
[0;32mI (71) boot: Multicore bootloader[0m
[0;32mI (75) boot: chip revision: v3.0[0m
[0;32mI (79) boot.esp32: SPI Speed      : 40MHz[0m
[0;32mI (83) boot.esp32: SPI Mode       : DIO[0m
[0;32mI (88) boot.esp32: SPI Flash Size : 2MB[0m
[0;32mI (93) boot: Enabling RNG early entropy source...[0m
[0;32mI (98) boot: Partition Table:[0m
[0;32mI (102) boot: ## Label            Usage          Type ST Offset   Length[0m
[0;32mI (109) boot:  0 nvs              WiFi data        01 02 00009000 00006000[0m
[0;32mI (116) boot:  1 phy_init         RF data          01 01 0000f000 00001000[0m
[0;32mI (124) boot:  2 factory          factory app      00 00 00010000 00177000[0m
[0;32mI (132) boot: End of partition table[0m
[0;32mI (136) esp_image: segment 0: paddr=00010020 vaddr=3f400020 size=28980h (166272) map[0m
[0;32mI (201) esp_image: segment 1: paddr=000389a8 vaddr=3ff80301 size=00008h (     8) [0m
[0;32mI (202) esp_image: segment 2: paddr=000389b8 vaddr=3ffb0000 size=04038h ( 16440) load[0m
[0;32mI (213) esp_image: segment 3: paddr=0003c9f8 vaddr=40080000 size=03620h ( 13856) load[0m
[0;32mI (221) esp_image: segment 4: paddr=00040020 vaddr=400d0020 size=a4054h (671828) map[0m
[0;32mI (454) esp_image: segment 5: paddr=000e407c vaddr=40083620 size=1636ch ( 90988) load[0m
[0;32mI (490) esp_image: segment 6: paddr=000fa3f0 vaddr=400c0000 size=00304h (   772) [0m
[0;32mI (490) esp_image: segment 7: paddr=000fa6fc vaddr=50000000 size=0027ch (   636) [0m
[0;32mI (508) boot: Loaded app from partition at offset 0x10000[0m
[0;32mI (508) boot: Disabling RNG early entropy source...[0m
[0;32mI (520) cpu_start: Multicore app[0m
[0;32mI (529) cpu_start: Pro cpu start user code[0m
[0;32mI (529) cpu_start: cpu freq: 160000000 Hz[0m
[0;32mI (529) app_init: Application information:[0m
[0;32mI (532) app_init: Project name:     PIR[0m
[0;32mI (536) app_init: App version:      42bb6fe-dirty[0m
[0;32mI (542) app_init: Compile time:     Nov 21 2024 01:27:13[0m
[0;32mI (548) app_init: ELF file SHA256:  31d2ee31a8eef6ca...[0m
[0;32mI (554) app_init: ESP-IDF:          v5.3.1[0m
[0;32mI (558) efuse_init: Min chip rev:     v0.0[0m
[0;32mI (563) efuse_init: Max chip rev:     v3.99 [0m
[0;32mI (568) efuse_init: Chip rev:         v3.0[0m
[0;32mI (573) heap_init: Initializing. RAM available for dynamic allocation:[0m
[0;32mI (580) heap_init: At 3FFAE6E0 len 00001920 (6 KiB): DRAM[0m
[0;32mI (586) heap_init: At 3FFB8970 len 00027690 (157 KiB): DRAM[0m
[0;32mI (592) heap_init: At 3FFE0440 len 00003AE0 (14 KiB): D/IRAM[0m
[0;32mI (599) heap_init: At 3FFE4350 len 0001BCB0 (111 KiB): D/IRAM[0m
[0;32mI (605) heap_init: At 4009998C len 00006674 (25 KiB): IRAM[0m
[0;32mI (613) spi_flash: detected chip: generic[0m
[0;32mI (616) spi_flash: flash io: dio[0m
[0;33mW (620) spi_flash: Detected size(4096k) larger than the size in the binary image header(2048k). Using the size in the binary image header.[0m
[0;33mW (633) i2c: This driver is an old driver, please migrate your application code to adapt `driver/i2c_master.h`[0m
[0;32mI (645) main_task: Started on CPU0[0m
[0;32mI (655) main_task: Calling app_main()[0m
!!!!Current MAC address: 94:B9:7E:42:14:C8
BED ESP.
[0;32mI (655) progress: [APP] Free memory: 273564 bytes[0m
[0;32mI (655) progress: [APP] IDF version: v5.3.1[0m
[0;32mI (695) progress: Starting Wifi[0m
[0;32mI (1795) progress: Starting Clock[0m
[0;32mI (5795) progress: The current date/time in Germany is: Mon Nov 25 03:48:56 2024[0m
[0;32mI (5795) progress: Starting MQTT[0m
[0;32mI (5795) mqtt: [APP] Free memory: 225808 bytes[0m
[0;32mI (5805) mqtt: MQTT_EVENT_BEFORE_CONNECT
[0m
[0;32mI (5815) mqtt: Note free memory: 214432 bytes[0m
[0;32mI (5815) mqtt: Waiting for connection to MQTT
[0m
[0;32mI (5825) mqtt: MQTT_EVENT_CONNECTED
[0m
[0;32mI (5825) mqtt: Connected to MQTT
[0m
[0;32mI (5825) progress: Wake count: 3[0m
[0;32mI (5825) progress: Going to sleep[0m
ets Jul 29 2019 12:21:46

rst:0x5 (DEEPSLEEP_RESET),boot:0x13 (SPI_FAST_FLASH_BOOT)
Wakeup Stub Executed
[0;32mWakeup Cause: 2[0m
[0;32mCurrent Timestamp: 17612540, Last Timestamp: 11773493[0m
[0;32mStored event at position 2[0m
[0;32mPrinting stored events...[0m
[0;32mEvent 0: Timestamp: 5923720, Sensor ID: 0[0m
[0;32mEvent 1: Timestamp: 11773493, Sensor ID: 0[0m
[0;32mEvent 2: Timestamp: 17612540, Sensor ID: 0[0m
configsip: 0, SPIWP:0xee
clk_drv:0x00,q_drv:0x00,d_drv:0x00,cs0_drv:0x00,hd_drv:0x00,wp_drv:0x00
mode:DIO, clock div:2
load:0x3fff0030,len:7176
load:0x40078000,len:15564
ho 0 tail 12 room 4
load:0x40080400,len:4
load:0x40080404,len:3904
entry 0x40080640
[0;32mI (77) boot: ESP-IDF v5.3.1 2nd stage bootloader[0m
[0;32mI (78) boot: compile time Nov 21 2024 01:27:28[0m
[0;32mI (78) boot: Multicore bootloader[0m
[0;32mI (82) boot: chip revision: v3.0[0m
[0;32mI (86) boot.esp32: SPI Speed      : 40MHz[0m
[0;32mI (91) boot.esp32: SPI Mode       : DIO[0m
[0;32mI (95) boot.esp32: SPI Flash Size : 2MB[0m
[0;32mI (100) boot: Enabling RNG early entropy source...[0m
[0;32mI (105) boot: Partition Table:[0m
[0;32mI (109) boot: ## Label            Usage          Type ST Offset   Length[0m
[0;32mI (116) boot:  0 nvs              WiFi data        01 02 00009000 00006000[0m
[0;32mI (124) boot:  1 phy_init         RF data          01 01 0000f000 00001000[0m
[0;32mI (131) boot:  2 factory          factory app      00 00 00010000 00177000[0m
[0;32mI (139) boot: End of partition table[0m
[0;32mI (143) esp_image: segment 0: paddr=00010020 vaddr=3f400020 size=28980h (166272) map[0m
[0;32mI (209) esp_image: segment 1: paddr=000389a8 vaddr=3ff80301 size=00008h (     8) [0m
[0;32mI (209) esp_image: segment 2: paddr=000389b8 vaddr=3ffb0000 size=04038h ( 16440) load[0m
[0;32mI (220) esp_image: segment 3: paddr=0003c9f8 vaddr=40080000 size=03620h ( 13856) load[0m
[0;32mI (228) esp_image: segment 4: paddr=00040020 vaddr=400d0020 size=a4054h (671828) map[0m
[0;32mI (461) esp_image: segment 5: paddr=000e407c vaddr=40083620 size=1636ch ( 90988) load[0m
[0;32mI (497) esp_image: segment 6: paddr=000fa3f0 vaddr=400c0000 size=00304h (   772) [0m
[0;32mI (498) esp_image: segment 7: paddr=000fa6fc vaddr=50000000 size=0027ch (   636) [0m
[0;32mI (515) boot: Loaded app from partition at offset 0x10000[0m
[0;32mI (515) boot: Disabling RNG early entropy source...[0m
[0;32mI (528) cpu_start: Multicore app[0m
[0;32mI (536) cpu_start: Pro cpu start user code[0m
[0;32mI (536) cpu_start: cpu freq: 160000000 Hz[0m
[0;32mI (536) app_init: Application information:[0m
[0;32mI (539) app_init: Project name:     PIR[0m
[0;32mI (544) app_init: App version:      42bb6fe-dirty[0m
[0;32mI (549) app_init: Compile time:     Nov 21 2024 01:27:13[0m
[0;32mI (555) app_init: ELF file SHA256:  31d2ee31a8eef6ca...[0m
[0;32mI (561) app_init: ESP-IDF:          v5.3.1[0m
[0;32mI (566) efuse_init: Min chip rev:     v0.0[0m
[0;32mI (570) efuse_init: Max chip rev:     v3.99 [0m
[0;32mI (575) efuse_init: Chip rev:         v3.0[0m
[0;32mI (580) heap_init: Initializing. RAM available for dynamic allocation:[0m
[0;32mI (588) heap_init: At 3FFAE6E0 len 00001920 (6 KiB): DRAM[0m
[0;32mI (593) heap_init: At 3FFB8970 len 00027690 (157 KiB): DRAM[0m
[0;32mI (600) heap_init: At 3FFE0440 len 00003AE0 (14 KiB): D/IRAM[0m
[0;32mI (606) heap_init: At 3FFE4350 len 0001BCB0 (111 KiB): D/IRAM[0m
[0;32mI (612) heap_init: At 4009998C len 00006674 (25 KiB): IRAM[0m
[0;32mI (620) spi_flash: detected chip: generic[0m
[0;32mI (623) spi_flash: flash io: dio[0m
[0;33mW (627) spi_flash: Detected size(4096k) larger than the size in the binary image header(2048k). Using the size in the binary image header.[0m
[0;33mW (641) i2c: This driver is an old driver, please migrate your application code to adapt `driver/i2c_master.h`[0m
[0;32mI (652) main_task: Started on CPU0[0m
[0;32mI (662) main_task: Calling app_main()[0m
!!!!Current MAC address: 94:B9:7E:42:14:C8
BED ESP.
[0;32mI (662) progress: [APP] Free memory: 273564 bytes[0m
[0;32mI (662) progress: [APP] IDF version: v5.3.1[0m
[0;32mI (702) progress: Starting Wifi[0m
[0;32mI (1792) progress: Starting Clock[0m
[0;32mI (5792) progress: The current date/time in Germany is: Mon Nov 25 03:49:02 2024[0m
[0;32mI (5792) progress: Starting MQTT[0m
[0;32mI (5792) mqtt: [APP] Free memory: 225828 bytes[0m
[0;32mI (5802) mqtt: MQTT_EVENT_BEFORE_CONNECT
[0m
[0;32mI (5812) mqtt: Note free memory: 214448 bytes[0m
[0;32mI (5812) mqtt: Waiting for connection to MQTT
[0m
[0;32mI (5822) mqtt: MQTT_EVENT_CONNECTED
[0m
[0;32mI (5822) mqtt: Connected to MQTT
[0m
[0;32mI (5822) progress: Wake count: 4[0m
[0;32mI (5822) progress: Going to sleep[0m
ets Jul 29 2019 12:21:46

rst:0x5 (DEEPSLEEP_RESET),boot:0x13 (SPI_FAST_FLASH_BOOT)
Wakeup Stub Executed
[0;32mWakeup Cause: 2[0m
[0;32mCurrent Timestamp: 23470227, Last Timestamp: 17612540[0m
[0;32mStored event at position 3[0m
[0;32mPrinting stored events...[0m
[0;32mEvent 0: Timestamp: 5923720, Sensor ID: 0[0m
[0;32mEvent 1: Timestamp: 11773493, Sensor ID: 0[0m
[0;32mEvent 2: Timestamp: 17612540, Sensor ID: 0[0m
[0;32mEvent 3: Timestamp: 23470227, Sensor ID: 0[0m
configsip: 0, SPIWP:0xee
clk_drv:0x00,q_drv:0x00,d_drv:0x00,cs0_drv:0x00,hd_drv:0x00,wp_drv:0x00
mode:DIO, clock div:2
load:0x3fff0030,len:7176
load:0x40078000,len:15564
ho 0 tail 12 room 4
load:0x40080400,len:4
load:0x40080404,len:3904
entry 0x40080640
[0;32mI (84) boot: ESP-IDF v5.3.1 2nd stage bootloader[0m
[0;32mI (85) boot: compile time Nov 21 2024 01:27:28[0m
[0;32mI (85) boot: Multicore bootloader[0m
[0;32mI (89) boot: chip revision: v3.0[0m
[0;32mI (93) boot.esp32: SPI Speed      : 40MHz[0m
[0;32mI (98) boot.esp32: SPI Mode       : DIO[0m
[0;32mI (102) boot.esp32: SPI Flash Size : 2MB[0m
[0;32mI (107) boot: Enabling RNG early entropy source...[0m
[0;32mI (112) boot: Partition Table:[0m
[0;32mI (116) boot: ## Label            Usage          Type ST Offset   Length[0m
[0;32mI (123) boot:  0 nvs              WiFi data        01 02 00009000 00006000[0m
[0;32mI (131) boot:  1 phy_init         RF data          01 01 0000f000 00001000[0m
[0;32mI (138) boot:  2 factory          factory app      00 00 00010000 00177000[0m
[0;32mI (146) boot: End of partition table[0m
[0;32mI (150) esp_image: segment 0: paddr=00010020 vaddr=3f400020 size=28980h (166272) map[0m
[0;32mI (216) esp_image: segment 1: paddr=000389a8 vaddr=3ff80301 size=00008h (     8) [0m
[0;32mI (216) esp_image: segment 2: paddr=000389b8 vaddr=3ffb0000 size=04038h ( 16440) load[0m
[0;32mI (227) esp_image: segment 3: paddr=0003c9f8 vaddr=40080000 size=03620h ( 13856) load[0m
[0;32mI (235) esp_image: segment 4: paddr=00040020 vaddr=400d0020 size=a4054h (671828) map[0m
[0;32mI (468) esp_image: segment 5: paddr=000e407c vaddr=40083620 size=1636ch ( 90988) load[0m
[0;32mI (504) esp_image: segment 6: paddr=000fa3f0 vaddr=400c0000 size=00304h (   772) [0m
[0;32mI (505) esp_image: segment 7: paddr=000fa6fc vaddr=50000000 size=0027ch (   636) [0m
[0;32mI (522) boot: Loaded app from partition at offset 0x10000[0m
[0;32mI (522) boot: Disabling RNG early entropy source...[0m
[0;32mI (535) cpu_start: Multicore app[0m
[0;32mI (543) cpu_start: Pro cpu start user code[0m
[0;32mI (543) cpu_start: cpu freq: 160000000 Hz[0m
[0;32mI (543) app_init: Application information:[0m
[0;32mI (546) app_init: Project name:     PIR[0m
[0;32mI (551) app_init: App version:      42bb6fe-dirty[0m
[0;32mI (556) app_init: Compile time:     Nov 21 2024 01:27:13[0m
[0;32mI (562) app_init: ELF file SHA256:  31d2ee31a8eef6ca...[0m
[0;32mI (568) app_init: ESP-IDF:          v5.3.1[0m
[0;32mI (573) efuse_init: Min chip rev:     v0.0[0m
[0;32mI (578) efuse_init: Max chip rev:     v3.99 [0m
[0;32mI (582) efuse_init: Chip rev:         v3.0[0m
[0;32mI (588) heap_init: Initializing. RAM available for dynamic allocation:[0m
[0;32mI (595) heap_init: At 3FFAE6E0 len 00001920 (6 KiB): DRAM[0m
[0;32mI (601) heap_init: At 3FFB8970 len 00027690 (157 KiB): DRAM[0m
[0;32mI (607) heap_init: At 3FFE0440 len 00003AE0 (14 KiB): D/IRAM[0m
[0;32mI (613) heap_init: At 3FFE4350 len 0001BCB0 (111 KiB): D/IRAM[0m
[0;32mI (620) heap_init: At 4009998C len 00006674 (25 KiB): IRAM[0m
[0;32mI (627) spi_flash: detected chip: generic[0m
[0;32mI (630) spi_flash: flash io: dio[0m
[0;33mW (634) spi_flash: Detected size(4096k) larger than the size in the binary image header(2048k). Using the size in the binary image header.[0m
[0;33mW (648) i2c: This driver is an old driver, please migrate your application code to adapt `driver/i2c_master.h`[0m
[0;32mI (659) main_task: Started on CPU0[0m
[0;32mI (669) main_task: Calling app_main()[0m
!!!!Current MAC address: 94:B9:7E:42:14:C8
BED ESP.
[0;32mI (669) progress: [APP] Free memory: 273564 bytes[0m
[0;32mI (669) progress: [APP] IDF version: v5.3.1[0m
[0;32mI (709) progress: Starting Wifi[0m
[0;32mI (1809) progress: Starting Clock[0m
[0;32mI (7809) progress: The current date/time in Germany is: Mon Nov 25 03:49:10 2024[0m
[0;32mI (7809) progress: Starting MQTT[0m
[0;32mI (7809) mqtt: [APP] Free memory: 225808 bytes[0m
[0;32mI (7819) mqtt: MQTT_EVENT_BEFORE_CONNECT
[0m
[0;32mI (7829) mqtt: Note free memory: 214432 bytes[0m
[0;32mI (7829) mqtt: Waiting for connection to MQTT
[0m
[0;32mI (7839) mqtt: MQTT_EVENT_CONNECTED
[0m
[0;32mI (7839) mqtt: Connected to MQTT
[0m
[0;32mI (7839) progress: Wake count: 5[0m
[0;32mI (7839) progress: Going to sleep[0m
ets Jul 29 2019 12:21:46

rst:0x5 (DEEPSLEEP_RESET),boot:0x13 (SPI_FAST_FLASH_BOOT)
Wakeup Stub Executed
[0;32mWakeup Cause: 2[0m
[0;32mCurrent Timestamp: 31350625, Last Timestamp: 23470227[0m
[0;32mStored event at position 4[0m
[0;32mPrinting stored events...[0m
[0;32mEvent 0: Timestamp: 5923720, Sensor ID: 0[0m
[0;32mEvent 1: Timestamp: 11773493, Sensor ID: 0[0m
[0;32mEvent 2: Timestamp: 17612540, Sensor ID: 0[0m
[0;32mEvent 3: Timestamp: 23470227, Sensor ID: 0[0m
[0;32mEvent 4: Timestamp: 31350625, Sensor ID: 0[0m
configsip: 0, SPIWP:0xee
clk_drv:0x00,q_drv:0x00,d_drv:0x00,cs0_drv:0x00,hd_drv:0x00,wp_drv:0x00
mode:DIO, clock div:2
load:0x3fff0030,len:7176
load:0x40078000,len:15564
ho 0 tail 12 room 4
load:0x40080400,len:4
load:0x40080404,len:3904
entry 0x40080640
[0;32mI (91) boot: ESP-IDF v5.3.1 2nd stage bootloader[0m
[0;32mI (92) boot: compile time Nov 21 2024 01:27:28[0m
[0;32mI (92) boot: Multicore bootloader[0m
[0;32mI (96) boot: chip revision: v3.0[0m
[0;32mI (100) boot.esp32: SPI Speed      : 40MHz[0m
[0;32mI (105) boot.esp32: SPI Mode       : DIO[0m
[0;32mI (109) boot.esp32: SPI Flash Size : 2MB[0m
[0;32mI (114) boot: Enabling RNG early entropy source...[0m
[0;32mI (119) boot: Partition Table:[0m
[0;32mI (123) boot: ## Label            Usage          Type ST Offset   Length[0m
[0;32mI (130) boot:  0 nvs              WiFi data        01 02 00009000 00006000[0m
[0;32mI (138) boot:  1 phy_init         RF data          01 01 0000f000 00001000[0m
[0;32mI (146) boot:  2 factory          factory app      00 00 00010000 00177000[0m
[0;32mI (153) boot: End of partition table[0m
[0;32mI (157) esp_image: segment 0: paddr=00010020 vaddr=3f400020 size=28980h (166272) map[0m
[0;32mI (223) esp_image: segment 1: paddr=000389a8 vaddr=3ff80301 size=00008h (     8) [0m
[0;32mI (223) esp_image: segment 2: paddr=000389b8 vaddr=3ffb0000 size=04038h ( 16440) load[0m
[0;32mI (235) esp_image: segment 3: paddr=0003c9f8 vaddr=40080000 size=03620h ( 13856) load[0m
[0;32mI (242) esp_image: segment 4: paddr=00040020 vaddr=400d0020 size=a4054h (671828) map[0m
[0;32mI (476) esp_image: segment 5: paddr=000e407c vaddr=40083620 size=1636ch ( 90988) load[0m
[0;32mI (511) esp_image: segment 6: paddr=000fa3f0 vaddr=400c0000 size=00304h (   772) [0m
[0;32mI (512) esp_image: segment 7: paddr=000fa6fc vaddr=50000000 size=0027ch (   636) [0m
[0;32mI (530) boot: Loaded app from partition at offset 0x10000[0m
[0;32mI (530) boot: Disabling RNG early entropy source...[0m
[0;32mI (542) cpu_start: Multicore app[0m
[0;32mI (550) cpu_start: Pro cpu start user code[0m
[0;32mI (550) cpu_start: cpu freq: 160000000 Hz[0m
[0;32mI (550) app_init: Application information:[0m
[0;32mI (553) app_init: Project name:     PIR[0m
[0;32mI (558) app_init: App version:      42bb6fe-dirty[0m
[0;32mI (563) app_init: Compile time:     Nov 21 2024 01:27:13[0m
[0;32mI (569) app_init: ELF file SHA256:  31d2ee31a8eef6ca...[0m
[0;32mI (575) app_init: ESP-IDF:          v5.3.1[0m
[0;32mI (580) efuse_init: Min chip rev:     v0.0[0m
[0;32mI (585) efuse_init: Max chip rev:     v3.99 [0m
[0;32mI (590) efuse_init: Chip rev:         v3.0[0m
[0;32mI (595) heap_init: Initializing. RAM available for dynamic allocation:[0m
[0;32mI (602) heap_init: At 3FFAE6E0 len 00001920 (6 KiB): DRAM[0m
[0;32mI (608) heap_init: At 3FFB8970 len 00027690 (157 KiB): DRAM[0m
[0;32mI (614) heap_init: At 3FFE0440 len 00003AE0 (14 KiB): D/IRAM[0m
[0;32mI (620) heap_init: At 3FFE4350 len 0001BCB0 (111 KiB): D/IRAM[0m
[0;32mI (627) heap_init: At 4009998C len 00006674 (25 KiB): IRAM[0m
[0;32mI (635) spi_flash: detected chip: generic[0m
[0;32mI (638) spi_flash: flash io: dio[0m
[0;33mW (641) spi_flash: Detected size(4096k) larger than the size in the binary image header(2048k). Using the size in the binary image header.[0m
[0;33mW (655) i2c: This driver is an old driver, please migrate your application code to adapt `driver/i2c_master.h`[0m
[0;32mI (666) main_task: Started on CPU0[0m
[0;32mI (676) main_task: Calling app_main()[0m
!!!!Current MAC address: 94:B9:7E:42:14:C8
BED ESP.
[0;32mI (676) progress: [APP] Free memory: 273564 bytes[0m
[0;32mI (676) progress: [APP] IDF version: v5.3.1[0m
[0;32mI (716) progress: Starting Wifi[0m
[0;32mI (1816) progress: Starting Clock[0m
[0;32mI (5816) progress: The current date/time in Germany is: Mon Nov 25 03:49:16 2024[0m
[0;32mI (5816) progress: Starting MQTT[0m
[0;32mI (5816) mqtt: [APP] Free memory: 225808 bytes[0m
[0;32mI (5826) mqtt: MQTT_EVENT_BEFORE_CONNECT
[0m
[0;32mI (5836) mqtt: Note free memory: 214432 bytes[0m
[0;32mI (5836) mqtt: Waiting for connection to MQTT
[0m
[0;32mI (5846) mqtt: MQTT_EVENT_CONNECTED
[0m
[0;32mI (5846) mqtt: Connected to MQTT
[0m
[0;32mI (5846) progress: Wake count: 6[0m
[0;32mI (5846) progress: Going to sleep[0m
ets Jul 29 2019 12:21:46

rst:0x5 (DEEPSLEEP_RESET),boot:0x13 (SPI_FAST_FLASH_BOOT)
Wakeup Stub Executed
[0;32mWakeup Cause: 2[0m
[0;32mCurrent Timestamp: 37225457, Last Timestamp: 31350625[0m
[0;32mStored event at position 5[0m
[0;32mPrinting stored events...[0m
[0;32mEvent 0: Timestamp: 5923720, Sensor ID: 0[0m
[0;32mEvent 1: Timestamp: 11773493, Sensor ID: 0[0m
[0;32mEvent 2: Timestamp: 17612540, Sensor ID: 0[0m
[0;32mEvent 3: Timestamp: 23470227, Sensor ID: 0[0m
[0;32mEvent 4: Timestamp: 31350625, Sensor ID: 0[0m
[0;32mEvent 5: Timestamp: 37225457, Sensor ID: 0[0m
configsip: 0, SPIWP:0xee
clk_drv:0x00,q_drv:0x00,d_drv:0x00,cs0_drv:0x00,hd_drv:0x00,wp_drv:0x00
mode:DIO, clock div:2
load:0x3fff0030,len:7176
load:0x40078000,len:15564
ho 0 tail 12 room 4
load:0x40080400,len:4
load:0x40080404,len:3904
entry 0x40080640
[0;32mI (98) boot: ESP-IDF v5.3.1 2nd stage bootloader[0m
[0;32mI (99) boot: compile time Nov 21 2024 01:27:28[0m
[0;32mI (99) boot: Multicore bootloader[0m
[0;32mI (103) boot: chip revision: v3.0[0m
[0;32mI (107) boot.esp32: SPI Speed      : 40MHz[0m
[0;32mI (112) boot.esp32: SPI Mode       : DIO[0m
[0;32mI (116) boot.esp32: SPI Flash Size : 2MB[0m
[0;32mI (121) boot: Enabling RNG early entropy source...[0m
[0;32mI (126) boot: Partition Table:[0m
[0;32mI (130) boot: ## Label            Usage          Type ST Offset   Length[0m
[0;32mI (138) boot:  0 nvs              WiFi data        01 02 00009000 00006000[0m
[0;32mI (145) boot:  1 phy_init         RF data          01 01 0000f000 00001000[0m
[0;32mI (153) boot:  2 factory          factory app      00 00 00010000 00177000[0m
[0;32mI (160) boot: End of partition table[0m
[0;32mI (164) esp_image: segment 0: paddr=00010020 vaddr=3f400020 size=28980h (166272) map[0m
[0;32mI (230) esp_image: segment 1: paddr=000389a8 vaddr=3ff80301 size=00008h (     8) [0m
[0;32mI (230) esp_image: segment 2: paddr=000389b8 vaddr=3ffb0000 size=04038h ( 16440) load[0m
[0;32mI (242) esp_image: segment 3: paddr=0003c9f8 vaddr=40080000 size=03620h ( 13856) load[0m
[0;32mI (249) esp_image: segment 4: paddr=00040020 vaddr=400d0020 size=a4054h (671828) map[0m
[0;32mI (483) esp_image: segment 5: paddr=000e407c vaddr=40083620 size=1636ch ( 90988) load[0m
[0;32mI (518) esp_image: segment 6: paddr=000fa3f0 vaddr=400c0000 size=00304h (   772) [0m
[0;32mI (519) esp_image: segment 7: paddr=000fa6fc vaddr=50000000 size=0027ch (   636) [0m
[0;32mI (537) boot: Loaded app from partition at offset 0x10000[0m
[0;32mI (537) boot: Disabling RNG early entropy source...[0m
[0;32mI (549) cpu_start: Multicore app[0m
[0;32mI (557) cpu_start: Pro cpu start user code[0m
[0;32mI (557) cpu_start: cpu freq: 160000000 Hz[0m
[0;32mI (558) app_init: Application information:[0m
[0;32mI (560) app_init: Project name:     PIR[0m
[0;32mI (565) app_init: App version:      42bb6fe-dirty[0m
[0;32mI (570) app_init: Compile time:     Nov 21 2024 01:27:13[0m
[0;32mI (576) app_init: ELF file SHA256:  31d2ee31a8eef6ca...[0m
[0;32mI (582) app_init: ESP-IDF:          v5.3.1[0m
[0;32mI (587) efuse_init: Min chip rev:     v0.0[0m
[0;32mI (592) efuse_init: Max chip rev:     v3.99 [0m
[0;32mI (597) efuse_init: Chip rev:         v3.0[0m
[0;32mI (602) heap_init: Initializing. RAM available for dynamic allocation:[0m
[0;32mI (609) heap_init: At 3FFAE6E0 len 00001920 (6 KiB): DRAM[0m
[0;32mI (615) heap_init: At 3FFB8970 len 00027690 (157 KiB): DRAM[0m
[0;32mI (621) heap_init: At 3FFE0440 len 00003AE0 (14 KiB): D/IRAM[0m
[0;32mI (627) heap_init: At 3FFE4350 len 0001BCB0 (111 KiB): D/IRAM[0m
[0;32mI (634) heap_init: At 4009998C len 00006674 (25 KiB): IRAM[0m
[0;32mI (642) spi_flash: detected chip: generic[0m
[0;32mI (645) spi_flash: flash io: dio[0m
[0;33mW (649) spi_flash: Detected size(4096k) larger than the size in the binary image header(2048k). Using the size in the binary image header.[0m
[0;33mW (662) i2c: This driver is an old driver, please migrate your application code to adapt `driver/i2c_master.h`[0m
[0;32mI (673) main_task: Started on CPU0[0m
[0;32mI (683) main_task: Calling app_main()[0m
!!!!Current MAC address: 94:B9:7E:42:14:C8
BED ESP.
[0;32mI (683) progress: [APP] Free memory: 273564 bytes[0m
[0;32mI (683) progress: [APP] IDF version: v5.3.1[0m
[0;32mI (723) progress: Starting Wifi[0m
[0;32mI (1823) progress: Starting Clock[0m
[0;32mI (7823) progress: The current date/time in Germany is: Mon Nov 25 03:49:24 2024[0m
[0;32mI (7823) progress: Starting MQTT[0m
[0;32mI (7823) mqtt: [APP] Free memory: 225808 bytes[0m
[0;32mI (7833) mqtt: MQTT_EVENT_BEFORE_CONNECT
[0m
[0;32mI (7843) mqtt: Note free memory: 214432 bytes[0m
[0;32mI (7843) mqtt: Waiting for connection to MQTT
[0m
[0;32mI (7853) mqtt: MQTT_EVENT_CONNECTED
[0m
[0;32mI (7853) mqtt: Connected to MQTT
[0m
[0;32mI (7853) progress: Wake count: 7[0m
[0;32mI (7853) progress: Going to sleep[0m
ets Jul 29 2019 12:21:46

rst:0x5 (DEEPSLEEP_RESET),boot:0x13 (SPI_FAST_FLASH_BOOT)
Wakeup Stub Executed
[0;32mWakeup Cause: 2[0m
[0;32mCurrent Timestamp: 45108237, Last Timestamp: 37225457[0m
[0;32mStored event at position 6[0m
[0;32mPrinting stored events...[0m
[0;32mEvent 0: Timestamp: 5923720, Sensor ID: 0[0m
[0;32mEvent 1: Timestamp: 11773493, Sensor ID: 0[0m
[0;32mEvent 2: Timestamp: 17612540, Sensor ID: 0[0m
[0;32mEvent 3: Timestamp: 23470227, Sensor ID: 0[0m
[0;32mEvent 4: Timestamp: 31350625, Sensor ID: 0[0m
[0;32mEvent 5: Timestamp: 37225457, Sensor ID: 0[0m
[0;32mEvent 6: Timestamp: 45108237, Sensor ID: 0[0m
configsip: 0, SPIWP:0xee
clk_drv:0x00,q_drv:0x00,d_drv:0x00,cs0_drv:0x00,hd_drv:0x00,wp_drv:0x00
mode:DIO, clock div:2
load:0x3fff0030,len:7176
load:0x40078000,len:15564
ho 0 tail 12 room 4
load:0x40080400,len:4
load:0x40080404,len:3904
entry 0x40080640
[0;32mI (105) boot: ESP-IDF v5.3.1 2nd stage bootloader[0m
[0;32mI (106) boot: compile time Nov 21 2024 01:27:28[0m
[0;32mI (106) boot: Multicore bootloader[0m
[0;32mI (110) boot: chip revision: v3.0[0m
[0;32mI (114) boot.esp32: SPI Speed      : 40MHz[0m
[0;32mI (119) boot.esp32: SPI Mode       : DIO[0m
[0;32mI (124) boot.esp32: SPI Flash Size : 2MB[0m
[0;32mI (128) boot: Enabling RNG early entropy source...[0m
[0;32mI (134) boot: Partition Table:[0m
[0;32mI (137) boot: ## Label            Usage          Type ST Offset   Length[0m
[0;32mI (145) boot:  0 nvs              WiFi data        01 02 00009000 00006000[0m
[0;32mI (152) boot:  1 phy_init         RF data          01 01 0000f000 00001000[0m
[0;32mI (160) boot:  2 factory          factory app      00 00 00010000 00177000[0m
[0;32mI (167) boot: End of partition table[0m
[0;32mI (172) esp_image: segment 0: paddr=00010020 vaddr=3f400020 size=28980h (166272) map[0m
[0;32mI (237) esp_image: segment 1: paddr=000389a8 vaddr=3ff80301 size=00008h (     8) [0m
[0;32mI (238) esp_image: segment 2: paddr=000389b8 vaddr=3ffb0000 size=04038h ( 16440) load[0m
[0;32mI (249) esp_image: segment 3: paddr=0003c9f8 vaddr=40080000 size=03620h ( 13856) load[0m
[0;32mI (257) esp_image: segment 4: paddr=00040020 vaddr=400d0020 size=a4054h (671828) map[0m
[0;32mI (490) esp_image: segment 5: paddr=000e407c vaddr=40083620 size=1636ch ( 90988) load[0m
[0;32mI (526) esp_image: segment 6: paddr=000fa3f0 vaddr=400c0000 size=00304h (   772) [0m
[0;32mI (526) esp_image: segment 7: paddr=000fa6fc vaddr=50000000 size=0027ch (   636) [0m
[0;32mI (544) boot: Loaded app from partition at offset 0x10000[0m
[0;32mI (544) boot: Disabling RNG early entropy source...[0m
[0;32mI (556) cpu_start: Multicore app[0m
[0;32mI (565) cpu_start: Pro cpu start user code[0m
[0;32mI (565) cpu_start: cpu freq: 160000000 Hz[0m
[0;32mI (565) app_init: Application information:[0m
[0;32mI (568) app_init: Project name:     PIR[0m
[0;32mI (572) app_init: App version:      42bb6fe-dirty[0m
[0;32mI (578) app_init: Compile time:     Nov 21 2024 01:27:13[0m
[0;32mI (584) app_init: ELF file SHA256:  31d2ee31a8eef6ca...[0m
[0;32mI (589) app_init: ESP-IDF:          v5.3.1[0m
[0;32mI (594) efuse_init: Min chip rev:     v0.0[0m
[0;32mI (599) efuse_init: Max chip rev:     v3.99 [0m
[0;32mI (604) efuse_init: Chip rev:         v3.0[0m
[0;32mI (609) heap_init: Initializing. RAM available for dynamic allocation:[0m
[0;32mI (616) heap_init: At 3FFAE6E0 len 00001920 (6 KiB): DRAM[0m
[0;32mI (622) heap_init: At 3FFB8970 len 00027690 (157 KiB): DRAM[0m
[0;32mI (628) heap_init: At 3FFE0440 len 00003AE0 (14 KiB): D/IRAM[0m
[0;32mI (635) heap_init: At 3FFE4350 len 0001BCB0 (111 KiB): D/IRAM[0m
[0;32mI (641) heap_init: At 4009998C len 00006674 (25 KiB): IRAM[0m
[0;32mI (649) spi_flash: detected chip: generic[0m
[0;32mI (652) spi_flash: flash io: dio[0m
[0;33mW (656) spi_flash: Detected size(4096k) larger than the size in the binary image header(2048k). Using the size in the binary image header.[0m
[0;33mW (669) i2c: This driver is an old driver, please migrate your application code to adapt `driver/i2c_master.h`[0m
[0;32mI (680) main_task: Started on CPU0[0m
[0;32mI (690) main_task: Calling app_main()[0m
!!!!Current MAC address: 94:B9:7E:42:14:C8
BED ESP.
[0;32mI (690) progress: [APP] Free memory: 273564 bytes[0m
[0;32mI (690) progress: [APP] IDF version: v5.3.1[0m
[0;32mI (730) progress: Starting Wifi[0m
[0;32mI (1830) progress: Starting Clock[0m
[0;32mI (5830) progress: The current date/time in Germany is: Mon Nov 25 03:49:30 2024[0m
[0;32mI (5830) progress: Starting MQTT[0m
[0;32mI (5830) mqtt: [APP] Free memory: 225808 bytes[0m
[0;32mI (5840) mqtt: MQTT_EVENT_BEFORE_CONNECT
[0m
[0;32mI (5850) mqtt: Note free memory: 214432 bytes[0m
[0;32mI (5850) mqtt: Waiting for connection to MQTT
[0m
[0;32mI (5860) mqtt: MQTT_EVENT_CONNECTED
[0m
[0;32mI (5860) mqtt: Connected to MQTT
[0m
[0;32mI (5860) progress: Wake count: 8[0m
[0;32mI (5860) progress: Going to sleep[0m
ets Jul 29 2019 12:21:46

rst:0x5 (DEEPSLEEP_RESET),boot:0x13 (SPI_FAST_FLASH_BOOT)
Wakeup Stub Executed
[0;32mWakeup Cause: 2[0m
[0;32mCurrent Timestamp: 50998987, Last Timestamp: 45108237[0m
[0;32mStored event at position 7[0m
[0;32mPrinting stored events...[0m
[0;32mEvent 0: Timestamp: 5923720, Sensor ID: 0[0m
[0;32mEvent 1: Timestamp: 11773493, Sensor ID: 0[0m
[0;32mEvent 2: Timestamp: 17612540, Sensor ID: 0[0m
[0;32mEvent 3: Timestamp: 23470227, Sensor ID: 0[0m
[0;32mEvent 4: Timestamp: 31350625, Sensor ID: 0[0m
[0;32mEvent 5: Timestamp: 37225457, Sensor ID: 0[0m
[0;32mEvent 6: Timestamp: 45108237, Sensor ID: 0[0m
[0;32mEvent 7: Timestamp: 50998987, Sensor ID: 0[0m
configsip: 0, SPIWP:0xee
clk_drv:0x00,q_drv:0x00,d_drv:0x00,cs0_drv:0x00,hd_drv:0x00,wp_drv:0x00
mode:DIO, clock div:2
load:0x3fff0030,len:7176
load:0x40078000,len:15564
ho 0 tail 12 room 4
load:0x40080400,len:4
load:0x40080404,len:3904
entry 0x40080640
[0;32mI (112) boot: ESP-IDF v5.3.1 2nd stage bootloader[0m
[0;32mI (113) boot: compile time Nov 21 2024 01:27:28[0m
[0;32mI (113) boot: Multicore bootloader[0m
[0;32mI (117) boot: chip revision: v3.0[0m
[0;32mI (121) boot.esp32: SPI Speed      : 40MHz[0m
[0;32mI (126) boot.esp32: SPI Mode       : DIO[0m
[0;32mI (131) boot.esp32: SPI Flash Size : 2MB[0m
[0;32mI (135) boot: Enabling RNG early entropy source...[0m
[0;32mI (141) boot: Partition Table:[0m
[0;32mI (144) boot: ## Label            Usage          Type ST Offset   Length[0m
[0;32mI (152) boot:  0 nvs              WiFi data        01 02 00009000 00006000[0m
[0;32mI (159) boot:  1 phy_init         RF data          01 01 0000f000 00001000[0m
[0;32mI (167) boot:  2 factory          factory app      00 00 00010000 00177000[0m
[0;32mI (174) boot: End of partition table[0m
[0;32mI (179) esp_image: segment 0: paddr=00010020 vaddr=3f400020 size=28980h (166272) map[0m
[0;32mI (244) esp_image: segment 1: paddr=000389a8 vaddr=3ff80301 size=00008h (     8) [0m
[0;32mI (245) esp_image: segment 2: paddr=000389b8 vaddr=3ffb0000 size=04038h ( 16440) load[0m
[0;32mI (256) esp_image: segment 3: paddr=0003c9f8 vaddr=40080000 size=03620h ( 13856) load[0m
[0;32mI (264) esp_image: segment 4: paddr=00040020 vaddr=400d0020 size=a4054h (671828) map[0m
[0;32mI (497) esp_image: segment 5: paddr=000e407c vaddr=40083620 size=1636ch ( 90988) load[0m
[0;32mI (533) esp_image: segment 6: paddr=000fa3f0 vaddr=400c0000 size=00304h (   772) [0m
[0;32mI (533) esp_image: segment 7: paddr=000fa6fc vaddr=50000000 size=0027ch (   636) [0m
[0;32mI (551) boot: Loaded app from partition at offset 0x10000[0m
[0;32mI (551) boot: Disabling RNG early entropy source...[0m
[0;32mI (563) cpu_start: Multicore app[0m
[0;32mI (572) cpu_start: Pro cpu start user code[0m
[0;32mI (572) cpu_start: cpu freq: 160000000 Hz[0m
[0;32mI (572) app_init: Application information:[0m
[0;32mI (575) app_init: Project name:     PIR[0m
[0;32mI (579) app_init: App version:      42bb6fe-dirty[0m
[0;32mI (585) app_init: Compile time:     Nov 21 2024 01:27:13[0m
[0;32mI (591) app_init: ELF file SHA256:  31d2ee31a8eef6ca...[0m
[0;32mI (596) app_init: ESP-IDF:          v5.3.1[0m
[0;32mI (601) efuse_init: Min chip rev:     v0.0[0m
[0;32mI (606) efuse_init: Max chip rev:     v3.99 [0m
[0;32mI (611) efuse_init: Chip rev:         v3.0[0m
[0;32mI (616) heap_init: Initializing. RAM available for dynamic allocation:[0m
[0;32mI (623) heap_init: At 3FFAE6E0 len 00001920 (6 KiB): DRAM[0m
[0;32mI (629) heap_init: At 3FFB8970 len 00027690 (157 KiB): DRAM[0m
[0;32mI (635) heap_init: At 3FFE0440 len 00003AE0 (14 KiB): D/IRAM[0m
[0;32mI (642) heap_init: At 3FFE4350 len 0001BCB0 (111 KiB): D/IRAM[0m
[0;32mI (648) heap_init: At 4009998C len 00006674 (25 KiB): IRAM[0m
[0;32mI (656) spi_flash: detected chip: generic[0m
[0;32mI (659) spi_flash: flash io: dio[0m
[0;33mW (663) spi_flash: Detected size(4096k) larger than the size in the binary image header(2048k). Using the size in the binary image header.[0m
[0;33mW (676) i2c: This driver is an old driver, please migrate your application code to adapt `driver/i2c_master.h`[0m
[0;32mI (687) main_task: Started on CPU0[0m
[0;32mI (697) main_task: Calling app_main()[0m
!!!!Current MAC address: 94:B9:7E:42:14:C8
BED ESP.
[0;32mI (697) progress: [APP] Free memory: 273564 bytes[0m
[0;32mI (697) progress: [APP] IDF version: v5.3.1[0m
[0;32mI (737) progress: Starting Wifi[0m
[0;32mI (1837) progress: Starting Clock[0m
[0;32mI (5837) progress: The current date/time in Germany is: Mon Nov 25 03:49:35 2024[0m
[0;32mI (5837) progress: Starting MQTT[0m
[0;32mI (5837) mqtt: [APP] Free memory: 225808 bytes[0m
[0;32mI (5847) mqtt: MQTT_EVENT_BEFORE_CONNECT
[0m
[0;32mI (5857) mqtt: Note free memory: 214432 bytes[0m
[0;32mI (5857) mqtt: Waiting for connection to MQTT
[0m
[0;32mI (5867) mqtt: MQTT_EVENT_CONNECTED
[0m
[0;32mI (5867) mqtt: Connected to MQTT
[0m
[0;32mI (5867) progress: Wake count: 9[0m
[0;32mI (5867) progress: Going to sleep[0m
ets Jul 29 2019 12:21:46

rst:0x5 (DEEPSLEEP_RESET),boot:0x13 (SPI_FAST_FLASH_BOOT)
Wakeup Stub Executed
[0;32mWakeup Cause: 2[0m
[0;32mCurrent Timestamp: 56851276, Last Timestamp: 50998987[0m
[0;32mStored event at position 8[0m
[0;32mPrinting stored events...[0m
[0;32mEvent 0: Timestamp: 5923720, Sensor ID: 0[0m
[0;32mEvent 1: Timestamp: 11773493, Sensor ID: 0[0m
[0;32mEvent 2: Timestamp: 17612540, Sensor ID: 0[0m
[0;32mEvent 3: Timestamp: 23470227, Sensor ID: 0[0m
[0;32mEvent 4: Timestamp: 31350625, Sensor ID: 0[0m
[0;32mEvent 5: Timestamp: 37225457, Sensor ID: 0[0m
[0;32mEvent 6: Timestamp: 45108237, Sensor ID: 0[0m
[0;32mEvent 7: Timestamp: 50998987, Sensor ID: 0[0m
[0;32mEvent 8: Timestamp: 56851276, Sensor ID: 0[0m
configsip: 0, SPIWP:0xee
clk_drv:0x00,q_drv:0x00,d_drv:0x00,cs0_drv:0x00,hd_drv:0x00,wp_drv:0x00
mode:DIO, clock div:2
load:0x3fff0030,len:7176
load:0x40078000,len:15564
ho 0 tail 12 room 4
load:0x40080400,len:4
load:0x40080404,len:3904
entry 0x40080640
[0;32mI (119) boot: ESP-IDF v5.3.1 2nd stage bootloader[0m
[0;32mI (120) boot: compile time Nov 21 2024 01:27:28[0m
[0;32mI (120) boot: Multicore bootloader[0m
[0;32mI (124) boot: chip revision: v3.0[0m
[0;32mI (128) boot.esp32: SPI Speed      : 40MHz[0m
[0;32mI (133) boot.esp32: SPI Mode       : DIO[0m
[0;32mI (138) boot.esp32: SPI Flash Size : 2MB[0m
[0;32mI (142) boot: Enabling RNG early entropy source...[0m
[0;32mI (148) boot: Partition Table:[0m
[0;32mI (151) boot: ## Label            Usage          Type ST Offset   Length[0m
[0;32mI (159) boot:  0 nvs              WiFi data        01 02 00009000 00006000[0m
[0;32mI (166) boot:  1 phy_init         RF data          01 01 0000f000 00001000[0m
[0;32mI (174) boot:  2 factory          factory app      00 00 00010000 00177000[0m
[0;32mI (181) boot: End of partition table[0m
[0;32mI (186) esp_image: segment 0: paddr=00010020 vaddr=3f400020 size=28980h (166272) map[0m
[0;32mI (251) esp_image: segment 1: paddr=000389a8 vaddr=3ff80301 size=00008h (     8) [0m
[0;32mI (252) esp_image: segment 2: paddr=000389b8 vaddr=3ffb0000 size=04038h ( 16440) load[0m
[0;32mI (263) esp_image: segment 3: paddr=0003c9f8 vaddr=40080000 size=03620h ( 13856) load[0m
[0;32mI (271) esp_image: segment 4: paddr=00040020 vaddr=400d0020 size=a4054h (671828) map[0m
[0;32mI (504) esp_image: segment 5: paddr=000e407c vaddr=40083620 size=1636ch ( 90988) load[0m
[0;32mI (540) esp_image: segment 6: paddr=000fa3f0 vaddr=400c0000 size=00304h (   772) [0m
[0;32mI (540) esp_image: segment 7: paddr=000fa6fc vaddr=50000000 size=0027ch (   636) [0m
[0;32mI (558) boot: Loaded app from partition at offset 0x10000[0m
[0;32mI (558) boot: Disabling RNG early entropy source...[0m
[0;32mI (570) cpu_start: Multicore app[0m
[0;32mI (579) cpu_start: Pro cpu start user code[0m
[0;32mI (579) cpu_start: cpu freq: 160000000 Hz[0m
[0;32mI (579) app_init: Application information:[0m
[0;32mI (582) app_init: Project name:     PIR[0m
[0;32mI (586) app_init: App version:      42bb6fe-dirty[0m
[0;32mI (592) app_init: Compile time:     Nov 21 2024 01:27:13[0m
[0;32mI (598) app_init: ELF file SHA256:  31d2ee31a8eef6ca...[0m
[0;32mI (603) app_init: ESP-IDF:          v5.3.1[0m
[0;32mI (608) efuse_init: Min chip rev:     v0.0[0m
[0;32mI (613) efuse_init: Max chip rev:     v3.99 [0m
[0;32mI (618) efuse_init: Chip rev:         v3.0[0m
[0;32mI (623) heap_init: Initializing. RAM available for dynamic allocation:[0m
[0;32mI (630) heap_init: At 3FFAE6E0 len 00001920 (6 KiB): DRAM[0m
[0;32mI (636) heap_init: At 3FFB8970 len 00027690 (157 KiB): DRAM[0m
[0;32mI (642) heap_init: At 3FFE0440 len 00003AE0 (14 KiB): D/IRAM[0m
[0;32mI (649) heap_init: At 3FFE4350 len 0001BCB0 (111 KiB): D/IRAM[0m
[0;32mI (655) heap_init: At 4009998C len 00006674 (25 KiB): IRAM[0m
[0;32mI (663) spi_flash: detected chip: generic[0m
[0;32mI (666) spi_flash: flash io: dio[0m
[0;33mW (670) spi_flash: Detected size(4096k) larger than the size in the binary image header(2048k). Using the size in the binary image header.[0m
[0;33mW (683) i2c: This driver is an old driver, please migrate your application code to adapt `driver/i2c_master.h`[0m
[0;32mI (694) main_task: Started on CPU0[0m
[0;32mI (704) main_task: Calling app_main()[0m
!!!!Current MAC address: 94:B9:7E:42:14:C8
BED ESP.
[0;32mI (704) progress: [APP] Free memory: 273564 bytes[0m
[0;32mI (704) progress: [APP] IDF version: v5.3.1[0m
[0;32mI (744) progress: Starting Wifi[0m
[0;32mI (1844) progress: Starting Clock[0m
[0;32mI (3844) progress: The current date/time in Germany is: Mon Nov 25 03:49:39 2024[0m
[0;32mI (3844) progress: Starting MQTT[0m
[0;32mI (3844) mqtt: [APP] Free memory: 225808 bytes[0m
[0;32mI (3854) mqtt: MQTT_EVENT_BEFORE_CONNECT
[0m
[0;32mI (3854) mqtt: Note free memory: 214220 bytes[0m
[0;32mI (3864) mqtt: Waiting for connection to MQTT
[0m
[0;32mI (3874) mqtt: MQTT_EVENT_CONNECTED
[0m
[0;32mI (3884) mqtt: Connected to MQTT
[0m
[0;32mI (3884) progress: Wake count: 10[0m
[0;32mI (3884) progress: Going to sleep[0m
ets Jul 29 2019 12:21:46

rst:0x5 (DEEPSLEEP_RESET),boot:0x13 (SPI_FAST_FLASH_BOOT)
Wakeup Stub Executed
[0;32mWakeup Cause: 2[0m
[0;32mCurrent Timestamp: 60827191, Last Timestamp: 56851276[0m
[0;32mStored event at position 9[0m
[0;32mPrinting stored events...[0m
[0;32mEvent 0: Timestamp: 5923720, Sensor ID: 0[0m
[0;32mEvent 1: Timestamp: 11773493, Sensor ID: 0[0m
[0;32mEvent 2: Timestamp: 17612540, Sensor ID: 0[0m
[0;32mEvent 3: Timestamp: 23470227, Sensor ID: 0[0m
[0;32mEvent 4: Timestamp: 31350625, Sensor ID: 0[0m
[0;32mEvent 5: Timestamp: 37225457, Sensor ID: 0[0m
[0;32mEvent 6: Timestamp: 45108237, Sensor ID: 0[0m
[0;32mEvent 7: Timestamp: 50998987, Sensor ID: 0[0m
[0;32mEvent 8: Timestamp: 56851276, Sensor ID: 0[0m
[0;32mEvent 9: Timestamp: 60827191, Sensor ID: 0[0m
[0;32mEvent buffer full, waking up main CPU to process events[0m
configsip: 0, SPIWP:0xee
clk_drv:0x00,q_drv:0x00,d_drv:0x00,cs0_drv:0x00,hd_drv:0x00,wp_drv:0x00
mode:DIO, clock div:2
load:0x3fff0030,len:7176
load:0x40078000,len:15564
ho 0 tail 12 room 4
load:0x40080400,len:4
load:0x40080404,len:3904
entry 0x40080640
[0;32mI (135) boot: ESP-IDF v5.3.1 2nd stage bootloader[0m
[0;32mI (135) boot: compile time Nov 21 2024 01:27:28[0m
[0;32mI (135) boot: Multicore bootloader[0m
[0;32mI (139) boot: chip revision: v3.0[0m
[0;32mI (143) boot.esp32: SPI Speed      : 40MHz[0m
[0;32mI (148) boot.esp32: SPI Mode       : DIO[0m
[0;32mI (153) boot.esp32: SPI Flash Size : 2MB[0m
[0;32mI (157) boot: Enabling RNG early entropy source...[0m
[0;32mI (163) boot: Partition Table:[0m
[0;32mI (167) boot: ## Label            Usage          Type ST Offset   Length[0m
[0;32mI (174) boot:  0 nvs              WiFi data        01 02 00009000 00006000[0m
[0;32mI (181) boot:  1 phy_init         RF data          01 01 0000f000 00001000[0m
[0;32mI (189) boot:  2 factory          factory app      00 00 00010000 00177000[0m
[0;32mI (197) boot: End of partition table[0m
[0;32mI (201) esp_image: segment 0: paddr=00010020 vaddr=3f400020 size=28980h (166272) map[0m
[0;32mI (266) esp_image: segment 1: paddr=000389a8 vaddr=3ff80301 size=00008h (     8) [0m
[0;32mI (267) esp_image: segment 2: paddr=000389b8 vaddr=3ffb0000 size=04038h ( 16440) load[0m
[0;32mI (278) esp_image: segment 3: paddr=0003c9f8 vaddr=40080000 size=03620h ( 13856) load[0m
[0;32mI (286) esp_image: segment 4: paddr=00040020 vaddr=400d0020 size=a4054h (671828) map[0m
[0;32mI (519) esp_image: segment 5: paddr=000e407c vaddr=40083620 size=1636ch ( 90988) load[0m
[0;32mI (555) esp_image: segment 6: paddr=000fa3f0 vaddr=400c0000 size=00304h (   772) [0m
[0;32mI (555) esp_image: segment 7: paddr=000fa6fc vaddr=50000000 size=0027ch (   636) [0m
[0;32mI (573) boot: Loaded app from partition at offset 0x10000[0m
[0;32mI (573) boot: Disabling RNG early entropy source...[0m
[0;32mI (585) cpu_start: Multicore app[0m
[0;32mI (594) cpu_start: Pro cpu start user code[0m
[0;32mI (594) cpu_start: cpu freq: 160000000 Hz[0m
[0;32mI (594) app_init: Application information:[0m
[0;32mI (597) app_init: Project name:     PIR[0m
[0;32mI (601) app_init: App version:      42bb6fe-dirty[0m
[0;32mI (607) app_init: Compile time:     Nov 21 2024 01:27:13[0m
[0;32mI (613) app_init: ELF file SHA256:  31d2ee31a8eef6ca...[0m
[0;32mI (619) app_init: ESP-IDF:          v5.3.1[0m
[0;32mI (623) efuse_init: Min chip rev:     v0.0[0m
[0;32mI (628) efuse_init: Max chip rev:     v3.99 [0m
[0;32mI (633) efuse_init: Chip rev:         v3.0[0m
[0;32mI (638) heap_init: Initializing. RAM available for dynamic allocation:[0m
[0;32mI (645) heap_init: At 3FFAE6E0 len 00001920 (6 KiB): DRAM[0m
[0;32mI (651) heap_init: At 3FFB8970 len 00027690 (157 KiB): DRAM[0m
[0;32mI (657) heap_init: At 3FFE0440 len 00003AE0 (14 KiB): D/IRAM[0m
[0;32mI (664) heap_init: At 3FFE4350 len 0001BCB0 (111 KiB): D/IRAM[0m
[0;32mI (670) heap_init: At 4009998C len 00006674 (25 KiB): IRAM[0m
[0;32mI (678) spi_flash: detected chip: generic[0m
[0;32mI (681) spi_flash: flash io: dio[0m
[0;33mW (685) spi_flash: Detected size(4096k) larger than the size in the binary image header(2048k). Using the size in the binary image header.[0m
[0;33mW (698) i2c: This driver is an old driver, please migrate your application code to adapt `driver/i2c_master.h`[0m
[0;32mI (710) main_task: Started on CPU0[0m
[0;32mI (720) main_task: Calling app_main()[0m
!!!!Current MAC address: 94:B9:7E:42:14:C8
BED ESP.
[0;32mI (720) progress: [APP] Free memory: 273564 bytes[0m
[0;32mI (720) progress: [APP] IDF version: v5.3.1[0m
[0;32mI (760) progress: Starting Wifi[0m
[0;32mI (1860) progress: Starting Clock[0m
[0;32mI (3860) progress: The current date/time in Germany is: Mon Nov 25 03:49:43 2024[0m
[0;32mI (3860) progress: Starting MQTT[0m
[0;32mI (3860) mqtt: [APP] Free memory: 225684 bytes[0m
[0;32mI (3870) mqtt: MQTT_EVENT_BEFORE_CONNECT
[0m
[0;32mI (3870) mqtt: Note free memory: 214276 bytes[0m
[0;32mI (3870) mqtt: Waiting for connection to MQTT
[0m
[0;32mI (3990) mqtt: MQTT_EVENT_CONNECTED
[0m
[0;32mI (3990) mqtt: Connected to MQTT
[0m
[0;32mI (3990) progress: Sending battery status to MQTT[0m
[0;32mI (4000) mqtt: Sent <{"sensors":[{"name":"battery","values":[{"timestamp":1732502983000, "voltage":0.0, "soc":0.0}]}]}> to topic 1/4/data[0m
[0;32mI (4010) mqtt: Sent events: {"sensors":[{"name":"PIR","values":[{"timestamp":5923720000},{"timestamp":11773493000},{"timestamp":17612540000},{"timestamp":23470227000},{"timestamp":31350625000},{"timestamp":37225457000},{"timestamp":45108237000},{"timestamp":50998987000},{"timestamp":56851276000},{"timestamp":60827191000}]}]}[0m
[0;32mI (4030) mqtt: MQTT_EVENT_PUBLISHED, msg_id=43910
[0m
[0;32mI (4050) mqtt: MQTT_EVENT_PUBLISHED, msg_id=29473
[0m
[0;32mI (4050) progress: Going to sleep[0m
ets Jul 29 2019 12:21:46

rst:0x5 (DEEPSLEEP_RESET),boot:0x13 (SPI_FAST_FLASH_BOOT)
Wakeup Stub Executed
[0;32mWakeup Cause: 2[0m
[0;32mCurrent Timestamp: 64929422, Last Timestamp: 60827191[0m
[0;32mStored event at position 0[0m
[0;32mPrinting stored events...[0m
[0;32mEvent 0: Timestamp: 64929422, Sensor ID: 0[0m
configsip: 0, SPIWP:0xee
clk_drv:0x00,q_drv:0x00,d_drv:0x00,cs0_drv:0x00,hd_drv:0x00,wp_drv:0x00
mode:DIO, clock div:2
load:0x3fff0030,len:7176
load:0x40078000,len:15564
ho 0 tail 12 room 4
load:0x40080400,len:4
load:0x40080404,len:3904
entry 0x40080640
[0;32mI (64) boot: ESP-IDF v5.3.1 2nd stage bootloader[0m
[0;32mI (64) boot: compile time Nov 21 2024 01:27:28[0m
[0;32mI (64) boot: Multicore bootloader[0m
[0;32mI (68) boot: chip revision: v3.0[0m
[0;32mI (72) boot.esp32: SPI Speed      : 40MHz[0m
[0;32mI (77) boot.esp32: SPI Mode       : DIO[0m
[0;32mI (81) boot.esp32: SPI Flash Size : 2MB[0m
[0;32mI (86) boot: Enabling RNG early entropy source...[0m
[0;32mI (91) boot: Partition Table:[0m
[0;32mI (95) boot: ## Label            Usage          Type ST Offset   Length[0m
[0;32mI (102) boot:  0 nvs              WiFi data        01 02 00009000 00006000[0m
[0;32mI (110) boot:  1 phy_init         RF data          01 01 0000f000 00001000[0m
[0;32mI (117) boot:  2 factory          factory app      00 00 00010000 00177000[0m
[0;32mI (125) boot: End of partition table[0m
[0;32mI (129) esp_image: segment 0: paddr=00010020 vaddr=3f400020 size=28980h (166272) map[0m
[0;32mI (195) esp_image: segment 1: paddr=000389a8 vaddr=3ff80301 size=00008h (     8) [0m
[0;32mI (195) esp_image: segment 2: paddr=000389b8 vaddr=3ffb0000 size=04038h ( 16440) load[0m
[0;32mI (206) esp_image: segment 3: paddr=0003c9f8 vaddr=40080000 size=03620h ( 13856) load[0m
[0;32mI (214) esp_image: segment 4: paddr=00040020 vaddr=400d0020 size=a4054h (671828) map[0m
[0;32mI (447) esp_image: segment 5: paddr=000e407c vaddr=40083620 size=1636ch ( 90988) load[0m
[0;32mI (483) esp_image: segment 6: paddr=000fa3f0 vaddr=400c0000 size=00304h (   772) [0m
[0;32mI (483) esp_image: segment 7: paddr=000fa6fc vaddr=50000000 size=0027ch (   636) [0m
[0;32mI (501) boot: Loaded app from partition at offset 0x10000[0m
[0;32mI (501) boot: Disabling RNG early entropy source...[0m
[0;32mI (513) cpu_start: Multicore app[0m
[0;32mI (522) cpu_start: Pro cpu start user code[0m
[0;32mI (522) cpu_start: cpu freq: 160000000 Hz[0m
[0;32mI (522) app_init: Application information:[0m
[0;32mI (525) app_init: Project name:     PIR[0m
[0;32mI (529) app_init: App version:      42bb6fe-dirty[0m
[0;32mI (535) app_init: Compile time:     Nov 21 2024 01:27:13[0m
[0;32mI (541) app_init: ELF file SHA256:  31d2ee31a8eef6ca...[0m
[0;32mI (547) app_init: ESP-IDF:          v5.3.1[0m
[0;32mI (551) efuse_init: Min chip rev:     v0.0[0m
[0;32mI (556) efuse_init: Max chip rev:     v3.99 [0m
[0;32mI (561) efuse_init: Chip rev:         v3.0[0m
[0;32mI (566) heap_init: Initializing. RAM available for dynamic allocation:[0m
[0;32mI (573) heap_init: At 3FFAE6E0 len 00001920 (6 KiB): DRAM[0m
[0;32mI (579) heap_init: At 3FFB8970 len 00027690 (157 KiB): DRAM[0m
[0;32mI (586) heap_init: At 3FFE0440 len 00003AE0 (14 KiB): D/IRAM[0m
[0;32mI (592) heap_init: At 3FFE4350 len 0001BCB0 (111 KiB): D/IRAM[0m
[0;32mI (598) heap_init: At 4009998C len 00006674 (25 KiB): IRAM[0m
[0;32mI (606) spi_flash: detected chip: generic[0m
[0;32mI (609) spi_flash: flash io: dio[0m
[0;33mW (613) spi_flash: Detected size(4096k) larger than the size in the binary image header(2048k). Using the size in the binary image header.[0m
[0;33mW (626) i2c: This driver is an old driver, please migrate your application code to adapt `driver/i2c_master.h`[0m
[0;32mI (638) main_task: Started on CPU0[0m
[0;32mI (648) main_task: Calling app_main()[0m
!!!!Current MAC address: 94:B9:7E:42:14:C8
BED ESP.
[0;32mI (648) progress: [APP] Free memory: 273564 bytes[0m
[0;32mI (648) progress: [APP] IDF version: v5.3.1[0m
[0;32mI (688) progress: Starting Wifi[0m
[0;32mI (1788) progress: Starting Clock[0m
[0;32mI (7788) progress: The current date/time in Germany is: Mon Nov 25 03:49:51 2024[0m
[0;32mI (7788) progress: Starting MQTT[0m
[0;32mI (7788) mqtt: [APP] Free memory: 225808 bytes[0m
[0;32mI (7798) mqtt: MQTT_EVENT_BEFORE_CONNECT
[0m
[0;32mI (7808) mqtt: Note free memory: 214432 bytes[0m
[0;32mI (7808) mqtt: Waiting for connection to MQTT
[0m
[0;32mI (8728) mqtt: MQTT_EVENT_CONNECTED
[0m
[0;32mI (8728) mqtt: Connected to MQTT
[0m
[0;32mI (8728) progress: Wake count: 1[0m
[0;32mI (8728) progress: Going to sleep[0m
ets Jul 29 2019 12:21:46

rst:0x5 (DEEPSLEEP_RESET),boot:0x13 (SPI_FAST_FLASH_BOOT)
Wakeup Stub Executed
[0;32mWakeup Cause: 2[0m
[0;32mCurrent Timestamp: 73599472, Last Timestamp: 64929422[0m
[0;32mStored event at position 1[0m
[0;32mPrinting stored events...[0m
[0;32mEvent 0: Timestamp: 64929422, Sensor ID: 0[0m
[0;32mEvent 1: Timestamp: 73599472, Sensor ID: 0[0m
configsip: 0, SPIWP:0xee
clk_drv:0x00,q_drv:0x00,d_drv:0x00,cs0_drv:0x00,hd_drv:0x00,wp_drv:0x00
mode:DIO, clock div:2
load:0x3fff0030,len:7176
load:0x40078000,len:15564
ho 0 tail 12 room 4
load:0x40080400,len:4
load:0x40080404,len:3904
entry 0x40080640
[0;32mI (71) boot: ESP-IDF v5.3.1 2nd stage bootloader[0m
[0;32mI (71) boot: compile time Nov 21 2024 01:27:28[0m
[0;32mI (71) boot: Multicore bootloader[0m
[0;32mI (75) boot: chip revision: v3.0[0m
[0;32mI (79) boot.esp32: SPI Speed      : 40MHz[0m
[0;32mI (84) boot.esp32: SPI Mode       : DIO[0m
[0;32mI (88) boot.esp32: SPI Flash Size : 2MB[0m
[0;32mI (93) boot: Enabling RNG early entropy source...[0m
[0;32mI (98) boot: Partition Table:[0m
[0;32mI (102) boot: ## Label            Usage          Type ST Offset   Length[0m
[0;32mI (109) boot:  0 nvs              WiFi data        01 02 00009000 00006000[0m
[0;32mI (117) boot:  1 phy_init         RF data          01 01 0000f000 00001000[0m
[0;32mI (124) boot:  2 factory          factory app      00 00 00010000 00177000[0m
[0;32mI (132) boot: End of partition table[0m
[0;32mI (136) esp_image: segment 0: paddr=00010020 vaddr=3f400020 size=28980h (166272) map[0m
[0;32mI (202) esp_image: segment 1: paddr=000389a8 vaddr=3ff80301 size=00008h (     8) [0m
[0;32mI (202) esp_image: segment 2: paddr=000389b8 vaddr=3ffb0000 size=04038h ( 16440) load[0m
[0;32mI (213) esp_image: segment 3: paddr=0003c9f8 vaddr=40080000 size=03620h ( 13856) load[0m
[0;32mI (221) esp_image: segment 4: paddr=00040020 vaddr=400d0020 size=a4054h (671828) map[0m
[0;32mI (454) esp_image: segment 5: paddr=000e407c vaddr=40083620 size=1636ch ( 90988) load[0m
[0;32mI (490) esp_image: segment 6: paddr=000fa3f0 vaddr=400c0000 size=00304h (   772) [0m
[0;32mI (490) esp_image: segment 7: paddr=000fa6fc vaddr=50000000 size=0027ch (   636) [0m
[0;32mI (508) boot: Loaded app from partition at offset 0x10000[0m
[0;32mI (508) boot: Disabling RNG early entropy source...[0m
[0;32mI (521) cpu_start: Multicore app[0m
[0;32mI (529) cpu_start: Pro cpu start user code[0m
[0;32mI (529) cpu_start: cpu freq: 160000000 Hz[0m
[0;32mI (529) app_init: Application information:[0m
[0;32mI (532) app_init: Project name:     PIR[0m
[0;32mI (537) app_init: App version:      42bb6fe-dirty[0m
[0;32mI (542) app_init: Compile time:     Nov 21 2024 01:27:13[0m
[0;32mI (548) app_init: ELF file SHA256:  31d2ee31a8eef6ca...[0m
[0;32mI (554) app_init: ESP-IDF:          v5.3.1[0m
[0;32mI (559) efuse_init: Min chip rev:     v0.0[0m
[0;32mI (563) efuse_init: Max chip rev:     v3.99 [0m
[0;32mI (568) efuse_init: Chip rev:         v3.0[0m
[0;32mI (573) heap_init: Initializing. RAM available for dynamic allocation:[0m
[0;32mI (580) heap_init: At 3FFAE6E0 len 00001920 (6 KiB): DRAM[0m
[0;32mI (586) heap_init: At 3FFB8970 len 00027690 (157 KiB): DRAM[0m
[0;32mI (593) heap_init: At 3FFE0440 len 00003AE0 (14 KiB): D/IRAM[0m
[0;32mI (599) heap_init: At 3FFE4350 len 0001BCB0 (111 KiB): D/IRAM[0m
[0;32mI (605) heap_init: At 4009998C len 00006674 (25 KiB): IRAM[0m
[0;32mI (613) spi_flash: detected chip: generic[0m
[0;32mI (616) spi_flash: flash io: dio[0m
[0;33mW (620) spi_flash: Detected size(4096k) larger than the size in the binary image header(2048k). Using the size in the binary image header.[0m
[0;33mW (633) i2c: This driver is an old driver, please migrate your application code to adapt `driver/i2c_master.h`[0m
[0;32mI (645) main_task: Started on CPU0[0m
[0;32mI (655) main_task: Calling app_main()[0m
!!!!Current MAC address: 94:B9:7E:42:14:C8
BED ESP.
[0;32mI (655) progress: [APP] Free memory: 273564 bytes[0m
[0;32mI (655) progress: [APP] IDF version: v5.3.1[0m
[0;32mI (695) progress: Starting Wifi[0m
[0;32mI (1795) progress: Starting Clock[0m
[0;32mI (7795) progress: The current date/time in Germany is: Mon Nov 25 03:50:00 2024[0m
[0;32mI (7795) progress: Starting MQTT[0m
[0;32mI (7795) mqtt: [APP] Free memory: 225804 bytes[0m
[0;32mI (7805) mqtt: MQTT_EVENT_BEFORE_CONNECT
[0m
[0;32mI (7815) mqtt: Note free memory: 214432 bytes[0m
[0;32mI (7815) mqtt: Waiting for connection to MQTT
[0m
[0;32mI (7825) mqtt: MQTT_EVENT_CONNECTED
[0m
[0;32mI (7825) mqtt: Connected to MQTT
[0m
[0;32mI (7825) progress: Wake count: 2[0m
[0;32mI (7825) progress: Going to sleep[0m
ets Jul 29 2019 12:21:46

rst:0x5 (DEEPSLEEP_RESET),boot:0x13 (SPI_FAST_FLASH_BOOT)
Wakeup Stub Executed
[0;32mWakeup Cause: 2[0m
[0;32mCurrent Timestamp: 81418288, Last Timestamp: 73599472[0m
[0;32mStored event at position 2[0m
[0;32mPrinting stored events...[0m
[0;32mEvent 0: Timestamp: 64929422, Sensor ID: 0[0m
[0;32mEvent 1: Timestamp: 73599472, Sensor ID: 0[0m
[0;32mEvent 2: Timestamp: 81418288, Sensor ID: 0[0m
configsip: 0, SPIWP:0xee
clk_drv:0x00,q_drv:0x00,d_drv:0x00,cs0_drv:0x00,hd_drv:0x00,wp_drv:0x00
mode:DIO, clock div:2
load:0x3fff0030,len:7176
load:0x40078000,len:15564
ho 0 tail 12 room 4
load:0x40080400,len:4
load:0x40080404,len:3904
entry 0x40080640
[0;32mI (78) boot: ESP-IDF v5.3.1 2nd stage bootloader[0m
[0;32mI (78) boot: compile time Nov 21 2024 01:27:28[0m
[0;32mI (78) boot: Multicore bootloader[0m
[0;32mI (82) boot: chip revision: v3.0[0m
[0;32mI (86) boot.esp32: SPI Speed      : 40MHz[0m
[0;32mI (91) boot.esp32: SPI Mode       : DIO[0m
[0;32mI (95) boot.esp32: SPI Flash Size : 2MB[0m
[0;32mI (100) boot: Enabling RNG early entropy source...[0m
[0;32mI (105) boot: Partition Table:[0m
[0;32mI (109) boot: ## Label            Usage          Type ST Offset   Length[0m
[0;32mI (116) boot:  0 nvs              WiFi data        01 02 00009000 00006000[0m
[0;32mI (124) boot:  1 phy_init         RF data          01 01 0000f000 00001000[0m
[0;32mI (131) boot:  2 factory          factory app      00 00 00010000 00177000[0m
[0;32mI (139) boot: End of partition table[0m
[0;32mI (143) esp_image: segment 0: paddr=00010020 vaddr=3f400020 size=28980h (166272) map[0m
[0;32mI (209) esp_image: segment 1: paddr=000389a8 vaddr=3ff80301 size=00008h (     8) [0m
[0;32mI (209) esp_image: segment 2: paddr=000389b8 vaddr=3ffb0000 size=04038h ( 16440) load[0m
[0;32mI (220) esp_image: segment 3: paddr=0003c9f8 vaddr=40080000 size=03620h ( 13856) load[0m
[0;32mI (228) esp_image: segment 4: paddr=00040020 vaddr=400d0020 size=a4054h (671828) map[0m
[0;32mI (461) esp_image: segment 5: paddr=000e407c vaddr=40083620 size=1636ch ( 90988) load[0m
[0;32mI (497) esp_image: segment 6: paddr=000fa3f0 vaddr=400c0000 size=00304h (   772) [0m
[0;32mI (498) esp_image: segment 7: paddr=000fa6fc vaddr=50000000 size=0027ch (   636) [0m
[0;32mI (515) boot: Loaded app from partition at offset 0x10000[0m
[0;32mI (515) boot: Disabling RNG early entropy source...[0m
[0;32mI (528) cpu_start: Multicore app[0m
[0;32mI (536) cpu_start: Pro cpu start user code[0m
[0;32mI (536) cpu_start: cpu freq: 160000000 Hz[0m
[0;32mI (536) app_init: Application information:[0m
[0;32mI (539) app_init: Project name:     PIR[0m
[0;32mI (544) app_init: App version:      42bb6fe-dirty[0m
[0;32mI (549) app_init: Compile time:     Nov 21 2024 01:27:13[0m
[0;32mI (555) app_init: ELF file SHA256:  31d2ee31a8eef6ca...[0m
[0;32mI (561) app_init: ESP-IDF:          v5.3.1[0m
[0;32mI (566) efuse_init: Min chip rev:     v0.0[0m
[0;32mI (571) efuse_init: Max chip rev:     v3.99 [0m
[0;32mI (575) efuse_init: Chip rev:         v3.0[0m
[0;32mI (581) heap_init: Initializing. RAM available for dynamic allocation:[0m
[0;32mI (588) heap_init: At 3FFAE6E0 len 00001920 (6 KiB): DRAM[0m
[0;32mI (594) heap_init: At 3FFB8970 len 00027690 (157 KiB): DRAM[0m
[0;32mI (600) heap_init: At 3FFE0440 len 00003AE0 (14 KiB): D/IRAM[0m
[0;32mI (606) heap_init: At 3FFE4350 len 0001BCB0 (111 KiB): D/IRAM[0m
[0;32mI (613) heap_init: At 4009998C len 00006674 (25 KiB): IRAM[0m
[0;32mI (620) spi_flash: detected chip: generic[0m
[0;32mI (623) spi_flash: flash io: dio[0m
[0;33mW (627) spi_flash: Detected size(4096k) larger than the size in the binary image header(2048k). Using the size in the binary image header.[0m
[0;33mW (641) i2c: This driver is an old driver, please migrate your application code to adapt `driver/i2c_master.h`[0m
[0;32mI (652) main_task: Started on CPU0[0m
[0;32mI (662) main_task: Calling app_main()[0m
!!!!Current MAC address: 94:B9:7E:42:14:C8
BED ESP.
[0;32mI (662) progress: [APP] Free memory: 273564 bytes[0m
[0;32mI (662) progress: [APP] IDF version: v5.3.1[0m
[0;32mI (702) progress: Starting Wifi[0m
[0;32mI (1792) progress: Starting Clock[0m
[0;32mI (7792) progress: The current date/time in Germany is: Mon Nov 25 03:50:08 2024[0m
[0;32mI (7792) progress: Starting MQTT[0m
[0;32mI (7792) mqtt: [APP] Free memory: 225808 bytes[0m
[0;32mI (7802) mqtt: MQTT_EVENT_BEFORE_CONNECT
[0m
[0;32mI (7812) mqtt: Note free memory: 214236 bytes[0m
[0;32mI (7812) mqtt: Waiting for connection to MQTT
[0m
[0;32mI (7832) mqtt: MQTT_EVENT_CONNECTED
[0m
[0;32mI (7832) mqtt: Connected to MQTT
[0m
[0;32mI (7832) progress: Wake count: 3[0m
[0;32mI (7832) progress: Going to sleep[0m
ets Jul 29 2019 12:21:46

rst:0x5 (DEEPSLEEP_RESET),boot:0x13 (SPI_FAST_FLASH_BOOT)
Wakeup Stub Executed
[0;32mWakeup Cause: 2[0m
[0;32mCurrent Timestamp: 89377457, Last Timestamp: 81418288[0m
[0;32mStored event at position 3[0m
[0;32mPrinting stored events...[0m
[0;32mEvent 0: Timestamp: 64929422, Sensor ID: 0[0m
[0;32mEvent 1: Timestamp: 73599472, Sensor ID: 0[0m
[0;32mEvent 2: Timestamp: 81418288, Sensor ID: 0[0m
[0;32mEvent 3: Timestamp: 89377457, Sensor ID: 0[0m
configsip: 0, SPIWP:0xee
clk_drv:0x00,q_drv:0x00,d_drv:0x00,cs0_drv:0x00,hd_drv:0x00,wp_drv:0x00
mode:DIO, clock div:2
load:0x3fff0030,len:7176
load:0x40078000,len:15564
ho 0 tail 12 room 4
load:0x40080400,len:4
load:0x40080404,len:3904
entry 0x40080640
[0;32mI (85) boot: ESP-IDF v5.3.1 2nd stage bootloader[0m
[0;32mI (85) boot: compile time Nov 21 2024 01:27:28[0m
[0;32mI (85) boot: Multicore bootloader[0m
[0;32mI (89) boot: chip revision: v3.0[0m
[0;32mI (93) boot.esp32: SPI Speed      : 40MHz[0m
[0;32mI (98) boot.esp32: SPI Mode       : DIO[0m
[0;32mI (102) boot.esp32: SPI Flash Size : 2MB[0m
[0;32mI (107) boot: Enabling RNG early entropy source...[0m
[0;32mI (112) boot: Partition Table:[0m
[0;32mI (116) boot: ## Label            Usage          Type ST Offset   Length[0m
[0;32mI (123) boot:  0 nvs              WiFi data        01 02 00009000 00006000[0m
[0;32mI (131) boot:  1 phy_init         RF data          01 01 0000f000 00001000[0m
[0;32mI (138) boot:  2 factory          factory app      00 00 00010000 00177000[0m
[0;32mI (146) boot: End of partition table[0m
[0;32mI (150) esp_image: segment 0: paddr=00010020 vaddr=3f400020 size=28980h (166272) map[0m
[0;32mI (216) esp_image: segment 1: paddr=000389a8 vaddr=3ff80301 size=00008h (     8) [0m
[0;32mI (216) esp_image: segment 2: paddr=000389b8 vaddr=3ffb0000 size=04038h ( 16440) load[0m
[0;32mI (227) esp_image: segment 3: paddr=0003c9f8 vaddr=40080000 size=03620h ( 13856) load[0m
[0;32mI (235) esp_image: segment 4: paddr=00040020 vaddr=400d0020 size=a4054h (671828) map[0m
[0;32mI (468) esp_image: segment 5: paddr=000e407c vaddr=40083620 size=1636ch ( 90988) load[0m
[0;32mI (504) esp_image: segment 6: paddr=000fa3f0 vaddr=400c0000 size=00304h (   772) [0m
[0;32mI (505) esp_image: segment 7: paddr=000fa6fc vaddr=50000000 size=0027ch (   636) [0m
[0;32mI (522) boot: Loaded app from partition at offset 0x10000[0m
[0;32mI (523) boot: Disabling RNG early entropy source...[0m
[0;32mI (535) cpu_start: Multicore app[0m
[0;32mI (543) cpu_start: Pro cpu start user code[0m
[0;32mI (543) cpu_start: cpu freq: 160000000 Hz[0m
[0;32mI (543) app_init: Application information:[0m
[0;32mI (546) app_init: Project name:     PIR[0m
[0;32mI (551) app_init: App version:      42bb6fe-dirty[0m
[0;32mI (556) app_init: Compile time:     Nov 21 2024 01:27:13[0m
[0;32mI (562) app_init: ELF file SHA256:  31d2ee31a8eef6ca...[0m
[0;32mI (568) app_init: ESP-IDF:          v5.3.1[0m
[0;32mI (573) efuse_init: Min chip rev:     v0.0[0m
[0;32mI (578) efuse_init: Max chip rev:     v3.99 [0m
[0;32mI (583) efuse_init: Chip rev:         v3.0[0m
[0;32mI (588) heap_init: Initializing. RAM available for dynamic allocation:[0m
[0;32mI (595) heap_init: At 3FFAE6E0 len 00001920 (6 KiB): DRAM[0m
[0;32mI (601) heap_init: At 3FFB8970 len 00027690 (157 KiB): DRAM[0m
[0;32mI (607) heap_init: At 3FFE0440 len 00003AE0 (14 KiB): D/IRAM[0m
[0;32mI (613) heap_init: At 3FFE4350 len 0001BCB0 (111 KiB): D/IRAM[0m
[0;32mI (620) heap_init: At 4009998C len 00006674 (25 KiB): IRAM[0m
[0;32mI (627) spi_flash: detected chip: generic[0m
[0;32mI (630) spi_flash: flash io: dio[0m
[0;33mW (634) spi_flash: Detected size(4096k) larger than the size in the binary image header(2048k). Using the size in the binary image header.[0m
[0;33mW (648) i2c: This driver is an old driver, please migrate your application code to adapt `driver/i2c_master.h`[0m
[0;32mI (659) main_task: Started on CPU0[0m
[0;32mI (669) main_task: Calling app_main()[0m
!!!!Current MAC address: 94:B9:7E:42:14:C8
BED ESP.
[0;32mI (669) progress: [APP] Free memory: 273564 bytes[0m
[0;32mI (669) progress: [APP] IDF version: v5.3.1[0m
[0;32mI (709) progress: Starting Wifi[0m
[0;32mI (1809) progress: Starting Clock[0m
[0;32mI (3809) progress: The current date/time in Germany is: Mon Nov 25 03:50:12 2024[0m
[0;32mI (3809) progress: Starting MQTT[0m
[0;32mI (3809) mqtt: [APP] Free memory: 225688 bytes[0m
[0;32mI (3819) mqtt: MQTT_EVENT_BEFORE_CONNECT
[0m
[0;32mI (3819) mqtt: Note free memory: 214276 bytes[0m
[0;32mI (3819) mqtt: Waiting for connection to MQTT
[0m
[0;32mI (3939) mqtt: MQTT_EVENT_CONNECTED
[0m
[0;32mI (3939) mqtt: Connected to MQTT
[0m
[0;32mI (3939) progress: Wake count: 4[0m
[0;32mI (3939) progress: Going to sleep[0m
ets Jul 29 2019 12:21:46

rst:0x5 (DEEPSLEEP_RESET),boot:0x13 (SPI_FAST_FLASH_BOOT)
Wakeup Stub Executed
[0;32mWakeup Cause: 2[0m
[0;32mCurrent Timestamp: 93418906, Last Timestamp: 89377457[0m
[0;32mStored event at position 4[0m
[0;32mPrinting stored events...[0m
[0;32mEvent 0: Timestamp: 64929422, Sensor ID: 0[0m
[0;32mEvent 1: Timestamp: 73599472, Sensor ID: 0[0m
[0;32mEvent 2: Timestamp: 81418288, Sensor ID: 0[0m
[0;32mEvent 3: Timestamp: 89377457, Sensor ID: 0[0m
[0;32mEvent 4: Timestamp: 93418906, Sensor ID: 0[0m
configsip: 0, SPIWP:0xee
clk_drv:0x00,q_drv:0x00,d_drv:0x00,cs0_drv:0x00,hd_drv:0x00,wp_drv:0x00
mode:DIO, clock div:2
load:0x3fff0030,len:7176
load:0x40078000,len:15564
ho 0 tail 12 room 4
load:0x40080400,len:4
load:0x40080404,len:3904
entry 0x40080640
[0;32mI (92) boot: ESP-IDF v5.3.1 2nd stage bootloader[0m
[0;32mI (92) boot: compile time Nov 21 2024 01:27:28[0m
[0;32mI (92) boot: Multicore bootloader[0m
[0;32mI (96) boot: chip revision: v3.0[0m
[0;32mI (100) boot.esp32: SPI Speed      : 40MHz[0m
[0;32mI (105) boot.esp32: SPI Mode       : DIO[0m
[0;32mI (109) boot.esp32: SPI Flash Size : 2MB[0m
[0;32mI (114) boot: Enabling RNG early entropy source...[0m
[0;32mI (119) boot: Partition Table:[0m
[0;32mI (123) boot: ## Label            Usage          Type ST Offset   Length[0m
[0;32mI (131) boot:  0 nvs              WiFi data        01 02 00009000 00006000[0m
[0;32mI (138) boot:  1 phy_init         RF data          01 01 0000f000 00001000[0m
[0;32mI (146) boot:  2 factory          factory app      00 00 00010000 00177000[0m
[0;32mI (153) boot: End of partition table[0m
[0;32mI (157) esp_image: segment 0: paddr=00010020 vaddr=3f400020 size=28980h (166272) map[0m
[0;32mI (223) esp_image: segment 1: paddr=000389a8 vaddr=3ff80301 size=00008h (     8) [0m
[0;32mI (223) esp_image: segment 2: paddr=000389b8 vaddr=3ffb0000 size=04038h ( 16440) load[0m
[0;32mI (235) esp_image: segment 3: paddr=0003c9f8 vaddr=40080000 size=03620h ( 13856) load[0m
[0;32mI (242) esp_image: segment 4: paddr=00040020 vaddr=400d0020 size=a4054h (671828) map[0m
[0;32mI (476) esp_image: segment 5: paddr=000e407c vaddr=40083620 size=1636ch ( 90988) load[0m
[0;32mI (511) esp_image: segment 6: paddr=000fa3f0 vaddr=400c0000 size=00304h (   772) [0m
[0;32mI (512) esp_image: segment 7: paddr=000fa6fc vaddr=50000000 size=0027ch (   636) [0m
[0;32mI (530) boot: Loaded app from partition at offset 0x10000[0m
[0;32mI (530) boot: Disabling RNG early entropy source...[0m
[0;32mI (542) cpu_start: Multicore app[0m
[0;32mI (550) cpu_start: Pro cpu start user code[0m
[0;32mI (550) cpu_start: cpu freq: 160000000 Hz[0m
[0;32mI (551) app_init: Application information:[0m
[0;32mI (553) app_init: Project name:     PIR[0m
[0;32mI (558) app_init: App version:      42bb6fe-dirty[0m
[0;32mI (563) app_init: Compile time:     Nov 21 2024 01:27:13[0m
[0;32mI (569) app_init: ELF file SHA256:  31d2ee31a8eef6ca...[0m
[0;32mI (575) app_init: ESP-IDF:          v5.3.1[0m
[0;32mI (580) efuse_init: Min chip rev:     v0.0[0m
[0;32mI (585) efuse_init: Max chip rev:     v3.99 [0m
[0;32mI (590) efuse_init: Chip rev:         v3.0[0m
[0;32mI (595) heap_init: Initializing. RAM available for dynamic allocation:[0m
[0;32mI (602) heap_init: At 3FFAE6E0 len 00001920 (6 KiB): DRAM[0m
[0;32mI (608) heap_init: At 3FFB8970 len 00027690 (157 KiB): DRAM[0m
[0;32mI (614) heap_init: At 3FFE0440 len 00003AE0 (14 KiB): D/IRAM[0m
[0;32mI (620) heap_init: At 3FFE4350 len 0001BCB0 (111 KiB): D/IRAM[0m
[0;32mI (627) heap_init: At 4009998C len 00006674 (25 KiB): IRAM[0m
[0;32mI (635) spi_flash: detected chip: generic[0m
[0;32mI (638) spi_flash: flash io: dio[0m
[0;33mW (642) spi_flash: Detected size(4096k) larger than the size in the binary image header(2048k). Using the size in the binary image header.[0m
[0;33mW (655) i2c: This driver is an old driver, please migrate your application code to adapt `driver/i2c_master.h`[0m
[0;32mI (666) main_task: Started on CPU0[0m
[0;32mI (676) main_task: Calling app_main()[0m
!!!!Current MAC address: 94:B9:7E:42:14:C8
BED ESP.
[0;32mI (676) progress: [APP] Free memory: 273564 bytes[0m
[0;32mI (676) progress: [APP] IDF version: v5.3.1[0m
[0;32mI (716) progress: Starting Wifi[0m
[0;32mI (1916) progress: Starting Clock[0m
[0;32mI (5916) progress: The current date/time in Germany is: Mon Nov 25 03:50:18 2024[0m
[0;32mI (5916) progress: Starting MQTT[0m
[0;32mI (5916) mqtt: [APP] Free memory: 225808 bytes[0m
[0;32mI (5926) mqtt: MQTT_EVENT_BEFORE_CONNECT
[0m
[0;32mI (5936) mqtt: Note free memory: 214432 bytes[0m
[0;32mI (5936) mqtt: Waiting for connection to MQTT
[0m
[0;32mI (5946) mqtt: MQTT_EVENT_CONNECTED
[0m
[0;32mI (5946) mqtt: Connected to MQTT
[0m
[0;32mI (5946) progress: Wake count: 5[0m
[0;32mI (5946) progress: Going to sleep[0m
ets Jul 29 2019 12:21:46

rst:0x5 (DEEPSLEEP_RESET),boot:0x13 (SPI_FAST_FLASH_BOOT)
Wakeup Stub Executed
[0;32mWakeup Cause: 2[0m
[0;32mCurrent Timestamp: 99276439, Last Timestamp: 93418906[0m
[0;32mStored event at position 5[0m
[0;32mPrinting stored events...[0m
[0;32mEvent 0: Timestamp: 64929422, Sensor ID: 0[0m
[0;32mEvent 1: Timestamp: 73599472, Sensor ID: 0[0m
[0;32mEvent 2: Timestamp: 81418288, Sensor ID: 0[0m
[0;32mEvent 3: Timestamp: 89377457, Sensor ID: 0[0m
[0;32mEvent 4: Timestamp: 93418906, Sensor ID: 0[0m
[0;32mEvent 5: Timestamp: 99276439, Sensor ID: 0[0m
configsip: 0, SPIWP:0xee
clk_drv:0x00,q_drv:0x00,d_drv:0x00,cs0_drv:0x00,hd_drv:0x00,wp_drv:0x00
mode:DIO, clock div:2
load:0x3fff0030,len:7176
load:0x40078000,len:15564
ho 0 tail 12 room 4
load:0x40080400,len:4
load:0x40080404,len:3904
entry 0x40080640
[0;32mI (99) boot: ESP-IDF v5.3.1 2nd stage bootloader[0m
[0;32mI (99) boot: compile time Nov 21 2024 01:27:28[0m
[0;32mI (99) boot: Multicore bootloader[0m
[0;32mI (103) boot: chip revision: v3.0[0m
[0;32mI (107) boot.esp32: SPI Speed      : 40MHz[0m
[0;32mI (112) boot.esp32: SPI Mode       : DIO[0m
[0;32mI (116) boot.esp32: SPI Flash Size : 2MB[0m
[0;32mI (121) boot: Enabling RNG early entropy source...[0m
[0;32mI (127) boot: Partition Table:[0m
[0;32mI (130) boot: ## Label            Usage          Type ST Offset   Length[0m
[0;32mI (138) boot:  0 nvs              WiFi data        01 02 00009000 00006000[0m
[0;32mI (145) boot:  1 phy_init         RF data          01 01 0000f000 00001000[0m
[0;32mI (153) boot:  2 factory          factory app      00 00 00010000 00177000[0m
[0;32mI (160) boot: End of partition table[0m
[0;32mI (165) esp_image: segment 0: paddr=00010020 vaddr=3f400020 size=28980h (166272) map[0m
[0;32mI (230) esp_image: segment 1: paddr=000389a8 vaddr=3ff80301 size=00008h (     8) [0m
[0;32mI (230) esp_image: segment 2: paddr=000389b8 vaddr=3ffb0000 size=04038h ( 16440) load[0m
[0;32mI (242) esp_image: segment 3: paddr=0003c9f8 vaddr=40080000 size=03620h ( 13856) load[0m
[0;32mI (250) esp_image: segment 4: paddr=00040020 vaddr=400d0020 size=a4054h (671828) map[0m
[0;32mI (483) esp_image: segment 5: paddr=000e407c vaddr=40083620 size=1636ch ( 90988) load[0m
[0;32mI (518) esp_image: segment 6: paddr=000fa3f0 vaddr=400c0000 size=00304h (   772) [0m
[0;32mI (519) esp_image: segment 7: paddr=000fa6fc vaddr=50000000 size=0027ch (   636) [0m
[0;32mI (537) boot: Loaded app from partition at offset 0x10000[0m
[0;32mI (537) boot: Disabling RNG early entropy source...[0m
[0;32mI (549) cpu_start: Multicore app[0m
[0;32mI (558) cpu_start: Pro cpu start user code[0m
[0;32mI (558) cpu_start: cpu freq: 160000000 Hz[0m
[0;32mI (558) app_init: Application information:[0m
[0;32mI (561) app_init: Project name:     PIR[0m
[0;32mI (565) app_init: App version:      42bb6fe-dirty[0m
[0;32mI (570) app_init: Compile time:     Nov 21 2024 01:27:13[0m
[0;32mI (576) app_init: ELF file SHA256:  31d2ee31a8eef6ca...[0m
[0;32mI (582) app_init: ESP-IDF:          v5.3.1[0m
[0;32mI (587) efuse_init: Min chip rev:     v0.0[0m
[0;32mI (592) efuse_init: Max chip rev:     v3.99 [0m
[0;32mI (597) efuse_init: Chip rev:         v3.0[0m
[0;32mI (602) heap_init: Initializing. RAM available for dynamic allocation:[0m
[0;32mI (609) heap_init: At 3FFAE6E0 len 00001920 (6 KiB): DRAM[0m
[0;32mI (615) heap_init: At 3FFB8970 len 00027690 (157 KiB): DRAM[0m
[0;32mI (621) heap_init: At 3FFE0440 len 00003AE0 (14 KiB): D/IRAM[0m
[0;32mI (627) heap_init: At 3FFE4350 len 0001BCB0 (111 KiB): D/IRAM[0m
[0;32mI (634) heap_init: At 4009998C len 00006674 (25 KiB): IRAM[0m
[0;32mI (642) spi_flash: detected chip: generic[0m
[0;32mI (645) spi_flash: flash io: dio[0m
[0;33mW (649) spi_flash: Detected size(4096k) larger than the size in the binary image header(2048k). Using the size in the binary image header.[0m
[0;33mW (662) i2c: This driver is an old driver, please migrate your application code to adapt `driver/i2c_master.h`[0m
[0;32mI (673) main_task: Started on CPU0[0m
[0;32mI (683) main_task: Calling app_main()[0m
!!!!Current MAC address: 94:B9:7E:42:14:C8
BED ESP.
[0;32mI (683) progress: [APP] Free memory: 273564 bytes[0m
[0;32mI (683) progress: [APP] IDF version: v5.3.1[0m
[0;32mI (723) progress: Starting Wifi[0m
[0;32mI (1823) progress: Starting Clock[0m
[0;32mI (5823) progress: The current date/time in Germany is: Mon Nov 25 03:50:24 2024[0m
[0;32mI (5823) progress: Starting MQTT[0m
[0;32mI (5823) mqtt: [APP] Free memory: 225808 bytes[0m
[0;32mI (5833) mqtt: MQTT_EVENT_BEFORE_CONNECT
[0m
[0;32mI (5843) mqtt: Note free memory: 214432 bytes[0m
[0;32mI (5843) mqtt: Waiting for connection to MQTT
[0m
[0;32mI (5853) mqtt: MQTT_EVENT_CONNECTED
[0m
[0;32mI (5863) mqtt: Connected to MQTT
[0m
[0;32mI (5863) progress: Wake count: 6[0m
[0;32mI (5863) progress: Going to sleep[0m
ets Jul 29 2019 12:21:46

rst:0x5 (DEEPSLEEP_RESET),boot:0x13 (SPI_FAST_FLASH_BOOT)
Wakeup Stub Executed
[0;32mWakeup Cause: 2[0m
[0;32mCurrent Timestamp: 105160124, Last Timestamp: 99276439[0m
[0;32mStored event at position 6[0m
[0;32mPrinting stored events...[0m
[0;32mEvent 0: Timestamp: 64929422, Sensor ID: 0[0m
[0;32mEvent 1: Timestamp: 73599472, Sensor ID: 0[0m
[0;32mEvent 2: Timestamp: 81418288, Sensor ID: 0[0m
[0;32mEvent 3: Timestamp: 89377457, Sensor ID: 0[0m
[0;32mEvent 4: Timestamp: 93418906, Sensor ID: 0[0m
[0;32mEvent 5: Timestamp: 99276439, Sensor ID: 0[0m
[0;32mEvent 6: Timestamp: 105160124, Sensor ID: 0[0m
configsip: 0, SPIWP:0xee
clk_drv:0x00,q_drv:0x00,d_drv:0x00,cs0_drv:0x00,hd_drv:0x00,wp_drv:0x00
mode:DIO, clock div:2
load:0x3fff0030,len:7176
load:0x40078000,len:15564
ho 0 tail 12 room 4
load:0x40080400,len:4
load:0x40080404,len:3904
entry 0x40080640
[0;32mI (106) boot: ESP-IDF v5.3.1 2nd stage bootloader[0m
[0;32mI (106) boot: compile time Nov 21 2024 01:27:28[0m
[0;32mI (106) boot: Multicore bootloader[0m
[0;32mI (111) boot: chip revision: v3.0[0m
[0;32mI (115) boot.esp32: SPI Speed      : 40MHz[0m
[0;32mI (119) boot.esp32: SPI Mode       : DIO[0m
[0;32mI (124) boot.esp32: SPI Flash Size : 2MB[0m
[0;32mI (128) boot: Enabling RNG early entropy source...[0m
[0;32mI (134) boot: Partition Table:[0m
[0;32mI (138) boot: ## Label            Usage          Type ST Offset   Length[0m
[0;32mI (145) boot:  0 nvs              WiFi data        01 02 00009000 00006000[0m
[0;32mI (153) boot:  1 phy_init         RF data          01 01 0000f000 00001000[0m
[0;32mI (160) boot:  2 factory          factory app      00 00 00010000 00177000[0m
[0;32mI (168) boot: End of partition table[0m
[0;32mI (172) esp_image: segment 0: paddr=00010020 vaddr=3f400020 size=28980h (166272) map[0m
[0;32mI (238) esp_image: segment 1: paddr=000389a8 vaddr=3ff80301 size=00008h (     8) [0m
[0;32mI (238) esp_image: segment 2: paddr=000389b8 vaddr=3ffb0000 size=04038h ( 16440) load[0m
[0;32mI (249) esp_image: segment 3: paddr=0003c9f8 vaddr=40080000 size=03620h ( 13856) load[0m
[0;32mI (257) esp_image: segment 4: paddr=00040020 vaddr=400d0020 size=a4054h (671828) map[0m
[0;32mI (490) esp_image: segment 5: paddr=000e407c vaddr=40083620 size=1636ch ( 90988) load[0m
[0;32mI (526) esp_image: segment 6: paddr=000fa3f0 vaddr=400c0000 size=00304h (   772) [0m
[0;32mI (526) esp_image: segment 7: paddr=000fa6fc vaddr=50000000 size=0027ch (   636) [0m
[0;32mI (544) boot: Loaded app from partition at offset 0x10000[0m
[0;32mI (544) boot: Disabling RNG early entropy source...[0m
[0;32mI (556) cpu_start: Multicore app[0m
[0;32mI (565) cpu_start: Pro cpu start user code[0m
[0;32mI (565) cpu_start: cpu freq: 160000000 Hz[0m
[0;32mI (565) app_init: Application information:[0m
[0;32mI (568) app_init: Project name:     PIR[0m
[0;32mI (572) app_init: App version:      42bb6fe-dirty[0m
[0;32mI (578) app_init: Compile time:     Nov 21 2024 01:27:13[0m
[0;32mI (584) app_init: ELF file SHA256:  31d2ee31a8eef6ca...[0m
[0;32mI (590) app_init: ESP-IDF:          v5.3.1[0m
[0;32mI (595) efuse_init: Min chip rev:     v0.0[0m
[0;32mI (599) efuse_init: Max chip rev:     v3.99 [0m
[0;32mI (604) efuse_init: Chip rev:         v3.0[0m
[0;32mI (609) heap_init: Initializing. RAM available for dynamic allocation:[0m
[0;32mI (616) heap_init: At 3FFAE6E0 len 00001920 (6 KiB): DRAM[0m
[0;32mI (622) heap_init: At 3FFB8970 len 00027690 (157 KiB): DRAM[0m
[0;32mI (629) heap_init: At 3FFE0440 len 00003AE0 (14 KiB): D/IRAM[0m
[0;32mI (635) heap_init: At 3FFE4350 len 0001BCB0 (111 KiB): D/IRAM[0m
[0;32mI (641) heap_init: At 4009998C len 00006674 (25 KiB): IRAM[0m
[0;32mI (649) spi_flash: detected chip: generic[0m
[0;32mI (652) spi_flash: flash io: dio[0m
[0;33mW (656) spi_flash: Detected size(4096k) larger than the size in the binary image header(2048k). Using the size in the binary image header.[0m
[0;33mW (669) i2c: This driver is an old driver, please migrate your application code to adapt `driver/i2c_master.h`[0m
[0;32mI (681) main_task: Started on CPU0[0m
[0;32mI (691) main_task: Calling app_main()[0m
!!!!Current MAC address: 94:B9:7E:42:14:C8
BED ESP.
[0;32mI (691) progress: [APP] Free memory: 273564 bytes[0m
[0;32mI (691) progress: [APP] IDF version: v5.3.1[0m
[0;32mI (731) progress: Starting Wifi[0m
[0;32mI (1831) progress: Starting Clock[0m
[0;32mI (5831) progress: The current date/time in Germany is: Mon Nov 25 03:50:30 2024[0m
[0;32mI (5831) progress: Starting MQTT[0m
[0;32mI (5831) mqtt: [APP] Free memory: 225808 bytes[0m
[0;32mI (5841) mqtt: MQTT_EVENT_BEFORE_CONNECT
[0m
[0;32mI (5851) mqtt: Note free memory: 214432 bytes[0m
[0;32mI (5851) mqtt: Waiting for connection to MQTT
[0m
[0;32mI (5861) mqtt: MQTT_EVENT_CONNECTED
[0m
[0;32mI (5861) mqtt: Connected to MQTT
[0m
[0;32mI (5861) progress: Wake count: 7[0m
[0;32mI (5861) progress: Going to sleep[0m
ets Jul 29 2019 12:21:46

rst:0x5 (DEEPSLEEP_RESET),boot:0x13 (SPI_FAST_FLASH_BOOT)
Wakeup Stub Executed
[0;32mWakeup Cause: 2[0m
[0;32mCurrent Timestamp: 111229206, Last Timestamp: 105160124[0m
[0;32mStored event at position 7[0m
[0;32mPrinting stored events...[0m
[0;32mEvent 0: Timestamp: 64929422, Sensor ID: 0[0m
[0;32mEvent 1: Timestamp: 73599472, Sensor ID: 0[0m
[0;32mEvent 2: Timestamp: 81418288, Sensor ID: 0[0m
[0;32mEvent 3: Timestamp: 89377457, Sensor ID: 0[0m
[0;32mEvent 4: Timestamp: 93418906, Sensor ID: 0[0m
[0;32mEvent 5: Timestamp: 99276439, Sensor ID: 0[0m
[0;32mEvent 6: Timestamp: 105160124, Sensor ID: 0[0m
[0;32mEvent 7: Timestamp: 111229206, Sensor ID: 0[0m
configsip: 0, SPIWP:0xee
clk_drv:0x00,q_drv:0x00,d_drv:0x00,cs0_drv:0x00,hd_drv:0x00,wp_drv:0x00
mode:DIO, clock div:2
load:0x3fff0030,len:7176
load:0x40078000,len:15564
ho 0 tail 12 room 4
load:0x40080400,len:4
load:0x40080404,len:3904
entry 0x40080640
[0;32mI (113) boot: ESP-IDF v5.3.1 2nd stage bootloader[0m
[0;32mI (113) boot: compile time Nov 21 2024 01:27:28[0m
[0;32mI (113) boot: Multicore bootloader[0m
[0;32mI (118) boot: chip revision: v3.0[0m
[0;32mI (122) boot.esp32: SPI Speed      : 40MHz[0m
[0;32mI (126) boot.esp32: SPI Mode       : DIO[0m
[0;32mI (131) boot.esp32: SPI Flash Size : 2MB[0m
[0;32mI (136) boot: Enabling RNG early entropy source...[0m
[0;32mI (141) boot: Partition Table:[0m
[0;32mI (145) boot: ## Label            Usage          Type ST Offset   Length[0m
[0;32mI (152) boot:  0 nvs              WiFi data        01 02 00009000 00006000[0m
[0;32mI (160) boot:  1 phy_init         RF data          01 01 0000f000 00001000[0m
[0;32mI (167) boot:  2 factory          factory app      00 00 00010000 00177000[0m
[0;32mI (175) boot: End of partition table[0m
[0;32mI (179) esp_image: segment 0: paddr=00010020 vaddr=3f400020 size=28980h (166272) map[0m
[0;32mI (245) esp_image: segment 1: paddr=000389a8 vaddr=3ff80301 size=00008h (     8) [0m
[0;32mI (245) esp_image: segment 2: paddr=000389b8 vaddr=3ffb0000 size=04038h ( 16440) load[0m
[0;32mI (256) esp_image: segment 3: paddr=0003c9f8 vaddr=40080000 size=03620h ( 13856) load[0m
[0;32mI (264) esp_image: segment 4: paddr=00040020 vaddr=400d0020 size=a4054h (671828) map[0m
[0;32mI (497) esp_image: segment 5: paddr=000e407c vaddr=40083620 size=1636ch ( 90988) load[0m
[0;32mI (533) esp_image: segment 6: paddr=000fa3f0 vaddr=400c0000 size=00304h (   772) [0m
[0;32mI (534) esp_image: segment 7: paddr=000fa6fc vaddr=50000000 size=0027ch (   636) [0m
[0;32mI (551) boot: Loaded app from partition at offset 0x10000[0m
[0;32mI (551) boot: Disabling RNG early entropy source...[0m
[0;32mI (564) cpu_start: Multicore app[0m
[0;32mI (572) cpu_start: Pro cpu start user code[0m
[0;32mI (572) cpu_start: cpu freq: 160000000 Hz[0m
[0;32mI (572) app_init: Application information:[0m
[0;32mI (575) app_init: Project name:     PIR[0m
[0;32mI (580) app_init: App version:      42bb6fe-dirty[0m
[0;32mI (585) app_init: Compile time:     Nov 21 2024 01:27:13[0m
[0;32mI (591) app_init: ELF file SHA256:  31d2ee31a8eef6ca...[0m
[0;32mI (597) app_init: ESP-IDF:          v5.3.1[0m
[0;32mI (602) efuse_init: Min chip rev:     v0.0[0m
[0;32mI (606) efuse_init: Max chip rev:     v3.99 [0m
[0;32mI (611) efuse_init: Chip rev:         v3.0[0m
[0;32mI (616) heap_init: Initializing. RAM available for dynamic allocation:[0m
[0;32mI (624) heap_init: At 3FFAE6E0 len 00001920 (6 KiB): DRAM[0m
[0;32mI (629) heap_init: At 3FFB8970 len 00027690 (157 KiB): DRAM[0m
[0;32mI (636) heap_init: At 3FFE0440 len 00003AE0 (14 KiB): D/IRAM[0m
[0;32mI (642) heap_init: At 3FFE4350 len 0001BCB0 (111 KiB): D/IRAM[0m
[0;32mI (649) heap_init: At 4009998C len 00006674 (25 KiB): IRAM[0m
[0;32mI (656) spi_flash: detected chip: generic[0m
[0;32mI (659) spi_flash: flash io: dio[0m
[0;33mW (663) spi_flash: Detected size(4096k) larger than the size in the binary image header(2048k). Using the size in the binary image header.[0m
[0;33mW (677) i2c: This driver is an old driver, please migrate your application code to adapt `driver/i2c_master.h`[0m
[0;32mI (688) main_task: Started on CPU0[0m
[0;32mI (698) main_task: Calling app_main()[0m
!!!!Current MAC address: 94:B9:7E:42:14:C8
BED ESP.
[0;32mI (698) progress: [APP] Free memory: 273564 bytes[0m
[0;32mI (698) progress: [APP] IDF version: v5.3.1[0m
[0;32mI (738) progress: Starting Wifi[0m
[0;32mI (1838) progress: Starting Clock[0m
[0;32mI (5838) progress: The current date/time in Germany is: Mon Nov 25 03:50:35 2024[0m
[0;32mI (5838) progress: Starting MQTT[0m
[0;32mI (5838) mqtt: [APP] Free memory: 225808 bytes[0m
[0;32mI (5848) mqtt: MQTT_EVENT_BEFORE_CONNECT
[0m
[0;32mI (5858) mqtt: Note free memory: 214432 bytes[0m
[0;32mI (5858) mqtt: Waiting for connection to MQTT
[0m
[0;32mI (5878) mqtt: MQTT_EVENT_CONNECTED
[0m
[0;32mI (5878) mqtt: Connected to MQTT
[0m
[0;32mI (5878) progress: Wake count: 8[0m
[0;32mI (5878) progress: Going to sleep[0m
ets Jul 29 2019 12:21:46

rst:0x5 (DEEPSLEEP_RESET),boot:0x13 (SPI_FAST_FLASH_BOOT)
Wakeup Stub Executed
[0;32mWakeup Cause: 2[0m
[0;32mCurrent Timestamp: 116951225, Last Timestamp: 111229206[0m
[0;32mStored event at position 8[0m
[0;32mPrinting stored events...[0m
[0;32mEvent 0: Timestamp: 64929422, Sensor ID: 0[0m
[0;32mEvent 1: Timestamp: 73599472, Sensor ID: 0[0m
[0;32mEvent 2: Timestamp: 81418288, Sensor ID: 0[0m
[0;32mEvent 3: Timestamp: 89377457, Sensor ID: 0[0m
[0;32mEvent 4: Timestamp: 93418906, Sensor ID: 0[0m
[0;32mEvent 5: Timestamp: 99276439, Sensor ID: 0[0m
[0;32mEvent 6: Timestamp: 105160124, Sensor ID: 0[0m
[0;32mEvent 7: Timestamp: 111229206, Sensor ID: 0[0m
[0;32mEvent 8: Timestamp: 116951225, Sensor ID: 0[0m
configsip: 0, SPIWP:0xee
clk_drv:0x00,q_drv:0x00,d_drv:0x00,cs0_drv:0x00,hd_drv:0x00,wp_drv:0x00
mode:DIO, clock div:2
load:0x3fff0030,len:7176
load:0x40078000,len:15564
ho 0 tail 12 room 4
load:0x40080400,len:4
load:0x40080404,len:3904
entry 0x40080640
[0;32mI (120) boot: ESP-IDF v5.3.1 2nd stage bootloader[0m
[0;32mI (120) boot: compile time Nov 21 2024 01:27:28[0m
[0;32mI (120) boot: Multicore bootloader[0m
[0;32mI (125) boot: chip revision: v3.0[0m
[0;32mI (129) boot.esp32: SPI Speed      : 40MHz[0m
[0;32mI (134) boot.esp32: SPI Mode       : DIO[0m
[0;32mI (138) boot.esp32: SPI Flash Size : 2MB[0m
[0;32mI (143) boot: Enabling RNG early entropy source...[0m
[0;32mI (148) boot: Partition Table:[0m
[0;32mI (152) boot: ## Label            Usage          Type ST Offset   Length[0m
[0;32mI (159) boot:  0 nvs              WiFi data        01 02 00009000 00006000[0m
[0;32mI (167) boot:  1 phy_init         RF data          01 01 0000f000 00001000[0m
[0;32mI (174) boot:  2 factory          factory app      00 00 00010000 00177000[0m
[0;32mI (182) boot: End of partition table[0m
[0;32mI (186) esp_image: segment 0: paddr=00010020 vaddr=3f400020 size=28980h (166272) map[0m
[0;32mI (252) esp_image: segment 1: paddr=000389a8 vaddr=3ff80301 size=00008h (     8) [0m
[0;32mI (252) esp_image: segment 2: paddr=000389b8 vaddr=3ffb0000 size=04038h ( 16440) load[0m
[0;32mI (263) esp_image: segment 3: paddr=0003c9f8 vaddr=40080000 size=03620h ( 13856) load[0m
[0;32mI (271) esp_image: segment 4: paddr=00040020 vaddr=400d0020 size=a4054h (671828) map[0m
[0;32mI (504) esp_image: segment 5: paddr=000e407c vaddr=40083620 size=1636ch ( 90988) load[0m
[0;32mI (540) esp_image: segment 6: paddr=000fa3f0 vaddr=400c0000 size=00304h (   772) [0m
[0;32mI (541) esp_image: segment 7: paddr=000fa6fc vaddr=50000000 size=0027ch (   636) [0m
[0;32mI (558) boot: Loaded app from partition at offset 0x10000[0m
[0;32mI (558) boot: Disabling RNG early entropy source...[0m
[0;32mI (571) cpu_start: Multicore app[0m
[0;32mI (579) cpu_start: Pro cpu start user code[0m
[0;32mI (579) cpu_start: cpu freq: 160000000 Hz[0m
[0;32mI (579) app_init: Application information:[0m
[0;32mI (582) app_init: Project name:     PIR[0m
[0;32mI (587) app_init: App version:      42bb6fe-dirty[0m
[0;32mI (592) app_init: Compile time:     Nov 21 2024 01:27:13[0m
[0;32mI (598) app_init: ELF file SHA256:  31d2ee31a8eef6ca...[0m
[0;32mI (604) app_init: ESP-IDF:          v5.3.1[0m
[0;32mI (609) efuse_init: Min chip rev:     v0.0[0m
[0;32mI (614) efuse_init: Max chip rev:     v3.99 [0m
[0;32mI (618) efuse_init: Chip rev:         v3.0[0m
[0;32mI (624) heap_init: Initializing. RAM available for dynamic allocation:[0m
[0;32mI (631) heap_init: At 3FFAE6E0 len 00001920 (6 KiB): DRAM[0m
[0;32mI (637) heap_init: At 3FFB8970 len 00027690 (157 KiB): DRAM[0m
[0;32mI (643) heap_init: At 3FFE0440 len 00003AE0 (14 KiB): D/IRAM[0m
[0;32mI (649) heap_init: At 3FFE4350 len 0001BCB0 (111 KiB): D/IRAM[0m
[0;32mI (656) heap_init: At 4009998C len 00006674 (25 KiB): IRAM[0m
[0;32mI (663) spi_flash: detected chip: generic[0m
[0;32mI (666) spi_flash: flash io: dio[0m
[0;33mW (670) spi_flash: Detected size(4096k) larger than the size in the binary image header(2048k). Using the size in the binary image header.[0m
[0;33mW (684) i2c: This driver is an old driver, please migrate your application code to adapt `driver/i2c_master.h`[0m
[0;32mI (695) main_task: Started on CPU0[0m
[0;32mI (705) main_task: Calling app_main()[0m
!!!!Current MAC address: 94:B9:7E:42:14:C8
BED ESP.
[0;32mI (705) progress: [APP] Free memory: 273564 bytes[0m
[0;32mI (705) progress: [APP] IDF version: v5.3.1[0m
[0;32mI (745) progress: Starting Wifi[0m
[0;32mI (1845) progress: Starting Clock[0m
[0;32mI (5845) progress: The current date/time in Germany is: Mon Nov 25 03:50:41 2024[0m
[0;32mI (5845) progress: Starting MQTT[0m
[0;32mI (5845) mqtt: [APP] Free memory: 225808 bytes[0m
[0;32mI (5855) mqtt: MQTT_EVENT_BEFORE_CONNECT
[0m
[0;32mI (5865) mqtt: Note free memory: 214236 bytes[0m
[0;32mI (5865) mqtt: Waiting for connection to MQTT
[0m
[0;32mI (5875) mqtt: MQTT_EVENT_CONNECTED
[0m
[0;32mI (5875) mqtt: Connected to MQTT
[0m
[0;32mI (5875) progress: Wake count: 9[0m
[0;32mI (5875) progress: Going to sleep[0m
ets Jul 29 2019 12:21:46

rst:0x5 (DEEPSLEEP_RESET),boot:0x13 (SPI_FAST_FLASH_BOOT)
Wakeup Stub Executed
[0;32mWakeup Cause: 2[0m
[0;32mCurrent Timestamp: 122905499, Last Timestamp: 116951225[0m
[0;32mStored event at position 9[0m
[0;32mPrinting stored events...[0m
[0;32mEvent 0: Timestamp: 64929422, Sensor ID: 0[0m
[0;32mEvent 1: Timestamp: 73599472, Sensor ID: 0[0m
[0;32mEvent 2: Timestamp: 81418288, Sensor ID: 0[0m
[0;32mEvent 3: Timestamp: 89377457, Sensor ID: 0[0m
[0;32mEvent 4: Timestamp: 93418906, Sensor ID: 0[0m
[0;32mEvent 5: Timestamp: 99276439, Sensor ID: 0[0m
[0;32mEvent 6: Timestamp: 105160124, Sensor ID: 0[0m
[0;32mEvent 7: Timestamp: 111229206, Sensor ID: 0[0m
[0;32mEvent 8: Timestamp: 116951225, Sensor ID: 0[0m
[0;32mEvent 9: Timestamp: 122905499, Sensor ID: 0[0m
[0;32mEvent buffer full, waking up main CPU to process events[0m
configsip: 0, SPIWP:0xee
clk_drv:0x00,q_drv:0x00,d_drv:0x00,cs0_drv:0x00,hd_drv:0x00,wp_drv:0x00
mode:DIO, clock div:2
load:0x3fff0030,len:7176
load:0x40078000,len:15564
ho 0 tail 12 room 4
load:0x40080400,len:4
