ets Jul 29 2019 12:21:46

rst:ï¿½ets Jul 29 2019 12:21:46

rst:0x1 (POWERON_RESET),boot:0x13 (SPI_FAST_FLASH_BOOT)
configsip: 0, SPIWP:0xee
clk_drv:0x00,q_drv:0x00,d_drv:0x00,cs0_drv:0x00,hd_drv:0x00,wp_drv:0x00
mode:DIO, clock div:2
load:0x3fff0030,len:7176
load:0x40078000,len:15564
ho 0 tail 12 room 4
load:0x40080400,len:4
load:0x40080404,len:3904
entry 0x40080640
[0;32mI (31) boot: ESP-IDF v5.3.1 2nd stage bootloader[0m
[0;32mI (31) boot: compile time Nov 21 2024 01:27:28[0m
[0;32mI (31) boot: Multicore bootloader[0m
[0;32mI (35) boot: chip revision: v3.0[0m
[0;32mI (39) boot.esp32: SPI Speed      : 40MHz[0m
[0;32mI (44) boot.esp32: SPI Mode       : DIO[0m
[0;32mI (48) boot.esp32: SPI Flash Size : 2MB[0m
[0;32mI (53) boot: Enabling RNG early entropy source...[0m
[0;32mI (58) boot: Partition Table:[0m
[0;32mI (62) boot: ## Label            Usage          Type ST Offset   Length[0m
[0;32mI (69) boot:  0 nvs              WiFi data        01 02 00009000 00006000[0m
[0;32mI (77) boot:  1 phy_init         RF data          01 01 0000f000 00001000[0m
[0;32mI (84) boot:  2 factory          factory app      00 00 00010000 00177000[0m
[0;32mI (92) boot: End of partition table[0m
[0;32mI (96) esp_image: segment 0: paddr=00010020 vaddr=3f400020 size=288a0h (166048) map[0m
[0;32mI (161) esp_image: segment 1: paddr=000388c8 vaddr=3ff80354 size=00004h (     4) load[0m
[0;32mI (161) esp_image: segment 2: paddr=000388d4 vaddr=3ffb0000 size=04038h ( 16440) load[0m
[0;32mI (173) esp_image: segment 3: paddr=0003c914 vaddr=40080000 size=03704h ( 14084) load[0m
[0;32mI (181) esp_image: segment 4: paddr=00040020 vaddr=400d0020 size=a3f90h (671632) map[0m
[0;32mI (414) esp_image: segment 5: paddr=000e3fb8 vaddr=40083704 size=16288h ( 90760) load[0m
[0;32mI (450) esp_image: segment 6: paddr=000fa248 vaddr=400c0000 size=00354h (   852) load[0m
[0;32mI (450) esp_image: segment 7: paddr=000fa5a4 vaddr=50000000 size=00848h (  2120) load[0m
[0;32mI (470) boot: Loaded app from partition at offset 0x10000[0m
[0;32mI (470) boot: Disabling RNG early entropy source...[0m
[0;32mI (482) cpu_start: Multicore app[0m
[0;32mI (490) cpu_start: Pro cpu start user code[0m
[0;32mI (491) cpu_start: cpu freq: 160000000 Hz[0m
[0;32mI (491) app_init: Application information:[0m
[0;32mI (493) app_init: Project name:     PIR[0m
[0;32mI (498) app_init: App version:      42bb6fe-dirty[0m
[0;32mI (503) app_init: Compile time:     Nov 21 2024 01:27:13[0m
[0;32mI (509) app_init: ELF file SHA256:  c6c0454bbf3b3f2c...[0m
[0;32mI (515) app_init: ESP-IDF:          v5.3.1[0m
[0;32mI (520) efuse_init: Min chip rev:     v0.0[0m
[0;32mI (525) efuse_init: Max chip rev:     v3.99 [0m
[0;32mI (530) efuse_init: Chip rev:         v3.0[0m
[0;32mI (535) heap_init: Initializing. RAM available for dynamic allocation:[0m
[0;32mI (542) heap_init: At 3FFAE6E0 len 00001920 (6 KiB): DRAM[0m
[0;32mI (548) heap_init: At 3FFB8970 len 00027690 (157 KiB): DRAM[0m
[0;32mI (554) heap_init: At 3FFE0440 len 00003AE0 (14 KiB): D/IRAM[0m
[0;32mI (560) heap_init: At 3FFE4350 len 0001BCB0 (111 KiB): D/IRAM[0m
[0;32mI (567) heap_init: At 4009998C len 00006674 (25 KiB): IRAM[0m
[0;32mI (575) spi_flash: detected chip: generic[0m
[0;32mI (578) spi_flash: flash io: dio[0m
[0;33mW (582) spi_flash: Detected size(4096k) larger than the size in the binary image header(2048k). Using the size in the binary image header.[0m
[0;33mW (595) i2c: This driver is an old driver, please migrate your application code to adapt `driver/i2c_master.h`[0m
[0;32mI (606) main_task: Started on CPU0[0m
[0;32mI (616) main_task: Calling app_main()[0m
!!!!Current MAC address: EC:62:60:BC:E8:20
BATH ESP.
[0;31mE (616) i2cdev: Could not write to device [0x0b at 0]: -1 (ESP_FAIL)[0m
[0;32mI (726) gauge: Power Mode: 0x1[0m
[0;32mI (726) gauge: APA: 0x2A[0m
[0;32mI (726) gauge: Battery Profile: 0x1[0m
[0;32mI (726) gauge: Temp Mode: 0x0[0m
[0;32mI (726) gauge: Voltage: 4.34	RSOC: 100.0%[0m
[0;32mI (736) progress: [APP] Free memory: 272740 bytes[0m
[0;32mI (736) progress: [APP] IDF version: v5.3.1[0m
[0;32mI (766) progress: Starting Wifi[0m
[0;32mI (1916) progress: Starting Clock[0m
[0;32mI (5916) progress: The current date/time in Germany is: Mon Nov 25 02:33:10 2024[0m
[0;32mI (5916) progress: Starting MQTT[0m
[0;32mI (5916) mqtt: [APP] Free memory: 224984 bytes[0m
[0;32mI (5926) mqtt: MQTT_EVENT_BEFORE_CONNECT
[0m
[0;32mI (5936) mqtt: Note free memory: 213428 bytes[0m
[0;32mI (5936) mqtt: Waiting for connection to MQTT
[0m
[0;32mI (5956) mqtt: MQTT_EVENT_CONNECTED
[0m
[0;32mI (5956) mqtt: Connected to MQTT
[0m
[0;32mI (5956) progress: Wake count: 1[0m
[0;32mI (5956) progress: Going to sleep[0m
ets Jul 29 2019 12:21:46

rst:0x5 (DEEPSLEEP_RESET),boot:0x13 (SPI_FAST_FLASH_BOOT)
Wakeup Stub Executed
[0;32mWakeup Cause: 8[0m
[0;32mCurrent Timestamp: 6030844, Last Timestamp: 0[0m
[0;32mWake stub: undefined wakeup cause[0m
[0;32mPrinting stored events...[0m
configsip: 0, SPIWP:0xee
clk_drv:0x00,q_drv:0x00,d_drv:0x00,cs0_drv:0x00,hd_drv:0x00,wp_drv:0x00
mode:DIO, clock div:2
load:0x3fff0030,len:7176
load:0x40078000,len:15564
ho 0 tail 12 room 4
load:0x40080400,len:4
load:0x40080404,len:3904
entry 0x40080640
[0;32mI (56) boot: ESP-IDF v5.3.1 2nd stage bootloader[0m
[0;32mI (57) boot: compile time Nov 21 2024 01:27:28[0m
[0;32mI (57) boot: Multicore bootloader[0m
[0;32mI (61) boot: chip revision: v3.0[0m
[0;32mI (65) boot.esp32: SPI Speed      : 40MHz[0m
[0;32mI (70) boot.esp32: SPI Mode       : DIO[0m
[0;32mI (74) boot.esp32: SPI Flash Size : 2MB[0m
[0;32mI (79) boot: Enabling RNG early entropy source...[0m
[0;32mI (84) boot: Partition Table:[0m
[0;32mI (88) boot: ## Label            Usage          Type ST Offset   Length[0m
[0;32mI (95) boot:  0 nvs              WiFi data        01 02 00009000 00006000[0m
[0;32mI (102) boot:  1 phy_init         RF data          01 01 0000f000 00001000[0m
[0;32mI (110) boot:  2 factory          factory app      00 00 00010000 00177000[0m
[0;32mI (118) boot: End of partition table[0m
[0;32mI (122) esp_image: segment 0: paddr=00010020 vaddr=3f400020 size=288a0h (166048) map[0m
[0;32mI (187) esp_image: segment 1: paddr=000388c8 vaddr=3ff80354 size=00004h (     4) [0m
[0;32mI (188) esp_image: segment 2: paddr=000388d4 vaddr=3ffb0000 size=04038h ( 16440) load[0m
[0;32mI (199) esp_image: segment 3: paddr=0003c914 vaddr=40080000 size=03704h ( 14084) load[0m
[0;32mI (207) esp_image: segment 4: paddr=00040020 vaddr=400d0020 size=a3f90h (671632) map[0m
[0;32mI (440) esp_image: segment 5: paddr=000e3fb8 vaddr=40083704 size=16288h ( 90760) load[0m
[0;32mI (475) esp_image: segment 6: paddr=000fa248 vaddr=400c0000 size=00354h (   852) [0m
[0;32mI (476) esp_image: segment 7: paddr=000fa5a4 vaddr=50000000 size=00848h (  2120) [0m
[0;32mI (494) boot: Loaded app from partition at offset 0x10000[0m
[0;32mI (494) boot: Disabling RNG early entropy source...[0m
[0;32mI (506) cpu_start: Multicore app[0m
[0;32mI (515) cpu_start: Pro cpu start user code[0m
[0;32mI (515) cpu_start: cpu freq: 160000000 Hz[0m
[0;32mI (515) app_init: Application information:[0m
[0;32mI (518) app_init: Project name:     PIR[0m
[0;32mI (522) app_init: App version:      42bb6fe-dirty[0m
[0;32mI (528) app_init: Compile time:     Nov 21 2024 01:27:13[0m
[0;32mI (534) app_init: ELF file SHA256:  c6c0454bbf3b3f2c...[0m
[0;32mI (540) app_init: ESP-IDF:          v5.3.1[0m
[0;32mI (544) efuse_init: Min chip rev:     v0.0[0m
[0;32mI (549) efuse_init: Max chip rev:     v3.99 [0m
[0;32mI (554) efuse_init: Chip rev:         v3.0[0m
[0;32mI (559) heap_init: Initializing. RAM available for dynamic allocation:[0m
[0;32mI (566) heap_init: At 3FFAE6E0 len 00001920 (6 KiB): DRAM[0m
[0;32mI (572) heap_init: At 3FFB8970 len 00027690 (157 KiB): DRAM[0m
[0;32mI (578) heap_init: At 3FFE0440 len 00003AE0 (14 KiB): D/IRAM[0m
[0;32mI (585) heap_init: At 3FFE4350 len 0001BCB0 (111 KiB): D/IRAM[0m
[0;32mI (591) heap_init: At 4009998C len 00006674 (25 KiB): IRAM[0m
[0;32mI (599) spi_flash: detected chip: generic[0m
[0;32mI (602) spi_flash: flash io: dio[0m
[0;33mW (606) spi_flash: Detected size(4096k) larger than the size in the binary image header(2048k). Using the size in the binary image header.[0m
[0;33mW (619) i2c: This driver is an old driver, please migrate your application code to adapt `driver/i2c_master.h`[0m
[0;32mI (631) main_task: Started on CPU0[0m
[0;32mI (641) main_task: Calling app_main()[0m
!!!!Current MAC address: EC:62:60:BC:E8:20
BATH ESP.
[0;31mE (641) i2cdev: Could not write to device [0x0b at 0]: -1 (ESP_FAIL)[0m
[0;32mI (751) gauge: Power Mode: 0x1[0m
[0;32mI (751) gauge: APA: 0x2A[0m
[0;32mI (751) gauge: Battery Profile: 0x1[0m
[0;32mI (751) gauge: Temp Mode: 0x0[0m
[0;32mI (761) gauge: Voltage: 4.40	RSOC: 100.0%[0m
[0;32mI (761) progress: [APP] Free memory: 272740 bytes[0m
[0;32mI (761) progress: [APP] IDF version: v5.3.1[0m
[0;32mI (801) progress: Starting Wifi[0m
[0;32mI (1891) progress: Starting Clock[0m
[0;32mI (3891) progress: The current date/time in Germany is: Mon Nov 25 02:33:14 2024[0m
[0;32mI (3891) progress: Starting MQTT[0m
[0;32mI (3891) mqtt: [APP] Free memory: 224984 bytes[0m
[0;32mI (3901) mqtt: MQTT_EVENT_BEFORE_CONNECT
[0m
[0;32mI (3911) mqtt: Note free memory: 213592 bytes[0m
[0;32mI (3911) mqtt: Waiting for connection to MQTT
[0m
[0;32mI (3921) mqtt: MQTT_EVENT_CONNECTED
[0m
[0;32mI (3921) mqtt: Connected to MQTT
[0m
[0;32mI (3921) progress: Wake count: 2[0m
[0;32mI (3921) progress: Going to sleep[0m
ets Jul 29 2019 12:21:46

rst:0x5 (DEEPSLEEP_RESET),boot:0x13 (SPI_FAST_FLASH_BOOT)
Wakeup Stub Executed
[0;32mWakeup Cause: 8[0m
[0;32mCurrent Timestamp: 9974742, Last Timestamp: 0[0m
[0;32mWake stub: undefined wakeup cause[0m
[0;32mPrinting stored events...[0m
configsip: 0, SPIWP:0xee
clk_drv:0x00,q_drv:0x00,d_drv:0x00,cs0_drv:0x00,hd_drv:0x00,wp_drv:0x00
mode:DIO, clock div:2
load:0x3fff0030,len:7176
load:0x40078000,len:15564
ho 0 tail 12 room 4
load:0x40080400,len:4
load:0x40080404,len:3904
entry 0x40080640
[0;32mI (56) boot: ESP-IDF v5.3.1 2nd stage bootloader[0m
[0;32mI (57) boot: compile time Nov 21 2024 01:27:28[0m
[0;32mI (57) boot: Multicore bootloader[0m
[0;32mI (61) boot: chip revision: v3.0[0m
[0;32mI (65) boot.esp32: SPI Speed      : 40MHz[0m
[0;32mI (70) boot.esp32: SPI Mode       : DIO[0m
[0;32mI (74) boot.esp32: SPI Flash Size : 2MB[0m
[0;32mI (79) boot: Enabling RNG early entropy source...[0m
[0;32mI (84) boot: Partition Table:[0m
[0;32mI (88) boot: ## Label            Usage          Type ST Offset   Length[0m
[0;32mI (95) boot:  0 nvs              WiFi data        01 02 00009000 00006000[0m
[0;32mI (102) boot:  1 phy_init         RF data          01 01 0000f000 00001000[0m
[0;32mI (110) boot:  2 factory          factory app      00 00 00010000 00177000[0m
[0;32mI (118) boot: End of partition table[0m
[0;32mI (122) esp_image: segment 0: paddr=00010020 vaddr=3f400020 size=288a0h (166048) map[0m
[0;32mI (187) esp_image: segment 1: paddr=000388c8 vaddr=3ff80354 size=00004h (     4) [0m
[0;32mI (188) esp_image: segment 2: paddr=000388d4 vaddr=3ffb0000 size=04038h ( 16440) load[0m
[0;32mI (199) esp_image: segment 3: paddr=0003c914 vaddr=40080000 size=03704h ( 14084) load[0m
[0;32mI (207) esp_image: segment 4: paddr=00040020 vaddr=400d0020 size=a3f90h (671632) map[0m
[0;32mI (440) esp_image: segment 5: paddr=000e3fb8 vaddr=40083704 size=16288h ( 90760) load[0m
[0;32mI (475) esp_image: segment 6: paddr=000fa248 vaddr=400c0000 size=00354h (   852) [0m
[0;32mI (476) esp_image: segment 7: paddr=000fa5a4 vaddr=50000000 size=00848h (  2120) [0m
[0;32mI (494) boot: Loaded app from partition at offset 0x10000[0m
[0;32mI (494) boot: Disabling RNG early entropy source...[0m
[0;32mI (506) cpu_start: Multicore app[0m
[0;32mI (515) cpu_start: Pro cpu start user code[0m
[0;32mI (515) cpu_start: cpu freq: 160000000 Hz[0m
[0;32mI (515) app_init: Application information:[0m
[0;32mI (518) app_init: Project name:     PIR[0m
[0;32mI (522) app_init: App version:      42bb6fe-dirty[0m
[0;32mI (528) app_init: Compile time:     Nov 21 2024 01:27:13[0m
[0;32mI (534) app_init: ELF file SHA256:  c6c0454bbf3b3f2c...[0m
[0;32mI (540) app_init: ESP-IDF:          v5.3.1[0m
[0;32mI (544) efuse_init: Min chip rev:     v0.0[0m
[0;32mI (549) efuse_init: Max chip rev:     v3.99 [0m
[0;32mI (554) efuse_init: Chip rev:         v3.0[0m
[0;32mI (559) heap_init: Initializing. RAM available for dynamic allocation:[0m
[0;32mI (566) heap_init: At 3FFAE6E0 len 00001920 (6 KiB): DRAM[0m
[0;32mI (572) heap_init: At 3FFB8970 len 00027690 (157 KiB): DRAM[0m
[0;32mI (578) heap_init: At 3FFE0440 len 00003AE0 (14 KiB): D/IRAM[0m
[0;32mI (585) heap_init: At 3FFE4350 len 0001BCB0 (111 KiB): D/IRAM[0m
[0;32mI (591) heap_init: At 4009998C len 00006674 (25 KiB): IRAM[0m
[0;32mI (599) spi_flash: detected chip: generic[0m
[0;32mI (602) spi_flash: flash io: dio[0m
[0;33mW (606) spi_flash: Detected size(4096k) larger than the size in the binary image header(2048k). Using the size in the binary image header.[0m
[0;33mW (619) i2c: This driver is an old driver, please migrate your application code to adapt `driver/i2c_master.h`[0m
[0;32mI (631) main_task: Started on CPU0[0m
[0;32mI (641) main_task: Calling app_main()[0m
!!!!Current MAC address: EC:62:60:BC:E8:20
BATH ESP.
[0;31mE (641) i2cdev: Could not write to device [0x0b at 0]: -1 (ESP_FAIL)[0m
[0;32mI (751) gauge: Power Mode: 0x1[0m
[0;32mI (751) gauge: APA: 0x2A[0m
[0;32mI (751) gauge: Battery Profile: 0x1[0m
[0;32mI (751) gauge: Temp Mode: 0x0[0m
[0;32mI (751) gauge: Voltage: 4.01	RSOC: 79.0%[0m
[0;32mI (761) progress: [APP] Free memory: 272740 bytes[0m
[0;32mI (761) progress: [APP] IDF version: v5.3.1[0m
[0;32mI (791) progress: Starting Wifi[0m
[0;32mI (1881) progress: Starting Clock[0m
[0;32mI (3881) progress: The current date/time in Germany is: Mon Nov 25 02:33:18 2024[0m
[0;32mI (3881) progress: Starting MQTT[0m
[0;32mI (3881) mqtt: [APP] Free memory: 224868 bytes[0m
[0;32mI (3891) mqtt: MQTT_EVENT_BEFORE_CONNECT
[0m
[0;32mI (3891) mqtt: Note free memory: 213468 bytes[0m
[0;32mI (3891) mqtt: Waiting for connection to MQTT
[0m
[0;32mI (6931) mqtt: MQTT_EVENT_CONNECTED
[0m
[0;32mI (6931) mqtt: Connected to MQTT
[0m
[0;32mI (6931) progress: Wake count: 3[0m
[0;32mI (6931) progress: Going to sleep[0m
ets Jul 29 2019 12:21:46

rst:0x5 (DEEPSLEEP_RESET),boot:0x13 (SPI_FAST_FLASH_BOOT)
Wakeup Stub Executed
[0;32mWakeup Cause: 8[0m
[0;32mCurrent Timestamp: 16953309, Last Timestamp: 0[0m
[0;32mWake stub: undefined wakeup cause[0m
[0;32mPrinting stored events...[0m
configsip: 0, SPIWP:0xee
clk_drv:0x00,q_drv:0x00,d_drv:0x00,cs0_drv:0x00,hd_drv:0x00,wp_drv:0x00
mode:DIO, clock div:2
load:0x3fff0030,len:7176
load:0x40078000,len:15564
ho 0 tail 12 room 4
load:0x40080400,len:4
load:0x40080404,len:3904
entry 0x40080640
[0;32mI (57) boot: ESP-IDF v5.3.1 2nd stage bootloader[0m
[0;32mI (57) boot: compile time Nov 21 2024 01:27:28[0m
[0;32mI (57) boot: Multicore bootloader[0m
[0;32mI (61) boot: chip revision: v3.0[0m
[0;32mI (65) boot.esp32: SPI Speed      : 40MHz[0m
[0;32mI (70) boot.esp32: SPI Mode       : DIO[0m
[0;32mI (74) boot.esp32: SPI Flash Size : 2MB[0m
[0;32mI (79) boot: Enabling RNG early entropy source...[0m
[0;32mI (84) boot: Partition Table:[0m
[0;32mI (88) boot: ## Label            Usage          Type ST Offset   Length[0m
[0;32mI (95) boot:  0 nvs              WiFi data        01 02 00009000 00006000[0m
[0;32mI (102) boot:  1 phy_init         RF data          01 01 0000f000 00001000[0m
[0;32mI (110) boot:  2 factory          factory app      00 00 00010000 00177000[0m
[0;32mI (118) boot: End of partition table[0m
[0;32mI (122) esp_image: segment 0: paddr=00010020 vaddr=3f400020 size=288a0h (166048) map[0m
[0;32mI (187) esp_image: segment 1: paddr=000388c8 vaddr=3ff80354 size=00004h (     4) [0m
[0;32mI (188) esp_image: segment 2: paddr=000388d4 vaddr=3ffb0000 size=04038h ( 16440) load[0m
[0;32mI (199) esp_image: segment 3: paddr=0003c914 vaddr=40080000 size=03704h ( 14084) load[0m
[0;32mI (207) esp_image: segment 4: paddr=00040020 vaddr=400d0020 size=a3f90h (671632) map[0m
[0;32mI (440) esp_image: segment 5: paddr=000e3fb8 vaddr=40083704 size=16288h ( 90760) load[0m
[0;32mI (476) esp_image: segment 6: paddr=000fa248 vaddr=400c0000 size=00354h (   852) [0m
[0;32mI (476) esp_image: segment 7: paddr=000fa5a4 vaddr=50000000 size=00848h (  2120) [0m
[0;32mI (494) boot: Loaded app from partition at offset 0x10000[0m
[0;32mI (494) boot: Disabling RNG early entropy source...[0m
[0;32mI (506) cpu_start: Multicore app[0m
[0;32mI (515) cpu_start: Pro cpu start user code[0m
[0;32mI (515) cpu_start: cpu freq: 160000000 Hz[0m
[0;32mI (515) app_init: Application information:[0m
[0;32mI (518) app_init: Project name:     PIR[0m
[0;32mI (522) app_init: App version:      42bb6fe-dirty[0m
[0;32mI (528) app_init: Compile time:     Nov 21 2024 01:27:13[0m
[0;32mI (534) app_init: ELF file SHA256:  c6c0454bbf3b3f2c...[0m
[0;32mI (540) app_init: ESP-IDF:          v5.3.1[0m
[0;32mI (544) efuse_init: Min chip rev:     v0.0[0m
[0;32mI (549) efuse_init: Max chip rev:     v3.99 [0m
[0;32mI (554) efuse_init: Chip rev:         v3.0[0m
[0;32mI (559) heap_init: Initializing. RAM available for dynamic allocation:[0m
[0;32mI (566) heap_init: At 3FFAE6E0 len 00001920 (6 KiB): DRAM[0m
[0;32mI (572) heap_init: At 3FFB8970 len 00027690 (157 KiB): DRAM[0m
[0;32mI (578) heap_init: At 3FFE0440 len 00003AE0 (14 KiB): D/IRAM[0m
[0;32mI (585) heap_init: At 3FFE4350 len 0001BCB0 (111 KiB): D/IRAM[0m
[0;32mI (591) heap_init: At 4009998C len 00006674 (25 KiB): IRAM[0m
[0;32mI (599) spi_flash: detected chip: generic[0m
[0;32mI (602) spi_flash: flash io: dio[0m
[0;33mW (606) spi_flash: Detected size(4096k) larger than the size in the binary image header(2048k). Using the size in the binary image header.[0m
[0;33mW (619) i2c: This driver is an old driver, please migrate your application code to adapt `driver/i2c_master.h`[0m
[0;32mI (631) main_task: Started on CPU0[0m
[0;32mI (641) main_task: Calling app_main()[0m
!!!!Current MAC address: EC:62:60:BC:E8:20
BATH ESP.
[0;31mE (641) i2cdev: Could not write to device [0x0b at 0]: -1 (ESP_FAIL)[0m
[0;32mI (751) gauge: Power Mode: 0x1[0m
[0;32mI (751) gauge: APA: 0x2A[0m
[0;32mI (751) gauge: Battery Profile: 0x1[0m
[0;32mI (751) gauge: Temp Mode: 0x0[0m
[0;32mI (761) gauge: Voltage: 4.39	RSOC: 100.0%[0m
[0;32mI (761) progress: [APP] Free memory: 272740 bytes[0m
[0;32mI (761) progress: [APP] IDF version: v5.3.1[0m
[0;32mI (801) progress: Starting Wifi[0m
[0;32mI (1881) progress: Starting Clock[0m
[0;32mI (3881) progress: The current date/time in Germany is: Mon Nov 25 02:33:25 2024[0m
[0;32mI (3881) progress: Starting MQTT[0m
[0;32mI (3881) mqtt: [APP] Free memory: 224984 bytes[0m
[0;32mI (3891) mqtt: MQTT_EVENT_BEFORE_CONNECT
[0m
[0;32mI (3901) mqtt: Note free memory: 213592 bytes[0m
[0;32mI (3901) mqtt: Waiting for connection to MQTT
[0m
[0;32mI (3911) mqtt: MQTT_EVENT_CONNECTED
[0m
[0;32mI (3911) mqtt: Connected to MQTT
[0m
[0;32mI (3911) progress: Wake count: 4[0m
[0;32mI (3911) progress: Going to sleep[0m
ets Jul 29 2019 12:21:46

rst:0x5 (DEEPSLEEP_RESET),boot:0x13 (SPI_FAST_FLASH_BOOT)
Wakeup Stub Executed
[0;32mWakeup Cause: 8[0m
[0;32mCurrent Timestamp: 20893430, Last Timestamp: 0[0m
[0;32mWake stub: undefined wakeup cause[0m
[0;32mPrinting stored events...[0m
configsip: 0, SPIWP:0xee
clk_drv:0x00,q_drv:0x00,d_drv:0x00,cs0_drv:0x00,hd_drv:0x00,wp_drv:0x00
mode:DIO, clock div:2
load:0x3fff0030,len:7176
load:0x40078000,len:15564
ho 0 tail 12 room 4
load:0x40080400,len:4
load:0x40080404,len:3904
entry 0x40080640
[0;32mI (57) boot: ESP-IDF v5.3.1 2nd stage bootloader[0m
[0;32mI (57) boot: compile time Nov 21 2024 01:27:28[0m
[0;32mI (57) boot: Multicore bootloader[0m
[0;32mI (61) boot: chip revision: v3.0[0m
[0;32mI (65) boot.esp32: SPI Speed      : 40MHz[0m
[0;32mI (70) boot.esp32: SPI Mode       : DIO[0m
[0;32mI (74) boot.esp32: SPI Flash Size : 2MB[0m
[0;32mI (79) boot: Enabling RNG early entropy source...[0m
[0;32mI (84) boot: Partition Table:[0m
[0;32mI (88) boot: ## Label            Usage          Type ST Offset   Length[0m
[0;32mI (95) boot:  0 nvs              WiFi data        01 02 00009000 00006000[0m
[0;32mI (102) boot:  1 phy_init         RF data          01 01 0000f000 00001000[0m
[0;32mI (110) boot:  2 factory          factory app      00 00 00010000 00177000[0m
[0;32mI (118) boot: End of partition table[0m
[0;32mI (122) esp_image: segment 0: paddr=00010020 vaddr=3f400020 size=288a0h (166048) map[0m
[0;32mI (187) esp_image: segment 1: paddr=000388c8 vaddr=3ff80354 size=00004h (     4) [0m
[0;32mI (188) esp_image: segment 2: paddr=000388d4 vaddr=3ffb0000 size=04038h ( 16440) load[0m
[0;32mI (199) esp_image: segment 3: paddr=0003c914 vaddr=40080000 size=03704h ( 14084) load[0m
[0;32mI (207) esp_image: segment 4: paddr=00040020 vaddr=400d0020 size=a3f90h (671632) map[0m
[0;32mI (440) esp_image: segment 5: paddr=000e3fb8 vaddr=40083704 size=16288h ( 90760) load[0m
[0;32mI (476) esp_image: segment 6: paddr=000fa248 vaddr=400c0000 size=00354h (   852) [0m
[0;32mI (476) esp_image: segment 7: paddr=000fa5a4 vaddr=50000000 size=00848h (  2120) [0m
[0;32mI (494) boot: Loaded app from partition at offset 0x10000[0m
[0;32mI (494) boot: Disabling RNG early entropy source...[0m
[0;32mI (506) cpu_start: Multicore app[0m
[0;32mI (515) cpu_start: Pro cpu start user code[0m
[0;32mI (515) cpu_start: cpu freq: 160000000 Hz[0m
[0;32mI (515) app_init: Application information:[0m
[0;32mI (518) app_init: Project name:     PIR[0m
[0;32mI (522) app_init: App version:      42bb6fe-dirty[0m
[0;32mI (528) app_init: Compile time:     Nov 21 2024 01:27:13[0m
[0;32mI (534) app_init: ELF file SHA256:  c6c0454bbf3b3f2c...[0m
[0;32mI (540) app_init: ESP-IDF:          v5.3.1[0m
[0;32mI (544) efuse_init: Min chip rev:     v0.0[0m
[0;32mI (549) efuse_init: Max chip rev:     v3.99 [0m
[0;32mI (554) efuse_init: Chip rev:         v3.0[0m
[0;32mI (559) heap_init: Initializing. RAM available for dynamic allocation:[0m
[0;32mI (566) heap_init: At 3FFAE6E0 len 00001920 (6 KiB): DRAM[0m
[0;32mI (572) heap_init: At 3FFB8970 len 00027690 (157 KiB): DRAM[0m
[0;32mI (578) heap_init: At 3FFE0440 len 00003AE0 (14 KiB): D/IRAM[0m
[0;32mI (585) heap_init: At 3FFE4350 len 0001BCB0 (111 KiB): D/IRAM[0m
[0;32mI (591) heap_init: At 4009998C len 00006674 (25 KiB): IRAM[0m
[0;32mI (599) spi_flash: detected chip: generic[0m
[0;32mI (602) spi_flash: flash io: dio[0m
[0;33mW (606) spi_flash: Detected size(4096k) larger than the size in the binary image header(2048k). Using the size in the binary image header.[0m
[0;33mW (619) i2c: This driver is an old driver, please migrate your application code to adapt `driver/i2c_master.h`[0m
[0;32mI (631) main_task: Started on CPU0[0m
[0;32mI (641) main_task: Calling app_main()[0m
!!!!Current MAC address: EC:62:60:BC:E8:20
BATH ESP.
[0;31mE (641) i2cdev: Could not write to device [0x0b at 0]: -1 (ESP_FAIL)[0m
[0;32mI (751) gauge: Power Mode: 0x1[0m
[0;32mI (751) gauge: APA: 0x2A[0m
[0;32mI (751) gauge: Battery Profile: 0x1[0m
[0;32mI (751) gauge: Temp Mode: 0x0[0m
[0;32mI (751) gauge: Voltage: 4.39	RSOC: 100.0%[0m
[0;32mI (761) progress: [APP] Free memory: 272740 bytes[0m
[0;32mI (761) progress: [APP] IDF version: v5.3.1[0m
[0;32mI (791) progress: Starting Wifi[0m
[0;32mI (1891) progress: Starting Clock[0m
[0;32mI (7891) progress: The current date/time in Germany is: Mon Nov 25 02:33:33 2024[0m
[0;32mI (7891) progress: Starting MQTT[0m
[0;32mI (7891) mqtt: [APP] Free memory: 224984 bytes[0m
[0;32mI (7901) mqtt: MQTT_EVENT_BEFORE_CONNECT
[0m
[0;32mI (7911) mqtt: Note free memory: 213608 bytes[0m
[0;32mI (7911) mqtt: Waiting for connection to MQTT
[0m
[0;32mI (7921) mqtt: MQTT_EVENT_CONNECTED
[0m
[0;32mI (7921) mqtt: Connected to MQTT
[0m
[0;32mI (7921) progress: Wake count: 5[0m
[0;32mI (7921) progress: Going to sleep[0m
ets Jul 29 2019 12:21:46

rst:0x5 (DEEPSLEEP_RESET),boot:0x13 (SPI_FAST_FLASH_BOOT)
Wakeup Stub Executed
[0;32mWakeup Cause: 8[0m
[0;32mCurrent Timestamp: 28828047, Last Timestamp: 0[0m
[0;32mWake stub: undefined wakeup cause[0m
[0;32mPrinting stored events...[0m
configsip: 0, SPIWP:0xee
clk_drv:0x00,q_drv:0x00,d_drv:0x00,cs0_drv:0x00,hd_drv:0x00,wp_drv:0x00
mode:DIO, clock div:2
load:0x3fff0030,len:7176
load:0x40078000,len:15564
ho 0 tail 12 room 4
load:0x40080400,len:4
load:0x40080404,len:3904
entry 0x40080640
[0;32mI (57) boot: ESP-IDF v5.3.1 2nd stage bootloader[0m
[0;32mI (57) boot: compile time Nov 21 2024 01:27:28[0m
[0;32mI (57) boot: Multicore bootloader[0m
[0;32mI (61) boot: chip revision: v3.0[0m
[0;32mI (65) boot.esp32: SPI Speed      : 40MHz[0m
[0;32mI (70) boot.esp32: SPI Mode       : DIO[0m
[0;32mI (74) boot.esp32: SPI Flash Size : 2MB[0m
[0;32mI (79) boot: Enabling RNG early entropy source...[0m
[0;32mI (84) boot: Partition Table:[0m
[0;32mI (88) boot: ## Label            Usage          Type ST Offset   Length[0m
[0;32mI (95) boot:  0 nvs              WiFi data        01 02 00009000 00006000[0m
[0;32mI (102) boot:  1 phy_init         RF data          01 01 0000f000 00001000[0m
[0;32mI (110) boot:  2 factory          factory app      00 00 00010000 00177000[0m
[0;32mI (118) boot: End of partition table[0m
[0;32mI (122) esp_image: segment 0: paddr=00010020 vaddr=3f400020 size=288a0h (166048) map[0m
[0;32mI (187) esp_image: segment 1: paddr=000388c8 vaddr=3ff80354 size=00004h (     4) [0m
[0;32mI (188) esp_image: segment 2: paddr=000388d4 vaddr=3ffb0000 size=04038h ( 16440) load[0m
[0;32mI (199) esp_image: segment 3: paddr=0003c914 vaddr=40080000 size=03704h ( 14084) load[0m
[0;32mI (207) esp_image: segment 4: paddr=00040020 vaddr=400d0020 size=a3f90h (671632) map[0m
[0;32mI (440) esp_image: segment 5: paddr=000e3fb8 vaddr=40083704 size=16288h ( 90760) load[0m
[0;32mI (476) esp_image: segment 6: paddr=000fa248 vaddr=400c0000 size=00354h (   852) [0m
[0;32mI (476) esp_image: segment 7: paddr=000fa5a4 vaddr=50000000 size=00848h (  2120) [0m
[0;32mI (494) boot: Loaded app from partition at offset 0x10000[0m
[0;32mI (494) boot: Disabling RNG early entropy source...[0m
[0;32mI (506) cpu_start: Multicore app[0m
[0;32mI (515) cpu_start: Pro cpu start user code[0m
[0;32mI (515) cpu_start: cpu freq: 160000000 Hz[0m
[0;32mI (515) app_init: Application information:[0m
[0;32mI (518) app_init: Project name:     PIR[0m
[0;32mI (522) app_init: App version:      42bb6fe-dirty[0m
[0;32mI (528) app_init: Compile time:     Nov 21 2024 01:27:13[0m
[0;32mI (534) app_init: ELF file SHA256:  c6c0454bbf3b3f2c...[0m
[0;32mI (540) app_init: ESP-IDF:          v5.3.1[0m
[0;32mI (544) efuse_init: Min chip rev:     v0.0[0m
[0;32mI (549) efuse_init: Max chip rev:     v3.99 [0m
[0;32mI (554) efuse_init: Chip rev:         v3.0[0m
[0;32mI (559) heap_init: Initializing. RAM available for dynamic allocation:[0m
[0;32mI (566) heap_init: At 3FFAE6E0 len 00001920 (6 KiB): DRAM[0m
[0;32mI (572) heap_init: At 3FFB8970 len 00027690 (157 KiB): DRAM[0m
[0;32mI (578) heap_init: At 3FFE0440 len 00003AE0 (14 KiB): D/IRAM[0m
[0;32mI (585) heap_init: At 3FFE4350 len 0001BCB0 (111 KiB): D/IRAM[0m
[0;32mI (591) heap_init: At 4009998C len 00006674 (25 KiB): IRAM[0m
[0;32mI (599) spi_flash: detected chip: generic[0m
[0;32mI (602) spi_flash: flash io: dio[0m
[0;33mW (606) spi_flash: Detected size(4096k) larger than the size in the binary image header(2048k). Using the size in the binary image header.[0m
[0;33mW (619) i2c: This driver is an old driver, please migrate your application code to adapt `driver/i2c_master.h`[0m
[0;32mI (631) main_task: Started on CPU0[0m
[0;32mI (641) main_task: Calling app_main()[0m
!!!!Current MAC address: EC:62:60:BC:E8:20
BATH ESP.
[0;31mE (641) i2cdev: Could not write to device [0x0b at 0]: -1 (ESP_FAIL)[0m
[0;32mI (751) gauge: Power Mode: 0x1[0m
[0;32mI (751) gauge: APA: 0x2A[0m
[0;32mI (751) gauge: Battery Profile: 0x1[0m
[0;32mI (751) gauge: Temp Mode: 0x0[0m
[0;32mI (761) gauge: Voltage: 4.26	RSOC: 100.0%[0m
[0;32mI (761) progress: [APP] Free memory: 272740 bytes[0m
[0;32mI (761) progress: [APP] IDF version: v5.3.1[0m
[0;32mI (801) progress: Starting Wifi[0m
[0;32mI (1881) progress: Starting Clock[0m
[0;32mI (7881) progress: The current date/time in Germany is: Mon Nov 25 02:33:41 2024[0m
[0;32mI (7881) progress: Starting MQTT[0m
[0;32mI (7881) mqtt: [APP] Free memory: 224984 bytes[0m
[0;32mI (7891) mqtt: MQTT_EVENT_BEFORE_CONNECT
[0m
[0;32mI (7901) mqtt: Note free memory: 213428 bytes[0m
[0;32mI (7901) mqtt: Waiting for connection to MQTT
[0m
[0;32mI (7911) mqtt: MQTT_EVENT_CONNECTED
[0m
[0;32mI (7911) mqtt: Connected to MQTT
[0m
[0;32mI (7911) progress: Wake count: 6[0m
[0;32mI (7911) progress: Going to sleep[0m
ets Jul 29 2019 12:21:46

rst:0x5 (DEEPSLEEP_RESET),boot:0x13 (SPI_FAST_FLASH_BOOT)
Wakeup Stub Executed
[0;32mWakeup Cause: 8[0m
[0;32mCurrent Timestamp: 36770514, Last Timestamp: 0[0m
[0;32mWake stub: undefined wakeup cause[0m
[0;32mPrinting stored events...[0m
configsip: 0, SPIWP:0xee
clk_drv:0x00,q_drv:0x00,d_drv:0x00,cs0_drv:0x00,hd_drv:0x00,wp_drv:0x00
mode:DIO, clock div:2
load:0x3fff0030,len:7176
load:0x40078000,len:15564
ho 0 tail 12 room 4
load:0x40080400,len:4
load:0x40080404,len:3904
entry 0x40080640
[0;32mI (57) boot: ESP-IDF v5.3.1 2nd stage bootloader[0m
[0;32mI (57) boot: compile time Nov 21 2024 01:27:28[0m
[0;32mI (57) boot: Multicore bootloader[0m
[0;32mI (61) boot: chip revision: v3.0[0m
[0;32mI (65) boot.esp32: SPI Speed      : 40MHz[0m
[0;32mI (70) boot.esp32: SPI Mode       : DIO[0m
[0;32mI (74) boot.esp32: SPI Flash Size : 2MB[0m
[0;32mI (79) boot: Enabling RNG early entropy source...[0m
[0;32mI (84) boot: Partition Table:[0m
[0;32mI (88) boot: ## Label            Usage          Type ST Offset   Length[0m
[0;32mI (95) boot:  0 nvs              WiFi data        01 02 00009000 00006000[0m
[0;32mI (102) boot:  1 phy_init         RF data          01 01 0000f000 00001000[0m
[0;32mI (110) boot:  2 factory          factory app      00 00 00010000 00177000[0m
[0;32mI (118) boot: End of partition table[0m
[0;32mI (122) esp_image: segment 0: paddr=00010020 vaddr=3f400020 size=288a0h (166048) map[0m
[0;32mI (187) esp_image: segment 1: paddr=000388c8 vaddr=3ff80354 size=00004h (     4) [0m
[0;32mI (188) esp_image: segment 2: paddr=000388d4 vaddr=3ffb0000 size=04038h ( 16440) load[0m
[0;32mI (199) esp_image: segment 3: paddr=0003c914 vaddr=40080000 size=03704h ( 14084) load[0m
[0;32mI (207) esp_image: segment 4: paddr=00040020 vaddr=400d0020 size=a3f90h (671632) map[0m
[0;32mI (440) esp_image: segment 5: paddr=000e3fb8 vaddr=40083704 size=16288h ( 90760) load[0m
[0;32mI (476) esp_image: segment 6: paddr=000fa248 vaddr=400c0000 size=00354h (   852) [0m
[0;32mI (476) esp_image: segment 7: paddr=000fa5a4 vaddr=50000000 size=00848h (  2120) [0m
[0;32mI (494) boot: Loaded app from partition at offset 0x10000[0m
[0;32mI (494) boot: Disabling RNG early entropy source...[0m
[0;32mI (506) cpu_start: Multicore app[0m
[0;32mI (515) cpu_start: Pro cpu start user code[0m
[0;32mI (515) cpu_start: cpu freq: 160000000 Hz[0m
[0;32mI (515) app_init: Application information:[0m
[0;32mI (518) app_init: Project name:     PIR[0m
[0;32mI (522) app_init: App version:      42bb6fe-dirty[0m
[0;32mI (528) app_init: Compile time:     Nov 21 2024 01:27:13[0m
[0;32mI (534) app_init: ELF file SHA256:  c6c0454bbf3b3f2c...[0m
[0;32mI (540) app_init: ESP-IDF:          v5.3.1[0m
[0;32mI (544) efuse_init: Min chip rev:     v0.0[0m
[0;32mI (549) efuse_init: Max chip rev:     v3.99 [0m
[0;32mI (554) efuse_init: Chip rev:         v3.0[0m
[0;32mI (559) heap_init: Initializing. RAM available for dynamic allocation:[0m
[0;32mI (566) heap_init: At 3FFAE6E0 len 00001920 (6 KiB): DRAM[0m
[0;32mI (572) heap_init: At 3FFB8970 len 00027690 (157 KiB): DRAM[0m
[0;32mI (578) heap_init: At 3FFE0440 len 00003AE0 (14 KiB): D/IRAM[0m
[0;32mI (585) heap_init: At 3FFE4350 len 0001BCB0 (111 KiB): D/IRAM[0m
[0;32mI (591) heap_init: At 4009998C len 00006674 (25 KiB): IRAM[0m
[0;32mI (599) spi_flash: detected chip: generic[0m
[0;32mI (602) spi_flash: flash io: dio[0m
[0;33mW (606) spi_flash: Detected size(4096k) larger than the size in the binary image header(2048k). Using the size in the binary image header.[0m
[0;33mW (619) i2c: This driver is an old driver, please migrate your application code to adapt `driver/i2c_master.h`[0m
[0;32mI (631) main_task: Started on CPU0[0m
[0;32mI (641) main_task: Calling app_main()[0m
!!!!Current MAC address: EC:62:60:BC:E8:20
BATH ESP.
[0;31mE (641) i2cdev: Could not write to device [0x0b at 0]: -1 (ESP_FAIL)[0m
[0;32mI (751) gauge: Power Mode: 0x1[0m
[0;32mI (751) gauge: APA: 0x2A[0m
[0;32mI (751) gauge: Battery Profile: 0x1[0m
[0;32mI (751) gauge: Temp Mode: 0x0[0m
[0;32mI (761) gauge: Voltage: 4.39	RSOC: 100.0%[0m
[0;32mI (761) progress: [APP] Free memory: 272740 bytes[0m
[0;32mI (761) progress: [APP] IDF version: v5.3.1[0m
[0;32mI (801) progress: Starting Wifi[0m
[0;32mI (1881) progress: Starting Clock[0m
[0;32mI (5881) progress: The current date/time in Germany is: Mon Nov 25 02:33:47 2024[0m
[0;32mI (5881) progress: Starting MQTT[0m
[0;32mI (5881) mqtt: [APP] Free memory: 224984 bytes[0m
[0;32mI (5891) mqtt: MQTT_EVENT_BEFORE_CONNECT
[0m
[0;32mI (5901) mqtt: Note free memory: 213712 bytes[0m
[0;32mI (5901) mqtt: Waiting for connection to MQTT
[0m
[0;32mI (5911) mqtt: MQTT_EVENT_CONNECTED
[0m
[0;32mI (5921) mqtt: Connected to MQTT
[0m
[0;32mI (5921) progress: Wake count: 7[0m
[0;32mI (5921) progress: Going to sleep[0m
ets Jul 29 2019 12:21:46

rst:0x5 (DEEPSLEEP_RESET),boot:0x13 (SPI_FAST_FLASH_BOOT)
Wakeup Stub Executed
[0;32mWakeup Cause: 8[0m
[0;32mCurrent Timestamp: 42678958, Last Timestamp: 0[0m
[0;32mWake stub: undefined wakeup cause[0m
[0;32mPrinting stored events...[0m
configsip: 0, SPIWP:0xee
clk_drv:0x00,q_drv:0x00,d_drv:0x00,cs0_drv:0x00,hd_drv:0x00,wp_drv:0x00
mode:DIO, clock div:2
load:0x3fff0030,len:7176
load:0x40078000,len:15564
ho 0 tail 12 room 4
load:0x40080400,len:4
load:0x40080404,len:3904
entry 0x40080640
[0;32mI (57) boot: ESP-IDF v5.3.1 2nd stage bootloader[0m
[0;32mI (57) boot: compile time Nov 21 2024 01:27:28[0m
[0;32mI (57) boot: Multicore bootloader[0m
[0;32mI (61) boot: chip revision: v3.0[0m
[0;32mI (65) boot.esp32: SPI Speed      : 40MHz[0m
[0;32mI (70) boot.esp32: SPI Mode       : DIO[0m
[0;32mI (74) boot.esp32: SPI Flash Size : 2MB[0m
[0;32mI (79) boot: Enabling RNG early entropy source...[0m
[0;32mI (84) boot: Partition Table:[0m
[0;32mI (88) boot: ## Label            Usage          Type ST Offset   Length[0m
[0;32mI (95) boot:  0 nvs              WiFi data        01 02 00009000 00006000[0m
[0;32mI (102) boot:  1 phy_init         RF data          01 01 0000f000 00001000[0m
[0;32mI (110) boot:  2 factory          factory app      00 00 00010000 00177000[0m
[0;32mI (118) boot: End of partition table[0m
[0;32mI (122) esp_image: segment 0: paddr=00010020 vaddr=3f400020 size=288a0h (166048) map[0m
[0;32mI (187) esp_image: segment 1: paddr=000388c8 vaddr=3ff80354 size=00004h (     4) [0m
[0;32mI (188) esp_image: segment 2: paddr=000388d4 vaddr=3ffb0000 size=04038h ( 16440) load[0m
[0;32mI (199) esp_image: segment 3: paddr=0003c914 vaddr=40080000 size=03704h ( 14084) load[0m
[0;32mI (207) esp_image: segment 4: paddr=00040020 vaddr=400d0020 size=a3f90h (671632) map[0m
[0;32mI (440) esp_image: segment 5: paddr=000e3fb8 vaddr=40083704 size=16288h ( 90760) load[0m
[0;32mI (476) esp_image: segment 6: paddr=000fa248 vaddr=400c0000 size=00354h (   852) [0m
[0;32mI (476) esp_image: segment 7: paddr=000fa5a4 vaddr=50000000 size=00848h (  2120) [0m
[0;32mI (494) boot: Loaded app from partition at offset 0x10000[0m
[0;32mI (494) boot: Disabling RNG early entropy source...[0m
[0;32mI (506) cpu_start: Multicore app[0m
[0;32mI (515) cpu_start: Pro cpu start user code[0m
[0;32mI (515) cpu_start: cpu freq: 160000000 Hz[0m
[0;32mI (515) app_init: Application information:[0m
[0;32mI (518) app_init: Project name:     PIR[0m
[0;32mI (522) app_init: App version:      42bb6fe-dirty[0m
[0;32mI (528) app_init: Compile time:     Nov 21 2024 01:27:13[0m
[0;32mI (534) app_init: ELF file SHA256:  c6c0454bbf3b3f2c...[0m
[0;32mI (540) app_init: ESP-IDF:          v5.3.1[0m
[0;32mI (544) efuse_init: Min chip rev:     v0.0[0m
[0;32mI (549) efuse_init: Max chip rev:     v3.99 [0m
[0;32mI (554) efuse_init: Chip rev:         v3.0[0m
[0;32mI (559) heap_init: Initializing. RAM available for dynamic allocation:[0m
[0;32mI (566) heap_init: At 3FFAE6E0 len 00001920 (6 KiB): DRAM[0m
[0;32mI (572) heap_init: At 3FFB8970 len 00027690 (157 KiB): DRAM[0m
[0;32mI (578) heap_init: At 3FFE0440 len 00003AE0 (14 KiB): D/IRAM[0m
[0;32mI (585) heap_init: At 3FFE4350 len 0001BCB0 (111 KiB): D/IRAM[0m
[0;32mI (591) heap_init: At 4009998C len 00006674 (25 KiB): IRAM[0m
[0;32mI (599) spi_flash: detected chip: generic[0m
[0;32mI (602) spi_flash: flash io: dio[0m
[0;33mW (606) spi_flash: Detected size(4096k) larger than the size in the binary image header(2048k). Using the size in the binary image header.[0m
[0;33mW (619) i2c: This driver is an old driver, please migrate your application code to adapt `driver/i2c_master.h`[0m
[0;32mI (631) main_task: Started on CPU0[0m
[0;32mI (641) main_task: Calling app_main()[0m
!!!!Current MAC address: EC:62:60:BC:E8:20
BATH ESP.
[0;31mE (641) i2cdev: Could not write to device [0x0b at 0]: -1 (ESP_FAIL)[0m
[0;32mI (751) gauge: Power Mode: 0x1[0m
[0;32mI (751) gauge: APA: 0x2A[0m
[0;32mI (751) gauge: Battery Profile: 0x1[0m
[0;32mI (751) gauge: Temp Mode: 0x0[0m
[0;32mI (751) gauge: Voltage: 4.06	RSOC: 86.0%[0m
[0;32mI (761) progress: [APP] Free memory: 272740 bytes[0m
[0;32mI (761) progress: [APP] IDF version: v5.3.1[0m
[0;32mI (791) progress: Starting Wifi[0m
[0;32mI (1881) progress: Starting Clock[0m
